03-17 11:51:30.974000  7941  7941 I auditd  : type=1400 audit(0.0:447): avc: denied { create } for comm="init" name="vendor.bip" scontext=u:r:init:s0 tcontext=u:object_r:socket_device:s0 tclass=sock_file permissive=0
03-17 11:51:31.018000  7944  7944 I auditd  : type=1400 audit(0.0:448): avc: denied { search } for comm="emdlogger1" name="/" dev="mmcblk0p10" ino=2 scontext=u:r:emdlogger:s0 tcontext=u:object_r:metadata_file:s0 tclass=dir permissive=0
03-17 11:51:31.022000  7952  7952 I auditd  : type=1400 audit(0.0:449): avc: denied { create } for comm="init" name="volte_imsa2" scontext=u:r:init:s0 tcontext=u:object_r:socket_device:s0 tclass=sock_file permissive=0
03-17 11:51:31.022000  7952  7952 I auditd  : type=1400 audit(0.0:450): avc: denied { create } for comm="init" name="volte_ut" scontext=u:r:init:s0 tcontext=u:object_r:socket_device:s0 tclass=sock_file permissive=0
03-17 11:51:36.747506   994  2582 I battery_level: [92,4374,261]
03-17 11:51:36.775002   994  1017 I am_uid_idle: 10048
03-17 11:51:37.975804   994  1770 I wm_task_moved: [15,0,2147483647]
03-17 11:51:37.976557   994  1770 I am_focused_stack: [0,0,11,15,bringingFoundTaskToFront]
03-17 11:51:37.977430   994  1770 I wm_task_moved: [15,0,2147483647]
03-17 11:51:37.978183  4573  4573 I am_on_top_resumed_lost_called: [0,com.android.calendar.AllInOneActivity,topStateChangedWhenResumed]
03-17 11:51:37.978434   994  1770 I am_set_resumed_activity: [0,com.android.gallery3d/.app.GalleryActivity,bringingFoundTaskToFront]
03-17 11:51:37.978914   994  1770 I am_pause_activity: [0,261381172,com.android.calendar/.AllInOneActivity,userLeaving=true]
03-17 11:51:37.980722   994  1770 I am_task_to_front: [0,15]
03-17 11:51:37.984277   994  1770 I am_create_activity: [0,45981259,15,com.android.gallery3d/.app.GalleryActivity,android.intent.action.MAIN,NULL,NULL,274726912]
03-17 11:51:37.997851  4573  4573 I am_on_paused_called: [0,com.android.calendar.AllInOneActivity,performPause]
03-17 11:51:37.999364   994  1770 I am_add_to_stopping: [0,261381172,com.android.calendar/.AllInOneActivity,makeInvisible]
03-17 11:51:38.000729   994  1770 I am_restart_activity: [0,45981259,15,com.android.gallery3d/.app.GalleryActivity]
03-17 11:51:38.001726   994  1770 I am_set_resumed_activity: [0,com.android.gallery3d/.app.GalleryActivity,minimalResumeActivityLocked]
03-17 11:51:38.025025   994  1011 I am_uid_active: 10104
03-17 11:51:38.034099   994  1011 I sysui_multi_action: [757,803,799,window_time_0,802,9]
03-17 11:51:38.100847  6499  6499 I am_on_create_called: [0,com.android.gallery3d.app.GalleryActivity,performCreate]
03-17 11:51:38.105740  6499  6499 I am_on_start_called: [0,com.android.gallery3d.app.GalleryActivity,handleStartActivity]
03-17 11:51:38.137153  6499  6499 I am_on_resume_called: [0,com.android.gallery3d.app.GalleryActivity,RESUME_ACTIVITY]
03-17 11:51:38.145223  6499  6499 I am_on_top_resumed_gained_called: [0,com.android.gallery3d.app.GalleryActivity,topStateChangedWhenResumed]
03-17 11:51:38.262447   994  1016 I sysui_multi_action: [319,306,322,299,325,614,757,761,758,8,759,2,806,com.android.gallery3d,871,com.android.gallery3d.app.GalleryActivity,905,0,1320,5,1321,1]
03-17 11:51:38.264055   994  1016 I am_activity_launch_time: [0,45981259,com.android.gallery3d/.app.GalleryActivity,299]
03-17 11:51:38.843785   994  1011 I am_stop_activity: [0,261381172,com.android.calendar/.AllInOneActivity]
03-17 11:51:38.875920  4573  4573 I am_on_stop_called: [0,com.android.calendar.AllInOneActivity,STOP_ACTIVITY_ITEM]
03-17 11:51:38.902940   994  1104 I am_compact: [4573,com.android.calendar,file,124156,89276,34552,2272,0,0,0,0,10,2,252672,200,16,769836,0]
03-17 11:51:39.021791   994  1104 I am_compact: [3459,com.mediatek.camera,all,127672,89048,37448,1908,-15252,0,-15252,15252,118,1,577511,700,11,769836,-15240]
03-17 11:51:39.153519  1493  1778 I sysui_multi_action: [757,210,758,4,759,3]
03-17 11:51:39.159297  1493  1778 I sysui_multi_action: [757,211,758,4,759,3]
03-17 11:51:39.193916  1493  1493 I sysui_multi_action: [757,207,758,1]
03-17 11:51:39.194342  1493  1493 I sysui_multi_action: [757,804,799,volume_from_keyguard,801,0,802,1]
03-17 11:51:42.180326  1493  1493 I sysui_multi_action: [757,207,758,2]
03-17 11:51:42.183460  1493  1778 I sysui_multi_action: [757,210,758,4,759,-1]
03-17 11:51:45.454000   570   570 I auditd  : type=1400 audit(0.0:451): avc: denied { search } for comm="ccci_mdinit" name="mdlog" dev="mmcblk0p40" ino=172033 scontext=u:r:ccci_mdinit:s0 tcontext=u:object_r:mdlog_data_file:s0 tclass=dir permissive=0
03-17 11:51:45.934000  8017  8017 I auditd  : type=1400 audit(0.0:452): avc: denied { create } for comm="init" name="vendor.bip" scontext=u:r:init:s0 tcontext=u:object_r:socket_device:s0 tclass=sock_file permissive=0
03-17 11:51:45.986000  8028  8028 I auditd  : type=1400 audit(0.0:453): avc: denied { create } for comm="init" name="volte_imsa2" scontext=u:r:init:s0 tcontext=u:object_r:socket_device:s0 tclass=sock_file permissive=0
03-17 11:51:45.990000  8028  8028 I auditd  : type=1400 audit(0.0:454): avc: denied { create } for comm="init" name="volte_ut" scontext=u:r:init:s0 tcontext=u:object_r:socket_device:s0 tclass=sock_file permissive=0
03-17 11:51:45.994000  8020  8020 I auditd  : type=1400 audit(0.0:455): avc: denied { search } for comm="emdlogger1" name="/" dev="mmcblk0p10" ino=2 scontext=u:r:emdlogger:s0 tcontext=u:object_r:metadata_file:s0 tclass=dir permissive=0
03-17 11:51:49.575026   994  3017 I wm_task_moved: [6,0,2147483647]
03-17 11:51:49.576149   994  3017 I am_focused_stack: [0,0,2,11,bringingFoundTaskToFront]
03-17 11:51:49.577513   994  3017 I wm_task_moved: [6,0,2147483647]
03-17 11:51:49.578062  6499  6499 I am_on_top_resumed_lost_called: [0,com.android.gallery3d.app.GalleryActivity,topStateChangedWhenResumed]
03-17 11:51:49.578732   994  3017 I am_set_resumed_activity: [0,com.android.settings/.SubSettings,bringingFoundTaskToFront]
03-17 11:51:49.579339   994  3017 I am_pause_activity: [0,45981259,com.android.gallery3d/.app.GalleryActivity,userLeaving=true]
03-17 11:51:49.580716   994  3017 I am_task_to_front: [0,6]
03-17 11:51:49.597127  6499  6499 I am_on_paused_called: [0,com.android.gallery3d.app.GalleryActivity,performPause]
03-17 11:51:49.599540   994  4712 I am_add_to_stopping: [0,45981259,com.android.gallery3d/.app.GalleryActivity,makeInvisible]
03-17 11:51:49.603326   994  1011 I sysui_multi_action: [757,803,799,window_time_0,802,12]
03-17 11:51:49.617868   994  1016 I am_pss  : [6499,10104,com.android.gallery3d,39304192,28837888,3866624,137611264,0,2,9]
03-17 11:51:49.623411   994  1018 I am_proc_start: [0,8073,1000,com.android.settings,activity,{com.android.settings/com.android.settings.SubSettings}]
03-17 11:51:49.626923   994  1016 I am_pss  : [1502,10049,com.android.permissioncontroller,26158080,14566400,6212608,117564416,0,17,7]
03-17 11:51:49.652891   994  4712 I am_proc_bound: [0,8073,com.android.settings]
03-17 11:51:49.658391   994  4712 I am_restart_activity: [0,201298616,6,com.android.settings/.SubSettings]
03-17 11:51:49.659279   994  4712 I am_set_resumed_activity: [0,com.android.settings/.SubSettings,minimalResumeActivityLocked]
03-17 11:51:50.123658  8073  8073 I am_on_create_called: [0,com.android.settings.SubSettings,performCreate]
03-17 11:51:50.168148  8073  8073 I am_on_start_called: [0,com.android.settings.SubSettings,handleStartActivity]
03-17 11:51:50.168685  8073  8073 I snet_event_log: [120484087,-1,]
03-17 11:51:50.175802  8073  8073 I am_on_resume_called: [0,com.android.settings.SubSettings,RESUME_ACTIVITY]
03-17 11:51:50.179568  8073  8073 I sysui_multi_action: [757,344,758,1,833,750]
03-17 11:51:50.214193  8073  8073 I am_on_top_resumed_gained_called: [0,com.android.settings.SubSettings,topStateChangedWhenResumed]
03-17 11:51:50.466079   994  1016 I sysui_multi_action: [319,241,321,204,322,1020,325,626,757,761,758,7,759,1,806,com.android.settings,871,com.android.settings.SubSettings,904,com.android.settings,905,0,945,211,1320,5,1321,1]
03-17 11:51:50.467501   994  1016 I am_activity_launch_time: [0,201298616,com.android.settings/.SubSettings,1020]
03-17 11:51:50.491630   994  1719 I am_stop_activity: [0,45981259,com.android.gallery3d/.app.GalleryActivity]
03-17 11:51:50.492790  6499  6499 I am_on_stop_called: [0,com.android.gallery3d.app.GalleryActivity,STOP_ACTIVITY_ITEM]
03-17 11:51:50.519486   994  1104 I am_compact: [2772,com.android.providers.calendar,all,73136,47844,25068,3956,-2588,0,-2588,2588,26,1,606864,700,16,754788,-2204]
03-17 11:51:50.525734   994  1104 I am_compact: [6499,com.android.gallery3d,file,121024,88980,31712,5732,0,0,0,0,6,2,524852,200,16,752584,0]
03-17 11:51:50.601715   994  1104 I am_compact: [4573,com.android.calendar,all,123240,89276,33636,2272,-11232,0,-11232,11232,76,1,615605,700,16,752584,-10956]
03-17 11:51:50.605949   994  1104 I am_compact: [2497,android.process.media,file,89608,65264,23728,8700,0,0,0,0,4,2,605702,200,16,741628,0]
03-17 11:51:57.692375   994  1719 I am_create_activity: [0,154383753,6,com.android.settings/.localepicker.LocalePickerWithRegionActivity,NULL,NULL,NULL,8388608]
03-17 11:51:57.696847   994  1719 I am_pause_activity: [0,201298616,com.android.settings/.SubSettings,userLeaving=true]
03-17 11:51:57.700748  8073  8073 I am_on_top_resumed_lost_called: [0,com.android.settings.SubSettings,topStateChangedWhenResumed]
03-17 11:51:57.706013  8073  8073 I sysui_multi_action: [757,344,758,2]
03-17 11:51:57.708009  8073  8073 I am_on_paused_called: [0,com.android.settings.SubSettings,performPause]
03-17 11:51:57.709813   994  3017 I am_add_to_stopping: [0,201298616,com.android.settings/.SubSettings,makeInvisible]
03-17 11:51:57.711173   994  3017 I am_restart_activity: [0,154383753,6,com.android.settings/.localepicker.LocalePickerWithRegionActivity]
03-17 11:51:57.712307   994  3017 I am_set_resumed_activity: [0,com.android.settings/.localepicker.LocalePickerWithRegionActivity,minimalResumeActivityLocked]
03-17 11:51:57.719656   994  1011 I sysui_multi_action: [757,803,799,window_time_0,802,8]
03-17 11:51:57.744626  8073  8073 I am_on_create_called: [0,com.android.settings.localepicker.LocalePickerWithRegionActivity,performCreate]
03-17 11:51:58.355921  8073  8073 I am_on_start_called: [0,com.android.settings.localepicker.LocalePickerWithRegionActivity,handleStartActivity]
03-17 11:51:58.357726  8073  8073 I am_on_resume_called: [0,com.android.settings.localepicker.LocalePickerWithRegionActivity,RESUME_ACTIVITY]
03-17 11:51:58.367390  8073  8073 I am_on_top_resumed_gained_called: [0,com.android.settings.localepicker.LocalePickerWithRegionActivity,topStateChangedWhenResumed]
03-17 11:51:58.829772   994  1011 I am_stop_activity: [0,201298616,com.android.settings/.SubSettings]
03-17 11:51:58.850158  8073  8073 I am_on_stop_called: [0,com.android.settings.SubSettings,STOP_ACTIVITY_ITEM]
03-17 11:51:58.872789   994  1016 I am_pss  : [4573,10114,com.android.calendar,31036416,12399616,11742208,125060096,0,17,8]
03-17 11:52:00.410000   570   570 I auditd  : type=1400 audit(0.0:456): avc: denied { search } for comm="ccci_mdinit" name="mdlog" dev="mmcblk0p40" ino=172033 scontext=u:r:ccci_mdinit:s0 tcontext=u:object_r:mdlog_data_file:s0 tclass=dir permissive=0
03-17 11:52:00.775381   994  1017 I am_uid_idle: 10112
03-17 11:52:00.775613   994  1017 I am_stop_idle_service: [10112,com.mediatek.camera/.CameraAppService]
03-17 11:52:00.791769   994  1016 I am_pss  : [8073,1000,com.android.settings,67205120,56240128,60416,178710528,0,2,11]
03-17 11:52:00.826000  8126  8126 I auditd  : type=1400 audit(0.0:457): avc: denied { create } for comm="init" name="vendor.bip" scontext=u:r:init:s0 tcontext=u:object_r:socket_device:s0 tclass=sock_file permissive=0
03-17 11:52:00.862000  8132  8132 I auditd  : type=1400 audit(0.0:458): avc: denied { create } for comm="init" name="volte_imsa2" scontext=u:r:init:s0 tcontext=u:object_r:socket_device:s0 tclass=sock_file permissive=0
03-17 11:52:00.866000  8132  8132 I auditd  : type=1400 audit(0.0:459): avc: denied { create } for comm="init" name="volte_ut" scontext=u:r:init:s0 tcontext=u:object_r:socket_device:s0 tclass=sock_file permissive=0
03-17 11:52:00.886000  8129  8129 I auditd  : type=1400 audit(0.0:460): avc: denied { search } for comm="emdlogger1" name="/" dev="mmcblk0p10" ino=2 scontext=u:r:emdlogger:s0 tcontext=u:object_r:metadata_file:s0 tclass=dir permissive=0
03-17 11:52:03.767596   994  1771 I wm_stack_created: 16
03-17 11:52:03.773141   994  1771 I wm_task_created: [20,16]
03-17 11:52:03.775529   994  1771 I wm_task_moved: [20,0,2147483647]
03-17 11:52:03.776052   994  1771 I am_focused_stack: [0,0,16,2,reuseOrNewTask]
03-17 11:52:03.777516   994  1771 I am_create_task: [0,20]
03-17 11:52:03.777706   994  1771 I am_create_activity: [0,139463831,20,com.android.quicksearchbox/.SearchActivity,android.intent.action.MAIN,NULL,NULL,270532608]
03-17 11:52:03.777766  8073  8073 I am_on_top_resumed_lost_called: [0,com.android.settings.localepicker.LocalePickerWithRegionActivity,topStateChangedWhenResumed]
03-17 11:52:03.778412   994  1771 I wm_task_moved: [20,0,2147483647]
03-17 11:52:03.781409   994  1771 I am_pause_activity: [0,154383753,com.android.settings/.localepicker.LocalePickerWithRegionActivity,userLeaving=true]
03-17 11:52:03.787466  8073  8073 I am_on_paused_called: [0,com.android.settings.localepicker.LocalePickerWithRegionActivity,performPause]
03-17 11:52:03.793954   994  1011 I sysui_multi_action: [757,803,799,window_time_0,802,6]
03-17 11:52:03.808006   994  1018 I am_proc_start: [0,8166,1000,com.android.quicksearchbox,activity,{com.android.quicksearchbox/com.android.quicksearchbox.SearchActivity}]
03-17 11:52:03.836289   994  4712 I am_proc_bound: [0,8166,com.android.quicksearchbox]
03-17 11:52:03.841203   994  4712 I am_restart_activity: [0,139463831,20,com.android.quicksearchbox/.SearchActivity]
03-17 11:52:03.842539   994  4712 I am_set_resumed_activity: [0,com.android.quicksearchbox/.SearchActivity,minimalResumeActivityLocked]
03-17 11:52:03.965355  8166  8166 I am_on_create_called: [0,com.android.quicksearchbox.SearchActivity,performCreate]
03-17 11:52:03.967818  8166  8166 I am_on_start_called: [0,com.android.quicksearchbox.SearchActivity,handleStartActivity]
03-17 11:52:03.969853  8166  8166 I am_on_resume_called: [0,com.android.quicksearchbox.SearchActivity,RESUME_ACTIVITY]
03-17 11:52:03.984505  8166  8166 I am_on_top_resumed_gained_called: [0,com.android.quicksearchbox.SearchActivity,topStateChangedWhenResumed]
03-17 11:52:04.141907   994  1016 I sysui_multi_action: [319,388,322,388,325,640,757,761,758,7,759,2,806,com.android.quicksearchbox,871,com.android.quicksearchbox.SearchActivity,905,0,945,86,1320,5,1321,1]
03-17 11:52:04.143377   994  1016 I am_activity_launch_time: [0,139463831,com.android.quicksearchbox/.SearchActivity,388]
03-17 11:52:04.151682  8166  8166 I [71001] : [com.android.quicksearchbox,29,NULL,231,NULL,NULL,46]
03-17 11:52:04.150000   661   661 I auditd  : type=1400 audit(0.0:461): avc: denied { write } for comm="mobile_log_d.rd" name="logd" dev="tmpfs" ino=6948 scontext=u:r:mobile_log_d:s0 tcontext=u:object_r:logd_socket:s0 tclass=sock_file permissive=0
03-17 11:52:07.940695  8166  8166 I menu_opened: 0
03-17 11:52:09.955005  8166  8166 I menu_opened: 0
03-17 11:52:15.310000   570   570 I auditd  : type=1400 audit(0.0:462): avc: denied { search } for comm="ccci_mdinit" name="mdlog" dev="mmcblk0p40" ino=172033 scontext=u:r:ccci_mdinit:s0 tcontext=u:object_r:mdlog_data_file:s0 tclass=dir permissive=0
03-17 11:52:15.778000  8226  8226 I auditd  : type=1400 audit(0.0:463): avc: denied { create } for comm="init" name="vendor.bip" scontext=u:r:init:s0 tcontext=u:object_r:socket_device:s0 tclass=sock_file permissive=0
03-17 11:52:15.818000  8237  8237 I auditd  : type=1400 audit(0.0:464): avc: denied { create } for comm="init" name="volte_imsa2" scontext=u:r:init:s0 tcontext=u:object_r:socket_device:s0 tclass=sock_file permissive=0
03-17 11:52:15.818000  8237  8237 I auditd  : type=1400 audit(0.0:465): avc: denied { create } for comm="init" name="volte_ut" scontext=u:r:init:s0 tcontext=u:object_r:socket_device:s0 tclass=sock_file permissive=0
03-17 11:52:15.818000  8229  8229 I auditd  : type=1400 audit(0.0:466): avc: denied { search } for comm="emdlogger1" name="/" dev="mmcblk0p10" ino=2 scontext=u:r:emdlogger:s0 tcontext=u:object_r:metadata_file:s0 tclass=dir permissive=0
03-17 11:52:29.284179   994  1017 I am_uid_idle: 10049
03-17 11:52:30.153928   994  1017 I am_uid_idle: 10044
03-17 11:52:30.210000   570   570 I auditd  : type=1400 audit(0.0:467): avc: denied { search } for comm="ccci_mdinit" name="mdlog" dev="mmcblk0p40" ino=172033 scontext=u:r:ccci_mdinit:s0 tcontext=u:object_r:mdlog_data_file:s0 tclass=dir permissive=0
03-17 11:52:30.646000  8285  8285 I auditd  : type=1400 audit(0.0:468): avc: denied { create } for comm="init" name="vendor.bip" scontext=u:r:init:s0 tcontext=u:object_r:socket_device:s0 tclass=sock_file permissive=0
03-17 11:52:30.682000  8296  8296 I auditd  : type=1400 audit(0.0:469): avc: denied { create } for comm="init" name="volte_imsa2" scontext=u:r:init:s0 tcontext=u:object_r:socket_device:s0 tclass=sock_file permissive=0
03-17 11:52:30.686000  8296  8296 I auditd  : type=1400 audit(0.0:470): avc: denied { create } for comm="init" name="volte_ut" scontext=u:r:init:s0 tcontext=u:object_r:socket_device:s0 tclass=sock_file permissive=0
03-17 11:52:30.686000  8288  8288 I auditd  : type=1400 audit(0.0:471): avc: denied { search } for comm="emdlogger1" name="/" dev="mmcblk0p10" ino=2 scontext=u:r:emdlogger:s0 tcontext=u:object_r:metadata_file:s0 tclass=dir permissive=0
03-17 11:52:38.858871   994  1017 I am_uid_idle: 10114
03-17 11:52:45.098000   570   570 I auditd  : type=1400 audit(0.0:472): avc: denied { search } for comm="ccci_mdinit" name="mdlog" dev="mmcblk0p40" ino=172033 scontext=u:r:ccci_mdinit:s0 tcontext=u:object_r:mdlog_data_file:s0 tclass=dir permissive=0
03-17 11:52:45.570000  8360  8360 I auditd  : type=1400 audit(0.0:473): avc: denied { create } for comm="init" name="vendor.bip" scontext=u:r:init:s0 tcontext=u:object_r:socket_device:s0 tclass=sock_file permissive=0
03-17 11:52:45.622000  8371  8371 I auditd  : type=1400 audit(0.0:474): avc: denied { create } for comm="init" name="volte_imsa2" scontext=u:r:init:s0 tcontext=u:object_r:socket_device:s0 tclass=sock_file permissive=0
03-17 11:52:45.626000  8371  8371 I auditd  : type=1400 audit(0.0:475): avc: denied { create } for comm="init" name="volte_ut" scontext=u:r:init:s0 tcontext=u:object_r:socket_device:s0 tclass=sock_file permissive=0
03-17 11:52:45.630000  8363  8363 I auditd  : type=1400 audit(0.0:476): avc: denied { search } for comm="emdlogger1" name="/" dev="mmcblk0p10" ino=2 scontext=u:r:emdlogger:s0 tcontext=u:object_r:metadata_file:s0 tclass=dir permissive=0
03-17 11:52:50.502526   994  1017 I am_uid_idle: 10104
03-17 11:52:50.502810   994  1017 I am_uid_idle: 10054
03-17 11:53:00.046000   570   570 I auditd  : type=1400 audit(0.0:477): avc: denied { search } for comm="ccci_mdinit" name="mdlog" dev="mmcblk0p40" ino=172033 scontext=u:r:ccci_mdinit:s0 tcontext=u:object_r:mdlog_data_file:s0 tclass=dir permissive=0
03-17 11:53:00.522000  8419  8419 I auditd  : type=1400 audit(0.0:478): avc: denied { create } for comm="init" name="vendor.bip" scontext=u:r:init:s0 tcontext=u:object_r:socket_device:s0 tclass=sock_file permissive=0
03-17 11:53:00.574000  8425  8425 I auditd  : type=1400 audit(0.0:479): avc: denied { create } for comm="init" name="volte_imsa2" scontext=u:r:init:s0 tcontext=u:object_r:socket_device:s0 tclass=sock_file permissive=0
03-17 11:53:00.578000  8425  8425 I auditd  : type=1400 audit(0.0:480): avc: denied { create } for comm="init" name="volte_ut" scontext=u:r:init:s0 tcontext=u:object_r:socket_device:s0 tclass=sock_file permissive=0
03-17 11:53:00.590000  8422  8422 I auditd  : type=1400 audit(0.0:481): avc: denied { search } for comm="emdlogger1" name="/" dev="mmcblk0p10" ino=2 scontext=u:r:emdlogger:s0 tcontext=u:object_r:metadata_file:s0 tclass=dir permissive=0
03-17 11:53:14.994000   570   570 I auditd  : type=1400 audit(0.0:482): avc: denied { search } for comm="ccci_mdinit" name="mdlog" dev="mmcblk0p40" ino=172033 scontext=u:r:ccci_mdinit:s0 tcontext=u:object_r:mdlog_data_file:s0 tclass=dir permissive=0
03-17 11:53:15.470000  8484  8484 I auditd  : type=1400 audit(0.0:483): avc: denied { create } for comm="init" name="vendor.bip" scontext=u:r:init:s0 tcontext=u:object_r:socket_device:s0 tclass=sock_file permissive=0
03-17 11:53:15.526000  8487  8487 I auditd  : type=1400 audit(0.0:484): avc: denied { search } for comm="emdlogger1" name="/" dev="mmcblk0p10" ino=2 scontext=u:r:emdlogger:s0 tcontext=u:object_r:metadata_file:s0 tclass=dir permissive=0
03-17 11:53:15.530000  8497  8497 I auditd  : type=1400 audit(0.0:486): avc: denied { create } for comm="init" name="volte_ut" scontext=u:r:init:s0 tcontext=u:object_r:socket_device:s0 tclass=sock_file permissive=0
03-17 11:53:29.930000   570   570 I auditd  : type=1400 audit(0.0:487): avc: denied { search } for comm="ccci_mdinit" name="mdlog" dev="mmcblk0p40" ino=172033 scontext=u:r:ccci_mdinit:s0 tcontext=u:object_r:mdlog_data_file:s0 tclass=dir permissive=0
03-17 11:53:30.374000  8554  8554 I auditd  : type=1400 audit(0.0:488): avc: denied { create } for comm="init" name="vendor.bip" scontext=u:r:init:s0 tcontext=u:object_r:socket_device:s0 tclass=sock_file permissive=0
03-17 11:53:30.426000  8565  8565 I auditd  : type=1400 audit(0.0:489): avc: denied { create } for comm="init" name="volte_imsa2" scontext=u:r:init:s0 tcontext=u:object_r:socket_device:s0 tclass=sock_file permissive=0
03-17 11:53:30.430000  8557  8557 I auditd  : type=1400 audit(0.0:490): avc: denied { search } for comm="emdlogger1" name="/" dev="mmcblk0p10" ino=2 scontext=u:r:emdlogger:s0 tcontext=u:object_r:metadata_file:s0 tclass=dir permissive=0
03-17 11:53:44.850000   570   570 I auditd  : type=1400 audit(0.0:492): avc: denied { search } for comm="ccci_mdinit" name="mdlog" dev="mmcblk0p40" ino=172033 scontext=u:r:ccci_mdinit:s0 tcontext=u:object_r:mdlog_data_file:s0 tclass=dir permissive=0
03-17 11:53:45.314000  8615  8615 I auditd  : type=1400 audit(0.0:493): avc: denied { create } for comm="init" name="vendor.bip" scontext=u:r:init:s0 tcontext=u:object_r:socket_device:s0 tclass=sock_file permissive=0
03-17 11:53:45.370000  8618  8618 I auditd  : type=1400 audit(0.0:494): avc: denied { search } for comm="emdlogger1" name="/" dev="mmcblk0p10" ino=2 scontext=u:r:emdlogger:s0 tcontext=u:object_r:metadata_file:s0 tclass=dir permissive=0
03-17 11:53:45.370000  8626  8626 I auditd  : type=1400 audit(0.0:495): avc: denied { create } for comm="init" name="volte_imsa2" scontext=u:r:init:s0 tcontext=u:object_r:socket_device:s0 tclass=sock_file permissive=0
03-17 11:53:45.374000  8626  8626 I auditd  : type=1400 audit(0.0:496): avc: denied { create } for comm="init" name="volte_ut" scontext=u:r:init:s0 tcontext=u:object_r:socket_device:s0 tclass=sock_file permissive=0
03-17 11:53:59.798000   570   570 I auditd  : type=1400 audit(0.0:497): avc: denied { search } for comm="ccci_mdinit" name="mdlog" dev="mmcblk0p40" ino=172033 scontext=u:r:ccci_mdinit:s0 tcontext=u:object_r:mdlog_data_file:s0 tclass=dir permissive=0
03-17 11:54:00.246000  8677  8677 I auditd  : type=1400 audit(0.0:498): avc: denied { create } for comm="init" name="vendor.bip" scontext=u:r:init:s0 tcontext=u:object_r:socket_device:s0 tclass=sock_file permissive=0
03-17 11:54:00.302000  8680  8680 I auditd  : type=1400 audit(0.0:499): avc: denied { search } for comm="emdlogger1" name="/" dev="mmcblk0p10" ino=2 scontext=u:r:emdlogger:s0 tcontext=u:object_r:metadata_file:s0 tclass=dir permissive=0
03-17 11:54:00.306000  8688  8688 I auditd  : type=1400 audit(0.0:500): avc: denied { create } for comm="init" name="volte_imsa2" scontext=u:r:init:s0 tcontext=u:object_r:socket_device:s0 tclass=sock_file permissive=0
03-17 11:54:00.310000  8688  8688 I auditd  : type=1400 audit(0.0:501): avc: denied { create } for comm="init" name="volte_ut" scontext=u:r:init:s0 tcontext=u:object_r:socket_device:s0 tclass=sock_file permissive=0
03-17 11:54:02.930000  8734  8734 I auditd  : type=1400 audit(0.0:502): avc: denied { getattr } for comm="ls" path="/data/core" dev="mmcblk0p40" ino=221185 scontext=u:r:shell:s0 tcontext=u:object_r:aee_core_data_file:s0 tclass=dir permissive=0
03-17 11:54:02.930000  8734  8734 I auditd  : type=1400 audit(0.0:503): avc: denied { getattr } for comm="ls" path="/data/tombstones" dev="mmcblk0p40" ino=180225 scontext=u:r:shell:s0 tcontext=u:object_r:tombstone_data_file:s0 tclass=dir permissive=0
03-17 11:54:02.934000  8734  8734 I auditd  : type=1400 audit(0.0:504): avc: denied { search } for comm="ls" name="mdlog" dev="mmcblk0p40" ino=172033 scontext=u:r:shell:s0 tcontext=u:object_r:mdlog_data_file:s0 tclass=dir permissive=0
03-17 11:54:14.706000   570   570 I auditd  : type=1400 audit(0.0:505): avc: denied { search } for comm="ccci_mdinit" name="mdlog" dev="mmcblk0p40" ino=172033 scontext=u:r:ccci_mdinit:s0 tcontext=u:object_r:mdlog_data_file:s0 tclass=dir permissive=0
03-17 11:54:15.146000  8838  8838 I auditd  : type=1400 audit(0.0:506): avc: denied { create } for comm="init" name="vendor.bip" scontext=u:r:init:s0 tcontext=u:object_r:socket_device:s0 tclass=sock_file permissive=0
03-17 11:54:15.194000  8849  8849 I auditd  : type=1400 audit(0.0:507): avc: denied { create } for comm="init" name="volte_imsa2" scontext=u:r:init:s0 tcontext=u:object_r:socket_device:s0 tclass=sock_file permissive=0
03-17 11:54:15.198000  8849  8849 I auditd  : type=1400 audit(0.0:508): avc: denied { create } for comm="init" name="volte_ut" scontext=u:r:init:s0 tcontext=u:object_r:socket_device:s0 tclass=sock_file permissive=0
03-17 11:54:15.198000  8841  8841 I auditd  : type=1400 audit(0.0:509): avc: denied { search } for comm="emdlogger1" name="/" dev="mmcblk0p10" ino=2 scontext=u:r:emdlogger:s0 tcontext=u:object_r:metadata_file:s0 tclass=dir permissive=0
03-17 11:54:29.614000   570   570 I auditd  : type=1400 audit(0.0:510): avc: denied { search } for comm="ccci_mdinit" name="mdlog" dev="mmcblk0p40" ino=172033 scontext=u:r:ccci_mdinit:s0 tcontext=u:object_r:mdlog_data_file:s0 tclass=dir permissive=0
03-17 11:54:30.086000  8894  8894 I auditd  : type=1400 audit(0.0:511): avc: denied { create } for comm="init" name="vendor.bip" scontext=u:r:init:s0 tcontext=u:object_r:socket_device:s0 tclass=sock_file permissive=0
03-17 11:54:30.138000  8905  8905 I auditd  : type=1400 audit(0.0:512): avc: denied { create } for comm="init" name="volte_imsa2" scontext=u:r:init:s0 tcontext=u:object_r:socket_device:s0 tclass=sock_file permissive=0
03-17 11:54:30.142000  8897  8897 I auditd  : type=1400 audit(0.0:513): avc: denied { search } for comm="emdlogger1" name="/" dev="mmcblk0p10" ino=2 scontext=u:r:emdlogger:s0 tcontext=u:object_r:metadata_file:s0 tclass=dir permissive=0
03-17 11:54:32.186057   994  2582 I battery_level: [93,4374,266]
03-17 11:54:44.550000   570   570 I auditd  : type=1400 audit(0.0:515): avc: denied { search } for comm="ccci_mdinit" name="mdlog" dev="mmcblk0p40" ino=172033 scontext=u:r:ccci_mdinit:s0 tcontext=u:object_r:mdlog_data_file:s0 tclass=dir permissive=0
03-17 11:54:45.018000  9012  9012 I auditd  : type=1400 audit(0.0:516): avc: denied { create } for comm="init" name="vendor.bip" scontext=u:r:init:s0 tcontext=u:object_r:socket_device:s0 tclass=sock_file permissive=0
03-17 11:54:45.074000  9018  9018 I auditd  : type=1400 audit(0.0:517): avc: denied { create } for comm="init" name="volte_imsa2" scontext=u:r:init:s0 tcontext=u:object_r:socket_device:s0 tclass=sock_file permissive=0
03-17 11:54:45.098000  9015  9015 I auditd  : type=1400 audit(0.0:519): avc: denied { search } for comm="emdlogger1" name="/" dev="mmcblk0p10" ino=2 scontext=u:r:emdlogger:s0 tcontext=u:object_r:metadata_file:s0 tclass=dir permissive=0
03-17 11:54:59.498000   570   570 I auditd  : type=1400 audit(0.0:520): avc: denied { search } for comm="ccci_mdinit" name="mdlog" dev="mmcblk0p40" ino=172033 scontext=u:r:ccci_mdinit:s0 tcontext=u:object_r:mdlog_data_file:s0 tclass=dir permissive=0
03-17 11:54:59.946000  9071  9071 I auditd  : type=1400 audit(0.0:521): avc: denied { create } for comm="init" name="vendor.bip" scontext=u:r:init:s0 tcontext=u:object_r:socket_device:s0 tclass=sock_file permissive=0
03-17 11:54:59.998000  9080  9080 I auditd  : type=1400 audit(0.0:522): avc: denied { create } for comm="init" name="volte_imsa2" scontext=u:r:init:s0 tcontext=u:object_r:socket_device:s0 tclass=sock_file permissive=0
03-17 11:54:59.998000  9080  9080 I auditd  : type=1400 audit(0.0:523): avc: denied { create } for comm="init" name="volte_ut" scontext=u:r:init:s0 tcontext=u:object_r:socket_device:s0 tclass=sock_file permissive=0
03-17 11:55:00.018000  9074  9074 I auditd  : type=1400 audit(0.0:524): avc: denied { search } for comm="emdlogger1" name="/" dev="mmcblk0p10" ino=2 scontext=u:r:emdlogger:s0 tcontext=u:object_r:metadata_file:s0 tclass=dir permissive=0
03-17 11:55:14.414000   570   570 I auditd  : type=1400 audit(0.0:525): avc: denied { search } for comm="ccci_mdinit" name="mdlog" dev="mmcblk0p40" ino=172033 scontext=u:r:ccci_mdinit:s0 tcontext=u:object_r:mdlog_data_file:s0 tclass=dir permissive=0
03-17 11:55:14.886000  9130  9130 I auditd  : type=1400 audit(0.0:526): avc: denied { create } for comm="init" name="vendor.bip" scontext=u:r:init:s0 tcontext=u:object_r:socket_device:s0 tclass=sock_file permissive=0
03-17 11:55:14.938000  9141  9141 I auditd  : type=1400 audit(0.0:527): avc: denied { create } for comm="init" name="volte_imsa2" scontext=u:r:init:s0 tcontext=u:object_r:socket_device:s0 tclass=sock_file permissive=0
03-17 11:55:14.942000  9141  9141 I auditd  : type=1400 audit(0.0:528): avc: denied { create } for comm="init" name="volte_ut" scontext=u:r:init:s0 tcontext=u:object_r:socket_device:s0 tclass=sock_file permissive=0
03-17 11:55:14.946000  9133  9133 I auditd  : type=1400 audit(0.0:529): avc: denied { search } for comm="emdlogger1" name="/" dev="mmcblk0p10" ino=2 scontext=u:r:emdlogger:s0 tcontext=u:object_r:metadata_file:s0 tclass=dir permissive=0
03-17 11:55:26.876620  1493  1493 I sysui_multi_action: [757,803,799,panel_open,802,1]
03-17 11:55:26.890952   994  1421 I sysui_multi_action: [757,127,758,1]
03-17 11:55:26.891412   994  1421 I sysui_multi_action: [757,804,799,note_load,801,2,802,1]
03-17 11:55:26.891696   994  1421 I notification_panel_revealed: 2
03-17 11:55:26.892166  1493  1493 I sysui_multi_action: [757,1328,758,4,826,157,827,2759,1326,64,1327,1,1329,0]
03-17 11:55:26.935382   994  1719 I sysui_multi_action: [757,127,758,2]
03-17 11:55:26.935627   994  1719 I notification_panel_hidden: 
03-17 11:55:29.378000   570   570 I auditd  : type=1400 audit(0.0:530): avc: denied { search } for comm="ccci_mdinit" name="mdlog" dev="mmcblk0p40" ino=172033 scontext=u:r:ccci_mdinit:s0 tcontext=u:object_r:mdlog_data_file:s0 tclass=dir permissive=0
03-17 11:55:29.850000  9205  9205 I auditd  : type=1400 audit(0.0:531): avc: denied { create } for comm="init" name="vendor.bip" scontext=u:r:init:s0 tcontext=u:object_r:socket_device:s0 tclass=sock_file permissive=0
03-17 11:55:29.906000  9208  9208 I auditd  : type=1400 audit(0.0:532): avc: denied { search } for comm="emdlogger1" name="/" dev="mmcblk0p10" ino=2 scontext=u:r:emdlogger:s0 tcontext=u:object_r:metadata_file:s0 tclass=dir permissive=0
03-17 11:55:29.906000  9216  9216 I auditd  : type=1400 audit(0.0:533): avc: denied { create } for comm="init" name="volte_imsa2" scontext=u:r:init:s0 tcontext=u:object_r:socket_device:s0 tclass=sock_file permissive=0
03-17 11:55:29.910000  9216  9216 I auditd  : type=1400 audit(0.0:534): avc: denied { create } for comm="init" name="volte_ut" scontext=u:r:init:s0 tcontext=u:object_r:socket_device:s0 tclass=sock_file permissive=0
03-17 11:55:44.326000   570   570 I auditd  : type=1400 audit(0.0:535): avc: denied { search } for comm="ccci_mdinit" name="mdlog" dev="mmcblk0p40" ino=172033 scontext=u:r:ccci_mdinit:s0 tcontext=u:object_r:mdlog_data_file:s0 tclass=dir permissive=0
03-17 11:55:44.774000  9264  9264 I auditd  : type=1400 audit(0.0:536): avc: denied { create } for comm="init" name="vendor.bip" scontext=u:r:init:s0 tcontext=u:object_r:socket_device:s0 tclass=sock_file permissive=0
03-17 11:55:44.826000  9267  9267 I auditd  : type=1400 audit(0.0:537): avc: denied { search } for comm="emdlogger1" name="/" dev="mmcblk0p10" ino=2 scontext=u:r:emdlogger:s0 tcontext=u:object_r:metadata_file:s0 tclass=dir permissive=0
03-17 11:55:44.826000  9275  9275 I auditd  : type=1400 audit(0.0:538): avc: denied { create } for comm="init" name="volte_imsa2" scontext=u:r:init:s0 tcontext=u:object_r:socket_device:s0 tclass=sock_file permissive=0
03-17 11:55:44.826000  9275  9275 I auditd  : type=1400 audit(0.0:539): avc: denied { create } for comm="init" name="volte_ut" scontext=u:r:init:s0 tcontext=u:object_r:socket_device:s0 tclass=sock_file permissive=0
03-17 11:55:59.262000   570   570 I auditd  : type=1400 audit(0.0:540): avc: denied { search } for comm="ccci_mdinit" name="mdlog" dev="mmcblk0p40" ino=172033 scontext=u:r:ccci_mdinit:s0 tcontext=u:object_r:mdlog_data_file:s0 tclass=dir permissive=0
03-17 11:55:59.690000  9339  9339 I auditd  : type=1400 audit(0.0:541): avc: denied { create } for comm="init" name="vendor.bip" scontext=u:r:init:s0 tcontext=u:object_r:socket_device:s0 tclass=sock_file permissive=0
03-17 11:55:59.742000  9350  9350 I auditd  : type=1400 audit(0.0:542): avc: denied { create } for comm="init" name="volte_imsa2" scontext=u:r:init:s0 tcontext=u:object_r:socket_device:s0 tclass=sock_file permissive=0
03-17 11:55:59.746000  9350  9350 I auditd  : type=1400 audit(0.0:543): avc: denied { create } for comm="init" name="volte_ut" scontext=u:r:init:s0 tcontext=u:object_r:socket_device:s0 tclass=sock_file permissive=0
03-17 11:55:59.762000  9342  9342 I auditd  : type=1400 audit(0.0:544): avc: denied { search } for comm="emdlogger1" name="/" dev="mmcblk0p10" ino=2 scontext=u:r:emdlogger:s0 tcontext=u:object_r:metadata_file:s0 tclass=dir permissive=0
03-17 11:56:14.190000   570   570 I auditd  : type=1400 audit(0.0:545): avc: denied { search } for comm="ccci_mdinit" name="mdlog" dev="mmcblk0p40" ino=172033 scontext=u:r:ccci_mdinit:s0 tcontext=u:object_r:mdlog_data_file:s0 tclass=dir permissive=0
03-17 11:56:14.658000  9398  9398 I auditd  : type=1400 audit(0.0:546): avc: denied { create } for comm="init" name="vendor.bip" scontext=u:r:init:s0 tcontext=u:object_r:socket_device:s0 tclass=sock_file permissive=0
03-17 11:56:14.710000  9409  9409 I auditd  : type=1400 audit(0.0:547): avc: denied { create } for comm="init" name="volte_imsa2" scontext=u:r:init:s0 tcontext=u:object_r:socket_device:s0 tclass=sock_file permissive=0
03-17 11:56:14.726000  9401  9401 I auditd  : type=1400 audit(0.0:549): avc: denied { search } for comm="emdlogger1" name="/" dev="mmcblk0p10" ino=2 scontext=u:r:emdlogger:s0 tcontext=u:object_r:metadata_file:s0 tclass=dir permissive=0
03-17 11:56:29.134000   570   570 I auditd  : type=1400 audit(0.0:550): avc: denied { search } for comm="ccci_mdinit" name="mdlog" dev="mmcblk0p40" ino=172033 scontext=u:r:ccci_mdinit:s0 tcontext=u:object_r:mdlog_data_file:s0 tclass=dir permissive=0
03-17 11:56:29.606000  9457  9457 I auditd  : type=1400 audit(0.0:551): avc: denied { create } for comm="init" name="vendor.bip" scontext=u:r:init:s0 tcontext=u:object_r:socket_device:s0 tclass=sock_file permissive=0
03-17 11:56:29.658000  9467  9467 I auditd  : type=1400 audit(0.0:552): avc: denied { create } for comm="init" name="volte_imsa2" scontext=u:r:init:s0 tcontext=u:object_r:socket_device:s0 tclass=sock_file permissive=0
03-17 11:56:29.662000  9467  9467 I auditd  : type=1400 audit(0.0:553): avc: denied { create } for comm="init" name="volte_ut" scontext=u:r:init:s0 tcontext=u:object_r:socket_device:s0 tclass=sock_file permissive=0
03-17 11:56:29.662000  9460  9460 I auditd  : type=1400 audit(0.0:554): avc: denied { search } for comm="emdlogger1" name="/" dev="mmcblk0p10" ino=2 scontext=u:r:emdlogger:s0 tcontext=u:object_r:metadata_file:s0 tclass=dir permissive=0
03-17 11:56:44.098000   570   570 I auditd  : type=1400 audit(0.0:555): avc: denied { search } for comm="ccci_mdinit" name="mdlog" dev="mmcblk0p40" ino=172033 scontext=u:r:ccci_mdinit:s0 tcontext=u:object_r:mdlog_data_file:s0 tclass=dir permissive=0
03-17 11:56:44.550000  9532  9532 I auditd  : type=1400 audit(0.0:556): avc: denied { create } for comm="init" name="vendor.bip" scontext=u:r:init:s0 tcontext=u:object_r:socket_device:s0 tclass=sock_file permissive=0
03-17 11:56:44.606000  9535  9535 I auditd  : type=1400 audit(0.0:557): avc: denied { search } for comm="emdlogger1" name="/" dev="mmcblk0p10" ino=2 scontext=u:r:emdlogger:s0 tcontext=u:object_r:metadata_file:s0 tclass=dir permissive=0
03-17 11:56:44.606000  9543  9543 I auditd  : type=1400 audit(0.0:558): avc: denied { create } for comm="init" name="volte_imsa2" scontext=u:r:init:s0 tcontext=u:object_r:socket_device:s0 tclass=sock_file permissive=0
03-17 11:56:44.610000  9543  9543 I auditd  : type=1400 audit(0.0:559): avc: denied { create } for comm="init" name="volte_ut" scontext=u:r:init:s0 tcontext=u:object_r:socket_device:s0 tclass=sock_file permissive=0
03-17 11:56:59.018000   570   570 I auditd  : type=1400 audit(0.0:560): avc: denied { search } for comm="ccci_mdinit" name="mdlog" dev="mmcblk0p40" ino=172033 scontext=u:r:ccci_mdinit:s0 tcontext=u:object_r:mdlog_data_file:s0 tclass=dir permissive=0
03-17 11:56:59.486000  9591  9591 I auditd  : type=1400 audit(0.0:561): avc: denied { create } for comm="init" name="vendor.bip" scontext=u:r:init:s0 tcontext=u:object_r:socket_device:s0 tclass=sock_file permissive=0
03-17 11:56:59.542000  9594  9594 I auditd  : type=1400 audit(0.0:562): avc: denied { search } for comm="emdlogger1" name="/" dev="mmcblk0p10" ino=2 scontext=u:r:emdlogger:s0 tcontext=u:object_r:metadata_file:s0 tclass=dir permissive=0
03-17 11:56:59.542000  9602  9602 I auditd  : type=1400 audit(0.0:563): avc: denied { create } for comm="init" name="volte_imsa2" scontext=u:r:init:s0 tcontext=u:object_r:socket_device:s0 tclass=sock_file permissive=0
03-17 11:56:59.546000  9602  9602 I auditd  : type=1400 audit(0.0:564): avc: denied { create } for comm="init" name="volte_ut" scontext=u:r:init:s0 tcontext=u:object_r:socket_device:s0 tclass=sock_file permissive=0
03-17 11:57:13.962000   570   570 I auditd  : type=1400 audit(0.0:565): avc: denied { search } for comm="ccci_mdinit" name="mdlog" dev="mmcblk0p40" ino=172033 scontext=u:r:ccci_mdinit:s0 tcontext=u:object_r:mdlog_data_file:s0 tclass=dir permissive=0
03-17 11:57:14.430000  9650  9650 I auditd  : type=1400 audit(0.0:566): avc: denied { create } for comm="init" name="vendor.bip" scontext=u:r:init:s0 tcontext=u:object_r:socket_device:s0 tclass=sock_file permissive=0
03-17 11:57:14.486000  9653  9653 I auditd  : type=1400 audit(0.0:567): avc: denied { search } for comm="emdlogger1" name="/" dev="mmcblk0p10" ino=2 scontext=u:r:emdlogger:s0 tcontext=u:object_r:metadata_file:s0 tclass=dir permissive=0
03-17 11:57:14.486000  9661  9661 I auditd  : type=1400 audit(0.0:568): avc: denied { create } for comm="init" name="volte_imsa2" scontext=u:r:init:s0 tcontext=u:object_r:socket_device:s0 tclass=sock_file permissive=0
03-17 11:57:14.490000  9661  9661 I auditd  : type=1400 audit(0.0:569): avc: denied { create } for comm="init" name="volte_ut" scontext=u:r:init:s0 tcontext=u:object_r:socket_device:s0 tclass=sock_file permissive=0
03-17 11:57:28.918000   570   570 I auditd  : type=1400 audit(0.0:570): avc: denied { search } for comm="ccci_mdinit" name="mdlog" dev="mmcblk0p40" ino=172033 scontext=u:r:ccci_mdinit:s0 tcontext=u:object_r:mdlog_data_file:s0 tclass=dir permissive=0
03-17 11:57:29.386000  9725  9725 I auditd  : type=1400 audit(0.0:571): avc: denied { create } for comm="init" name="vendor.bip" scontext=u:r:init:s0 tcontext=u:object_r:socket_device:s0 tclass=sock_file permissive=0
03-17 11:57:29.442000  9728  9728 I auditd  : type=1400 audit(0.0:572): avc: denied { search } for comm="emdlogger1" name="/" dev="mmcblk0p10" ino=2 scontext=u:r:emdlogger:s0 tcontext=u:object_r:metadata_file:s0 tclass=dir permissive=0
03-17 11:57:29.446000  9736  9736 I auditd  : type=1400 audit(0.0:574): avc: denied { create } for comm="init" name="volte_ut" scontext=u:r:init:s0 tcontext=u:object_r:socket_device:s0 tclass=sock_file permissive=0
03-17 11:57:36.873808   994  2582 I battery_level: [94,4374,271]
03-17 11:57:43.862000   570   570 I auditd  : type=1400 audit(0.0:575): avc: denied { search } for comm="ccci_mdinit" name="mdlog" dev="mmcblk0p40" ino=172033 scontext=u:r:ccci_mdinit:s0 tcontext=u:object_r:mdlog_data_file:s0 tclass=dir permissive=0
03-17 11:57:44.334000  9784  9784 I auditd  : type=1400 audit(0.0:576): avc: denied { create } for comm="init" name="vendor.bip" scontext=u:r:init:s0 tcontext=u:object_r:socket_device:s0 tclass=sock_file permissive=0
03-17 11:57:44.382000  9793  9793 I auditd  : type=1400 audit(0.0:577): avc: denied { create } for comm="init" name="volte_imsa2" scontext=u:r:init:s0 tcontext=u:object_r:socket_device:s0 tclass=sock_file permissive=0
03-17 11:57:44.386000  9793  9793 I auditd  : type=1400 audit(0.0:578): avc: denied { create } for comm="init" name="volte_ut" scontext=u:r:init:s0 tcontext=u:object_r:socket_device:s0 tclass=sock_file permissive=0
03-17 11:57:44.406000  9787  9787 I auditd  : type=1400 audit(0.0:579): avc: denied { search } for comm="emdlogger1" name="/" dev="mmcblk0p10" ino=2 scontext=u:r:emdlogger:s0 tcontext=u:object_r:metadata_file:s0 tclass=dir permissive=0
03-17 11:57:58.798000   570   570 I auditd  : type=1400 audit(0.0:580): avc: denied { search } for comm="ccci_mdinit" name="mdlog" dev="mmcblk0p40" ino=172033 scontext=u:r:ccci_mdinit:s0 tcontext=u:object_r:mdlog_data_file:s0 tclass=dir permissive=0
03-17 11:57:59.274000  9849  9849 I auditd  : type=1400 audit(0.0:581): avc: denied { create } for comm="init" name="vendor.bip" scontext=u:r:init:s0 tcontext=u:object_r:socket_device:s0 tclass=sock_file permissive=0
03-17 11:57:59.330000  9862  9862 I auditd  : type=1400 audit(0.0:582): avc: denied { create } for comm="init" name="volte_imsa2" scontext=u:r:init:s0 tcontext=u:object_r:socket_device:s0 tclass=sock_file permissive=0
03-17 11:57:59.334000  9862  9862 I auditd  : type=1400 audit(0.0:583): avc: denied { create } for comm="init" name="volte_ut" scontext=u:r:init:s0 tcontext=u:object_r:socket_device:s0 tclass=sock_file permissive=0
03-17 11:57:59.342000  9854  9854 I auditd  : type=1400 audit(0.0:584): avc: denied { search } for comm="emdlogger1" name="/" dev="mmcblk0p10" ino=2 scontext=u:r:emdlogger:s0 tcontext=u:object_r:metadata_file:s0 tclass=dir permissive=0
03-17 11:58:13.746000   570   570 I auditd  : type=1400 audit(0.0:585): avc: denied { search } for comm="ccci_mdinit" name="mdlog" dev="mmcblk0p40" ino=172033 scontext=u:r:ccci_mdinit:s0 tcontext=u:object_r:mdlog_data_file:s0 tclass=dir permissive=0
03-17 11:58:14.182000  9918  9918 I auditd  : type=1400 audit(0.0:586): avc: denied { create } for comm="init" name="vendor.bip" scontext=u:r:init:s0 tcontext=u:object_r:socket_device:s0 tclass=sock_file permissive=0
03-17 11:58:14.238000  9921  9921 I auditd  : type=1400 audit(0.0:587): avc: denied { search } for comm="emdlogger1" name="/" dev="mmcblk0p10" ino=2 scontext=u:r:emdlogger:s0 tcontext=u:object_r:metadata_file:s0 tclass=dir permissive=0
03-17 11:58:14.238000  9929  9929 I auditd  : type=1400 audit(0.0:588): avc: denied { create } for comm="init" name="volte_imsa2" scontext=u:r:init:s0 tcontext=u:object_r:socket_device:s0 tclass=sock_file permissive=0
03-17 11:58:14.242000  9929  9929 I auditd  : type=1400 audit(0.0:589): avc: denied { create } for comm="init" name="volte_ut" scontext=u:r:init:s0 tcontext=u:object_r:socket_device:s0 tclass=sock_file permissive=0
03-17 11:58:28.650000   570   570 I auditd  : type=1400 audit(0.0:590): avc: denied { search } for comm="ccci_mdinit" name="mdlog" dev="mmcblk0p40" ino=172033 scontext=u:r:ccci_mdinit:s0 tcontext=u:object_r:mdlog_data_file:s0 tclass=dir permissive=0
03-17 11:58:29.122000  9979  9979 I auditd  : type=1400 audit(0.0:591): avc: denied { create } for comm="init" name="vendor.bip" scontext=u:r:init:s0 tcontext=u:object_r:socket_device:s0 tclass=sock_file permissive=0
03-17 11:58:29.174000  9988  9988 I auditd  : type=1400 audit(0.0:592): avc: denied { create } for comm="init" name="volte_imsa2" scontext=u:r:init:s0 tcontext=u:object_r:socket_device:s0 tclass=sock_file permissive=0
03-17 11:58:29.182000  9982  9982 I auditd  : type=1400 audit(0.0:594): avc: denied { search } for comm="emdlogger1" name="/" dev="mmcblk0p10" ino=2 scontext=u:r:emdlogger:s0 tcontext=u:object_r:metadata_file:s0 tclass=dir permissive=0
03-17 11:58:43.602000   570   570 I auditd  : type=1400 audit(0.0:595): avc: denied { search } for comm="ccci_mdinit" name="mdlog" dev="mmcblk0p40" ino=172033 scontext=u:r:ccci_mdinit:s0 tcontext=u:object_r:mdlog_data_file:s0 tclass=dir permissive=0
03-17 11:58:44.074000 10054 10054 I auditd  : type=1400 audit(0.0:596): avc: denied { create } for comm="init" name="vendor.bip" scontext=u:r:init:s0 tcontext=u:object_r:socket_device:s0 tclass=sock_file permissive=0
03-17 11:58:44.126000 10060 10060 I auditd  : type=1400 audit(0.0:597): avc: denied { create } for comm="init" name="volte_imsa2" scontext=u:r:init:s0 tcontext=u:object_r:socket_device:s0 tclass=sock_file permissive=0
03-17 11:58:44.146000 10057 10057 I auditd  : type=1400 audit(0.0:599): avc: denied { search } for comm="emdlogger1" name="/" dev="mmcblk0p10" ino=2 scontext=u:r:emdlogger:s0 tcontext=u:object_r:metadata_file:s0 tclass=dir permissive=0
03-17 11:58:57.810464   994  1431 I storage_state: [41217664-9172-527a-b3d5-edabb50a7d69,0,0,7508852736,7795576832]
03-17 11:58:58.546000   570   570 I auditd  : type=1400 audit(0.0:600): avc: denied { search } for comm="ccci_mdinit" name="mdlog" dev="mmcblk0p40" ino=172033 scontext=u:r:ccci_mdinit:s0 tcontext=u:object_r:mdlog_data_file:s0 tclass=dir permissive=0
03-17 11:58:59.018000 10114 10114 I auditd  : type=1400 audit(0.0:601): avc: denied { create } for comm="init" name="vendor.bip" scontext=u:r:init:s0 tcontext=u:object_r:socket_device:s0 tclass=sock_file permissive=0
03-17 11:58:59.074000 10117 10117 I auditd  : type=1400 audit(0.0:602): avc: denied { search } for comm="emdlogger1" name="/" dev="mmcblk0p10" ino=2 scontext=u:r:emdlogger:s0 tcontext=u:object_r:metadata_file:s0 tclass=dir permissive=0
03-17 11:58:59.078000 10125 10125 I auditd  : type=1400 audit(0.0:604): avc: denied { create } for comm="init" name="volte_ut" scontext=u:r:init:s0 tcontext=u:object_r:socket_device:s0 tclass=sock_file permissive=0
03-17 11:59:13.498000   570   570 I auditd  : type=1400 audit(0.0:605): avc: denied { search } for comm="ccci_mdinit" name="mdlog" dev="mmcblk0p40" ino=172033 scontext=u:r:ccci_mdinit:s0 tcontext=u:object_r:mdlog_data_file:s0 tclass=dir permissive=0
03-17 11:59:13.942000 10175 10175 I auditd  : type=1400 audit(0.0:606): avc: denied { create } for comm="init" name="vendor.bip" scontext=u:r:init:s0 tcontext=u:object_r:socket_device:s0 tclass=sock_file permissive=0
03-17 11:59:13.994000 10186 10186 I auditd  : type=1400 audit(0.0:607): avc: denied { create } for comm="init" name="volte_imsa2" scontext=u:r:init:s0 tcontext=u:object_r:socket_device:s0 tclass=sock_file permissive=0
03-17 11:59:13.998000 10186 10186 I auditd  : type=1400 audit(0.0:608): avc: denied { create } for comm="init" name="volte_ut" scontext=u:r:init:s0 tcontext=u:object_r:socket_device:s0 tclass=sock_file permissive=0
03-17 11:59:13.998000 10178 10178 I auditd  : type=1400 audit(0.0:609): avc: denied { search } for comm="emdlogger1" name="/" dev="mmcblk0p10" ino=2 scontext=u:r:emdlogger:s0 tcontext=u:object_r:metadata_file:s0 tclass=dir permissive=0
03-17 11:59:28.430000   570   570 I auditd  : type=1400 audit(0.0:610): avc: denied { search } for comm="ccci_mdinit" name="mdlog" dev="mmcblk0p40" ino=172033 scontext=u:r:ccci_mdinit:s0 tcontext=u:object_r:mdlog_data_file:s0 tclass=dir permissive=0
03-17 11:59:28.902000 10234 10234 I auditd  : type=1400 audit(0.0:611): avc: denied { create } for comm="init" name="vendor.bip" scontext=u:r:init:s0 tcontext=u:object_r:socket_device:s0 tclass=sock_file permissive=0
03-17 11:59:28.958000 10245 10245 I auditd  : type=1400 audit(0.0:612): avc: denied { create } for comm="init" name="volte_imsa2" scontext=u:r:init:s0 tcontext=u:object_r:socket_device:s0 tclass=sock_file permissive=0
03-17 11:59:28.962000 10245 10245 I auditd  : type=1400 audit(0.0:614): avc: denied { create } for comm="init" name="volte_ut" scontext=u:r:init:s0 tcontext=u:object_r:socket_device:s0 tclass=sock_file permissive=0
