03-17 10:45:49.083429   994  2353 I wm_task_removed: [2,removeAppToken: last token]
03-17 10:45:49.083584   994  2353 I am_remove_task: [2,0]
03-17 10:45:49.083718   994  2353 I wm_task_removed: [2,removeTask]
03-17 10:45:49.105989   994  1104 I am_compact: [2402,com.android.provision,all,82876,53916,28732,16,-3460,0,-3460,3460,47,0,0,199,2,869108,-2896]
03-17 10:45:49.127053   994  1104 I am_compact: [1903,com.android.settings,all,113548,87076,26228,4244,-1864,0,-1864,1864,20,0,0,199,2,866212,-844]
03-17 10:45:49.154643   994  2353 I am_pre_boot: [0,com.android.providers.calendar]
03-17 10:45:49.162424   994   994 I notification_enqueue: [1000,994,android,13,PreBootBroadcaster,0,Notification(channel=UPDATES pri=0 contentView=null vibrate=null sound=null tick defaults=0x0 flags=0x2 color=0xff607d8b vis=PUBLIC),1]
03-17 10:45:49.186311   994  1018 I am_proc_start: [0,2750,1000,com.android.quicksearchbox,broadcast,{com.android.quicksearchbox/com.android.quicksearchbox.SearchWidgetProvider}]
03-17 10:45:49.234904   994  1770 I am_proc_bound: [0,2750,com.android.quicksearchbox]
03-17 10:45:49.324026   994  2353 I am_uid_running: 10044
03-17 10:45:49.354533   994  1018 I am_proc_start: [0,2772,10044,com.android.providers.calendar,broadcast,{com.android.providers.calendar/com.android.providers.calendar.CalendarUpgradeReceiver}]
03-17 10:45:49.398322   994  2353 I am_proc_bound: [0,2772,com.android.providers.calendar]
03-17 10:45:49.554491  2772  2772 I calendar_upgrade_receiver: 11
03-17 10:45:49.556918   994  1770 I am_pre_boot: [0,com.android.providers.contacts]
03-17 10:45:49.558840   994  1770 I am_uid_running: 10039
03-17 10:45:49.564740   994   994 I notification_enqueue: [1000,994,android,13,PreBootBroadcaster,0,Notification(channel=UPDATES pri=0 contentView=null vibrate=null sound=null tick defaults=0x0 flags=0x2 color=0xff607d8b vis=PUBLIC),1]
03-17 10:45:49.587077   994  1018 I am_proc_start: [0,2795,10039,android.process.acore,broadcast,{com.android.providers.contacts/com.android.providers.contacts.ContactsUpgradeReceiver}]
03-17 10:45:49.622642   994  2353 I am_proc_bound: [0,2795,android.process.acore]
03-17 10:45:49.806786   994  1008 I am_uid_running: 10051
03-17 10:45:49.839798   994  1018 I am_proc_start: [0,2827,10051,com.baidu.map.location,service,{com.baidu.map.location/com.baidu.map.location.BaiduNetworkLocationService}]
03-17 10:45:49.864241   994  2353 I am_proc_bound: [0,2827,com.baidu.map.location]
03-17 10:45:50.165016   994  1102 I commit_sys_config_file: [settings-2-0,7]
03-17 10:45:50.550333   994  2298 I backup_transport_lifecycle: [com.android.localtransport/.LocalTransportService,1]
03-17 10:45:50.555701  2795  2795 I contacts_upgrade_receiver: 763
03-17 10:45:50.556902   994  1771 I am_uid_running: 10115
03-17 10:45:50.558525   994  2353 I am_pre_boot: [0,com.android.providers.media]
03-17 10:45:50.560403   994  2353 I am_uid_active: 10039
03-17 10:45:50.561714   994   994 I notification_enqueue: [1000,994,android,13,PreBootBroadcaster,0,Notification(channel=UPDATES pri=0 contentView=null vibrate=null sound=null tick defaults=0x0 flags=0x2 color=0xff607d8b vis=PUBLIC),1]
03-17 10:45:50.570294   994  1018 I am_proc_start: [0,2851,1000,com.android.localtransport,service,{com.android.localtransport/com.android.localtransport.LocalTransportService}]
03-17 10:45:50.594435   994  1018 I am_proc_start: [0,2865,10115,com.android.email,content provider,{com.android.email/com.android.exchange.provider.ExchangeDirectoryProvider}]
03-17 10:45:50.601574   994  2353 I am_proc_bound: [0,2851,com.android.localtransport]
03-17 10:45:50.605864   994  1719 I am_pre_boot: [0,com.android.settings]
03-17 10:45:50.608209   994   994 I notification_enqueue: [1000,994,android,13,PreBootBroadcaster,0,Notification(channel=UPDATES pri=0 contentView=null vibrate=null sound=null tick defaults=0x0 flags=0x2 color=0xff607d8b vis=PUBLIC),1]
03-17 10:45:50.633399   994  1770 I am_pre_boot: [0,com.honeywell.systemtools.autoinstall]
03-17 10:45:50.638853   994   994 I notification_enqueue: [1000,994,android,13,PreBootBroadcaster,0,Notification(channel=UPDATES pri=0 contentView=null vibrate=null sound=null tick defaults=0x0 flags=0x2 color=0xff607d8b vis=PUBLIC),1]
03-17 10:45:50.662010   994  1719 I am_proc_bound: [0,2865,com.android.email]
03-17 10:45:50.665872   994  1719 I am_uid_active: 10115
03-17 10:45:50.675286   994   994 I backup_transport_connection: [com.android.localtransport/.LocalTransportService,1]
03-17 10:45:50.685152   994  2298 I backup_transport_lifecycle: [com.android.localtransport/.LocalTransportService,0]
03-17 10:45:50.685251   994  2298 I backup_transport_connection: [com.android.localtransport/.LocalTransportService,0]
03-17 10:45:50.719456   994  1104 I am_compact: [2851,com.android.localtransport,all,81516,53196,28120,20,-2392,0,-2392,2392,28,0,0,1001,20,871224,-2368]
03-17 10:45:50.736947   994  2893 I dropbox_file_copy: [/proc/last_kmsg,-65536,SYSTEM_LAST_KMSG]
03-17 10:45:50.746241   994  2893 I sysui_multi_action: [757,804,799,boot_fs_shutdown_umount_stat,801,4,802,1]
03-17 10:45:50.747862   994  2893 I sysui_multi_action: [757,804,799,boot_mount_all_duration_default,801,971,802,1]
03-17 10:45:50.749909   994  2893 I sysui_multi_action: [757,804,799,boot_fs_stat_userdata,801,19,802,1]
03-17 10:45:50.750578   994  2893 I sysui_multi_action: [757,804,799,boot_fs_stat_cache,801,3,802,1]
03-17 10:45:50.751163   994  2893 I sysui_multi_action: [757,804,799,boot_fs_stat_protect1,801,3,802,1]
03-17 10:45:50.751829   994  2893 I sysui_multi_action: [757,804,799,boot_fs_stat_protect2,801,3,802,1]
03-17 10:45:50.752535   994  2893 I sysui_multi_action: [757,804,799,boot_fs_stat_nvdata,801,3,802,1]
03-17 10:45:50.753130   994  2893 I sysui_multi_action: [757,804,799,boot_fs_stat_nvcfg,801,3,802,1]
03-17 10:45:50.753663   994  2893 I sysui_multi_action: [757,804,799,boot_fs_stat_persist,801,67,802,1]
03-17 10:45:50.767944   994  2893 I commit_sys_config_file: [log-files,13]
03-17 10:45:50.803331   994  1018 I am_proc_start: [0,2904,1000,com.honeywell.tools.deviceconfig,broadcast,{com.honeywell.tools.deviceconfig/com.honeywell.tools.deviceconfig.AutoRestoreReceiver}]
03-17 10:45:50.837209   994   994 I sysui_multi_action: [757,128,758,5,759,8,793,3617,794,0,795,204,796,13,797,PreBootBroadcaster,806,android,857,UPDATES,858,2,947,0,1500,204,1688,1]
03-17 10:45:50.837968   994   994 I notification_canceled: [0|android|13|PreBootBroadcaster|1000,8,3617,204,0,-1,-1,NULL]
03-17 10:45:50.858123   994  1769 I am_proc_bound: [0,2904,com.honeywell.tools.deviceconfig]
03-17 10:45:50.862203   994  1769 I am_uid_active: 10054
03-17 10:45:50.935211   994  1770 I am_uid_active: 10091
03-17 10:45:50.943329   994  1769 I sysui_multi_action: [757,856,758,1,806,com.honeywell.tools.ezprovider,857,default,858,3]
03-17 10:45:50.947031   994   994 I notification_enqueue: [10091,2694,com.honeywell.tools.ezprovider,1,NULL,0,Notification(channel=default pri=0 contentView=null vibrate=null sound=null defaults=0x0 flags=0x50 color=0x00000000 vis=PRIVATE),0]
03-17 10:45:50.954146   994  1010 I commit_sys_config_file: [notification-policy,11]
03-17 10:45:51.048120   994   994 I sysui_multi_action: [757,1501,758,1,793,101,794,0,795,101,796,1,806,com.honeywell.tools.ezprovider,857,default,858,3,947,0,1500,0,1688,1]
03-17 10:45:51.048637   994   994 I sysui_multi_action: [757,804,799,note_interruptive,801,0,802,1]
03-17 10:45:51.054804   994  1769 I sysui_multi_action: [757,856,758,1,806,com.honeywell.tools.deviceconfig,857,default,858,3]
03-17 10:45:51.063012   994  2353 I am_uid_running: 10093
03-17 10:45:51.063387   994  1010 I commit_sys_config_file: [notification-policy,8]
03-17 10:45:51.066324   994   994 I notification_enqueue: [1000,2904,com.honeywell.tools.deviceconfig,20190213,NULL,0,Notification(channel=default pri=0 contentView=null vibrate=null sound=null defaults=0x0 flags=0x50 color=0x00000000 vis=PRIVATE),0]
03-17 10:45:51.069857   994   994 I notification_enqueue: [1000,2904,com.honeywell.tools.deviceconfig,20190213,NULL,0,Notification(channel=default pri=0 contentView=null vibrate=null sound=null defaults=0x0 flags=0x50 color=0x00000000 vis=PRIVATE),0]
03-17 10:45:51.093917   994  1018 I am_proc_start: [0,2938,10093,com.honeywell.tools.nosip,broadcast,{com.honeywell.tools.nosip/com.honeywell.tools.nosip.NoSIPReceiver}]
03-17 10:45:51.108188   994  2353 I am_wtf  : [0,994,system_server,-1,ActivityManager,Sending non-protected broadcast com.honeywell.ezconfig.intent.action.IMPORT_XML from system 2904:com.honeywell.tools.deviceconfig/1000 pkg com.honeywell.tools.deviceconfig]
03-17 10:45:51.110723   994  1770 I sysui_multi_action: [757,856,758,1,806,com.android.email,857,foreground_service_notif_channel,858,2]
03-17 10:45:51.112969   994  1770 I sysui_multi_action: [757,856,758,1,806,com.android.email,857,email_notification_channel_vip,858,3]
03-17 10:45:51.114639   994  1770 I sysui_multi_action: [757,856,758,1,806,com.android.email,857,email_notification_channel_undo,858,2]
03-17 10:45:51.122199   994  1010 I commit_sys_config_file: [notification-policy,11]
03-17 10:45:51.130576   994  1010 I commit_sys_config_file: [notification-policy,7]
03-17 10:45:51.139280   994  1010 I commit_sys_config_file: [notification-policy,8]
03-17 10:45:51.156227   994  2353 I am_proc_bound: [0,2938,com.honeywell.tools.nosip]
03-17 10:45:51.166635   994   994 I sysui_multi_action: [757,1501,758,1,793,104,794,0,795,104,796,20190213,806,com.honeywell.tools.deviceconfig,857,default,858,3,947,0,1500,0,1688,1]
03-17 10:45:51.167109   994   994 I sysui_multi_action: [757,804,799,note_interruptive,801,0,802,1]
03-17 10:45:51.202275   994  2353 I am_uid_running: 10100
03-17 10:45:51.225231   994  1044 I commit_sys_config_file: [appops,15]
03-17 10:45:51.230876   994  1018 I am_proc_start: [0,2966,10100,com.android.dialer,broadcast,{com.android.dialer/com.android.dialer.app.calllog.CallLogReceiver}]
03-17 10:45:51.260823   994  2353 I am_proc_bound: [0,2966,com.android.dialer]
03-17 10:45:51.299840   994  1102 I commit_sys_config_file: [settings-0-0,6]
03-17 10:45:51.385391   994  1007 I sysui_multi_action: [757,856,758,1,806,com.android.dialer,857,phone_incoming_call,858,5]
03-17 10:45:51.386551   994  1007 I sysui_multi_action: [757,856,758,1,806,com.android.dialer,857,phone_ongoing_call,858,3]
03-17 10:45:51.388001   994  1007 I sysui_multi_action: [757,856,758,1,806,com.android.dialer,857,phone_missed_call,858,3]
03-17 10:45:51.389611   994  1007 I sysui_multi_action: [757,856,758,1,806,com.android.dialer,857,phone_default,858,3]
03-17 10:45:51.393298   994  1007 I sysui_multi_action: [757,856,758,1,806,com.android.dialer,857,phone_voicemail,858,3]
03-17 10:45:51.394640   994  1010 I commit_sys_config_file: [notification-policy,9]
03-17 10:45:51.401242   994  1007 I am_kill : [0,1864,com.android.settings:CryptKeeper,985,empty #17]
03-17 10:45:51.402058   994  1010 I commit_sys_config_file: [notification-policy,6]
03-17 10:45:51.410763   994  1010 I commit_sys_config_file: [notification-policy,8]
03-17 10:45:51.419653   994  1010 I commit_sys_config_file: [notification-policy,8]
03-17 10:45:51.426312   994  1018 I am_proc_start: [0,2991,1000,com.honeywell.android.mdm.appconfigure,broadcast,{com.honeywell.android.mdm.appconfigure/com.honeywell.android.mdm.appconfigure.AppReceiver}]
03-17 10:45:51.427910   994  1010 I commit_sys_config_file: [notification-policy,7]
03-17 10:45:51.450858   994  2353 I am_proc_died: [0,1864,com.android.settings:CryptKeeper,985,20]
03-17 10:45:51.467790   994  2353 I am_proc_bound: [0,2991,com.honeywell.android.mdm.appconfigure]
03-17 10:45:51.509593   994  1031 I commit_sys_config_file: [package-user-0,8]
03-17 10:45:51.654042   994  1770 I am_kill : [0,2232,com.mediatek.simprocessor,985,empty #17]
03-17 10:45:51.670652   994  1421 I am_kill : [0,2183,com.android.deskclock,985,empty #17]
03-17 10:45:51.693657   994  1104 I am_compact: [2415,com.android.printspooler,all,83860,55932,27740,0,-2708,0,-2708,2708,38,0,0,1001,20,872824,720]
03-17 10:45:51.718558   994  1771 I am_proc_died: [0,2232,com.mediatek.simprocessor,985,20]
03-17 10:45:51.734565   994  1771 I am_proc_died: [0,2183,com.android.deskclock,985,20]
03-17 10:45:51.801975   994  1016 I commit_sys_config_file: [roles-0,6]
03-17 10:45:51.824692   994  1719 I am_uid_running: 10114
03-17 10:45:51.846691   994  1018 I am_proc_start: [0,3022,10114,com.android.calendar,broadcast,{com.android.calendar/com.android.calendar.UpgradeReceiver}]
03-17 10:45:51.906063   994  3017 I am_proc_bound: [0,3022,com.android.calendar]
03-17 10:45:52.000442   994  1770 I am_uid_running: 10086
03-17 10:45:52.003093   994  1770 I am_kill : [0,2254,com.mediatek.batterywarning,985,empty #17]
03-17 10:45:52.028141   994  1018 I am_proc_start: [0,3044,10086,com.debug.loggerui,broadcast,{com.debug.loggerui/com.debug.loggerui.framework.LogReceiver}]
03-17 10:45:52.062399   994  1770 I am_proc_died: [0,2254,com.mediatek.batterywarning,985,20]
03-17 10:45:52.066190   994  3016 I am_proc_bound: [0,3044,com.debug.loggerui]
03-17 10:45:52.100000  3044  3044 I auditd  : type=1400 audit(0.0:123): avc: denied { read } for comm=".debug.loggerui" name="u:object_r:vendor_default_prop:s0" dev="tmpfs" ino=445 scontext=u:r:platform_app:s0:c512,c768 tcontext=u:object_r:vendor_default_prop:s0 tclass=file permissive=0
03-17 10:45:52.100000  3044  3044 I chatty  : uid=10086(com.debug.loggerui) identical 3 lines
03-17 10:45:52.100000  3044  3044 I auditd  : type=1400 audit(0.0:127): avc: denied { read } for comm=".debug.loggerui" name="u:object_r:vendor_default_prop:s0" dev="tmpfs" ino=445 scontext=u:r:platform_app:s0:c512,c768 tcontext=u:object_r:vendor_default_prop:s0 tclass=file permissive=0
03-17 10:45:52.126976   994  1771 I am_uid_running: 10106
03-17 10:45:52.150394   994  1018 I am_proc_start: [0,3071,10106,com.android.contacts,broadcast,{com.android.contacts/com.android.contacts.interactions.OnBootOrUpgradeReceiver}]
03-17 10:45:52.182258   994  1006 I am_proc_bound: [0,3071,com.android.contacts]
03-17 10:45:52.196683   994  1771 I am_kill : [0,2376,com.android.documentsui,975,empty #17]
03-17 10:45:52.228343   994  1104 I am_compact: [3022,com.android.calendar,all,92636,63796,28648,0,-2380,512,-2904,2932,31,0,0,1001,20,876984,-2916]
03-17 10:45:52.235447   994   994 I notification_cancel_all: [10106,3071,com.android.contacts,0,0,64,9,NULL]
03-17 10:45:52.241697   994  1770 I sysui_multi_action: [757,856,758,1,806,com.android.contacts,857,DEFAULT_CHANNEL,858,2]
03-17 10:45:52.246939   994  1006 I am_kill : [0,2474,com.android.externalstorage,975,empty #17]
03-17 10:45:52.250929   994  3016 I am_proc_died: [0,2376,com.android.documentsui,975,20]
03-17 10:45:52.251490   994  3016 I am_uid_stopped: 10048
03-17 10:45:52.253817   994  1010 I commit_sys_config_file: [notification-policy,11]
03-17 10:45:52.263884   994  1104 I am_compact: [2772,com.android.providers.calendar,all,86480,57580,28664,0,-3772,0,-3772,3772,35,0,0,0,11,874068,-3448]
03-17 10:45:52.272073   994  1018 I am_proc_start: [0,3095,1000,com.android.deskclock,broadcast,{com.android.deskclock/com.android.deskclock.AlarmInitReceiver}]
03-17 10:45:52.290582   994  3016 I am_proc_died: [0,2474,com.android.externalstorage,975,20]
03-17 10:45:52.291094   994  3016 I am_uid_stopped: 10057
03-17 10:45:52.312201   994  1770 I am_proc_bound: [0,3095,com.android.deskclock]
03-17 10:45:52.359404   994  1016 I commit_sys_config_file: [roles-0,10]
03-17 10:45:52.463915   994  3016 I am_kill : [0,2533,com.android.keychain,975,empty #17]
03-17 10:45:52.487185   994  1018 I am_proc_start: [0,3119,1000,com.android.dynsystem,broadcast,{com.android.dynsystem/com.android.dynsystem.BootCompletedReceiver}]
03-17 10:45:52.510382   994  3016 I am_proc_died: [0,2533,com.android.keychain,975,20]
03-17 10:45:52.526924   994  3016 I am_proc_bound: [0,3119,com.android.dynsystem]
03-17 10:45:52.645931   994  3016 I am_kill : [0,2609,com.android.mtp,975,empty #17]
03-17 10:45:52.658499   994  3094 I am_uid_running: 10104
03-17 10:45:52.664184   994   994 I notification_enqueue: [10115,2865,com.android.email,14,NULL,0,Notification(channel=foreground_service_notif_channel pri=0 contentView=null vibrate=null sound=null defaults=0x0 flags=0x40 color=0x00000000 vis=PRIVATE),0]
03-17 10:45:52.682463   994   994 I notification_enqueue: [10115,2865,com.android.email,14,NULL,0,Notification(channel=foreground_service_notif_channel pri=0 contentView=null vibrate=null sound=null defaults=0x0 flags=0x40 color=0x00000000 vis=PRIVATE),0]
03-17 10:45:52.684247   994  1018 I am_proc_start: [0,3141,10104,com.android.gallery3d,broadcast,{com.android.gallery3d/com.mediatek.gallery3d.adapter.FeatureServiceStart}]
03-17 10:45:52.698424   994  3016 I am_proc_died: [0,2609,com.android.mtp,975,20]
03-17 10:45:52.721669   994  3094 I am_proc_bound: [0,3141,com.android.gallery3d]
03-17 10:45:52.726733   994  1104 I am_compact: [2865,com.android.email,file,108252,78180,29860,4,-60,0,-60,0,6,0,0,0,11,873984,0]
03-17 10:45:52.764341   994   994 I sysui_multi_action: [757,1501,758,1,793,106,794,0,795,106,796,14,806,com.android.email,857,foreground_service_notif_channel,858,2,947,0,1500,0,1688,1]
03-17 10:45:52.764843   994   994 I sysui_multi_action: [757,804,799,note_interruptive,801,0,802,1]
03-17 10:45:52.783643   994   994 I sysui_multi_action: [757,128,758,5,759,8,793,103,794,0,795,103,796,14,806,com.android.email,857,foreground_service_notif_channel,858,2,947,0,1500,103,1688,1]
03-17 10:45:52.784026   994   994 I notification_canceled: [0|com.android.email|14|null|10115,8,103,103,0,-1,-1,NULL]
03-17 10:45:52.830535   994  1104 I am_compact: [2795,android.process.acore,file,104336,70436,33620,0,0,0,0,0,7,0,0,0,6,874012,8]
03-17 10:45:52.842657   994  1721 I am_kill : [0,2402,com.android.provision,975,empty #17]
03-17 10:45:52.926411   994  3094 I am_proc_died: [0,2402,com.android.provision,975,20]
03-17 10:45:52.926966   994  3094 I am_uid_stopped: 10107
03-17 10:45:53.121215   994  1016 I commit_sys_config_file: [roles-0,8]
03-17 10:45:53.382034   994  1010 I commit_sys_config_file: [jobs,6]
03-17 10:45:53.421772   994  1016 I commit_sys_config_file: [package-perms-0,7]
03-17 10:45:54.222387   994  1770 I am_proc_died: [0,3044,com.debug.loggerui,945,20]
03-17 10:45:54.222756   994  1770 I am_uid_stopped: 10086
03-17 10:45:55.450066   994  1016 I sysui_multi_action: [757,1717,758,1,759,0]
03-17 10:45:55.450442   994  1016 I sysui_multi_action: [757,1717,758,2,759,0]
03-17 10:45:55.450632   994  1016 I sysui_multi_action: [757,1717,758,3,759,0]
03-17 10:45:57.476771   994  1104 I am_compact: [2497,android.process.media,file,114168,80944,32632,0,0,0,0,0,7,0,0,0,11,882452,0]
03-17 10:45:57.488096   994  1102 I commit_sys_config_file: [settings-2-0,7]
03-17 10:45:57.495126   994  1102 I commit_sys_config_file: [settings-1-0,7]
03-17 10:45:58.268000   570   570 I auditd  : type=1400 audit(0.0:143): avc: denied { search } for comm="ccci_mdinit" name="mdlog" dev="mmcblk0p40" ino=172033 scontext=u:r:ccci_mdinit:s0 tcontext=u:object_r:mdlog_data_file:s0 tclass=dir permissive=0
03-17 10:45:58.704000  3187  3187 I auditd  : type=1400 audit(0.0:144): avc: denied { create } for comm="init" name="vendor.bip" scontext=u:r:init:s0 tcontext=u:object_r:socket_device:s0 tclass=sock_file permissive=0
03-17 10:45:58.744000  3193  3193 I auditd  : type=1400 audit(0.0:145): avc: denied { create } for comm="init" name="volte_imsa2" scontext=u:r:init:s0 tcontext=u:object_r:socket_device:s0 tclass=sock_file permissive=0
03-17 10:45:58.748000  3193  3193 I auditd  : type=1400 audit(0.0:146): avc: denied { create } for comm="init" name="volte_ut" scontext=u:r:init:s0 tcontext=u:object_r:socket_device:s0 tclass=sock_file permissive=0
03-17 10:45:58.752000  3190  3190 I auditd  : type=1400 audit(0.0:147): avc: denied { search } for comm="emdlogger1" name="/" dev="mmcblk0p10" ino=2 scontext=u:r:emdlogger:s0 tcontext=u:object_r:metadata_file:s0 tclass=dir permissive=0
03-17 10:46:00.200602   994  1770 I sysui_multi_action: [757,856,758,1,806,com.android.calendar,857,calendar_notif_channel_default,858,4]
03-17 10:46:00.203526   994  1770 I sysui_multi_action: [757,856,758,1,806,com.android.calendar,857,calendar_notif_channel_of_fired_notification,858,2]
03-17 10:46:00.211673   994  1010 I commit_sys_config_file: [notification-policy,9]
03-17 10:46:00.221397   994  1010 I commit_sys_config_file: [notification-policy,9]
03-17 10:46:00.231306   994  1016 I am_pss  : [2437,10108,com.android.launcher3,65601536,46077952,0,195811328,0,2,15]
03-17 10:46:01.335343   994  1016 I am_pss  : [2694,10091,com.honeywell.tools.ezprovider,8364032,5300224,0,92995584,0,5,8]
03-17 10:46:01.345266   994  1016 I am_pss  : [2904,1000,com.honeywell.tools.deviceconfig,7761920,4722688,0,96026624,0,5,9]
03-17 10:46:01.632087   994  1031 I commit_sys_config_file: [package-user-0,10]
03-17 10:46:02.061927   994  1102 I commit_sys_config_file: [settings-2-0,8]
03-17 10:46:02.138943   994  1421 I am_uid_running: 10099
03-17 10:46:02.160025   994  1018 I am_proc_start: [0,3237,10099,com.android.onetimeinitializer,broadcast,{com.android.onetimeinitializer/com.android.onetimeinitializer.OneTimeInitializerReceiver}]
03-17 10:46:02.180779   994  3094 I am_proc_bound: [0,3237,com.android.onetimeinitializer]
03-17 10:46:02.239295   994  3094 I am_uid_running: 10045
03-17 10:46:02.260988   994  1018 I am_proc_start: [0,3262,10045,com.android.packageinstaller,broadcast,{com.android.packageinstaller/com.android.packageinstaller.TemporaryFileManager}]
03-17 10:46:02.288610   994  1721 I am_proc_bound: [0,3262,com.android.packageinstaller]
03-17 10:46:02.322721   994  1721 I am_kill : [0,1903,com.android.settings,985,empty #17]
03-17 10:46:02.329337   994  1016 I commit_sys_config_file: [roles-0,8]
03-17 10:46:02.380057   994  1770 I am_proc_died: [0,1903,com.android.settings,985,20]
03-17 10:46:02.402869   994  1018 I am_proc_start: [0,3284,1000,com.android.settings,broadcast,{com.android.settings/com.android.settings.fuelgauge.batterytip.AnomalyConfigReceiver}]
03-17 10:46:02.433627   994  3283 I am_proc_bound: [0,3284,com.android.settings]
03-17 10:46:02.509616   994  1769 I am_uid_running: 10068
03-17 10:46:02.511626   994  1769 I am_kill : [0,2750,com.android.quicksearchbox,985,empty #17]
03-17 10:46:02.532844   994  1018 I am_proc_start: [0,3303,10068,com.android.traceur,broadcast,{com.android.traceur/com.android.traceur.Receiver}]
03-17 10:46:02.555529   994  3283 I am_proc_bound: [0,3303,com.android.traceur]
03-17 10:46:02.566045   994  1769 I am_proc_died: [0,2750,com.android.quicksearchbox,985,20]
03-17 10:46:02.593548   994  1770 I sysui_multi_action: [757,856,758,1,806,com.android.traceur,857,trace-is-being-recorded,858,4]
03-17 10:46:02.593804   994  1102 I commit_sys_config_file: [settings-0-0,8]
03-17 10:46:02.594719   994  1769 I sysui_multi_action: [757,856,758,1,806,com.android.traceur,857,system-tracing,858,4]
03-17 10:46:02.602353   994  1010 I commit_sys_config_file: [notification-policy,8]
03-17 10:46:02.611884   994  1010 I commit_sys_config_file: [notification-policy,9]
03-17 10:46:02.616004   994  1770 I am_kill : [0,2851,com.android.localtransport,985,empty #17]
03-17 10:46:02.642186   994  1018 I am_proc_start: [0,3329,1000,com.honeywell.tools.appsconfig,broadcast,{com.honeywell.tools.appsconfig/com.honeywell.tools.appsconfig.AppsConfigScheduleReceiver}]
03-17 10:46:02.678171   994  1769 I am_proc_died: [0,2851,com.android.localtransport,985,20]
03-17 10:46:02.681872   994  1769 I am_proc_bound: [0,3329,com.honeywell.tools.appsconfig]
03-17 10:46:02.731694   994  1771 I am_kill : [0,2938,com.honeywell.tools.nosip,985,empty #17]
03-17 10:46:02.752921   994  1018 I am_proc_start: [0,3367,1000,com.honeywell.tools.autorun,broadcast,{com.honeywell.tools.autorun/com.honeywell.tools.autorun.AutorunReceiver}]
03-17 10:46:02.776830   994  1769 I am_proc_bound: [0,3367,com.honeywell.tools.autorun]
03-17 10:46:02.779995   994  1771 I am_proc_died: [0,2938,com.honeywell.tools.nosip,985,20]
03-17 10:46:02.780797   994  1771 I am_uid_stopped: 10093
03-17 10:46:02.816758   994  1771 I am_uid_running: 10080
03-17 10:46:02.838998   994  1018 I am_proc_start: [0,3388,10080,com.honeywell.tools.battmon,broadcast,{com.honeywell.tools.battmon/com.honeywell.tools.battmon.BattMonReceiver}]
03-17 10:46:02.839860   994  1769 I sysui_multi_action: [757,856,758,1,806,com.honeywell.tools.autorun,857,AutoRun,858,3]
03-17 10:46:02.841250   994  1771 I am_wtf  : [0,994,system_server,-1,ActivityManager,Sending non-protected broadcast com.honeywell.tools.action.AUTO_RESTORE from system 3367:com.honeywell.tools.autorun/1000 pkg com.honeywell.tools.autorun]
03-17 10:46:02.841940   994  1771 I service_manager_stats: [100,99,19540]
03-17 10:46:02.848914   994  1010 I commit_sys_config_file: [notification-policy,8]
03-17 10:46:02.852899   994  1769 I am_wtf  : [0,994,system_server,-1,ActivityManager,Sending non-protected broadcast com.honeywell.tools.deviceconfig.autoenable from system 3367:com.honeywell.tools.autorun/1000 pkg com.honeywell.tools.autorun]
03-17 10:46:02.860922   994   994 I notification_enqueue: [1000,3367,com.honeywell.tools.autorun,678,NULL,0,Notification(channel=AutoRun pri=0 contentView=null vibrate=null sound=null defaults=0x0 flags=0x50 color=0x00000000 vis=PRIVATE),0]
03-17 10:46:02.862059   994  1102 I commit_sys_config_file: [settings-2-0,9]
03-17 10:46:02.868804   994  1102 I commit_sys_config_file: [settings-0-0,6]
03-17 10:46:02.874092   994  1771 I am_proc_bound: [0,3388,com.honeywell.tools.battmon]
03-17 10:46:02.915735   994   994 I notification_cancel_all: [10080,3388,com.honeywell.tools.battmon,0,0,64,9,NULL]
03-17 10:46:02.921300   994  1771 I am_kill : [0,2991,com.honeywell.android.mdm.appconfigure,985,empty #17]
03-17 10:46:02.928990   994   994 I notification_enqueue: [10091,2694,com.honeywell.tools.ezprovider,10000,NULL,0,Notification(channel=default pri=0 contentView=null vibrate=null sound=null defaults=0x0 flags=0x50 color=0x00000000 vis=PRIVATE),0]
03-17 10:46:02.948006   994  1018 I am_proc_start: [0,3411,1000,com.maidu.agingtest,broadcast,{com.maidu.agingtest/com.maidu.agingtest.broadcast.BootBroadcastReceiver}]
03-17 10:46:02.953931   994  3283 I am_proc_died: [0,2991,com.honeywell.android.mdm.appconfigure,985,20]
03-17 10:46:02.961855   994   994 I sysui_multi_action: [757,1501,758,1,793,110,794,0,795,110,796,678,806,com.honeywell.tools.autorun,857,AutoRun,858,3,947,0,1500,0,1688,1]
03-17 10:46:02.962332   994   994 I sysui_multi_action: [757,804,799,note_interruptive,801,0,802,1]
03-17 10:46:02.972434   994  1104 I am_compact: [2497,android.process.media,file,114292,80944,32756,0,0,0,0,0,8,1,51927,0,11,890100,0]
03-17 10:46:02.982457   994  3283 I am_proc_bound: [0,3411,com.maidu.agingtest]
03-17 10:46:03.030511   994   994 I sysui_multi_action: [757,1501,758,1,793,102,794,0,795,102,796,10000,806,com.honeywell.tools.ezprovider,857,default,858,3,947,0,1500,0,1688,1]
03-17 10:46:03.031012   994   994 I sysui_multi_action: [757,804,799,note_interruptive,801,0,802,1]
03-17 10:46:03.073881   994  1769 I am_kill : [0,2656,com.honeywell.tools.ezmenu,985,empty #17]
03-17 10:46:03.092579   994  1018 I am_proc_start: [0,3437,1000,com.mediatek.batterywarning,broadcast,{com.mediatek.batterywarning/com.mediatek.batterywarning.BatteryWarningReceiver}]
03-17 10:46:03.119415   994  1769 I am_proc_bound: [0,3437,com.mediatek.batterywarning]
03-17 10:46:03.125963   994  1769 I am_proc_died: [0,2656,com.honeywell.tools.ezmenu,985,20]
03-17 10:46:03.126379   994  1769 I am_uid_stopped: 10064
03-17 10:46:03.158238   994  1769 I am_uid_running: 10112
03-17 10:46:03.160912   994  1769 I am_kill : [0,2415,com.android.printspooler,985,empty #17]
03-17 10:46:03.161724   994  1102 I commit_sys_config_file: [settings-0-0,8]
03-17 10:46:03.184537   994  1018 I am_proc_start: [0,3459,10112,com.mediatek.camera,broadcast,{com.mediatek.camera/com.mediatek.camera.DisableCameraReceiver}]
03-17 10:46:03.206525   994  1769 I am_proc_died: [0,2415,com.android.printspooler,985,20]
03-17 10:46:03.207039   994  1769 I am_uid_stopped: 10081
03-17 10:46:03.222994   994  1769 I am_proc_bound: [0,3459,com.mediatek.camera]
03-17 10:46:03.270823   994  1769 I am_kill : [0,3071,com.android.contacts,985,empty #17]
03-17 10:46:03.317625   994  1018 I am_proc_start: [0,3479,1001,com.mediatek.engineermode,broadcast,{com.mediatek.engineermode/com.mediatek.engineermode.boot.EmBootupReceiver}]
03-17 10:46:03.318886   994  3283 I am_proc_died: [0,3071,com.android.contacts,985,20]
03-17 10:46:03.319447   994  3283 I am_uid_stopped: 10106
03-17 10:46:03.352555   994  3283 I am_proc_bound: [0,3479,com.mediatek.engineermode]
03-17 10:46:03.536010   994  3283 I am_kill : [0,3095,com.android.deskclock,985,empty #17]
03-17 10:46:03.557440   994  1018 I am_proc_start: [0,3510,1000,com.mediatek.omacp,broadcast,{com.mediatek.omacp/com.mediatek.omacp.message.OmacpReceiver}]
03-17 10:46:03.594112   994  3283 I am_proc_died: [0,3095,com.android.deskclock,985,20]
03-17 10:46:03.596731   994  1771 I am_proc_bound: [0,3510,com.mediatek.omacp]
03-17 10:46:03.639349   994  3283 I sysui_multi_action: [757,856,758,1,806,com.mediatek.omacp,857,omacp_notification_channel,858,3]
03-17 10:46:03.642928   994   994 I notification_enqueue: [1000,3510,com.mediatek.omacp,126,NULL,0,Notification(channel=omacp_notification_channel pri=0 contentView=null vibrate=null sound=null defaults=0x0 flags=0x40 color=0x00000000 vis=PRIVATE),0]
03-17 10:46:03.650662   994  1010 I commit_sys_config_file: [notification-policy,11]
03-17 10:46:03.658281   994  1018 I am_proc_start: [0,3532,1000,com.mediatek.simprocessor,broadcast,{com.mediatek.simprocessor/com.mediatek.simprocessor.BootCmpReceiver}]
03-17 10:46:03.687235   994  3283 I am_proc_bound: [0,3532,com.mediatek.simprocessor]
03-17 10:46:03.694051   994  1771 I am_kill : [0,2966,com.android.dialer,985,empty #17]
03-17 10:46:03.722583   994  1104 I am_compact: [3510,com.mediatek.omacp,all,89984,60728,29052,28,-2844,0,-2844,2844,29,0,0,1001,20,891548,-2844]
03-17 10:46:03.728000  3532  3532 I auditd  : type=1400 audit(0.0:148): avc: denied { getattr } for comm="ek.simprocessor" path="/sys/devices/platform/11007000.i2c0/i2c-0/0-0038/fts_glove_mode" dev="sysfs" ino=32220 scontext=u:r:system_app:s0 tcontext=u:object_r:sysfs_gloves_mode:s0 tclass=file permissive=0
03-17 10:46:03.735202   994  1771 I am_wtf  : [0,994,system_server,-1,ActivityManager,Sending non-protected broadcast com.honeywell.decode.intent.action.REFRESH from system 2283:com.intermec.datacollectionservice/u0a71 pkg com.intermec.datacollectionservice]
03-17 10:46:03.743365   994   994 I sysui_multi_action: [757,1501,758,1,793,101,794,0,795,101,796,126,806,com.mediatek.omacp,857,omacp_notification_channel,858,3,947,0,1500,0,1688,1]
03-17 10:46:03.743771   994   994 I sysui_multi_action: [757,804,799,note_interruptive,801,0,802,1]
03-17 10:46:03.746554   994   994 I sysui_multi_action: [757,128,758,5,759,8,793,104,794,0,795,104,796,126,806,com.mediatek.omacp,857,omacp_notification_channel,858,3,947,0,1500,3,1688,1]
03-17 10:46:03.746924   994   994 I notification_canceled: [0|com.mediatek.omacp|126|null|1000,8,104,104,0,-1,-1,NULL]
03-17 10:46:03.751085   994  1719 I am_proc_died: [0,2966,com.android.dialer,985,20]
03-17 10:46:03.751595   994  1719 I am_uid_stopped: 10100
03-17 10:46:03.787711   994  1415 I netstats_mobile_sample: [0,0,0,0,0,0,0,0,0,0,0,0,1615949163787]
03-17 10:46:03.787802   994  1415 I netstats_wifi_sample: [0,0,0,0,0,0,0,0,0,0,0,0,1615949163787]
03-17 10:46:03.991368   994  1102 I commit_sys_config_file: [settings-1-0,6]
03-17 10:46:04.353632   994  3283 I am_kill : [0,3119,com.android.dynsystem,985,empty #17]
03-17 10:46:04.389233   994  1104 I am_compact: [3532,com.mediatek.simprocessor,all,87808,58740,28860,0,-2580,0,-2580,2580,35,0,0,1001,20,889092,-2580]
03-17 10:46:04.406107   994  3283 I am_proc_died: [0,3119,com.android.dynsystem,985,20]
03-17 10:46:04.499354   994  1010 I commit_sys_config_file: [jobs,7]
03-17 10:46:04.580097   994  1102 I commit_sys_config_file: [settings-1-0,9]
03-17 10:46:07.362815   994  1017 I am_uid_active: 10044
03-17 10:46:07.375601   994  1016 I am_pss  : [1502,10049,com.android.permissioncontroller,16115712,11513856,1671168,99192832,0,6,7]
03-17 10:46:07.384271   994  1016 I am_pss  : [1998,10113,com.android.inputmethod.latin,14116864,6201344,2191360,113078272,0,8,7]
03-17 10:46:11.402322   994  1432 I volume_changed: [3,5,2,15,AS.AudioService]
03-17 10:46:11.647797   994  1102 I commit_sys_config_file: [settings-0-0,9]
03-17 10:46:12.106866   994  1031 I commit_sys_config_file: [package-user-0,8]
03-17 10:46:12.161811   994  1102 I commit_sys_config_file: [settings-1-0,8]
03-17 10:46:12.591738   994  1016 I commit_sys_config_file: [roles-0,7]
03-17 10:46:13.176000   570   570 I auditd  : type=1400 audit(0.0:149): avc: denied { search } for comm="ccci_mdinit" name="mdlog" dev="mmcblk0p40" ino=172033 scontext=u:r:ccci_mdinit:s0 tcontext=u:object_r:mdlog_data_file:s0 tclass=dir permissive=0
03-17 10:46:13.621174   994  1018 I am_proc_start: [0,3580,1000,com.android.keychain,service,{com.android.keychain/com.android.keychain.KeyChainService}]
03-17 10:46:13.644000  3590  3590 I auditd  : type=1400 audit(0.0:150): avc: denied { create } for comm="init" name="vendor.bip" scontext=u:r:init:s0 tcontext=u:object_r:socket_device:s0 tclass=sock_file permissive=0
03-17 10:46:13.675916   994  3575 I am_proc_bound: [0,3580,com.android.keychain]
03-17 10:46:13.681664   994  3575 I am_kill : [0,3141,com.android.gallery3d,985,empty #17]
03-17 10:46:13.683881   994  3575 I am_kill : [0,2865,com.android.email,985,empty #18]
03-17 10:46:13.688000  3600  3600 I auditd  : type=1400 audit(0.0:151): avc: denied { search } for comm="emdlogger1" name="/" dev="mmcblk0p10" ino=2 scontext=u:r:emdlogger:s0 tcontext=u:object_r:metadata_file:s0 tclass=dir permissive=0
03-17 10:46:13.688000  3609  3609 I auditd  : type=1400 audit(0.0:152): avc: denied { create } for comm="init" name="volte_imsa2" scontext=u:r:init:s0 tcontext=u:object_r:socket_device:s0 tclass=sock_file permissive=0
03-17 10:46:13.691500   994  3575 I am_kill : [0,2795,android.process.acore,995,empty #19]
03-17 10:46:13.692000  3609  3609 I auditd  : type=1400 audit(0.0:153): avc: denied { create } for comm="init" name="volte_ut" scontext=u:r:init:s0 tcontext=u:object_r:socket_device:s0 tclass=sock_file permissive=0
03-17 10:46:13.733197   994  1016 I am_pss  : [2437,10108,com.android.launcher3,69902336,50232320,0,197979136,0,2,15]
03-17 10:46:13.742414   994  1016 I am_pss  : [2694,10091,com.honeywell.tools.ezprovider,8884224,5554176,0,94924800,0,5,7]
03-17 10:46:13.748059   994  3283 I am_proc_died: [0,3141,com.android.gallery3d,985,20]
03-17 10:46:13.748778   994  3283 I am_uid_stopped: 10104
03-17 10:46:13.753705   994  1016 I am_pss  : [3367,1000,com.honeywell.tools.autorun,7038976,4182016,0,92958720,0,5,7]
03-17 10:46:13.760314   994  3017 I am_proc_died: [0,2795,android.process.acore,995,20]
03-17 10:46:13.761318   994  3017 I am_uid_stopped: 10039
03-17 10:46:13.763257   994  1016 I am_pss  : [2720,10055,com.android.managedprovisioning,8309760,6074368,0,84230144,0,20,6]
03-17 10:46:13.765131   994  3017 I am_kill : [0,2720,com.android.managedprovisioning,985,empty #17]
03-17 10:46:13.766423   994  3094 I am_proc_died: [0,2865,com.android.email,985,20]
03-17 10:46:13.767209   994  3094 I am_uid_stopped: 10115
03-17 10:46:13.779006   994  1016 I am_pss  : [2904,1000,com.honeywell.tools.deviceconfig,7891968,4722688,1024,96026624,0,5,6]
03-17 10:46:13.780813   994  1104 I am_compact: [2497,android.process.media,all,113992,80944,32456,0,-8140,0,-8140,8140,100,1,57423,700,16,904092,-7884]
03-17 10:46:13.786552   994  1016 I am_pss  : [2827,10051,com.baidu.map.location,6885376,3895296,1024,93331456,0,9,6]
03-17 10:46:13.795600   994  1016 I am_pss  : [2082,10052,android.ext.services,9792512,3469312,1400832,108044288,0,6,7]
03-17 10:46:13.804677   994  1104 I am_compact: [3580,com.android.keychain,all,81476,52636,28648,12,-2340,0,-2340,2340,23,0,0,1001,20,896208,-2336]
03-17 10:46:13.810273   994  1721 I am_proc_died: [0,2720,com.android.managedprovisioning,985,20]
03-17 10:46:13.810760   994  1721 I am_uid_stopped: 10055
03-17 10:46:17.422560   994  1016 I am_pss  : [2303,1027,com.android.nfc,14257152,10809344,0,103284736,0,0,10]
03-17 10:46:17.432405   994  1016 I am_pss  : [2283,10071,com.intermec.datacollectionservice,15029248,10199040,0,106901504,0,0,8]
03-17 10:46:17.442122   994  1016 I am_pss  : [2061,1002,com.android.bluetooth,20297728,11051008,4751360,111484928,0,0,8]
03-17 10:46:17.452092   994  1016 I am_pss  : [1841,1001,com.android.phone,30408704,16515072,6807552,127447040,0,0,9]
03-17 10:46:17.459950   994  1016 I am_pss  : [1722,1073,com.android.networkstack,6545408,2322432,1470464,89460736,0,0,6]
03-17 10:46:17.473422   994  1016 I am_pss  : [1493,10101,com.android.systemui,70138880,48559104,6205440,190632960,0,0,12]
03-17 10:46:17.488957   994  1016 I am_pss  : [994,1000,system,133163008,114040832,0,281206784,0,0,14]
03-17 10:46:27.536539   994  1721 I am_kill : [0,3022,com.android.calendar,985,empty #17]
03-17 10:46:27.543975   994  1016 I am_pss  : [2772,10044,com.android.providers.calendar,8161280,3907584,1392640,88715264,0,20,9]
03-17 10:46:27.556212   994  1016 I am_pss  : [3532,1000,com.mediatek.simprocessor,6312960,2428928,954368,90800128,0,20,10]
03-17 10:46:27.567793   994  1016 I am_pss  : [3510,1000,com.mediatek.omacp,6906880,2453504,1259520,92491776,0,20,9]
03-17 10:46:27.579887   994  1016 I am_pss  : [3479,1001,com.mediatek.engineermode,9639936,7163904,0,86040576,0,20,10]
03-17 10:46:27.590888   994  1016 I am_pss  : [3459,10112,com.mediatek.camera,10330112,6807552,0,91856896,0,20,9]
03-17 10:46:27.599028   994  3638 I am_proc_died: [0,3022,com.android.calendar,985,20]
03-17 10:46:27.599662   994  3638 I am_uid_stopped: 10114
03-17 10:46:27.602615   994  1016 I am_pss  : [3437,1000,com.mediatek.batterywarning,5612544,3080192,0,85716992,0,20,9]
03-17 10:46:27.603894   994  1104 I am_compact: [1502,com.android.permissioncontroller,all,91032,62372,28328,1120,-3572,0,-3572,3572,68,0,0,1001,20,899932,-2112]
03-17 10:46:27.613632   994  1016 I am_pss  : [3411,1000,com.maidu.agingtest,8096768,5500928,3072,89890816,0,20,9]
03-17 10:46:27.625739   994  1016 I am_pss  : [2497,10054,android.process.media,17225728,6246400,5611520,112640000,0,20,10]
03-17 10:46:27.636622   994  1016 I am_pss  : [3388,10080,com.honeywell.tools.battmon,7876608,5054464,0,90636288,0,20,9]
03-17 10:46:27.647650   994  1016 I am_pss  : [3367,1000,com.honeywell.tools.autorun,7178240,4182016,0,92958720,0,5,9]
03-17 10:46:27.658059   994  1016 I am_pss  : [3329,1000,com.honeywell.tools.appsconfig,7949312,5115904,1024,90730496,0,20,8]
03-17 10:46:27.667965   994  1016 I am_pss  : [3303,10068,com.android.traceur,8230912,5709824,0,85864448,0,20,8]
03-17 10:46:27.678884   994  1016 I am_pss  : [3284,1000,com.android.settings,14393344,8151040,0,101154816,0,20,9]
03-17 10:46:27.688230   994  1016 I am_pss  : [3262,10045,com.android.packageinstaller,6074368,3866624,2048,79093760,0,20,8]
03-17 10:46:27.698100   994  1016 I am_pss  : [3237,10099,com.android.onetimeinitializer,5125120,2904064,1024,78499840,0,20,7]
03-17 10:46:27.707850   994  1016 I am_pss  : [2355,1000,com.honeywell.systemtools.autoinstall,7508992,4358144,0,94953472,0,0,8]
03-17 10:46:27.717282   994  1016 I am_pss  : [2330,1068,com.android.se,5512192,3235840,3072,79212544,0,0,7]
03-17 10:46:28.116000   570   570 I auditd  : type=1400 audit(0.0:154): avc: denied { search } for comm="ccci_mdinit" name="mdlog" dev="mmcblk0p40" ino=172033 scontext=u:r:ccci_mdinit:s0 tcontext=u:object_r:mdlog_data_file:s0 tclass=dir permissive=0
03-17 10:46:28.584000  3663  3663 I auditd  : type=1400 audit(0.0:155): avc: denied { create } for comm="init" name="vendor.bip" scontext=u:r:init:s0 tcontext=u:object_r:socket_device:s0 tclass=sock_file permissive=0
03-17 10:46:28.640000  3674  3674 I auditd  : type=1400 audit(0.0:156): avc: denied { create } for comm="init" name="volte_imsa2" scontext=u:r:init:s0 tcontext=u:object_r:socket_device:s0 tclass=sock_file permissive=0
03-17 10:46:28.644000  3666  3666 I auditd  : type=1400 audit(0.0:157): avc: denied { search } for comm="emdlogger1" name="/" dev="mmcblk0p10" ino=2 scontext=u:r:emdlogger:s0 tcontext=u:object_r:metadata_file:s0 tclass=dir permissive=0
03-17 10:46:28.644000  3674  3674 I auditd  : type=1400 audit(0.0:158): avc: denied { create } for comm="init" name="volte_ut" scontext=u:r:init:s0 tcontext=u:object_r:socket_device:s0 tclass=sock_file permissive=0
03-17 10:46:38.821775   994  1016 I am_pss  : [3580,1000,com.android.keychain,5633024,1982464,1111040,84488192,0,20,11]
03-17 10:46:38.833613   994  1016 I am_pss  : [2827,10051,com.baidu.map.location,6998016,3895296,1024,93331456,0,9,9]
03-17 10:46:38.846142   994  1016 I am_pss  : [2082,10052,android.ext.services,9885696,3469312,1400832,108044288,0,6,10]
03-17 10:46:39.484000  3711  3711 I auditd  : type=1400 audit(0.0:159): avc: denied { read } for comm="dex2oat" path="/mbw/app/NewFactoryDevelopX/NewFactoryDevelopX.apk" dev="mmcblk0p39" ino=23 scontext=u:r:dex2oat:s0 tcontext=u:object_r:mbw_file:s0 tclass=file permissive=0
03-17 10:46:40.236359   994  1026 I sysui_multi_action: [757,1696,758,6,759,2]
03-17 10:46:43.072000   570   570 I auditd  : type=1400 audit(0.0:160): avc: denied { search } for comm="ccci_mdinit" name="mdlog" dev="mmcblk0p40" ino=172033 scontext=u:r:ccci_mdinit:s0 tcontext=u:object_r:mdlog_data_file:s0 tclass=dir permissive=0
03-17 10:46:43.540000  3722  3722 I auditd  : type=1400 audit(0.0:161): avc: denied { create } for comm="init" name="vendor.bip" scontext=u:r:init:s0 tcontext=u:object_r:socket_device:s0 tclass=sock_file permissive=0
03-17 10:46:43.592000  3733  3733 I auditd  : type=1400 audit(0.0:162): avc: denied { create } for comm="init" name="volte_imsa2" scontext=u:r:init:s0 tcontext=u:object_r:socket_device:s0 tclass=sock_file permissive=0
03-17 10:46:43.592000  3733  3733 I auditd  : type=1400 audit(0.0:163): avc: denied { create } for comm="init" name="volte_ut" scontext=u:r:init:s0 tcontext=u:object_r:socket_device:s0 tclass=sock_file permissive=0
03-17 10:46:43.596000  3725  3725 I auditd  : type=1400 audit(0.0:164): avc: denied { search } for comm="emdlogger1" name="/" dev="mmcblk0p10" ino=2 scontext=u:r:emdlogger:s0 tcontext=u:object_r:metadata_file:s0 tclass=dir permissive=0
03-17 10:46:47.237697   994  1026 I power_sleep_requested: 0
03-17 10:46:47.290491   994  1104 I am_compact: [2082,android.ext.services,all,102068,74248,27584,1440,-2772,0,-2772,2772,52,0,0,100,6,901156,-2416]
03-17 10:46:47.339622   994  1104 I am_compact: [2355,com.honeywell.systemtools.autoinstall,all,91580,63316,28052,8,-3060,0,-3060,3060,49,0,0,-800,0,898760,-2904]
03-17 10:46:47.374525   994  1104 I am_compact: [2330,com.android.se,all,74252,46444,27616,16,-2596,0,-2596,2596,34,0,0,-800,0,895860,-2596]
03-17 10:46:47.402792   994  1026 I sysui_multi_action: [757,1696,758,6,759,0]
03-17 10:46:47.434744   994  1104 I am_compact: [2303,com.android.nfc,all,98536,67420,30892,0,-6116,0,-6116,6116,60,0,0,-800,0,893264,-6104]
03-17 10:46:47.527349   994  1104 I am_compact: [2283,com.intermec.datacollectionservice,all,103632,72020,31060,0,-6172,0,-6172,6172,92,0,0,-800,0,887160,-5772]
03-17 10:46:47.568523   994  1026 I am_pause_activity: [0,14264588,com.android.launcher3/.Launcher,userLeaving=false]
03-17 10:46:47.568844  2437  2437 I am_on_top_resumed_lost_called: [0,com.android.launcher3.Launcher,topStateChangedWhenResumed]
03-17 10:46:47.570736  2437  2437 I am_on_paused_called: [0,com.android.launcher3.Launcher,performPause]
03-17 10:46:47.572428   994  1104 I am_compact: [2061,com.android.bluetooth,all,104780,78420,26124,5072,-2720,0,-2720,2720,44,0,0,-700,0,881388,-1724]
03-17 10:46:47.582688   994  3638 I am_add_to_stopping: [0,14264588,com.android.launcher3/.Launcher,completePauseLocked]
03-17 10:46:47.592294   994  1011 I am_stop_activity: [0,14264588,com.android.launcher3/.Launcher]
03-17 10:46:47.602751  2437  2437 I am_on_stop_called: [0,com.android.launcher3.Launcher,sleeping]
03-17 10:46:47.617319   994  1016 I am_pss  : [1502,10049,com.android.permissioncontroller,10656768,5525504,1789952,93491200,0,20,8]
03-17 10:46:47.625672   994  1016 I am_pss  : [2772,10044,com.android.providers.calendar,8255488,3911680,1388544,88719360,0,20,6]
03-17 10:46:47.633350   994  1016 I am_pss  : [3532,1000,com.mediatek.simprocessor,6359040,2449408,942080,90820608,0,20,6]
03-17 10:46:47.640651   994  1016 I am_pss  : [3510,1000,com.mediatek.omacp,6913024,2494464,1226752,92532736,0,20,6]
03-17 10:46:47.647798   994  1016 I am_pss  : [3479,1001,com.mediatek.engineermode,9650176,7172096,0,86114304,0,20,5]
03-17 10:46:47.654288   994  1016 I am_pss  : [3459,10112,com.mediatek.camera,10331136,6815744,0,91865088,0,20,6]
03-17 10:46:47.660566   994  1016 I am_pss  : [3437,1000,com.mediatek.batterywarning,5622784,3088384,0,85790720,0,20,5]
03-17 10:46:47.664177   994  1104 I am_compact: [1841,com.android.phone,all,122848,91500,30864,6852,-6600,128,-6728,6760,69,0,0,-800,0,879908,-4720]
03-17 10:46:47.667518   994  1016 I am_pss  : [3411,1000,com.maidu.agingtest,8107008,5509120,3072,89964544,0,20,5]
03-17 10:46:47.679243   994  1104 I am_compact: [1722,com.android.networkstack,all,85556,58860,26496,1516,-1516,0,-1516,1516,14,0,0,-800,0,875188,-1172]
03-17 10:46:47.686516   994  1016 I am_pss  : [2497,10054,android.process.media,16616448,6459392,4796416,112852992,0,20,7]
03-17 10:46:47.694368   994  1016 I am_pss  : [3388,10080,com.honeywell.tools.battmon,7882752,5062656,0,90644480,0,20,6]
03-17 10:46:47.702041   994  1016 I am_pss  : [3329,1000,com.honeywell.tools.appsconfig,7955456,5124096,1024,90738688,0,20,6]
03-17 10:46:47.709280   994  1016 I am_pss  : [3303,10068,com.android.traceur,8240128,5718016,0,85938176,0,20,6]
03-17 10:46:47.716910   994  1016 I am_pss  : [3284,1000,com.android.settings,14403584,8159232,0,101228544,0,20,7]
03-17 10:46:47.727623   994  1016 I am_pss  : [3262,10045,com.android.packageinstaller,6084608,3874816,2048,79167488,0,20,5]
03-17 10:46:47.739117   994  1016 I am_pss  : [3237,10099,com.android.onetimeinitializer,5135360,2912256,1024,78573568,0,20,6]
03-17 10:46:47.747159   994  1016 I am_pss  : [2303,1027,com.android.nfc,14347264,4767744,6041600,97308672,0,0,7]
03-17 10:46:47.755478   994  1016 I am_pss  : [2283,10071,com.intermec.datacollectionservice,15113216,4067328,6131712,100835328,0,0,7]
03-17 10:46:47.829518   994  1104 I am_compact: [1493,com.android.systemui,all,173880,127992,44760,6452,-21072,0,-21072,21072,150,0,0,-800,0,874016,-18520]
03-17 10:46:48.012727   994   994 I sysui_multi_action: [757,198,758,2,759,3,1359,775,1695,2]
03-17 10:46:48.014021   994   994 I power_screen_state: [0,3,0,0,775]
03-17 10:46:48.014692   994   994 I screen_toggled: 0
03-17 10:46:48.016421   994   994 I sysui_multi_action: [757,804,799,screen_timeout,801,60,802,1]
03-17 10:46:48.029861   994   994 I power_screen_broadcast_send: 1
03-17 10:46:48.173783   994  1104 I am_compact: [994,system,all,272536,204820,66808,0,-43744,192,-43936,44308,344,0,0,-900,0,855496,-44484]
03-17 10:46:48.249535   994   994 I battery_saving_stats: [0,1,0,62424,0,0,62424,0,0]
03-17 10:46:48.287804  1493  1493 I sysui_multi_action: [757,111,758,1]
03-17 10:46:48.289596  1493  1493 I sysui_multi_action: [757,126,758,1,759,126,927,0,928,0,1593,0]
03-17 10:46:48.290223  1493  1493 I sysui_multi_action: [757,113,758,1,759,113,927,1,928,1,1593,0]
03-17 10:46:48.290678  1493  1493 I sysui_multi_action: [757,118,758,1,759,118,927,2,928,0,1593,0]
03-17 10:46:48.291089  1493  1493 I sysui_multi_action: [757,119,758,1,759,119,927,3,928,0,1593,0]
03-17 10:46:48.291592  1493  1493 I sysui_multi_action: [757,123,758,1,759,123,927,4,928,0,1593,0]
03-17 10:46:48.291994  1493  1493 I sysui_multi_action: [757,261,758,1,759,261,927,5,928,0,1593,0]
03-17 10:46:48.315975   994  3638 I sysui_multi_action: [757,127,758,1]
03-17 10:46:48.316571   994  3638 I sysui_multi_action: [757,804,799,note_load,801,0,802,1]
03-17 10:46:48.316878   994  3638 I notification_panel_revealed: 0
03-17 10:46:48.349278  1493  1493 I sysui_multi_action: [757,196,758,1,759,0]
03-17 10:46:48.350083  1493  1493 I sysui_status_bar_state: [1,1,0,0,0,1]
03-17 10:46:48.352071   994  1104 I am_compact: [2437,com.android.launcher3,all,174596,126244,47828,0,-23076,0,-23076,23116,170,0,0,0,2,811580,-19284]
03-17 10:46:48.376999   994  1770 I sysui_multi_action: [757,127,758,2]
03-17 10:46:48.377495   994  1770 I notification_panel_hidden: 
03-17 10:46:48.422269   994  1011 I user_activity_timeout_override: 10000
03-17 10:46:48.623568   994   994 I power_screen_broadcast_done: [1,594,1]
03-17 10:46:48.623709   994   994 I power_screen_broadcast_send: 1
03-17 10:46:48.675686   994   994 I power_screen_broadcast_done: [0,52,1]
03-17 10:46:58.076000   570   570 I auditd  : type=1400 audit(0.0:165): avc: denied { search } for comm="ccci_mdinit" name="mdlog" dev="mmcblk0p40" ino=172033 scontext=u:r:ccci_mdinit:s0 tcontext=u:object_r:mdlog_data_file:s0 tclass=dir permissive=0
03-17 10:46:58.552000  3794  3794 I auditd  : type=1400 audit(0.0:166): avc: denied { create } for comm="init" name="vendor.bip" scontext=u:r:init:s0 tcontext=u:object_r:socket_device:s0 tclass=sock_file permissive=0
03-17 10:46:58.636000  3800  3800 I auditd  : type=1400 audit(0.0:167): avc: denied { create } for comm="init" name="volte_imsa2" scontext=u:r:init:s0 tcontext=u:object_r:socket_device:s0 tclass=sock_file permissive=0
