03-17 11:33:55.622664   994   994 I sysui_multi_action: [757,1501,758,1,793,120,794,0,795,120,796,14,806,com.android.email,857,foreground_service_notif_channel,858,2,947,0,1500,0,1688,1]
03-17 11:33:55.623157   994   994 I sysui_multi_action: [757,804,799,note_interruptive,801,0,802,1]
03-17 11:33:55.625419   994   994 I sysui_multi_action: [757,128,758,5,759,8,793,123,794,0,795,123,796,14,806,com.android.email,857,foreground_service_notif_channel,858,2,947,0,1500,3,1688,1]
03-17 11:33:55.625831   994   994 I notification_canceled: [0|com.android.email|14|null|10115,8,123,123,0,-1,-1,NULL]
03-17 11:33:55.644653   994   994 I sysui_multi_action: [757,1501,758,1,793,115,794,0,795,115,796,8,806,com.android.email,857,foreground_service_notif_channel,858,2,947,0,1500,0,1688,1]
03-17 11:33:55.645102   994   994 I sysui_multi_action: [757,804,799,note_interruptive,801,0,802,1]
03-17 11:33:55.648326   994   994 I sysui_multi_action: [757,128,758,5,759,8,793,119,794,0,795,119,796,8,806,com.android.email,857,foreground_service_notif_channel,858,2,947,0,1500,4,1688,1]
03-17 11:33:55.648727   994   994 I notification_canceled: [0|com.android.email|8|null|10115,8,119,119,0,-1,-1,NULL]
03-17 11:33:55.701307   994  3016 I am_kill : [0,3411,com.maidu.agingtest,975,empty #17]
03-17 11:33:55.741407   994  1721 I am_proc_died: [0,3411,com.maidu.agingtest,975,20]
03-17 11:33:55.762555   994  1102 I commit_sys_config_file: [settings-0-0,6]
03-17 11:33:55.930183   994   994 I notification_cancel_all: [1000,994,com.android.systemui,0,0,0,17,NULL]
03-17 11:33:55.935229   994  1010 I commit_sys_config_file: [notification-policy,5]
03-17 11:33:55.935662   994  1009 I am_new_intent: [0,14264588,5,com.android.launcher3/.Launcher,android.intent.action.MAIN,NULL,NULL,268435712]
03-17 11:33:55.936403   994  1009 I wm_task_moved: [5,0,2147483647]
03-17 11:33:55.936825   994  1009 I am_focused_stack: [0,0,0,2,bringingFoundTaskToFront]
03-17 11:33:55.937353   994  1009 I wm_task_moved: [5,0,2147483647]
03-17 11:33:55.937825  3284  3284 I am_on_top_resumed_lost_called: [0,com.android.settings.SubSettings,topStateChangedWhenResumed]
03-17 11:33:55.938147   994  1009 I am_set_resumed_activity: [0,com.android.launcher3/.Launcher,bringingFoundTaskToFront]
03-17 11:33:55.938490   994  1009 I am_pause_activity: [0,201298616,com.android.settings/.SubSettings,userLeaving=true]
03-17 11:33:55.940019   994  1009 I am_set_resumed_activity: [0,com.android.launcher3/.Launcher,resumeTopActivityInnerLocked]
03-17 11:33:55.940982   994  1009 I am_add_to_stopping: [0,201298616,com.android.settings/.SubSettings,makeInvisible]
03-17 11:33:55.941531   994  1009 I am_relaunch_resume_activity: [0,14264588,5,com.android.launcher3/.Launcher]
03-17 11:33:55.941734   994  1010 I commit_sys_config_file: [notification-policy,6]
03-17 11:33:55.943534   994  1009 I am_task_to_front: [0,5]
03-17 11:33:55.955795  3284  3284 I sysui_multi_action: [757,344,758,2]
03-17 11:33:55.957644  3284  3284 I am_on_paused_called: [0,com.android.settings.SubSettings,performPause]
03-17 11:33:55.962300  2437  2437 I am_on_destroy_called: [0,com.android.launcher3.Launcher,performDestroy]
03-17 11:33:55.965592   994  1011 I sysui_multi_action: [757,803,799,window_time_0,802,4]
03-17 11:33:56.190705  2437  2437 I am_on_create_called: [0,com.android.launcher3.Launcher,performCreate]
03-17 11:33:56.193002  2437  2437 I am_on_start_called: [0,com.android.launcher3.Launcher,handleStartActivity]
03-17 11:33:56.201313  2437  2437 I am_on_resume_called: [0,com.android.launcher3.Launcher,RESUME_ACTIVITY]
03-17 11:33:56.207998  2437  2437 I am_on_top_resumed_gained_called: [0,com.android.launcher3.Launcher,topStateChangedWhenResumed]
03-17 11:33:56.353242   994  1016 I sysui_multi_action: [319,417,322,405,325,255,757,761,758,9,759,2,806,com.android.launcher3,871,com.android.launcher3.Launcher,905,0,1320,5,1321,1]
03-17 11:33:56.857456   994  1011 I am_stop_activity: [0,201298616,com.android.settings/.SubSettings]
03-17 11:33:56.886136  3284  3284 I am_on_stop_called: [0,com.android.settings.SubSettings,STOP_ACTIVITY_ITEM]
03-17 11:33:56.919294   994  1104 I am_compact: [3284,com.android.settings,file,196188,135528,59736,0,0,0,0,0,14,0,0,200,16,857228,48]
03-17 11:33:57.642913   994  1110 I sysui_multi_action: [757,803,799,key_back_down,802,1]
03-17 11:33:57.694159   994  1110 I sysui_multi_action: [757,803,799,key_back_up,802,1]
03-17 11:33:58.446392   994  1016 I sysui_multi_action: [757,1717,758,1,759,0]
03-17 11:33:58.446881   994  1016 I sysui_multi_action: [757,1717,758,2,759,0]
03-17 11:33:58.447097   994  1016 I sysui_multi_action: [757,1717,758,3,759,0]
03-17 11:34:03.502000   570   570 I auditd  : type=1400 audit(0.0:225): avc: denied { search } for comm="ccci_mdinit" name="mdlog" dev="mmcblk0p40" ino=172033 scontext=u:r:ccci_mdinit:s0 tcontext=u:object_r:mdlog_data_file:s0 tclass=dir permissive=0
03-17 11:34:03.966000  4768  4768 I auditd  : type=1400 audit(0.0:226): avc: denied { create } for comm="init" name="vendor.bip" scontext=u:r:init:s0 tcontext=u:object_r:socket_device:s0 tclass=sock_file permissive=0
03-17 11:34:04.014000  4779  4779 I auditd  : type=1400 audit(0.0:227): avc: denied { create } for comm="init" name="volte_imsa2" scontext=u:r:init:s0 tcontext=u:object_r:socket_device:s0 tclass=sock_file permissive=0
03-17 11:34:04.018000  4779  4779 I auditd  : type=1400 audit(0.0:228): avc: denied { create } for comm="init" name="volte_ut" scontext=u:r:init:s0 tcontext=u:object_r:socket_device:s0 tclass=sock_file permissive=0
03-17 11:34:04.026000  4771  4771 I auditd  : type=1400 audit(0.0:229): avc: denied { search } for comm="emdlogger1" name="/" dev="mmcblk0p10" ino=2 scontext=u:r:emdlogger:s0 tcontext=u:object_r:metadata_file:s0 tclass=dir permissive=0
03-17 11:34:07.536855  2437  2437 I sysui_multi_action: [757,224,758,2]
03-17 11:34:12.158900   994  1086 I wm_stack_created: 3
03-17 11:34:12.163177   994  1086 I wm_task_created: [7,3]
03-17 11:34:12.165128   994  1086 I wm_task_moved: [7,0,2147483647]
03-17 11:34:12.165509   994  1086 I am_focused_stack: [0,0,3,0,reuseOrNewTask]
03-17 11:34:12.166246   994  1086 I am_create_task: [0,7]
03-17 11:34:12.166370   994  1086 I am_create_activity: [0,145541593,7,com.honeywell.tools.ezmenu/.ToolsLaunchActivity,android.intent.action.MAIN,NULL,NULL,278921216]
03-17 11:34:12.166701   994  1086 I wm_task_moved: [7,0,2147483647]
03-17 11:34:12.169101   994  1086 I am_pause_activity: [0,14264588,com.android.launcher3/.Launcher,userLeaving=true]
03-17 11:34:12.175314  2437  2437 I am_on_top_resumed_lost_called: [0,com.android.launcher3.Launcher,topStateChangedWhenResumed]
03-17 11:34:12.176375  2437  2437 I am_on_paused_called: [0,com.android.launcher3.Launcher,performPause]
03-17 11:34:12.177881   994  3638 I am_add_to_stopping: [0,14264588,com.android.launcher3/.Launcher,makeInvisible]
03-17 11:34:12.180157   994  1011 I am_uid_running: 10064
03-17 11:34:12.181600   994  1011 I sysui_multi_action: [757,803,799,window_time_0,802,16]
03-17 11:34:12.183633   994  1011 I am_kill : [0,3437,com.mediatek.batterywarning,985,empty #17]
03-17 11:34:12.195736   994  1016 I am_pss  : [4427,10102,com.android.settings.intelligence,7374848,3964928,1089536,83554304,0,20,6]
03-17 11:34:12.201038   994  1018 I am_proc_start: [0,4819,10064,com.honeywell.tools.ezmenu,activity,{com.honeywell.tools.ezmenu/com.honeywell.tools.ezmenu.ToolsLaunchActivity}]
03-17 11:34:12.229185   994  3638 I am_proc_died: [0,3437,com.mediatek.batterywarning,985,20]
03-17 11:34:12.231055   994  1086 I am_proc_bound: [0,4819,com.honeywell.tools.ezmenu]
03-17 11:34:12.234777   994  1086 I am_restart_activity: [0,145541593,7,com.honeywell.tools.ezmenu/.ToolsLaunchActivity]
03-17 11:34:12.236218   994  1086 I am_set_resumed_activity: [0,com.honeywell.tools.ezmenu/.ToolsLaunchActivity,minimalResumeActivityLocked]
03-17 11:34:12.242087   994  1011 I am_uid_active: 10064
03-17 11:34:12.247764   994  1104 I am_compact: [4479,android.process.acore,all,103864,70708,32872,0,-8368,0,-8368,8368,65,1,242167,700,16,860884,-8368]
03-17 11:34:12.371908  4819  4819 I am_on_create_called: [0,com.honeywell.tools.ezmenu.ToolsLaunchActivity,performCreate]
03-17 11:34:12.374379  4819  4819 I am_on_start_called: [0,com.honeywell.tools.ezmenu.ToolsLaunchActivity,handleStartActivity]
03-17 11:34:12.377152  4819  4819 I am_on_resume_called: [0,com.honeywell.tools.ezmenu.ToolsLaunchActivity,RESUME_ACTIVITY]
03-17 11:34:12.390706  4819  4819 I am_on_top_resumed_gained_called: [0,com.honeywell.tools.ezmenu.ToolsLaunchActivity,topStateChangedWhenResumed]
03-17 11:34:12.554800   994  1016 I sysui_multi_action: [319,404,322,403,325,272,757,761,758,7,759,2,806,com.honeywell.tools.ezmenu,871,com.honeywell.tools.ezmenu.ToolsLaunchActivity,904,com.android.launcher3,905,0,945,84,1320,5,1321,2]
03-17 11:34:12.556411   994  1016 I am_activity_launch_time: [0,145541593,com.honeywell.tools.ezmenu/.ToolsLaunchActivity,403]
03-17 11:34:13.019604   994  1011 I am_stop_activity: [0,14264588,com.android.launcher3/.Launcher]
03-17 11:34:13.030127   994  1016 I am_pss  : [4641,1000,com.android.deskclock,12664832,9609216,1024,104529920,0,20,6]
03-17 11:34:13.037609   994  1016 I am_pss  : [4621,10058,com.android.cellbroadcastreceiver,8685568,6488064,1024,84799488,0,20,5]
03-17 11:34:13.040762  2437  2437 I am_on_stop_called: [0,com.android.launcher3.Launcher,STOP_ACTIVITY_ITEM]
03-17 11:34:13.043346   994  1016 I am_pss  : [4602,10074,com.android.carrierdefaultapp,5319680,3178496,1024,79859712,0,20,4]
03-17 11:34:15.229186   994  1086 I wm_stack_created: 4
03-17 11:34:15.231399   994  1086 I wm_task_created: [8,4]
03-17 11:34:15.232401   994  1086 I wm_task_moved: [8,0,2147483647]
03-17 11:34:15.232674   994  1086 I am_focused_stack: [0,0,4,3,reuseOrNewTask]
03-17 11:34:15.233142   994  1086 I am_create_task: [0,8]
03-17 11:34:15.233227   994  1086 I am_create_activity: [0,208246230,8,com.honeywell.tools.ezconfig/.MainActivity,android.intent.action.MAIN,NULL,NULL,270532608]
03-17 11:34:15.233450   994  1086 I wm_task_moved: [8,0,2147483647]
03-17 11:34:15.234989   994  1086 I am_pause_activity: [0,145541593,com.honeywell.tools.ezmenu/.ToolsLaunchActivity,userLeaving=true]
03-17 11:34:15.240547  4819  4819 I am_on_top_resumed_lost_called: [0,com.honeywell.tools.ezmenu.ToolsLaunchActivity,topStateChangedWhenResumed]
03-17 11:34:15.241188  4819  4819 I am_on_paused_called: [0,com.honeywell.tools.ezmenu.ToolsLaunchActivity,performPause]
03-17 11:34:15.242603   994  1086 I am_add_to_stopping: [0,145541593,com.honeywell.tools.ezmenu/.ToolsLaunchActivity,makeInvisible]
03-17 11:34:15.246952   994  1011 I sysui_multi_action: [757,803,799,window_time_0,802,3]
03-17 11:34:15.262635   994  1018 I am_proc_start: [0,4848,1000,com.honeywell.tools.ezconfig,activity,{com.honeywell.tools.ezconfig/com.honeywell.tools.ezconfig.MainActivity}]
03-17 11:34:15.291092   994  1086 I am_proc_bound: [0,4848,com.honeywell.tools.ezconfig]
03-17 11:34:15.294989   994  1086 I am_restart_activity: [0,208246230,8,com.honeywell.tools.ezconfig/.MainActivity]
03-17 11:34:15.295873   994  1086 I am_set_resumed_activity: [0,com.honeywell.tools.ezconfig/.MainActivity,minimalResumeActivityLocked]
03-17 11:34:15.489630  4848  4848 I am_on_create_called: [0,com.honeywell.tools.ezconfig.MainActivity,performCreate]
03-17 11:34:15.493643  4848  4848 I am_on_start_called: [0,com.honeywell.tools.ezconfig.MainActivity,handleStartActivity]
03-17 11:34:15.515644   994  3016 I am_wtf  : [0,994,system_server,-1,ActivityManager,Sending non-protected broadcast com.honeywell.ezprovider.getalltable from system 4848:com.honeywell.tools.ezconfig/1000 pkg com.honeywell.tools.ezconfig]
03-17 11:34:15.523178   994  3016 I am_wtf  : [0,994,system_server,-1,ActivityManager,Sending non-protected broadcast com.honeywell.ezprovider.getalltable from system 4848:com.honeywell.tools.ezconfig/1000 pkg com.honeywell.tools.ezconfig]
03-17 11:34:15.529989  4848  4848 I am_on_resume_called: [0,com.honeywell.tools.ezconfig.MainActivity,RESUME_ACTIVITY]
03-17 11:34:15.538666   994  1016 I am_pss  : [4719,1000,com.android.quicksearchbox,7247872,4386816,5120,95002624,0,20,5]
03-17 11:34:15.548833  4848  4848 I am_on_top_resumed_gained_called: [0,com.honeywell.tools.ezconfig.MainActivity,topStateChangedWhenResumed]
03-17 11:34:15.829777   994  1016 I sysui_multi_action: [319,92,321,59,322,605,325,275,757,761,758,7,759,1,806,com.honeywell.tools.ezconfig,871,com.honeywell.tools.ezconfig.MainActivity,904,com.honeywell.tools.ezmenu,905,0,945,69,1320,5,1321,2]
03-17 11:34:15.831428   994  1016 I am_activity_launch_time: [0,208246230,com.honeywell.tools.ezconfig/.MainActivity,605]
03-17 11:34:15.909135   994  1086 I am_stop_activity: [0,145541593,com.honeywell.tools.ezmenu/.ToolsLaunchActivity]
03-17 11:34:15.918430   994  1016 I am_pss  : [4573,10114,com.android.calendar,8226816,4653056,704512,96735232,0,20,5]
03-17 11:34:15.923349  4819  4819 I am_on_stop_called: [0,com.honeywell.tools.ezmenu.ToolsLaunchActivity,STOP_ACTIVITY_ITEM]
03-17 11:34:15.925512   994  1016 I am_pss  : [4666,10115,com.android.email,14543872,9338880,1264640,108118016,0,20,5]
03-17 11:34:15.938706   994  1104 I am_compact: [4819,com.honeywell.tools.ezmenu,file,119360,85920,33192,4,0,0,0,0,6,0,0,200,16,854964,0]
03-17 11:34:16.167554   994  1104 I am_compact: [3284,com.android.settings,all,192688,135592,56172,0,-32884,0,-32884,32884,229,1,256826,700,16,854964,-32036]
03-17 11:34:18.438000   570   570 I auditd  : type=1400 audit(0.0:230): avc: denied { search } for comm="ccci_mdinit" name="mdlog" dev="mmcblk0p40" ino=172033 scontext=u:r:ccci_mdinit:s0 tcontext=u:object_r:mdlog_data_file:s0 tclass=dir permissive=0
03-17 11:34:18.842000  4888  4888 I auditd  : type=1400 audit(0.0:231): avc: denied { create } for comm="init" name="vendor.bip" scontext=u:r:init:s0 tcontext=u:object_r:socket_device:s0 tclass=sock_file permissive=0
03-17 11:34:18.870000  4891  4891 I auditd  : type=1400 audit(0.0:232): avc: denied { search } for comm="emdlogger1" name="/" dev="mmcblk0p10" ino=2 scontext=u:r:emdlogger:s0 tcontext=u:object_r:metadata_file:s0 tclass=dir permissive=0
03-17 11:34:18.874000  4899  4899 I auditd  : type=1400 audit(0.0:233): avc: denied { create } for comm="init" name="volte_imsa2" scontext=u:r:init:s0 tcontext=u:object_r:socket_device:s0 tclass=sock_file permissive=0
03-17 11:34:18.874000  4899  4899 I auditd  : type=1400 audit(0.0:234): avc: denied { create } for comm="init" name="volte_ut" scontext=u:r:init:s0 tcontext=u:object_r:socket_device:s0 tclass=sock_file permissive=0
03-17 11:34:33.314000   570   570 I auditd  : type=1400 audit(0.0:235): avc: denied { search } for comm="ccci_mdinit" name="mdlog" dev="mmcblk0p40" ino=172033 scontext=u:r:ccci_mdinit:s0 tcontext=u:object_r:mdlog_data_file:s0 tclass=dir permissive=0
03-17 11:34:33.758000  4944  4944 I auditd  : type=1400 audit(0.0:236): avc: denied { create } for comm="init" name="vendor.bip" scontext=u:r:init:s0 tcontext=u:object_r:socket_device:s0 tclass=sock_file permissive=0
03-17 11:34:33.794000  4955  4955 I auditd  : type=1400 audit(0.0:237): avc: denied { create } for comm="init" name="volte_imsa2" scontext=u:r:init:s0 tcontext=u:object_r:socket_device:s0 tclass=sock_file permissive=0
03-17 11:34:33.794000  4955  4955 I auditd  : type=1400 audit(0.0:238): avc: denied { create } for comm="init" name="volte_ut" scontext=u:r:init:s0 tcontext=u:object_r:socket_device:s0 tclass=sock_file permissive=0
03-17 11:34:33.794000  4947  4947 I auditd  : type=1400 audit(0.0:239): avc: denied { search } for comm="emdlogger1" name="/" dev="mmcblk0p10" ino=2 scontext=u:r:emdlogger:s0 tcontext=u:object_r:metadata_file:s0 tclass=dir permissive=0
03-17 11:34:39.392117   994  1017 I am_uid_idle: 10102
03-17 11:34:42.255882   994  1017 I am_uid_idle: 10039
03-17 11:34:48.230000   570   570 I auditd  : type=1400 audit(0.0:240): avc: denied { search } for comm="ccci_mdinit" name="mdlog" dev="mmcblk0p40" ino=172033 scontext=u:r:ccci_mdinit:s0 tcontext=u:object_r:mdlog_data_file:s0 tclass=dir permissive=0
03-17 11:34:48.674000  5005  5005 I auditd  : type=1400 audit(0.0:241): avc: denied { create } for comm="init" name="vendor.bip" scontext=u:r:init:s0 tcontext=u:object_r:socket_device:s0 tclass=sock_file permissive=0
03-17 11:34:48.710000  5011  5011 I auditd  : type=1400 audit(0.0:242): avc: denied { create } for comm="init" name="volte_imsa2" scontext=u:r:init:s0 tcontext=u:object_r:socket_device:s0 tclass=sock_file permissive=0
03-17 11:34:48.710000  5011  5011 I auditd  : type=1400 audit(0.0:243): avc: denied { create } for comm="init" name="volte_ut" scontext=u:r:init:s0 tcontext=u:object_r:socket_device:s0 tclass=sock_file permissive=0
03-17 11:34:48.714000  5008  5008 I auditd  : type=1400 audit(0.0:244): avc: denied { search } for comm="emdlogger1" name="/" dev="mmcblk0p10" ino=2 scontext=u:r:emdlogger:s0 tcontext=u:object_r:metadata_file:s0 tclass=dir permissive=0
03-17 11:34:55.313465   994  1017 I am_uid_idle: 10049
03-17 11:34:55.533629   994  1017 I am_uid_idle: 10115
03-17 11:35:03.166000   570   570 I auditd  : type=1400 audit(0.0:245): avc: denied { search } for comm="ccci_mdinit" name="mdlog" dev="mmcblk0p40" ino=172033 scontext=u:r:ccci_mdinit:s0 tcontext=u:object_r:mdlog_data_file:s0 tclass=dir permissive=0
03-17 11:35:03.638000  5067  5067 I auditd  : type=1400 audit(0.0:246): avc: denied { create } for comm="init" name="vendor.bip" scontext=u:r:init:s0 tcontext=u:object_r:socket_device:s0 tclass=sock_file permissive=0
03-17 11:35:03.686000  5075  5075 I auditd  : type=1400 audit(0.0:247): avc: denied { create } for comm="init" name="volte_imsa2" scontext=u:r:init:s0 tcontext=u:object_r:socket_device:s0 tclass=sock_file permissive=0
03-17 11:35:03.690000  5075  5075 I auditd  : type=1400 audit(0.0:248): avc: denied { create } for comm="init" name="volte_ut" scontext=u:r:init:s0 tcontext=u:object_r:socket_device:s0 tclass=sock_file permissive=0
03-17 11:35:03.702000  5070  5070 I auditd  : type=1400 audit(0.0:249): avc: denied { search } for comm="emdlogger1" name="/" dev="mmcblk0p10" ino=2 scontext=u:r:emdlogger:s0 tcontext=u:object_r:metadata_file:s0 tclass=dir permissive=0
03-17 11:35:08.077609   994  1026 I sysui_multi_action: [757,1696,758,6,759,2]
03-17 11:35:15.079571   994  1026 I power_sleep_requested: 0
03-17 11:35:15.105407   994  1016 I am_pss  : [4848,1000,com.honeywell.tools.ezconfig,32351232,26658816,0,140548096,0,2,17]
03-17 11:35:15.122496   994  1016 I am_pss  : [4819,10064,com.honeywell.tools.ezmenu,25588736,20159488,2048,131623936,0,16,12]
03-17 11:35:15.138201   994  1026 I sysui_multi_action: [757,1696,758,6,759,0]
03-17 11:35:15.139874   994  1016 I am_pss  : [3284,1000,com.android.settings,84987904,43287552,30650368,184169472,0,17,14]
03-17 11:35:15.151556   994  1016 I am_pss  : [4573,10114,com.android.calendar,8223744,4653056,704512,96735232,0,20,9]
03-17 11:35:15.163928   994  1016 I am_pss  : [4666,10115,com.android.email,14530560,9338880,1264640,108118016,0,20,10]
03-17 11:35:15.174669   994  1016 I am_pss  : [4479,10039,android.process.acore,14253056,6635520,3682304,102625280,0,20,8]
03-17 11:35:15.185735   994  1016 I am_pss  : [4719,1000,com.android.quicksearchbox,7243776,4386816,5120,95002624,0,20,8]
03-17 11:35:15.197577   994  1016 I am_pss  : [4641,1000,com.android.deskclock,12576768,9609216,2048,104529920,0,20,10]
03-17 11:35:15.206528   994  1016 I am_pss  : [4621,10058,com.android.cellbroadcastreceiver,8626176,6488064,1024,84799488,0,20,8]
03-17 11:35:15.216576   994  1016 I am_pss  : [4602,10074,com.android.carrierdefaultapp,5261312,3178496,1024,79859712,0,20,7]
03-17 11:35:15.226285   994  1016 I am_pss  : [4427,10102,com.android.settings.intelligence,7250944,3981312,1055744,83570688,0,20,8]
03-17 11:35:15.308024   994  1026 I am_pause_activity: [0,208246230,com.honeywell.tools.ezconfig/.MainActivity,userLeaving=false]
03-17 11:35:15.308739  4848  4848 I am_on_top_resumed_lost_called: [0,com.honeywell.tools.ezconfig.MainActivity,topStateChangedWhenResumed]
03-17 11:35:15.442020  4848  4848 I am_on_paused_called: [0,com.honeywell.tools.ezconfig.MainActivity,performPause]
03-17 11:35:15.442510   994  1421 I am_add_to_stopping: [0,208246230,com.honeywell.tools.ezconfig/.MainActivity,completePauseLocked]
03-17 11:35:15.444717   994  1011 I am_stop_activity: [0,208246230,com.honeywell.tools.ezconfig/.MainActivity]
03-17 11:35:15.446343   994  1011 I sysui_multi_action: [757,803,799,window_time_0,802,60]
03-17 11:35:15.452968  4848  4848 I am_on_stop_called: [0,com.honeywell.tools.ezconfig.MainActivity,sleeping]
03-17 11:35:15.756022   994   994 I sysui_multi_action: [757,198,758,2,759,3,1359,677,1695,2]
03-17 11:35:15.756481   994   994 I power_screen_state: [0,3,0,0,677]
03-17 11:35:15.756592   994   994 I screen_toggled: 0
03-17 11:35:15.756831   994   994 I sysui_multi_action: [757,804,799,screen_timeout,801,60,802,1]
03-17 11:35:15.763873   994   994 I power_screen_broadcast_send: 1
03-17 11:35:15.816556   994   994 I battery_saving_stats: [0,1,0,106342,-270,0,231711,-270,0]
03-17 11:35:15.838933  1493  1493 I sysui_multi_action: [757,111,758,1]
03-17 11:35:15.839650  1493  1493 I sysui_multi_action: [757,126,758,1,759,126,927,0,928,0,1593,0]
03-17 11:35:15.839875  1493  1493 I sysui_multi_action: [757,113,758,1,759,113,927,1,928,1,1593,0]
03-17 11:35:15.840022  1493  1493 I sysui_multi_action: [757,118,758,1,759,118,927,2,928,0,1593,0]
03-17 11:35:15.840157  1493  1493 I sysui_multi_action: [757,119,758,1,759,119,927,3,928,0,1593,0]
03-17 11:35:15.840335  1493  1493 I sysui_multi_action: [757,123,758,1,759,123,927,4,928,0,1593,0]
03-17 11:35:15.840485  1493  1493 I sysui_multi_action: [757,261,758,1,759,261,927,5,928,0,1593,0]
03-17 11:35:15.853796   994  1421 I sysui_multi_action: [757,127,758,1]
03-17 11:35:15.854197   994  1421 I sysui_multi_action: [757,804,799,note_load,801,0,802,1]
03-17 11:35:15.854419   994  1421 I notification_panel_revealed: 0
03-17 11:35:15.874973  1493  1493 I sysui_multi_action: [757,196,758,1,759,0]
03-17 11:35:15.875324  1493  1493 I sysui_status_bar_state: [1,1,0,0,0,1]
03-17 11:35:15.880713   994  1421 I sysui_multi_action: [757,127,758,2]
03-17 11:35:15.881048   994  1421 I notification_panel_hidden: 
03-17 11:35:15.902403   994  1011 I user_activity_timeout_override: 10000
03-17 11:35:15.909605   994  1017 I am_uid_idle: 10064
03-17 11:35:16.001766   994   994 I power_screen_broadcast_done: [0,238,1]
03-17 11:35:18.106000   570   570 I auditd  : type=1400 audit(0.0:250): avc: denied { search } for comm="ccci_mdinit" name="mdlog" dev="mmcblk0p40" ino=172033 scontext=u:r:ccci_mdinit:s0 tcontext=u:object_r:mdlog_data_file:s0 tclass=dir permissive=0
03-17 11:35:18.526000  5122  5122 I auditd  : type=1400 audit(0.0:251): avc: denied { create } for comm="init" name="vendor.bip" scontext=u:r:init:s0 tcontext=u:object_r:socket_device:s0 tclass=sock_file permissive=0
03-17 11:35:18.598000  5128  5128 I auditd  : type=1400 audit(0.0:252): avc: denied { create } for comm="init" name="volte_imsa2" scontext=u:r:init:s0 tcontext=u:object_r:socket_device:s0 tclass=sock_file permissive=0
03-17 11:35:18.602000  5128  5128 I auditd  : type=1400 audit(0.0:253): avc: denied { create } for comm="init" name="volte_ut" scontext=u:r:init:s0 tcontext=u:object_r:socket_device:s0 tclass=sock_file permissive=0
03-17 11:35:18.642000  5125  5125 I auditd  : type=1400 audit(0.0:254): avc: denied { search } for comm="emdlogger1" name="/" dev="mmcblk0p10" ino=2 scontext=u:r:emdlogger:s0 tcontext=u:object_r:metadata_file:s0 tclass=dir permissive=0
03-17 11:35:33.094000   570   570 I auditd  : type=1400 audit(0.0:255): avc: denied { search } for comm="ccci_mdinit" name="mdlog" dev="mmcblk0p40" ino=172033 scontext=u:r:ccci_mdinit:s0 tcontext=u:object_r:mdlog_data_file:s0 tclass=dir permissive=0
03-17 11:35:33.546000  5165  5165 I auditd  : type=1400 audit(0.0:256): avc: denied { create } for comm="init" name="vendor.bip" scontext=u:r:init:s0 tcontext=u:object_r:socket_device:s0 tclass=sock_file permissive=0
03-17 11:35:33.634000  5171  5171 I auditd  : type=1400 audit(0.0:257): avc: denied { create } for comm="init" name="volte_imsa2" scontext=u:r:init:s0 tcontext=u:object_r:socket_device:s0 tclass=sock_file permissive=0
03-17 11:35:33.634000  5171  5171 I auditd  : type=1400 audit(0.0:258): avc: denied { create } for comm="init" name="volte_ut" scontext=u:r:init:s0 tcontext=u:object_r:socket_device:s0 tclass=sock_file permissive=0
03-17 11:35:33.658000  5168  5168 I auditd  : type=1400 audit(0.0:259): avc: denied { search } for comm="emdlogger1" name="/" dev="mmcblk0p10" ino=2 scontext=u:r:emdlogger:s0 tcontext=u:object_r:metadata_file:s0 tclass=dir permissive=0
03-17 11:35:48.150000   570   570 I auditd  : type=1400 audit(0.0:260): avc: denied { search } for comm="ccci_mdinit" name="mdlog" dev="mmcblk0p40" ino=172033 scontext=u:r:ccci_mdinit:s0 tcontext=u:object_r:mdlog_data_file:s0 tclass=dir permissive=0
03-17 11:35:48.626000  5208  5208 I auditd  : type=1400 audit(0.0:261): avc: denied { create } for comm="init" name="vendor.bip" scontext=u:r:init:s0 tcontext=u:object_r:socket_device:s0 tclass=sock_file permissive=0
03-17 11:35:48.702000  5214  5214 I auditd  : type=1400 audit(0.0:262): avc: denied { create } for comm="init" name="volte_imsa2" scontext=u:r:init:s0 tcontext=u:object_r:socket_device:s0 tclass=sock_file permissive=0
03-17 11:35:48.706000  5214  5214 I auditd  : type=1400 audit(0.0:263): avc: denied { create } for comm="init" name="volte_ut" scontext=u:r:init:s0 tcontext=u:object_r:socket_device:s0 tclass=sock_file permissive=0
03-17 11:35:48.766000  5211  5211 I auditd  : type=1400 audit(0.0:264): avc: denied { search } for comm="emdlogger1" name="/" dev="mmcblk0p10" ino=2 scontext=u:r:emdlogger:s0 tcontext=u:object_r:metadata_file:s0 tclass=dir permissive=0
03-17 11:36:03.202000   570   570 I auditd  : type=1400 audit(0.0:265): avc: denied { search } for comm="ccci_mdinit" name="mdlog" dev="mmcblk0p40" ino=172033 scontext=u:r:ccci_mdinit:s0 tcontext=u:object_r:mdlog_data_file:s0 tclass=dir permissive=0
03-17 11:36:03.686000  5251  5251 I auditd  : type=1400 audit(0.0:266): avc: denied { create } for comm="init" name="vendor.bip" scontext=u:r:init:s0 tcontext=u:object_r:socket_device:s0 tclass=sock_file permissive=0
03-17 11:36:03.762000  5257  5257 I auditd  : type=1400 audit(0.0:267): avc: denied { create } for comm="init" name="volte_imsa2" scontext=u:r:init:s0 tcontext=u:object_r:socket_device:s0 tclass=sock_file permissive=0
03-17 11:36:03.766000  5257  5257 I auditd  : type=1400 audit(0.0:268): avc: denied { create } for comm="init" name="volte_ut" scontext=u:r:init:s0 tcontext=u:object_r:socket_device:s0 tclass=sock_file permissive=0
03-17 11:36:03.802000  5254  5254 I auditd  : type=1400 audit(0.0:269): avc: denied { search } for comm="emdlogger1" name="/" dev="mmcblk0p10" ino=2 scontext=u:r:emdlogger:s0 tcontext=u:object_r:metadata_file:s0 tclass=dir permissive=0
03-17 11:36:18.238000   570   570 I auditd  : type=1400 audit(0.0:270): avc: denied { search } for comm="ccci_mdinit" name="mdlog" dev="mmcblk0p40" ino=172033 scontext=u:r:ccci_mdinit:s0 tcontext=u:object_r:mdlog_data_file:s0 tclass=dir permissive=0
03-17 11:36:18.658000  5294  5294 I auditd  : type=1400 audit(0.0:271): avc: denied { create } for comm="init" name="vendor.bip" scontext=u:r:init:s0 tcontext=u:object_r:socket_device:s0 tclass=sock_file permissive=0
03-17 11:36:18.734000  5300  5300 I auditd  : type=1400 audit(0.0:272): avc: denied { create } for comm="init" name="volte_imsa2" scontext=u:r:init:s0 tcontext=u:object_r:socket_device:s0 tclass=sock_file permissive=0
03-17 11:36:18.738000  5300  5300 I auditd  : type=1400 audit(0.0:273): avc: denied { create } for comm="init" name="volte_ut" scontext=u:r:init:s0 tcontext=u:object_r:socket_device:s0 tclass=sock_file permissive=0
03-17 11:36:18.806000  5297  5297 I auditd  : type=1400 audit(0.0:274): avc: denied { search } for comm="emdlogger1" name="/" dev="mmcblk0p10" ino=2 scontext=u:r:emdlogger:s0 tcontext=u:object_r:metadata_file:s0 tclass=dir permissive=0
03-17 11:36:33.222000   570   570 I auditd  : type=1400 audit(0.0:275): avc: denied { search } for comm="ccci_mdinit" name="mdlog" dev="mmcblk0p40" ino=172033 scontext=u:r:ccci_mdinit:s0 tcontext=u:object_r:mdlog_data_file:s0 tclass=dir permissive=0
03-17 11:36:33.698000  5337  5337 I auditd  : type=1400 audit(0.0:276): avc: denied { create } for comm="init" name="vendor.bip" scontext=u:r:init:s0 tcontext=u:object_r:socket_device:s0 tclass=sock_file permissive=0
03-17 11:36:33.778000  5343  5343 I auditd  : type=1400 audit(0.0:277): avc: denied { create } for comm="init" name="volte_imsa2" scontext=u:r:init:s0 tcontext=u:object_r:socket_device:s0 tclass=sock_file permissive=0
03-17 11:36:33.778000  5343  5343 I auditd  : type=1400 audit(0.0:278): avc: denied { create } for comm="init" name="volte_ut" scontext=u:r:init:s0 tcontext=u:object_r:socket_device:s0 tclass=sock_file permissive=0
03-17 11:36:33.834000  5340  5340 I auditd  : type=1400 audit(0.0:279): avc: denied { search } for comm="emdlogger1" name="/" dev="mmcblk0p10" ino=2 scontext=u:r:emdlogger:s0 tcontext=u:object_r:metadata_file:s0 tclass=dir permissive=0
03-17 11:36:34.562444   994  1022 I commit_sys_config_file: [log-files,8]
03-17 11:36:35.330000   464   464 I auditd  : type=1400 audit(0.0:280): avc: denied { search } for comm="aee_aed64" name="ppm" dev="proc" ino=4026531921 scontext=u:r:aee_aed:s0 tcontext=u:object_r:proc_ppm:s0 tclass=dir permissive=0
03-17 11:36:35.338000   464   464 I auditd  : type=1400 audit(0.0:281): avc: denied { search } for comm="aee_aed64" name="ppm" dev="proc" ino=4026531921 scontext=u:r:aee_aed:s0 tcontext=u:object_r:proc_ppm:s0 tclass=dir permissive=0
03-17 11:36:35.362859   994  1022 I dropbox_file_copy: [/data/tombstones/tombstone_03,65536,SYSTEM_TOMBSTONE]
03-17 11:36:35.367889   994  1022 I commit_sys_config_file: [log-files,5]
03-17 11:36:35.459088   994  3016 I am_proc_died: [0,4268,com.android.nfc,-800,0]
03-17 11:36:35.460632   994  3016 I am_uid_stopped: 1027
03-17 11:36:35.461726   994  3016 I am_uid_running: 1027
03-17 11:36:35.496800   994  1016 I am_pss  : [4848,1000,com.honeywell.tools.ezconfig,27087872,21359616,0,135220224,0,13,20]
03-17 11:36:35.505629   994  1018 I am_proc_start: [0,5383,1027,com.android.nfc,restart,com.android.nfc]
03-17 11:36:35.519329   994  1016 I am_pss  : [4819,10064,com.honeywell.tools.ezmenu,25651200,20175872,1024,131640320,0,16,18]
03-17 11:36:35.545990   994  1016 I am_pss  : [3284,1000,com.android.settings,81841152,41333760,29380608,182215680,0,17,22]
03-17 11:36:35.561185   994  1016 I am_pss  : [4479,10039,android.process.acore,14238720,6619136,3641344,102608896,0,20,12]
03-17 11:36:35.569640   994  3016 I am_proc_bound: [0,5383,com.android.nfc]
03-17 11:36:35.574067   994  3016 I am_uid_active: 1027
03-17 11:36:35.575983   994  1016 I am_pss  : [3367,1000,com.honeywell.tools.autorun,7395328,4644864,0,94466048,0,5,12]
03-17 11:36:35.588836   994  1016 I am_pss  : [2904,1000,com.honeywell.tools.deviceconfig,8088576,5115904,1024,97505280,0,5,9]
03-17 11:36:39.073670   994  1022 I commit_sys_config_file: [log-files,7]
03-17 11:36:39.218000   464   464 I auditd  : type=1400 audit(0.0:282): avc: denied { search } for comm="aee_aed64" name="ppm" dev="proc" ino=4026531921 scontext=u:r:aee_aed:s0 tcontext=u:object_r:proc_ppm:s0 tclass=dir permissive=0
03-17 11:36:39.222000   464   464 I auditd  : type=1400 audit(0.0:283): avc: denied { search } for comm="aee_aed64" name="ppm" dev="proc" ino=4026531921 scontext=u:r:aee_aed:s0 tcontext=u:object_r:proc_ppm:s0 tclass=dir permissive=0
03-17 11:36:39.267313   994  1022 I dropbox_file_copy: [/data/tombstones/tombstone_04,65536,SYSTEM_TOMBSTONE]
03-17 11:36:39.273787   994  1022 I commit_sys_config_file: [log-files,6]
03-17 11:45:14.191716   994  1022 I commit_sys_config_file: [log-files,57]
03-17 11:45:49.616000   464   464 I auditd  : type=1400 audit(0.0:284): avc: denied { search } for comm="aee_aed64" name="ppm" dev="proc" ino=4026531921 scontext=u:r:aee_aed:s0 tcontext=u:object_r:proc_ppm:s0 tclass=dir permissive=0
03-17 11:45:49.624000   464   464 I auditd  : type=1400 audit(0.0:285): avc: denied { search } for comm="aee_aed64" name="ppm" dev="proc" ino=4026531921 scontext=u:r:aee_aed:s0 tcontext=u:object_r:proc_ppm:s0 tclass=dir permissive=0
03-17 11:48:24.783183   994  1026 I sysui_multi_action: [757,1696,758,6,759,3]
03-17 11:48:24.784645   994   994 I screen_toggled: 1
03-17 11:48:24.785257   994   994 I power_screen_broadcast_send: 1
03-17 11:48:24.829453   994  1022 I dropbox_file_copy: [/data/tombstones/tombstone_05,65536,SYSTEM_TOMBSTONE]
03-17 11:48:24.846503   994  1022 I commit_sys_config_file: [log-files,17]
03-17 11:48:24.877814   994  2353 I sysui_multi_action: [757,127,758,1]
03-17 11:48:24.878251   994  2353 I sysui_multi_action: [757,804,799,note_load,801,0,802,1]
03-17 11:48:24.878533   994  2353 I notification_panel_revealed: 0
03-17 11:48:24.907276   994   994 I battery_saving_stats: [0,0,0,789091,0,0,3527371,38541,1]
03-17 11:48:24.908664   994  1415 I netstats_mobile_sample: [0,0,0,0,0,0,0,0,0,0,0,0,1615952904908]
03-17 11:48:24.908767   994  1415 I netstats_wifi_sample: [0,0,0,0,0,0,0,0,0,0,0,0,1615952904908]
03-17 11:48:24.910893   994  2353 I am_proc_died: [0,5383,com.android.nfc,-800,0]
03-17 11:48:24.911411   994  2353 I am_uid_stopped: 1027
03-17 11:48:24.911817   994  2353 I am_uid_running: 1027
03-17 11:48:24.929555   994   994 I power_screen_broadcast_done: [1,144,1]
03-17 11:48:24.939886   994  1018 I am_proc_start: [0,5424,1027,com.android.nfc,restart,com.android.nfc]
03-17 11:48:24.954000   566   566 I auditd  : type=1400 audit(0.0:286): avc: denied { ioctl } for comm="scanner@1.0-ser" path="/proc/perfmgr/perf_ioctl" dev="proc" ino=4026532624 ioctlcmd=0x6710 scontext=u:r:maidu_hal_scanner:s0 tcontext=u:object_r:proc_perfmgr:s0 tclass=file permissive=0
03-17 11:48:24.954000   566   566 I auditd  : type=1400 audit(0.0:287): avc: denied { ioctl } for comm="scanner@1.0-ser" path="/proc/perfmgr/perf_ioctl" dev="proc" ino=4026532624 ioctlcmd=0x6710 scontext=u:r:maidu_hal_scanner:s0 tcontext=u:object_r:proc_perfmgr:s0 tclass=file permissive=0
03-17 11:48:24.975094   994  2353 I am_proc_bound: [0,5424,com.android.nfc]
03-17 11:48:24.977965   994  2353 I am_uid_active: 1027
03-17 11:48:25.140762   994   994 I sysui_multi_action: [757,198,758,1,759,1,1359,422,1694,4]
03-17 11:48:25.141177   994   994 I power_screen_state: [1,0,0,0,422]
03-17 11:48:27.021236   994  2582 I sysui_multi_action: [757,1417,758,4,1418,90,1421,2]
03-17 11:48:27.022017   994  2582 I battery_discharge: [3785400,91,90]
03-17 11:48:27.022155   994  2582 I battery_status: [2,2,1,2,Li-ion]
03-17 11:48:27.053764   994   994 I battery_saving_stats: [0,1,0,2145,0,0,233856,-270,0]
03-17 11:48:27.076257   994  1016 I commit_sys_config_file: [batterystats,10]
03-17 11:48:27.081794   994  1016 I commit_sys_config_file: [batterystats,5]
03-17 11:48:27.190000   660   660 I auditd  : type=1400 audit(0.0:288): avc: denied { search } for comm="NPDecoder-CL" name="clients" dev="debugfs" ino=6563 scontext=u:r:mediaserver:s0 tcontext=u:object_r:debugfs_ion:s0 tclass=dir permissive=0
03-17 11:48:27.190000   660   660 I auditd  : type=1400 audit(0.0:289): avc: denied { search } for comm="NPDecoder-CL" name="clients" dev="debugfs" ino=6563 scontext=u:r:mediaserver:s0 tcontext=u:object_r:debugfs_ion:s0 tclass=dir permissive=0
03-17 11:48:27.202000   660   660 I auditd  : type=1400 audit(0.0:290): avc: denied { search } for comm="HwBinder:660_1" name="clients" dev="debugfs" ino=6563 scontext=u:r:mediaserver:s0 tcontext=u:object_r:debugfs_ion:s0 tclass=dir permissive=0
03-17 11:48:27.274120   994   994 I notification_enqueue: [1000,994,android,32,NULL,-1,Notification(channel=USB pri=0 contentView=null vibrate=null sound=null tick defaults=0x0 flags=0x2 color=0xff607d8b vis=PUBLIC),0]
03-17 11:48:27.375523   994   994 I sysui_multi_action: [757,1501,758,1,793,102,794,0,795,102,796,32,806,android,857,USB,858,1,947,0,1500,0]
03-17 11:48:27.376218   994   994 I sysui_multi_action: [757,804,799,note_interruptive,801,0,802,1]
03-17 11:48:27.489165  1493  1493 I sysui_multi_action: [757,186,758,4,826,157,827,2759]
03-17 11:48:27.489592  1493  1493 I sysui_lockscreen_gesture: [1,157,2759]
03-17 11:48:27.643369   994  3637 I sysui_multi_action: [757,127,758,2]
03-17 11:48:27.643822   994  3637 I notification_panel_hidden: 
03-17 11:48:27.645907  1493  1493 I sysui_multi_action: [757,197,758,5,759,0]
03-17 11:48:27.655104   994  3017 I am_set_resumed_activity: [0,com.honeywell.tools.ezconfig/.MainActivity,resumeTopActivityInnerLocked]
03-17 11:48:27.657668   994  3017 I am_resume_activity: [0,208246230,8,com.honeywell.tools.ezconfig/.MainActivity]
03-17 11:48:27.670053  4848  4848 I am_on_restart_called: [0,com.honeywell.tools.ezconfig.MainActivity,performRestartActivity]
03-17 11:48:27.672593  4848  4848 I am_on_start_called: [0,com.honeywell.tools.ezconfig.MainActivity,handleStartActivity]
03-17 11:48:27.698231   994  1771 I am_wtf  : [0,994,system_server,-1,ActivityManager,Sending non-protected broadcast com.honeywell.ezprovider.getalltable from system 4848:com.honeywell.tools.ezconfig/1000 pkg com.honeywell.tools.ezconfig]
03-17 11:48:27.708884   994  1771 I am_wtf  : [0,994,system_server,-1,ActivityManager,Sending non-protected broadcast com.honeywell.ezprovider.getalltable from system 4848:com.honeywell.tools.ezconfig/1000 pkg com.honeywell.tools.ezconfig]
03-17 11:48:27.725045  1493  1493 I sysui_multi_action: [757,111,758,2]
03-17 11:48:27.745739  1493  1493 I sysui_multi_action: [757,196,758,2,759,0]
03-17 11:48:27.746319  1493  1493 I sysui_status_bar_state: [0,0,0,0,0,1]
03-17 11:48:27.779371   994  1011 I user_activity_timeout_override: -1
03-17 11:48:27.856385  4848  4848 I am_on_resume_called: [0,com.honeywell.tools.ezconfig.MainActivity,RESUME_ACTIVITY]
03-17 11:48:27.856666  4848  4848 I am_on_top_resumed_gained_called: [0,com.honeywell.tools.ezconfig.MainActivity,topWhenResuming]
03-17 11:48:28.907620   994  1009 I am_new_intent: [0,14264588,5,com.android.launcher3/.Launcher,android.intent.action.MAIN,NULL,NULL,268435712]
03-17 11:48:28.908000   994  1009 I wm_task_moved: [5,0,2147483647]
03-17 11:48:28.908437   994  1009 I am_focused_stack: [0,0,0,4,bringingFoundTaskToFront]
03-17 11:48:28.909015   994  1009 I wm_task_moved: [5,0,2147483647]
03-17 11:48:28.909222  4848  4848 I am_on_top_resumed_lost_called: [0,com.honeywell.tools.ezconfig.MainActivity,topStateChangedWhenResumed]
03-17 11:48:28.909729   994  1009 I am_set_resumed_activity: [0,com.android.launcher3/.Launcher,bringingFoundTaskToFront]
03-17 11:48:28.910051   994  1009 I am_pause_activity: [0,208246230,com.honeywell.tools.ezconfig/.MainActivity,userLeaving=true]
03-17 11:48:28.911172   994  1009 I am_set_resumed_activity: [0,com.android.launcher3/.Launcher,resumeTopActivityInnerLocked]
03-17 11:48:28.911717   994  1009 I am_add_to_stopping: [0,208246230,com.honeywell.tools.ezconfig/.MainActivity,makeInvisible]
03-17 11:48:28.912439   994  1009 I am_resume_activity: [0,14264588,5,com.android.launcher3/.Launcher]
03-17 11:48:28.913516   994  1009 I am_task_to_front: [0,5]
03-17 11:48:28.936400  2437  2437 I am_on_restart_called: [0,com.android.launcher3.Launcher,performRestartActivity]
03-17 11:48:28.937925  2437  2437 I am_on_start_called: [0,com.android.launcher3.Launcher,handleStartActivity]
03-17 11:48:28.940460  2437  2437 I am_on_resume_called: [0,com.android.launcher3.Launcher,RESUME_ACTIVITY]
03-17 11:48:28.942982  2437  2437 I am_on_top_resumed_gained_called: [0,com.android.launcher3.Launcher,topStateChangedWhenResumed]
03-17 11:48:28.993746   994  1016 I sysui_multi_action: [319,81,322,74,325,425,757,761,758,9,759,2,806,com.android.launcher3,871,com.android.launcher3.Launcher,905,0,1320,5,1321,1]
03-17 11:48:29.006793  4848  4848 I am_on_paused_called: [0,com.honeywell.tools.ezconfig.MainActivity,performPause]
03-17 11:48:29.012885   994  1011 I sysui_multi_action: [757,803,799,window_time_0,802,794]
03-17 11:48:29.435185   994  1011 I am_stop_activity: [0,208246230,com.honeywell.tools.ezconfig/.MainActivity]
03-17 11:48:29.451802  4848  4848 I am_on_stop_called: [0,com.honeywell.tools.ezconfig.MainActivity,STOP_ACTIVITY_ITEM]
03-17 11:48:29.471429   994  1104 I am_compact: [4848,com.honeywell.tools.ezconfig,file,122984,89976,32752,4,0,0,0,0,7,0,0,200,16,833332,0]
03-17 11:48:29.528248   994  1104 I am_compact: [4819,com.honeywell.tools.ezmenu,all,119216,85984,32984,4,-8620,0,-8620,8620,57,1,275846,700,16,833332,-8484]
03-17 11:48:30.109619   994  1771 I wm_stack_created: 5
03-17 11:48:30.112037   994  1771 I wm_task_created: [9,5]
03-17 11:48:30.113095   994  1771 I wm_task_moved: [9,0,2147483647]
03-17 11:48:30.113366   994  1771 I am_focused_stack: [0,0,5,0,reuseOrNewTask]
03-17 11:48:30.113808   994  1771 I am_create_task: [0,9]
03-17 11:48:30.113873   994  1771 I am_create_activity: [0,121032137,9,com.android.dialer/.main.impl.MainActivity,android.intent.action.MAIN,NULL,NULL,270532608]
03-17 11:48:30.114082   994  1771 I wm_task_moved: [9,0,2147483647]
03-17 11:48:30.115660   994  1771 I am_pause_activity: [0,14264588,com.android.launcher3/.Launcher,userLeaving=true]
03-17 11:48:30.121898  2437  2437 I am_on_top_resumed_lost_called: [0,com.android.launcher3.Launcher,topStateChangedWhenResumed]
03-17 11:48:30.122766  2437  2437 I am_on_paused_called: [0,com.android.launcher3.Launcher,performPause]
03-17 11:48:30.124829   994  4712 I am_add_to_stopping: [0,14264588,com.android.launcher3/.Launcher,makeInvisible]
03-17 11:48:30.127807   994  1011 I am_uid_running: 10100
03-17 11:48:30.129114   994  1011 I sysui_multi_action: [757,803,799,window_time_0,802,1]
03-17 11:48:30.153776   994  1018 I am_proc_start: [0,5519,10100,com.android.dialer,activity,{com.android.dialer/com.android.dialer.main.impl.MainActivity}]
03-17 11:48:30.179433   994  1771 I am_proc_bound: [0,5519,com.android.dialer]
03-17 11:48:30.184875   994  1771 I am_restart_activity: [0,121032137,9,com.android.dialer/.main.impl.MainActivity]
03-17 11:48:30.185973   994  1771 I am_set_resumed_activity: [0,com.android.dialer/.main.impl.MainActivity,minimalResumeActivityLocked]
03-17 11:48:30.186251   994  1771 I am_finish_activity: [0,145541593,7,com.honeywell.tools.ezmenu/.ToolsLaunchActivity,recent-task-trimmed]
03-17 11:48:30.186381   994  1771 I am_destroy_activity: [0,145541593,7,com.honeywell.tools.ezmenu/.ToolsLaunchActivity,finish-imm:finishActivityLocked]
03-17 11:48:30.191968  4819  4819 I am_on_destroy_called: [0,com.honeywell.tools.ezmenu.ToolsLaunchActivity,performDestroy]
03-17 11:48:30.206056   994  1771 I wm_task_removed: [7,removeAppToken: last token]
03-17 11:48:30.206214   994  1771 I am_remove_task: [7,3]
03-17 11:48:30.206460   994  1771 I wm_task_removed: [7,removeTask]
03-17 11:48:30.210263   994  1771 I wm_stack_removed: 3
03-17 11:48:30.216879   994  1011 I am_uid_active: 10100
03-17 11:48:30.217499   994  1011 I sysui_multi_action: [757,803,799,window_time_0,802,0]
03-17 11:48:30.218665   994  1011 I sysui_multi_action: [757,803,799,window_time_0,802,0]
03-17 11:48:30.540239  5519  5519 I am_on_create_called: [0,com.android.dialer.main.impl.MainActivity,performCreate]
03-17 11:48:30.571475  5519  5519 I am_on_start_called: [0,com.android.dialer.main.impl.MainActivity,handleStartActivity]
03-17 11:48:30.575838   994  4712 I am_uid_active: 10039
03-17 11:48:30.607571  5519  5519 I am_on_resume_called: [0,com.android.dialer.main.impl.MainActivity,RESUME_ACTIVITY]
03-17 11:48:30.630284  5519  5519 I am_on_top_resumed_gained_called: [0,com.android.dialer.main.impl.MainActivity,topStateChangedWhenResumed]
03-17 11:48:30.959501   994  1016 I sysui_multi_action: [319,95,321,60,322,851,325,426,757,761,758,7,759,1,806,com.android.dialer,871,com.android.dialer.main.impl.MainActivity,904,com.android.launcher3,905,0,945,77,1320,5,1321,1]
03-17 11:48:30.960932   994  1016 I am_activity_launch_time: [0,121032137,com.android.dialer/.main.impl.MainActivity,851]
03-17 11:48:30.983423   994  3016 I am_stop_activity: [0,14264588,com.android.launcher3/.Launcher]
03-17 11:48:30.986572  2437  2437 I am_on_stop_called: [0,com.android.launcher3.Launcher,STOP_ACTIVITY_ITEM]
03-17 11:48:31.386000   570   570 I auditd  : type=1400 audit(0.0:291): avc: denied { search } for comm="ccci_mdinit" name="mdlog" dev="mmcblk0p40" ino=172033 scontext=u:r:ccci_mdinit:s0 tcontext=u:object_r:mdlog_data_file:s0 tclass=dir permissive=0
03-17 11:48:31.802000  5574  5574 I auditd  : type=1400 audit(0.0:292): avc: denied { create } for comm="init" name="vendor.bip" scontext=u:r:init:s0 tcontext=u:object_r:socket_device:s0 tclass=sock_file permissive=0
03-17 11:48:31.838000  5585  5585 I auditd  : type=1400 audit(0.0:293): avc: denied { create } for comm="init" name="volte_imsa2" scontext=u:r:init:s0 tcontext=u:object_r:socket_device:s0 tclass=sock_file permissive=0
03-17 11:48:31.842000  5585  5585 I auditd  : type=1400 audit(0.0:294): avc: denied { create } for comm="init" name="volte_ut" scontext=u:r:init:s0 tcontext=u:object_r:socket_device:s0 tclass=sock_file permissive=0
03-17 11:48:31.854000  5577  5577 I auditd  : type=1400 audit(0.0:295): avc: denied { search } for comm="emdlogger1" name="/" dev="mmcblk0p10" ino=2 scontext=u:r:emdlogger:s0 tcontext=u:object_r:metadata_file:s0 tclass=dir permissive=0
03-17 11:48:32.315128   994  1010 I commit_sys_config_file: [jobs,7]
03-17 11:48:32.776197  1841  1863 I service_manager_stats: [100,52,176989]
03-17 11:48:34.017599   994  3016 I wm_stack_created: 6
03-17 11:48:34.020056   994  3016 I wm_task_created: [10,6]
03-17 11:48:34.021274   994  3016 I wm_task_moved: [10,0,2147483647]
03-17 11:48:34.021614   994  3016 I am_focused_stack: [0,0,6,5,reuseOrNewTask]
03-17 11:48:34.022443   994  3016 I am_create_task: [0,10]
03-17 11:48:34.022557   994  3016 I am_create_activity: [0,78895624,10,com.debug.loggerui/.MainActivity,NULL,NULL,NULL,268435456]
03-17 11:48:34.022836   994  3016 I wm_task_moved: [10,0,2147483647]
03-17 11:48:34.025195   994  3016 I am_pause_activity: [0,121032137,com.android.dialer/.main.impl.MainActivity,userLeaving=true]
03-17 11:48:34.041640   994  1016 I sysui_multi_action: [757,1717,758,1,759,0]
03-17 11:48:34.041993   994  1016 I sysui_multi_action: [757,1717,758,2,759,0]
03-17 11:48:34.042277   994  1016 I sysui_multi_action: [757,1717,758,3,759,0]
03-17 11:48:34.053458  5519  5519 I am_on_top_resumed_lost_called: [0,com.android.dialer.main.impl.MainActivity,topStateChangedWhenResumed]
03-17 11:48:34.062691  5519  5519 I am_on_paused_called: [0,com.android.dialer.main.impl.MainActivity,performPause]
03-17 11:48:34.064746   994  3016 I am_add_to_stopping: [0,121032137,com.android.dialer/.main.impl.MainActivity,makeInvisible]
03-17 11:48:34.066816   994  1011 I am_uid_running: 10086
03-17 11:48:34.069472   994  1011 I sysui_multi_action: [757,803,799,window_time_0,802,4]
03-17 11:48:34.093274   994  1018 I am_proc_start: [0,5623,10086,com.debug.loggerui,activity,{com.debug.loggerui/com.debug.loggerui.MainActivity}]
03-17 11:48:34.125499   994  3094 I am_proc_bound: [0,5623,com.debug.loggerui]
03-17 11:48:34.129211   994  3094 I am_restart_activity: [0,78895624,10,com.debug.loggerui/.MainActivity]
03-17 11:48:34.130203   994  3094 I am_set_resumed_activity: [0,com.debug.loggerui/.MainActivity,minimalResumeActivityLocked]
03-17 11:48:34.162000  5623  5623 I auditd  : type=1400 audit(0.0:296): avc: denied { read } for comm=".debug.loggerui" name="u:object_r:vendor_default_prop:s0" dev="tmpfs" ino=445 scontext=u:r:platform_app:s0:c512,c768 tcontext=u:object_r:vendor_default_prop:s0 tclass=file permissive=0
03-17 11:48:34.162000  5623  5623 I chatty  : uid=10086(com.debug.loggerui) identical 5 lines
03-17 11:48:34.162000  5623  5623 I auditd  : type=1400 audit(0.0:302): avc: denied { read } for comm=".debug.loggerui" name="u:object_r:vendor_default_prop:s0" dev="tmpfs" ino=445 scontext=u:r:platform_app:s0:c512,c768 tcontext=u:object_r:vendor_default_prop:s0 tclass=file permissive=0
03-17 11:48:34.164055   994  1011 I am_uid_active: 10086
03-17 11:48:34.283237   994  3016 I am_create_activity: [0,827433,10,com.debug.loggerui/.permission.PermisssionActivity,NULL,NULL,NULL,276824064]
03-17 11:48:34.286365   994  3016 I am_pause_activity: [0,78895624,com.debug.loggerui/.MainActivity,userLeaving=true]
03-17 11:48:34.289118  5623  5623 I am_on_create_called: [0,com.debug.loggerui.MainActivity,performCreate]
03-17 11:48:34.291394  5623  5623 I am_on_start_called: [0,com.debug.loggerui.MainActivity,handleStartActivity]
03-17 11:48:34.306615  5623  5623 I am_on_resume_called: [0,com.debug.loggerui.MainActivity,RESUME_ACTIVITY]
03-17 11:48:34.324012  5623  5623 I am_on_top_resumed_gained_called: [0,com.debug.loggerui.MainActivity,topStateChangedWhenResumed]
03-17 11:48:34.324104  5623  5623 I am_on_top_resumed_lost_called: [0,com.debug.loggerui.MainActivity,topStateChangedWhenResumed]
03-17 11:48:34.326523  5623  5623 I am_on_paused_called: [0,com.debug.loggerui.MainActivity,performPause]
03-17 11:48:34.329523   994  1771 I am_restart_activity: [0,827433,10,com.debug.loggerui/.permission.PermisssionActivity]
03-17 11:48:34.331626   994  1771 I am_set_resumed_activity: [0,com.debug.loggerui/.permission.PermisssionActivity,minimalResumeActivityLocked]
03-17 11:48:34.339856   994  1011 I sysui_multi_action: [757,803,799,window_time_0,802,0]
03-17 11:48:34.350786   994  1771 I sysui_multi_action: [757,147,758,4,759,0,806,com.debug.loggerui]
03-17 11:48:34.351254   994   994 I notification_cancel_all: [1000,994,com.debug.loggerui,0,0,0,7,NULL]
