03-17 10:45:40.801382   994   994 I sysui_multi_action: [757,1243,758,4,806,com.android.bluetooth,1241,android.permission.RECEIVE_SMS]
03-17 10:45:40.802367   994   994 I sysui_multi_action: [757,1243,758,4,806,com.android.bluetooth,1241,android.permission.SEND_SMS]
03-17 10:45:40.803382   994   994 I sysui_multi_action: [757,1243,758,4,806,com.android.bluetooth,1241,android.permission.READ_SMS]
03-17 10:45:40.903263   994   994 I sysui_multi_action: [757,1243,758,4,806,com.mediatek.camera,1241,android.permission.CAMERA]
03-17 10:45:40.904410   994   994 I sysui_multi_action: [757,1243,758,4,806,com.mediatek.camera,1241,android.permission.RECORD_AUDIO]
03-17 10:45:40.905680   994   994 I sysui_multi_action: [757,1243,758,4,806,com.mediatek.camera,1241,android.permission.WRITE_EXTERNAL_STORAGE]
03-17 10:45:40.914511   994   994 I sysui_multi_action: [757,1243,758,4,806,com.mediatek.camera,1241,android.permission.READ_EXTERNAL_STORAGE]
03-17 10:45:40.924247   994   994 I sysui_multi_action: [757,1243,758,4,806,com.android.soundrecorder,1241,android.permission.RECORD_AUDIO]
03-17 10:45:40.927274   994   994 I sysui_multi_action: [757,1243,758,4,806,com.android.providers.media,1241,android.permission.WRITE_EXTERNAL_STORAGE]
03-17 10:45:40.937279   994   994 I sysui_multi_action: [757,1243,758,4,806,com.android.providers.media,1241,android.permission.READ_EXTERNAL_STORAGE]
03-17 10:45:40.948490   994   994 I sysui_multi_action: [757,1243,758,4,806,com.android.externalstorage,1241,android.permission.READ_EXTERNAL_STORAGE]
03-17 10:45:40.957832   994   994 I sysui_multi_action: [757,1243,758,4,806,com.android.externalstorage,1241,android.permission.WRITE_EXTERNAL_STORAGE]
03-17 10:45:40.970889   994   994 I sysui_multi_action: [757,1243,758,4,806,com.android.dialer,1241,android.permission.CALL_PHONE]
03-17 10:45:40.971907   994   994 I sysui_multi_action: [757,1243,758,4,806,com.android.dialer,1241,android.permission.READ_CALL_LOG]
03-17 10:45:40.972858   994   994 I sysui_multi_action: [757,1243,758,4,806,com.android.dialer,1241,android.permission.WRITE_CALL_LOG]
03-17 10:45:40.974134   994   994 I sysui_multi_action: [757,1243,758,4,806,com.android.dialer,1241,android.permission.PROCESS_OUTGOING_CALLS]
03-17 10:45:40.975078   994   994 I sysui_multi_action: [757,1243,758,4,806,com.android.dialer,1241,android.permission.READ_PHONE_STATE]
03-17 10:45:40.976936   994   994 I sysui_multi_action: [757,1243,758,4,806,com.android.dialer,1241,com.android.voicemail.permission.ADD_VOICEMAIL]
03-17 10:45:40.977922   994   994 I sysui_multi_action: [757,1243,758,4,806,com.android.dialer,1241,com.mediatek.permission.CTA_CONFERENCE_CALL]
03-17 10:45:40.978911   994   994 I sysui_multi_action: [757,1243,758,4,806,com.android.dialer,1241,com.mediatek.permission.CTA_CALL_FORWARD]
03-17 10:45:40.981621   994   994 I sysui_multi_action: [757,1243,758,4,806,com.android.dialer,1241,android.permission.READ_CONTACTS]
03-17 10:45:40.982366   994   994 I sysui_multi_action: [757,1243,758,4,806,com.android.dialer,1241,android.permission.WRITE_CONTACTS]
03-17 10:45:40.983040   994   994 I sysui_multi_action: [757,1243,758,4,806,com.android.dialer,1241,android.permission.GET_ACCOUNTS]
03-17 10:45:40.985885   994   994 I sysui_multi_action: [757,1243,758,4,806,com.android.dialer,1241,android.permission.SEND_SMS]
03-17 10:45:40.988171   994   994 I sysui_multi_action: [757,1243,758,4,806,com.android.dialer,1241,android.permission.RECORD_AUDIO]
03-17 10:45:40.990587   994   994 I sysui_multi_action: [757,1243,758,4,806,com.android.dialer,1241,android.permission.CAMERA]
03-17 10:45:40.992137   994   994 I sysui_multi_action: [757,1243,758,4,806,com.android.cellbroadcastreceiver,1241,android.permission.RECEIVE_SMS]
03-17 10:45:40.993712   994   994 I sysui_multi_action: [757,1243,758,4,806,com.android.calendar,1241,android.permission.READ_CALENDAR]
03-17 10:45:40.994437   994   994 I sysui_multi_action: [757,1243,758,4,806,com.android.calendar,1241,android.permission.WRITE_CALENDAR]
03-17 10:45:40.995420   994   994 I sysui_multi_action: [757,1243,758,4,806,com.android.calendar,1241,android.permission.GET_ACCOUNTS]
03-17 10:45:40.996106   994   994 I sysui_multi_action: [757,1243,758,4,806,com.android.calendar,1241,android.permission.READ_CONTACTS]
03-17 10:45:40.997439   994   994 I sysui_multi_action: [757,1243,758,4,806,com.android.providers.calendar,1241,android.permission.GET_ACCOUNTS]
03-17 10:45:40.998735   994   994 I sysui_multi_action: [757,1243,758,4,806,com.android.providers.calendar,1241,android.permission.WRITE_EXTERNAL_STORAGE]
03-17 10:45:41.008707   994   994 I sysui_multi_action: [757,1243,758,4,806,com.android.providers.calendar,1241,android.permission.READ_EXTERNAL_STORAGE]
03-17 10:45:41.018473   994   994 I sysui_multi_action: [757,1243,758,4,806,com.android.providers.calendar,1241,android.permission.READ_CALENDAR]
03-17 10:45:41.019260   994   994 I sysui_multi_action: [757,1243,758,4,806,com.android.providers.calendar,1241,android.permission.WRITE_CALENDAR]
03-17 10:45:41.021198   994   994 I sysui_multi_action: [757,1243,758,4,806,com.android.contacts,1241,android.permission.READ_CONTACTS]
03-17 10:45:41.021988   994   994 I sysui_multi_action: [757,1243,758,4,806,com.android.contacts,1241,android.permission.WRITE_CONTACTS]
03-17 10:45:41.022637   994   994 I sysui_multi_action: [757,1243,758,4,806,com.android.contacts,1241,android.permission.GET_ACCOUNTS]
03-17 10:45:41.023862   994   994 I sysui_multi_action: [757,1243,758,4,806,com.android.contacts,1241,android.permission.CALL_PHONE]
03-17 10:45:41.024555   994   994 I sysui_multi_action: [757,1243,758,4,806,com.android.contacts,1241,android.permission.READ_PHONE_STATE]
03-17 10:45:41.025366   994   994 I sysui_multi_action: [757,1243,758,4,806,com.android.contacts,1241,android.permission.PROCESS_OUTGOING_CALLS]
03-17 10:45:41.026099   994   994 I sysui_multi_action: [757,1243,758,4,806,com.android.contacts,1241,com.mediatek.permission.CTA_CONFERENCE_CALL]
03-17 10:45:41.026800   994   994 I sysui_multi_action: [757,1243,758,4,806,com.android.contacts,1241,com.mediatek.permission.CTA_CALL_FORWARD]
03-17 10:45:41.027872   994   994 I sysui_multi_action: [757,1243,758,4,806,com.android.providers.contacts,1241,android.permission.GET_ACCOUNTS]
03-17 10:45:41.028609   994   994 I sysui_multi_action: [757,1243,758,4,806,com.android.providers.contacts,1241,android.permission.READ_CONTACTS]
03-17 10:45:41.029345   994   994 I sysui_multi_action: [757,1243,758,4,806,com.android.providers.contacts,1241,android.permission.WRITE_CONTACTS]
03-17 10:45:41.030313   994   994 I sysui_multi_action: [757,1243,758,4,806,com.android.providers.contacts,1241,android.permission.READ_PHONE_STATE]
03-17 10:45:41.032631   994   994 I sysui_multi_action: [757,1243,758,4,806,com.android.gallery3d,1241,android.permission.WRITE_EXTERNAL_STORAGE]
03-17 10:45:41.041460   994   994 I sysui_multi_action: [757,1243,758,4,806,com.android.gallery3d,1241,android.permission.READ_EXTERNAL_STORAGE]
03-17 10:45:41.051249   994   994 I sysui_multi_action: [757,1243,758,4,806,com.android.gallery3d,1241,android.permission.ACCESS_MEDIA_LOCATION]
03-17 10:45:41.052709   994   994 I sysui_multi_action: [757,1243,758,4,806,com.android.email,1241,android.permission.GET_ACCOUNTS]
03-17 10:45:41.053834   994   994 I sysui_multi_action: [757,1243,758,4,806,com.android.email,1241,android.permission.READ_CONTACTS]
03-17 10:45:41.054652   994   994 I sysui_multi_action: [757,1243,758,4,806,com.android.email,1241,android.permission.WRITE_CONTACTS]
03-17 10:45:41.055620   994   994 I sysui_multi_action: [757,1243,758,4,806,com.android.email,1241,android.permission.READ_CALENDAR]
03-17 10:45:41.056319   994   994 I sysui_multi_action: [757,1243,758,4,806,com.android.email,1241,android.permission.WRITE_CALENDAR]
03-17 10:45:41.057843   994   994 I sysui_multi_action: [757,1243,758,4,806,com.android.browser,1241,android.permission.ACCESS_COARSE_LOCATION]
03-17 10:45:41.058646   994   994 I sysui_multi_action: [757,1243,758,4,806,com.android.browser,1241,android.permission.ACCESS_FINE_LOCATION]
03-17 10:45:41.060524   994   994 I sysui_multi_action: [757,1243,758,4,806,com.baidu.map.location,1241,android.permission.READ_PHONE_STATE]
03-17 10:45:41.061946   994   994 I sysui_multi_action: [757,1243,758,4,806,com.baidu.map.location,1241,android.permission.WRITE_EXTERNAL_STORAGE]
03-17 10:45:41.070877   994   994 I sysui_multi_action: [757,1243,758,4,806,com.baidu.map.location,1241,android.permission.READ_EXTERNAL_STORAGE]
03-17 10:45:41.079820   994   994 I sysui_multi_action: [757,1243,758,4,806,com.baidu.map.location,1241,android.permission.ACCESS_MEDIA_LOCATION]
03-17 10:45:41.080833   994   994 I sysui_multi_action: [757,1243,758,4,806,com.baidu.map.location,1241,android.permission.ACCESS_COARSE_LOCATION]
03-17 10:45:41.081635   994   994 I sysui_multi_action: [757,1243,758,4,806,com.baidu.map.location,1241,android.permission.ACCESS_FINE_LOCATION]
03-17 10:45:41.082516   994   994 I sysui_multi_action: [757,1243,758,4,806,com.baidu.map.location,1241,android.permission.ACCESS_BACKGROUND_LOCATION]
03-17 10:45:41.084168   994   994 I sysui_multi_action: [757,1243,758,4,806,com.android.music,1241,android.permission.READ_EXTERNAL_STORAGE]
03-17 10:45:41.093969   994   994 I sysui_multi_action: [757,1243,758,4,806,com.android.music,1241,android.permission.WRITE_EXTERNAL_STORAGE]
03-17 10:45:41.102771   994   994 I sysui_multi_action: [757,1243,758,4,806,com.android.music,1241,android.permission.ACCESS_MEDIA_LOCATION]
03-17 10:45:41.104237   994   994 I sysui_multi_action: [757,1243,758,4,806,com.android.printspooler,1241,android.permission.ACCESS_COARSE_LOCATION]
03-17 10:45:41.105101   994   994 I sysui_multi_action: [757,1243,758,4,806,com.android.printspooler,1241,android.permission.ACCESS_FINE_LOCATION]
03-17 10:45:41.106289   994   994 I sysui_multi_action: [757,1243,758,4,806,com.android.emergency,1241,android.permission.READ_CONTACTS]
03-17 10:45:41.107180   994   994 I sysui_multi_action: [757,1243,758,4,806,com.android.emergency,1241,android.permission.CALL_PHONE]
03-17 10:45:41.108033   994   994 I sysui_multi_action: [757,1243,758,4,806,com.android.emergency,1241,android.permission.READ_CALL_LOG]
03-17 10:45:41.108909   994   994 I sysui_multi_action: [757,1243,758,4,806,com.android.emergency,1241,com.mediatek.permission.CTA_CONFERENCE_CALL]
03-17 10:45:41.109784   994   994 I sysui_multi_action: [757,1243,758,4,806,com.android.emergency,1241,com.mediatek.permission.CTA_CALL_FORWARD]
03-17 10:45:41.110851   994   994 I sysui_multi_action: [757,1243,758,4,806,com.android.apps.tag,1241,android.permission.READ_CONTACTS]
03-17 10:45:41.111703   994   994 I sysui_multi_action: [757,1243,758,4,806,com.android.apps.tag,1241,android.permission.CALL_PHONE]
03-17 10:45:41.112424   994   994 I sysui_multi_action: [757,1243,758,4,806,com.android.apps.tag,1241,com.mediatek.permission.CTA_CONFERENCE_CALL]
03-17 10:45:41.113152   994   994 I sysui_multi_action: [757,1243,758,4,806,com.android.apps.tag,1241,com.mediatek.permission.CTA_CALL_FORWARD]
03-17 10:45:41.114298   994   994 I sysui_multi_action: [757,1243,758,4,806,com.android.storagemanager,1241,android.permission.READ_EXTERNAL_STORAGE]
03-17 10:45:41.123586   994   994 I sysui_multi_action: [757,1243,758,4,806,com.android.storagemanager,1241,android.permission.WRITE_EXTERNAL_STORAGE]
03-17 10:45:41.132948   994   994 I sysui_multi_action: [757,1243,758,4,806,com.android.companiondevicemanager,1241,android.permission.ACCESS_FINE_LOCATION]
03-17 10:45:41.134975   994   994 I sysui_multi_action: [757,1243,758,4,806,com.android.companiondevicemanager,1241,android.permission.ACCESS_BACKGROUND_LOCATION]
03-17 10:45:41.135807   994   994 I sysui_multi_action: [757,1243,758,4,806,com.android.companiondevicemanager,1241,android.permission.ACCESS_COARSE_LOCATION]
03-17 10:45:41.137915   994   994 I sysui_multi_action: [757,1243,758,4,806,com.android.sharedstoragebackup,1241,android.permission.WRITE_EXTERNAL_STORAGE]
03-17 10:45:41.146980   994   994 I sysui_multi_action: [757,1243,758,4,806,com.android.sharedstoragebackup,1241,android.permission.READ_EXTERNAL_STORAGE]
03-17 10:45:41.194565   994   994 I commit_sys_config_file: [package-session,5]
03-17 10:45:41.210707   994   994 I boot_progress_ams_ready: 35661
03-17 10:45:41.347967   994   994 I am_uid_running: 10101
03-17 10:45:41.356632   994  1008 I am_uid_running: 10049
03-17 10:45:41.365315   994  1018 I am_proc_start: [0,1493,10101,com.android.systemui,service,{com.android.systemui/com.android.systemui.ImageWallpaper}]
03-17 10:45:41.379185   994  1018 I am_proc_start: [0,1502,10049,com.android.permissioncontroller,service,{com.android.permissioncontroller/com.android.packageinstaller.permission.service.PermissionControllerServiceImpl}]
03-17 10:45:41.399350   994  1421 I am_proc_bound: [0,1493,com.android.systemui]
03-17 10:45:41.404949   994  1421 I am_uid_active: 10101
03-17 10:45:41.406030   994  1016 I commit_sys_config_file: [package-perms-0,7]
03-17 10:45:41.406080   994  1086 I am_proc_bound: [0,1502,com.android.permissioncontroller]
03-17 10:45:41.407973   994  1086 I am_uid_active: 10049
03-17 10:45:41.463743   994  1102 I commit_sys_config_file: [settings-0-0,6]
03-17 10:45:41.696000   671   671 I auditd  : type=1400 audit(0.0:105): avc: denied { read } for comm="omx@1.0-service" name="u:object_r:default_prop:s0" dev="tmpfs" ino=164 scontext=u:r:mediacodec:s0 tcontext=u:object_r:default_prop:s0 tclass=file permissive=0
03-17 10:45:42.318085   994  1100 I am_uid_running: 1037
03-17 10:45:42.330567   994  1416 I commit_sys_config_file: [net-policy,5]
03-17 10:45:42.332558   994  1086 I sysui_multi_action: [757,856,758,1,806,com.android.systemui,857,ALR,858,4]
03-17 10:45:42.332920   994  1086 I sysui_multi_action: [757,856,758,1,806,com.android.systemui,857,GEN,858,1]
03-17 10:45:42.333264   994  1086 I sysui_multi_action: [757,856,758,1,806,com.android.systemui,857,DSK,858,2]
03-17 10:45:42.333501   994  1086 I sysui_multi_action: [757,856,758,1,806,com.android.systemui,857,SCN_HEADSUP,858,4]
03-17 10:45:42.333707   994  1086 I sysui_multi_action: [757,856,758,1,806,com.android.systemui,857,BAT,858,5]
03-17 10:45:42.333885   994  1086 I sysui_multi_action: [757,856,758,1,806,com.android.systemui,857,HNT,858,3]
03-17 10:45:42.338915   994  1010 I commit_sys_config_file: [notification-policy,4]
03-17 10:45:42.348918   994  1010 I commit_sys_config_file: [notification-policy,9]
03-17 10:45:42.423336   994  1018 I am_proc_start: [0,1688,1037,WebViewLoader-armeabi-v7a,NULL,]
03-17 10:45:42.439623   994  1016 I commit_sys_config_file: [package-perms-0,15]
03-17 10:45:42.449245   994   994 I am_uid_running: 1073
03-17 10:45:42.450832   994  1018 I am_proc_start: [0,1706,1037,WebViewLoader-arm64-v8a,NULL,]
03-17 10:45:42.462195   994  1007 I am_proc_bound: [0,1688,WebViewLoader-armeabi-v7a]
03-17 10:45:42.466291   994  1007 I am_uid_active: 1037
03-17 10:45:42.479033   994  1018 I am_proc_start: [0,1722,1073,com.android.networkstack,service,{com.android.networkstack/com.android.server.NetworkStackService}]
03-17 10:45:42.484805   994  1421 I am_proc_bound: [0,1706,WebViewLoader-arm64-v8a]
03-17 10:45:42.516703   994  1007 I am_proc_bound: [0,1722,com.android.networkstack]
03-17 10:45:42.521960   994  1007 I am_uid_active: 1073
03-17 10:45:42.544862   994  1721 I am_proc_died: [0,1688,WebViewLoader-armeabi-v7a,-700,0]
03-17 10:45:42.570059   994  1102 I commit_sys_config_file: [settings-0-0,16]
03-17 10:45:42.598430   994  1721 I am_mem_factor: [3,0]
03-17 10:45:42.599790   994  1721 I am_low_memory: 5
03-17 10:45:42.603479   994  1719 I am_proc_died: [0,1706,WebViewLoader-arm64-v8a,-700,0]
03-17 10:45:42.603823   994  1719 I am_uid_stopped: 1037
03-17 10:45:42.605568   994  1719 I am_low_memory: 4
03-17 10:45:42.724415   994  1102 I commit_sys_config_file: [settings-2-0,7]
03-17 10:45:42.794013  1493  1778 I sysui_multi_action: [757,213,758,4,759,2]
03-17 10:45:43.188387   994  1102 I commit_sys_config_file: [settings-2-0,6]
03-17 10:45:43.206773   994  1016 I commit_sys_config_file: [roles-0,5]
03-17 10:45:43.301950   994   994 I service_manager_stats: [157,55,5087]
03-17 10:45:43.303262   994   994 I am_uid_running: 1001
03-17 10:45:43.319161   994   994 I wm_task_created: [1,0]
03-17 10:45:43.321015   994   994 I wm_task_moved: [1,0,2147483647]
03-17 10:45:43.321783   994   994 I am_create_task: [0,1]
03-17 10:45:43.321901   994   994 I am_create_activity: [0,2381682,1,com.android.settings/.CryptKeeper,android.intent.action.MAIN,NULL,NULL,276824320]
03-17 10:45:43.322363   994   994 I wm_task_moved: [1,0,2147483647]
03-17 10:45:43.324000   570   570 I auditd  : type=1400 audit(0.0:106): avc: denied { search } for comm="ccci_mdinit" name="mdlog" dev="mmcblk0p40" ino=172033 scontext=u:r:ccci_mdinit:s0 tcontext=u:object_r:mdlog_data_file:s0 tclass=dir permissive=0
03-17 10:45:43.415761   994  1018 I am_proc_start: [0,1841,1001,com.android.phone,added application,com.android.phone]
03-17 10:45:43.422427   994  1007 I am_proc_bound: [0,1841,com.android.phone]
03-17 10:45:43.429838   994  1007 I am_uid_active: 1001
03-17 10:45:43.449802   994  1018 I am_proc_start: [0,1864,1000,com.android.settings:CryptKeeper,activity,{com.android.settings/com.android.settings.CryptKeeper}]
03-17 10:45:43.456810   994   994 I notification_cancel_all: [1000,994,android,0,0,0,17,NULL]
03-17 10:45:43.460639   994  1102 I commit_sys_config_file: [settings-2-0,7]
03-17 10:45:43.494972   994  1007 I am_proc_bound: [0,1864,com.android.settings:CryptKeeper]
03-17 10:45:43.499071   994  1007 I am_restart_activity: [0,2381682,1,com.android.settings/.CryptKeeper]
03-17 10:45:43.500220   994  1007 I am_set_resumed_activity: [0,com.android.settings/.CryptKeeper,minimalResumeActivityLocked]
03-17 10:45:43.510956   994   994 I sysui_multi_action: [757,856,758,1,806,com.android.server.telecom,857,TelecomMissedCalls,858,3]
03-17 10:45:43.511629   994   994 I sysui_multi_action: [757,856,758,1,806,com.android.server.telecom,857,TelecomIncomingCalls,858,5]
03-17 10:45:43.512201   994   994 I sysui_multi_action: [757,856,758,1,806,com.android.server.telecom,857,TelecomCallBlocking,858,2]
03-17 10:45:43.517430   994  1010 I commit_sys_config_file: [notification-policy,6]
03-17 10:45:43.533274   994  1010 I commit_sys_config_file: [notification-policy,16]
03-17 10:45:43.548991   994  1010 I commit_sys_config_file: [notification-policy,15]
03-17 10:45:43.548991   994  1016 I commit_sys_config_file: [package-perms-0,10]
03-17 10:45:43.561765   994  1016 I commit_sys_config_file: [roles-0,12]
03-17 10:45:43.578965   994   994 I notification_cancel_all: [1000,994,com.android.systemui,0,0,0,17,NULL]
03-17 10:45:43.594968   994  1421 I am_finish_activity: [0,2381682,1,com.android.settings/.CryptKeeper,app-request]
03-17 10:45:43.595927   994  1421 I am_pause_activity: [0,2381682,com.android.settings/.CryptKeeper,userLeaving=false]
03-17 10:45:43.597946   994  1011 I sysui_multi_action: [757,803,799,window_time_0,802,25]
03-17 10:45:43.597967  1864  1864 I am_on_create_called: [0,com.android.settings.CryptKeeper,performCreate]
03-17 10:45:43.598949   994  1011 I sysui_multi_action: [757,1144,758,7,806,com.android.settings,871,com.android.settings.CryptKeeper]
03-17 10:45:43.617930   994  1719 I wm_task_created: [2,0]
03-17 10:45:43.619967   994  1719 I wm_task_moved: [2,0,2147483647]
03-17 10:45:43.620680   994  1719 I am_create_task: [0,2]
03-17 10:45:43.620875   994  1719 I am_create_activity: [0,245187628,2,com.android.settings/.FallbackHome,android.intent.action.MAIN,NULL,NULL,276824320]
03-17 10:45:43.621485   994  1719 I wm_task_moved: [2,0,2147483647]
03-17 10:45:43.630449   994  1011 I sysui_multi_action: [757,803,799,window_time_0,802,0]
03-17 10:45:43.654949   994  1018 I am_proc_start: [0,1903,1000,com.android.settings,activity,{com.android.settings/com.android.settings.FallbackHome}]
03-17 10:45:43.692795   994  1007 I am_proc_bound: [0,1903,com.android.settings]
03-17 10:45:43.698286   994  1007 I am_restart_activity: [0,245187628,2,com.android.settings/.FallbackHome]
03-17 10:45:43.699520   994  1007 I am_set_resumed_activity: [0,com.android.settings/.FallbackHome,minimalResumeActivityLocked]
03-17 10:45:43.701198   994  1010 I commit_sys_config_file: [notification-policy,12]
03-17 10:45:43.711384   994  1010 I commit_sys_config_file: [notification-policy,10]
03-17 10:45:43.711403   994  1102 I commit_sys_config_file: [settings-0-0,10]
03-17 10:45:43.760000  1941  1941 I auditd  : type=1400 audit(0.0:107): avc: denied { create } for comm="init" name="vendor.bip" scontext=u:r:init:s0 tcontext=u:object_r:socket_device:s0 tclass=sock_file permissive=0
03-17 10:45:43.808000  1946  1946 I auditd  : type=1400 audit(0.0:108): avc: denied { search } for comm="emdlogger1" name="/" dev="mmcblk0p10" ino=2 scontext=u:r:emdlogger:s0 tcontext=u:object_r:metadata_file:s0 tclass=dir permissive=0
03-17 10:45:43.816000  1958  1958 I auditd  : type=1400 audit(0.0:109): avc: denied { create } for comm="init" name="volte_imsa2" scontext=u:r:init:s0 tcontext=u:object_r:socket_device:s0 tclass=sock_file permissive=0
03-17 10:45:43.816000  1958  1958 I auditd  : type=1400 audit(0.0:110): avc: denied { create } for comm="init" name="volte_ut" scontext=u:r:init:s0 tcontext=u:object_r:socket_device:s0 tclass=sock_file permissive=0
03-17 10:45:43.824826  1903  1903 I am_on_create_called: [0,com.android.settings.FallbackHome,performCreate]
03-17 10:45:43.830013  1903  1903 I am_on_start_called: [0,com.android.settings.FallbackHome,handleStartActivity]
03-17 10:45:43.832245  1903  1903 I am_on_resume_called: [0,com.android.settings.FallbackHome,RESUME_ACTIVITY]
03-17 10:45:43.832278   994  1102 I commit_sys_config_file: [settings-2-0,11]
03-17 10:45:43.860165  1903  1903 I am_on_top_resumed_gained_called: [0,com.android.settings.FallbackHome,topStateChangedWhenResumed]
03-17 10:45:44.002447   994  1086 I am_uid_running: 10113
03-17 10:45:44.029227   994  1018 I am_proc_start: [0,1998,10113,com.android.inputmethod.latin,service,{com.android.inputmethod.latin/com.android.inputmethod.latin.LatinIME}]
03-17 10:45:44.034217   994  1086 I am_destroy_activity: [0,2381682,1,com.android.settings/.CryptKeeper,finish-idle]
03-17 10:45:44.036953   994  1016 I sysui_multi_action: [319,88,322,407,325,38,757,761,758,7,759,3,806,com.android.settings,871,com.android.settings.FallbackHome,905,0,945,77,1320,5,1321,1]
03-17 10:45:44.039016  1864  1864 I am_on_destroy_called: [0,com.android.settings.CryptKeeper,performDestroy]
03-17 10:45:44.041308   994  1086 I wm_task_removed: [1,removeAppToken: last token]
03-17 10:45:44.041498   994  1086 I am_remove_task: [1,0]
03-17 10:45:44.042148   994  1086 I wm_task_removed: [1,removeTask]
03-17 10:45:44.042742   994  1016 I am_activity_launch_time: [0,245187628,com.android.settings/.FallbackHome,407]
03-17 10:45:44.044359   994  1011 I boot_progress_enable_screen: 38495
03-17 10:45:44.045660   994  1011 I screen_toggled: 1
03-17 10:45:44.077194   994  1086 I am_proc_bound: [0,1998,com.android.inputmethod.latin]
03-17 10:45:44.079929   994  1086 I am_uid_active: 10113
03-17 10:45:44.093223   994  1104 I am_compact: [1864,com.android.settings:CryptKeeper,all,98300,69724,28344,0,-3340,0,-3340,3352,40,0,0,199,2,1017980,-3352]
03-17 10:45:44.172754   994  1007 I commit_sys_config_file: [input-subtypes,7]
03-17 10:45:44.998560   560  2010 I sf_stop_bootanim: 39449
03-17 10:45:45.000967   994  1011 I wm_boot_animation_done: 39451
03-17 10:45:45.064694   994  1010 I am_uid_running: 1002
03-17 10:45:45.082476   994  1018 I am_proc_start: [0,2061,1002,com.android.bluetooth,service,{com.android.bluetooth/com.android.bluetooth.btservice.AdapterService}]
03-17 10:45:45.094123   994  1011 I am_user_state_changed: [0,1]
03-17 10:45:45.119166   994  1018 I am_proc_start: [0,2082,10052,android.ext.services,on-hold,]
03-17 10:45:45.124792   994  1086 I am_proc_bound: [0,2061,com.android.bluetooth]
03-17 10:45:45.131430   994  1086 I am_uid_active: 1002
03-17 10:45:45.185252   994  1006 I am_proc_bound: [0,2082,android.ext.services]
03-17 10:45:45.189697   994  1006 I am_uid_active: 10052
03-17 10:45:45.298333   994  1102 I commit_sys_config_file: [settings-0-0,5]
03-17 10:45:45.305254   994  1102 I commit_sys_config_file: [settings-2-0,7]
03-17 10:45:45.329403   994  1006 I commit_sys_config_file: [storage-settings,9]
03-17 10:45:45.364824  2061  2117 I bt_config_source: 4
03-17 10:45:45.487602  2127  2127 I sysui_multi_action: [757,1098,758,4,1099,PowerKey]
03-17 10:45:45.490329  2127  2127 I sysui_multi_action: [757,804,799,factory_reset_current_time,801,1615949145,802,1]
03-17 10:45:45.491530  2127  2127 I sysui_multi_action: [757,804,799,ro.boottime.init.cold_boot_wait,801,730,802,1]
03-17 10:45:45.491679  2127  2127 I sysui_multi_action: [757,804,799,build_date,801,1615949122,802,1]
03-17 10:45:45.491718  2127  2127 I sysui_multi_action: [757,804,799,system_boot_reason,801,64,802,1]
03-17 10:45:45.491741  2127  2127 I sysui_multi_action: [757,804,799,factory_reset_current_time,801,1615949145,802,1]
03-17 10:45:45.491764  2127  2127 I sysui_multi_action: [757,804,799,last_boot_time_utc,801,1615949145,802,1]
03-17 10:45:45.491837  2127  2127 I sysui_multi_action: [757,804,799,boottime.bootloader.total,801,0,802,1]
03-17 10:45:45.491861  2127  2127 I sysui_multi_action: [757,804,799,ro.boottime.init,801,1381,802,1]
03-17 10:45:45.491913  2127  2127 I sysui_multi_action: [757,804,799,factory_reset_boot_complete_no_encryption,801,39,802,1]
03-17 10:45:45.491938  2127  2127 I sysui_multi_action: [757,804,799,factory_reset_boot_complete,801,39,802,1]
03-17 10:45:45.491984  2127  2127 I sysui_multi_action: [757,804,799,absolute_boot_time,801,39,802,1]
03-17 10:45:45.492068  2127  2127 I sysui_multi_action: [757,804,799,ro.boottime.init.selinux,801,170,802,1]
03-17 10:45:45.492094  2127  2127 I sysui_multi_action: [757,804,799,factory_reset,801,1615949145,802,1]
03-17 10:45:45.492118  2127  2127 I sysui_multi_action: [757,804,799,boot_reason,801,5,802,1]
03-17 10:45:45.592000   525   525 I auditd  : type=1400 audit(0.0:111): avc: denied { search } for comm="bt_hal_msg_hand" name="/" dev="mmcblk0p10" ino=2 scontext=u:r:mtk_hal_bluetooth:s0 tcontext=u:object_r:metadata_file:s0 tclass=dir permissive=0
03-17 10:45:45.872523   994  1421 I sysui_multi_action: [757,856,758,1,806,com.android.phone,857,sms,858,4]
03-17 10:45:45.873252   994  1421 I sysui_multi_action: [757,856,758,1,806,com.android.phone,857,wfc,858,2]
03-17 10:45:45.873721   994  1421 I sysui_multi_action: [757,856,758,1,806,com.android.phone,857,alert,858,3]
03-17 10:45:45.874237   994  1421 I sysui_multi_action: [757,856,758,1,806,com.android.phone,857,mobileDataAlertNew,858,2]
03-17 10:45:45.874832   994  1421 I sysui_multi_action: [757,856,758,1,806,com.android.phone,857,sim,858,2]
03-17 10:45:45.876711   994  1421 I sysui_multi_action: [757,856,758,1,806,com.android.phone,857,callForwardNew,858,3]
03-17 10:45:45.886778   994  1018 I am_proc_start: [0,2183,1000,com.android.deskclock,broadcast,{com.android.deskclock/com.android.deskclock.AlarmInitReceiver}]
03-17 10:45:45.889222   994  1010 I commit_sys_config_file: [notification-policy,27]
03-17 10:45:45.897521   994  1010 I commit_sys_config_file: [notification-policy,8]
03-17 10:45:45.903644   994  1102 I commit_sys_config_file: [settings-1-0,10]
03-17 10:45:45.930047   994  1086 I am_proc_bound: [0,2183,com.android.deskclock]
03-17 10:45:45.962552   994  1421 I am_wtf  : [0,2183,com.android.deskclock,549994053,ContextImpl,Data directory doesn't exist for package com.android.deskclock]
03-17 10:45:45.990144   994  1421 I sysui_multi_action: [757,856,758,1,806,com.android.deskclock,857,eventExpire,858,5]
03-17 10:45:45.992654   994  1006 I sysui_multi_action: [757,856,758,1,806,com.android.deskclock,857,defaultNotif,858,2]
03-17 10:45:46.001416   994  1010 I commit_sys_config_file: [notification-policy,11]
03-17 10:45:46.007997   994  1102 I commit_sys_config_file: [settings-2-0,14]
03-17 10:45:46.011309   994  1010 I commit_sys_config_file: [notification-policy,10]
03-17 10:45:46.064035   994  1086 I sysui_multi_action: [757,856,758,1,806,com.android.bluetooth,857,opp_notification_channel,858,4]
03-17 10:45:46.065449   994   994 I notification_cancel_all: [1002,2061,com.android.bluetooth,0,0,64,9,NULL]
03-17 10:45:46.077895   994  1010 I commit_sys_config_file: [notification-policy,13]
03-17 10:45:46.083411   994  1102 I commit_sys_config_file: [settings-0-0,18]
03-17 10:45:46.169172   994  1018 I am_proc_start: [0,2232,1000,com.mediatek.simprocessor,broadcast,{com.mediatek.simprocessor/com.mediatek.simprocessor.BootCmpReceiver}]
03-17 10:45:46.196648   994  1421 I am_proc_bound: [0,2232,com.mediatek.simprocessor]
03-17 10:45:46.236000  2232  2232 I auditd  : type=1400 audit(0.0:112): avc: denied { getattr } for comm="ek.simprocessor" path="/sys/devices/platform/11007000.i2c0/i2c-0/0-0038/fts_glove_mode" dev="sysfs" ino=32220 scontext=u:r:system_app:s0 tcontext=u:object_r:sysfs_gloves_mode:s0 tclass=file permissive=0
03-17 10:45:46.252000   994   994 I auditd  : type=1400 audit(0.0:113): avc: denied { search } for comm="CompactionThrea" name="tkcore" dev="proc" ino=4026532096 scontext=u:r:system_server:s0 tcontext=u:object_r:proc_tkcore:s0 tclass=dir permissive=0
03-17 10:45:46.270596   994  1018 I am_proc_start: [0,2254,1000,com.mediatek.batterywarning,broadcast,{com.mediatek.batterywarning/com.mediatek.batterywarning.BatteryWarningReceiver}]
03-17 10:45:46.297221   994  1086 I am_proc_bound: [0,2254,com.mediatek.batterywarning]
03-17 10:45:46.337696   994  1086 I wm_stack_created: 1
03-17 10:45:46.340929   994  1086 I wm_task_created: [3,1]
03-17 10:45:46.342490   994  1086 I wm_task_moved: [3,0,2147483647]
03-17 10:45:46.342881   994  1086 I am_focused_stack: [0,0,1,0,reuseOrNewTask]
03-17 10:45:46.343545   994  1086 I am_create_task: [0,3]
03-17 10:45:46.343632  1903  1903 I am_on_top_resumed_lost_called: [0,com.android.settings.FallbackHome,topStateChangedWhenResumed]
03-17 10:45:46.343718   994  1086 I am_create_activity: [0,229236387,3,com.mediatek.batterywarning/.BatteryWarningActivity,NULL,NULL,NULL,343932928]
03-17 10:45:46.344167   994  1086 I wm_task_moved: [3,0,2147483647]
03-17 10:45:46.346373   994  1086 I am_pause_activity: [0,245187628,com.android.settings/.FallbackHome,userLeaving=true]
03-17 10:45:46.351813  1903  1903 I am_on_paused_called: [0,com.android.settings.FallbackHome,performPause]
03-17 10:45:46.356159   994  1006 I am_restart_activity: [0,229236387,3,com.mediatek.batterywarning/.BatteryWarningActivity]
03-17 10:45:46.357900   994  1006 I am_set_resumed_activity: [0,com.mediatek.batterywarning/.BatteryWarningActivity,minimalResumeActivityLocked]
03-17 10:45:46.371738   994  1011 I sysui_multi_action: [757,803,799,window_time_0,802,2]
03-17 10:45:46.407085   994  1007 I am_finish_activity: [0,229236387,3,com.mediatek.batterywarning/.BatteryWarningActivity,app-request]
03-17 10:45:46.407334   994  1007 I am_focused_stack: [0,0,0,1,finishActivity adjustFocus adjustFocusToNextFocusableStack]
03-17 10:45:46.408258   994  1007 I am_set_resumed_activity: [0,com.android.settings/.FallbackHome,finishActivity]
03-17 10:45:46.409001   994  1007 I am_pause_activity: [0,229236387,com.mediatek.batterywarning/.BatteryWarningActivity,userLeaving=false]
03-17 10:45:46.412087   994  1011 I sysui_multi_action: [757,803,799,window_time_0,802,0]
03-17 10:45:46.412317  2254  2254 I am_on_create_called: [0,com.mediatek.batterywarning.BatteryWarningActivity,performCreate]
03-17 10:45:46.414119   994  1011 I sysui_multi_action: [757,1144,758,8,806,com.mediatek.batterywarning,871,com.mediatek.batterywarning.BatteryWarningActivity]
03-17 10:45:46.416694   994  1007 I am_destroy_activity: [0,229236387,3,com.mediatek.batterywarning/.BatteryWarningActivity,finish-imm:completePausedLocked]
03-17 10:45:46.418402   994  1007 I am_set_resumed_activity: [0,com.android.settings/.FallbackHome,resumeTopActivityInnerLocked]
03-17 10:45:46.419647   994  1007 I am_resume_activity: [0,245187628,2,com.android.settings/.FallbackHome]
03-17 10:45:46.420660  1903  1903 I am_on_resume_called: [0,com.android.settings.FallbackHome,RESUME_ACTIVITY]
03-17 10:45:46.420778  1903  1903 I am_on_top_resumed_gained_called: [0,com.android.settings.FallbackHome,topWhenResuming]
03-17 10:45:46.428557  2254  2254 I am_on_destroy_called: [0,com.mediatek.batterywarning.BatteryWarningActivity,performDestroy]
03-17 10:45:46.429833   994  1086 I wm_task_removed: [3,removeAppToken: last token]
03-17 10:45:46.429977   994  1086 I am_remove_task: [3,1]
03-17 10:45:46.430594   994  1086 I wm_task_removed: [3,removeTask]
03-17 10:45:46.433448   994  1086 I wm_stack_removed: 1
03-17 10:45:46.447895   994  1011 I am_mem_factor: [2,3]
03-17 10:45:46.449872   994  1011 I sysui_multi_action: [757,803,799,window_time_0,802,0]
03-17 10:45:46.492400   994  1102 I commit_sys_config_file: [settings-1-0,13]
03-17 10:45:46.617125   994  1016 I am_meminfo: [770056192,109903872,7438336,136376320,439098368]
03-17 10:45:46.627768   994  1016 I am_pss  : [2061,1002,com.android.bluetooth,24108032,15917056,0,115630080,2,0,8]
03-17 10:45:46.637918   994  1016 I am_pss  : [1998,10113,com.android.inputmethod.latin,20052992,11509760,0,114581504,2,8,7]
03-17 10:45:46.647316   994  1016 I am_pss  : [1864,1000,com.android.settings:CryptKeeper,14500864,2375680,1822720,101752832,2,20,7]
03-17 10:45:46.657816   994  1016 I am_pss  : [1903,1000,com.android.settings,33092608,19695616,0,133294080,2,2,8]
03-17 10:45:46.668738   994  1016 I am_pss  : [1841,1001,com.android.phone,33625088,22372352,0,132214784,2,0,9]
03-17 10:45:46.678386   994  1016 I am_pss  : [1502,10049,com.android.permissioncontroller,14868480,8056832,0,95170560,2,6,7]
03-17 10:45:46.687334   994  1016 I am_pss  : [1722,1073,com.android.networkstack,9844736,3727360,0,90505216,2,0,6]
03-17 10:45:46.701143   994  1016 I am_pss  : [1493,10101,com.android.systemui,82196480,63817728,0,198731776,2,0,11]
03-17 10:45:46.717670   994  1016 I am_pss  : [994,1000,system,123736064,99917824,0,261152768,2,0,13]
03-17 10:45:47.065844   994  1008 I am_user_state_changed: [0,2]
03-17 10:45:47.124410   994  1017 I am_user_state_changed: [0,3]
03-17 10:45:47.126121   994  1017 I am_uid_running: 10071
03-17 10:45:47.137782   994  1017 I am_uid_running: 1027
03-17 10:45:47.178111   994  1017 I am_uid_running: 1068
03-17 10:45:47.203589   994  1018 I am_proc_start: [0,2283,10071,com.intermec.datacollectionservice,added application,com.intermec.datacollectionservice]
03-17 10:45:47.213611   994  1017 I am_pre_boot: [0,com.android.documentsui]
03-17 10:45:47.237947   994  1086 I am_finish_activity: [0,245187628,2,com.android.settings/.FallbackHome,app-request]
03-17 10:45:47.238982   994  1086 I am_pause_activity: [0,245187628,com.android.settings/.FallbackHome,userLeaving=false]
03-17 10:45:47.243048   994  1011 I sysui_multi_action: [757,803,799,window_time_0,802,1]
03-17 10:45:47.243631  1903  1903 I am_on_top_resumed_lost_called: [0,com.android.settings.FallbackHome,topStateChangedWhenResumed]
03-17 10:45:47.246256  1903  1903 I am_on_paused_called: [0,com.android.settings.FallbackHome,performPause]
03-17 10:45:47.262431   994  1771 I wm_task_created: [4,0]
03-17 10:45:47.267126   994  1771 I wm_task_moved: [4,0,2147483647]
03-17 10:45:47.268154   994  1771 I am_create_task: [0,4]
03-17 10:45:47.268306   994  1771 I am_create_activity: [0,65938260,4,com.android.provision/.DefaultActivity,android.intent.action.MAIN,NULL,NULL,276824320]
03-17 10:45:47.268921   994  1771 I wm_task_moved: [4,0,2147483647]
03-17 10:45:47.281190   994  1017 I am_uid_running: 10048
03-17 10:45:47.285278   994  1018 I am_proc_start: [0,2303,1027,com.android.nfc,added application,com.android.nfc]
03-17 10:45:47.292239   994  1007 I am_proc_bound: [0,2283,com.intermec.datacollectionservice]
03-17 10:45:47.302331   994  1007 I am_uid_active: 10071
03-17 10:45:47.304989   994  1771 I am_proc_bound: [0,2303,com.android.nfc]
03-17 10:45:47.308828   994  1771 I am_uid_active: 1027
03-17 10:45:47.311168   994  1011 I am_uid_running: 10107
03-17 10:45:47.323981   994  1011 I configuration_changed: 32
03-17 10:45:47.334085   994  1018 I am_proc_start: [0,2330,1068,com.android.se,added application,com.android.se]
03-17 10:45:47.355345   994  1102 I commit_sys_config_file: [settings-2-0,14]
03-17 10:45:47.419417   994  1016 I am_uid_running: 10081
03-17 10:45:47.427911   994  1007 I am_proc_bound: [0,2330,com.android.se]
03-17 10:45:47.443568   994  1007 I am_uid_active: 1068
03-17 10:45:47.451111   994   994 I notification_enqueue: [1000,994,android,13,PreBootBroadcaster,0,Notification(channel=UPDATES pri=0 contentView=null vibrate=null sound=null tick defaults=0x0 flags=0x2 color=0xff607d8b vis=PUBLIC),0]
03-17 10:45:47.470197   994  1018 I am_proc_start: [0,2355,1000,com.honeywell.systemtools.autoinstall,added application,com.honeywell.systemtools.autoinstall]
03-17 10:45:47.534439   994  1007 I am_wtf  : [0,994,system_server,-1,ActivityManager,Sending non-protected broadcast com.android.systemui.demo from system 1493:com.android.systemui/u0a101 pkg com.android.systemui]
03-17 10:45:47.548302   994  1007 I am_wtf  : [0,994,system_server,-1,ActivityManager,Sending non-protected broadcast com.android.systemui.demo from system 1493:com.android.systemui/u0a101 pkg com.android.systemui]
03-17 10:45:47.567359   994  1719 I am_proc_bound: [0,2355,com.honeywell.systemtools.autoinstall]
03-17 10:45:47.574559   994   994 I am_uid_running: 10108
03-17 10:45:47.579849   994  1018 I am_proc_start: [0,2376,10048,com.android.documentsui,broadcast,{com.android.documentsui/com.android.documentsui.PreBootReceiver}]
03-17 10:45:47.589168   994  1421 I am_proc_bound: [0,2376,com.android.documentsui]
03-17 10:45:47.611320   994  1018 I am_proc_start: [0,2402,10107,com.android.provision,activity,{com.android.provision/com.android.provision.DefaultActivity}]
03-17 10:45:47.640159   994  1018 I am_proc_start: [0,2415,10081,com.android.printspooler,service,{com.android.printspooler/com.android.printspooler.model.PrintSpoolerService}]
03-17 10:45:47.665865   994  1018 I am_proc_start: [0,2437,10108,com.android.launcher3,service,{com.android.launcher3/com.android.launcher3.notification.NotificationListener}]
03-17 10:45:47.666106   994  1104 I am_compact: [2232,com.mediatek.simprocessor,all,85164,59752,25196,2740,0,0,0,0,6,0,0,1001,20,847820,28]
03-17 10:45:47.669785   994  1421 I am_proc_bound: [0,2402,com.android.provision]
03-17 10:45:47.673331   994  1104 I am_compact: [2254,com.mediatek.batterywarning,all,86200,60884,25092,3284,0,0,0,0,5,0,0,0,2,847848,16]
03-17 10:45:47.676438   994  1421 I am_restart_activity: [0,65938260,4,com.android.provision/.DefaultActivity]
03-17 10:45:47.678524   994  1421 I am_set_resumed_activity: [0,com.android.provision/.DefaultActivity,minimalResumeActivityLocked]
03-17 10:45:47.718524   994  1011 I am_uid_active: 10107
03-17 10:45:47.719247   994  1771 I am_proc_bound: [0,2415,com.android.printspooler]
03-17 10:45:47.722442   994  1771 I am_uid_active: 10081
03-17 10:45:47.729499   994  1421 I am_proc_bound: [0,2437,com.android.launcher3]
03-17 10:45:47.732621   994  1421 I am_uid_active: 10108
03-17 10:45:47.737559   994   994 I sysui_multi_action: [757,1501,758,1,793,516,794,0,795,516,796,13,797,PreBootBroadcaster,806,android,857,UPDATES,858,2,947,0,1500,0]
03-17 10:45:47.741930   994   994 I sysui_multi_action: [757,804,799,note_interruptive,801,0,802,1]
03-17 10:45:47.748063   994  1770 I am_uid_running: 10057
03-17 10:45:47.812275   994  1018 I am_proc_start: [0,2474,10057,com.android.externalstorage,content provider,{com.android.externalstorage/com.android.externalstorage.ExternalStorageProvider}]
03-17 10:45:47.834358   994  1719 I sysui_multi_action: [757,856,758,1,806,com.android.printspooler,857,PRINT_PROGRESS,858,2]
03-17 10:45:47.835933   994  1007 I sysui_multi_action: [757,856,758,1,806,com.android.printspooler,857,PRINT_FAILURES,858,3]
03-17 10:45:47.839074   994  1771 I am_pre_boot: [0,com.android.managedprovisioning]
03-17 10:45:47.842119   994  1102 I commit_sys_config_file: [settings-0-0,85]
03-17 10:45:47.858149   994  2353 I commit_sys_config_file: [settings-0-0,16]
03-17 10:45:47.860193   994  1719 I am_uid_running: 10054
03-17 10:45:47.873819   994  1010 I commit_sys_config_file: [notification-policy,38]
03-17 10:45:47.893108   994  2353 I am_proc_bound: [0,2474,com.android.externalstorage]
03-17 10:45:47.894797   994  1102 I commit_sys_config_file: [settings-2-0,34]
03-17 10:45:47.899274   994  1771 I sysui_multi_action: [757,856,758,1,806,com.intermec.datacollectionservice,857,default,858,3]
03-17 10:45:47.908472   994  1007 I commit_sys_config_file: [settings-2-0,13]
03-17 10:45:47.912717   994  2353 I am_mem_factor: [1,2]
03-17 10:45:47.913211   994  1006 I am_finish_activity: [0,65938260,4,com.android.provision/.DefaultActivity,app-request]
03-17 10:45:47.914682   994  1006 I am_pause_activity: [0,65938260,com.android.provision/.DefaultActivity,userLeaving=false]
03-17 10:45:47.918708  2402  2402 I am_on_create_called: [0,com.android.provision.DefaultActivity,performCreate]
03-17 10:45:47.919884   994  1011 I sysui_multi_action: [757,803,799,window_time_0,802,1]
03-17 10:45:47.920748   994  1010 I commit_sys_config_file: [notification-policy,46]
03-17 10:45:47.921866   994   994 I notification_enqueue: [1000,994,android,13,PreBootBroadcaster,0,Notification(channel=UPDATES pri=0 contentView=null vibrate=null sound=null tick defaults=0x0 flags=0x2 color=0xff607d8b vis=PUBLIC),1]
03-17 10:45:47.923505   994  1011 I sysui_multi_action: [757,1144,758,7,806,com.android.provision,871,com.android.provision.DefaultActivity]
03-17 10:45:47.924381   994  1018 I am_proc_start: [0,2497,10054,android.process.media,broadcast,{com.android.providers.downloads/com.android.providers.downloads.DownloadReceiver}]
03-17 10:45:47.959190   994  1006 I am_proc_bound: [0,2497,android.process.media]
03-17 10:45:47.965143   994  1010 I commit_sys_config_file: [notification-policy,43]
03-17 10:45:47.975910   994  1104 I am_compact: [2474,com.android.externalstorage,all,48596,21032,27392,404,18140,19824,-1688,1696,71,0,0,-10000,21,851684,-652]
03-17 10:45:47.982065   994  1421 I wm_task_created: [5,0]
03-17 10:45:47.984542   994  1421 I wm_task_moved: [5,0,2147483647]
03-17 10:45:47.985471   994  1421 I am_create_task: [0,5]
03-17 10:45:47.985596   994  1421 I am_create_activity: [0,14264588,5,com.android.launcher3/.Launcher,android.intent.action.MAIN,NULL,NULL,268435712]
03-17 10:45:47.986048   994  1421 I wm_task_moved: [5,0,2147483647]
03-17 10:45:47.991393   994  1421 I am_restart_activity: [0,14264588,5,com.android.launcher3/.Launcher]
03-17 10:45:47.993397   994  1421 I am_set_resumed_activity: [0,com.android.launcher3/.Launcher,minimalResumeActivityLocked]
03-17 10:45:48.043042   994  1011 I sysui_multi_action: [757,803,799,window_time_0,802,0]
03-17 10:45:48.050263   994   994 I notification_enqueue: [10071,2283,com.intermec.datacollectionservice,1,NULL,0,Notification(channel=default pri=0 contentView=null vibrate=null sound=null defaults=0x0 flags=0x50 color=0x00000000 vis=PRIVATE),0]
03-17 10:45:48.071217   994  1018 I am_proc_start: [0,2533,1000,com.android.keychain,service,{com.android.keychain/com.android.keychain.KeyChainService}]
03-17 10:45:48.102639   994  1006 I sysui_multi_action: [757,856,758,1,806,com.intermec.datacollectionservice,857,singletondefault,858,3]
03-17 10:45:48.109818   994   994 I notification_enqueue: [10071,2283,com.intermec.datacollectionservice,12345,NULL,0,Notification(channel=singletondefault pri=0 contentView=null vibrate=null sound=null defaults=0x0 flags=0x50 color=0x00000000 vis=PRIVATE),0]
03-17 10:45:48.111673   994  1010 I commit_sys_config_file: [notification-policy,8]
03-17 10:45:48.137400   994  2353 I am_proc_bound: [0,2533,com.android.keychain]
03-17 10:45:48.152430   994   994 I sysui_multi_action: [757,1501,758,1,793,220,794,0,795,220,796,1,806,com.intermec.datacollectionservice,857,default,858,3,947,0,1500,0,1688,1]
03-17 10:45:48.154160   994   994 I sysui_multi_action: [757,804,799,note_interruptive,801,0,802,1]
03-17 10:45:48.211136   994   994 I sysui_multi_action: [757,1501,758,1,793,102,794,0,795,102,796,12345,806,com.intermec.datacollectionservice,857,singletondefault,858,3,947,0,1500,0,1688,1]
03-17 10:45:48.211616   994   994 I sysui_multi_action: [757,804,799,note_interruptive,801,0,802,1]
03-17 10:45:48.291073   994  1104 I am_compact: [2533,com.android.keychain,all,81096,52940,27964,12,-2184,0,-2184,2192,39,0,0,1001,20,859916,1480]
03-17 10:45:48.304000   673   673 I auditd  : type=1400 audit(0.0:114): avc: denied { search } for comm="camerahalserver" name="0" dev="mmcblk0p40" ino=163862 scontext=u:r:mtk_hal_camera:s0 tcontext=u:object_r:media_rw_data_file:s0 tclass=dir permissive=0
03-17 10:45:48.304000   673   673 I chatty  : uid=1047(cameraserver) /vendor/bin/hw/camerahalserver identical 2 lines
03-17 10:45:48.304000   673   673 I auditd  : type=1400 audit(0.0:117): avc: denied { search } for comm="camerahalserver" name="0" dev="mmcblk0p40" ino=163862 scontext=u:r:mtk_hal_camera:s0 tcontext=u:object_r:media_rw_data_file:s0 tclass=dir permissive=0
03-17 10:45:48.422549   994  1018 I am_proc_start: [0,2609,10054,com.android.mtp,content provider,{com.android.mtp/com.android.mtp.MtpDocumentsProvider}]
03-17 10:45:48.472457   994  1771 I am_proc_bound: [0,2609,com.android.mtp]
03-17 10:45:48.504565   994  1104 I am_compact: [2609,com.android.mtp,all,46744,19160,27408,424,1392,2740,-1352,1368,29,0,0,-10000,21,864928,-1168]
03-17 10:45:48.572340   994  1007 I sysui_multi_action: [757,856,758,1,806,com.android.providers.downloads,857,active,858,2]
03-17 10:45:48.575182   994  1007 I sysui_multi_action: [757,856,758,1,806,com.android.providers.downloads,857,waiting,858,3]
03-17 10:45:48.578432   994  1771 I sysui_multi_action: [757,856,758,1,806,com.android.providers.downloads,857,complete,858,3]
03-17 10:45:48.579605   994  1010 I commit_sys_config_file: [notification-policy,6]
03-17 10:45:48.589271   994  1010 I commit_sys_config_file: [notification-policy,9]
03-17 10:45:48.597521   994  1010 I commit_sys_config_file: [notification-policy,8]
03-17 10:45:48.608000   566   566 I auditd  : type=1400 audit(0.0:118): avc: denied { ioctl } for comm="scanner@1.0-ser" path="/proc/ged" dev="proc" ino=4026532217 ioctlcmd=0x6767 scontext=u:r:maidu_hal_scanner:s0 tcontext=u:object_r:proc_ged:s0 tclass=file permissive=0
03-17 10:45:48.614089   994  1007 I sysui_multi_action: [757,856,758,1,806,com.android.mtp,857,device_notification_channel,858,2]
03-17 10:45:48.620000   566   566 I auditd  : type=1400 audit(0.0:119): avc: denied { ioctl } for comm="scanner@1.0-ser" path="/proc/perfmgr/perf_ioctl" dev="proc" ino=4026532624 ioctlcmd=0x6710 scontext=u:r:maidu_hal_scanner:s0 tcontext=u:object_r:proc_perfmgr:s0 tclass=file permissive=0
03-17 10:45:48.623610   994  1010 I commit_sys_config_file: [notification-policy,9]
03-17 10:45:48.646619   994  1007 I am_uid_running: 10064
03-17 10:45:48.678811   994  1018 I am_proc_start: [0,2656,10064,com.honeywell.tools.ezmenu,broadcast,{com.honeywell.tools.ezmenu/com.honeywell.tools.ezmenu.EZMenuReceiver}]
03-17 10:45:48.717697  2437  2437 I am_on_create_called: [0,com.android.launcher3.Launcher,performCreate]
03-17 10:45:48.722640  2437  2437 I am_on_start_called: [0,com.android.launcher3.Launcher,handleStartActivity]
03-17 10:45:48.724656  2437  2437 I am_on_resume_called: [0,com.android.launcher3.Launcher,RESUME_ACTIVITY]
03-17 10:45:48.737533   994  1771 I am_proc_bound: [0,2656,com.honeywell.tools.ezmenu]
03-17 10:45:48.768676  2437  2437 I am_on_top_resumed_gained_called: [0,com.android.launcher3.Launcher,topStateChangedWhenResumed]
03-17 10:45:48.789167   994  1719 I am_uid_running: 10091
03-17 10:45:48.797498   994  1719 I am_mem_factor: [0,1]
03-17 10:45:48.825127   994  1018 I am_proc_start: [0,2694,10091,com.honeywell.tools.ezprovider,broadcast,{com.honeywell.tools.ezprovider/com.honeywell.tools.ezprovider.EZConfigReceiver}]
03-17 10:45:48.874885   994  1719 I am_proc_bound: [0,2694,com.honeywell.tools.ezprovider]
03-17 10:45:48.971723   994  1719 I am_uid_running: 10055
03-17 10:45:49.005554   994  1018 I am_proc_start: [0,2720,10055,com.android.managedprovisioning,broadcast,{com.android.managedprovisioning/com.android.managedprovisioning.ota.PreBootListener}]
03-17 10:45:49.042149  1903  1903 I service_manager_slow: [10,autofill]
03-17 10:45:49.050242   994  1016 I sysui_multi_action: [319,1051,322,1050,325,42,757,761,758,8,759,2,806,com.android.launcher3,871,com.android.launcher3.Launcher,905,0,1320,5,1321,1]
03-17 10:45:49.052177   994  1769 I am_destroy_activity: [0,245187628,2,com.android.settings/.FallbackHome,finish-idle]
03-17 10:45:49.052642   994  1769 I am_destroy_activity: [0,65938260,4,com.android.provision/.DefaultActivity,finish-idle]
03-17 10:45:49.054635   994  1016 I am_activity_launch_time: [0,14264588,com.android.launcher3/.Launcher,1050]
03-17 10:45:49.058015  2402  2402 I am_on_destroy_called: [0,com.android.provision.DefaultActivity,performDestroy]
03-17 10:45:49.060997   994  1771 I wm_task_removed: [4,removeAppToken: last token]
03-17 10:45:49.061717   994  1771 I am_remove_task: [4,0]
03-17 10:45:49.063141  1903  1903 I am_on_stop_called: [0,com.android.settings.FallbackHome,LIFECYCLER_STOP_ACTIVITY]
03-17 10:45:49.066042   994  1771 I wm_task_removed: [4,removeTask]
03-17 10:45:49.073429  1903  1903 I am_on_destroy_called: [0,com.android.settings.FallbackHome,performDestroy]
03-17 10:45:49.076399   994  1771 I am_proc_bound: [0,2720,com.android.managedprovisioning]
