----- timezone:Asia/Shanghai
01-01 08:00:10.564060   563   563 I         : [terserver] service not enabled. exit.
01-01 08:00:10.636155   570   570 I NVRAM   : MD1 set status: vendor.mtk.md1.status=init 
01-01 08:00:10.768741   570   570 I NVRAM   : MD0 set status: mtk.md0.status=init 
01-01 08:00:10.785061   570   570 I NVRAM   : MD1 set status: vendor.mtk.md1.status=reset 
01-01 08:00:10.787169   570   570 I NVRAM   : MD1 set status: mtk.md1.status=reset 
01-01 08:00:10.846932   570   570 I NVRAM   : MD1 set status: vendor.mtk.md1.status=bootup 
01-01 08:00:10.965417   570   570 I NVRAM   : MD1 set status: mtk.md1.status=bootup 
01-01 08:00:11.643959   681   722 D VIARPCGPS: viarpc_init libviagpsrpc.so suffix Version-temp, emulator_mode = 0
01-01 08:00:11.644264   681   722 E RPC     : set_is_93_ril=1
01-01 08:00:11.644371   681   722 D VIARPCGPS: retry times = 1, md3 = 0, md1 = 0
01-01 08:00:11.913208   570   570 I NVRAM   : MD1 set status: vendor.mtk.md1.status=ready 
01-01 08:00:12.457401   570   570 I NVRAM   : MD1 set status: mtk.md1.status=ready 
01-01 08:00:12.644562   681   722 D VIARPCGPS: retry times = 2, md3 = 0, md1 = 1
01-01 08:00:12.644707   681   722 D VIARPCGPS: modem interface ready, start init RPC
01-01 08:00:12.644858   681   722 D VIARPCGPS: GPS Device = /dev/ccci_c2k_agps
01-01 08:00:12.644993   681   722 E RPC     : librpc.so suffix Version-temp
01-01 08:00:12.645147   681   722 E RPC     : tcgetattr error
01-01 08:00:12.645432   681   926 E RPC     : entry g_lowpower_mode
01-01 08:00:12.732797   934   934 E RILMUXD : 3842:main(): Enter
01-01 08:00:12.778093   934   934 E RILMUXD : 3877:main(): ccci_get_node_name unknown, default tablet=/dev/ttyUSB1
01-01 08:00:12.778148   934   934 I RILMUXD : 3879:main(): ccci_get_node_name=/dev/ttyUSB1
01-01 08:00:12.778278   934   934 E RILMUXD : 3996:main(): /vendor/bin/gsm0710muxd $Rev: 1 $ starting
01-01 08:00:12.778696   934   934 E RILMUXD : 3133:open_serial_device(): system-error: 'No such file or directory' (code: 2)
01-01 08:00:12.778727   934   934 E RILMUXD : 3468:watchdog(): Could not open serial device and start muxer
01-01 08:00:12.778741   934   934 I RILMUXD : 2840:shutdown_devices(): GSM0710_MAX_CHANNELS=64,serial.fd=-1
01-01 08:00:12.778757   934   934 I RILMUXD : 4054:main(): Received 0 frames and dropped 0 received frames during the mux-mode
01-01 08:00:12.778775   934   934 E RILMUXD : 4056:main(): Terminating Gsm0710Muxd process ...
01-01 08:00:12.778788   934   934 E RILMUXD : 4082:main(): /vendor/bin/gsm0710muxd finished
01-01 08:00:12.922626   570   570 I NVRAM   : MD1 set status: vendor.mtk.md1.status=exception 
01-01 08:00:12.939358   570   570 I NVRAM   : MD1 set status: mtk.md1.status=exception 
01-01 08:00:14.832697   520   520 D PlusCodeProcessor: makePlusCodeUtis Exception, return default DefaultPlusCodeUtilsjava.lang.ClassNotFoundException: Didn't find class "com.mediatek.internal.telephony.cdma.pluscode.CdmaPlusCodeUtils" on path: DexPathList[[],nativeLibraryDirectories=[/system/lib64, /product/lib64]]
01-01 08:00:14.833001   520   520 D PlusCodeProcessor: getPlusCodeUtils sPlusCodeUtilsInstance=com.mediatek.internal.telephony.cdma.pluscode.DefaultPlusCodeUtils@4a75a2b
01-01 08:00:14.835688   520   520 D TelephonyManager: No /proc/cmdline exception=java.io.FileNotFoundException: /proc/cmdline: open failed: EACCES (Permission denied)
01-01 08:00:14.835814   520   520 D TelephonyManager: /proc/cmdline=
01-01 08:00:17.645662   681   722 I RPC     : RPC server 21000001:1: after registering, there are 1 servers.
01-01 08:00:17.645945   681   722 D VIARPCGPS: Loc API callback initialized.
01-01 08:00:17.646081   681   722 E RPC     : error reading payload 19 (No such device)
01-01 08:00:17.646089   681  1064 E RPC     : entry g_lowpower_mode
01-01 08:00:17.646116   681   722 E RPC     : error in XDR_MSG_SEND
01-01 08:00:17.646233   681   722 E RPC     : error reading payload 19 (No such device)
01-01 08:00:17.646263   681   722 E RPC     : error in XDR_MSG_SEND
01-01 08:00:17.646278   681   722 E VIARPCGPS: set_customer failed
01-01 08:00:17.646710   681   722 D VIARPCGPS: viarpc_init called, client id=0, gpsrpc_debug=0
01-01 08:00:17.646794   681   722 E VIARPCGPS: Request denied! Modem not READY!
03-17 10:45:22.424295   521   521 D PlusCodeProcessor: makePlusCodeUtis Exception, return default DefaultPlusCodeUtilsjava.lang.ClassNotFoundException: Didn't find class "com.mediatek.internal.telephony.cdma.pluscode.CdmaPlusCodeUtils" on path: DexPathList[[],nativeLibraryDirectories=[/system/lib, /product/lib]]
03-17 10:45:22.424574   521   521 D PlusCodeProcessor: getPlusCodeUtils sPlusCodeUtilsInstance=com.mediatek.internal.telephony.cdma.pluscode.DefaultPlusCodeUtils@4a75a2b
03-17 10:45:22.427378   521   521 D TelephonyManager: No /proc/cmdline exception=java.io.FileNotFoundException: /proc/cmdline: open failed: EACCES (Permission denied)
03-17 10:45:22.427456   521   521 D TelephonyManager: /proc/cmdline=
03-17 10:45:28.423419   570   570 I NVRAM   : MD1 set status: vendor.mtk.md1.status=stop 
03-17 10:45:28.423909   570   570 I NVRAM   : MD1 set status: mtk.md1.status=stop 
03-17 10:45:28.423998   570   570 I NVRAM   : MD1 set status: vendor.mtk.md1.status=reset 
03-17 10:45:28.424894   570   570 I NVRAM   : MD1 set status: mtk.md1.status=reset 
03-17 10:45:28.434846   570   570 I NVRAM   : MD1 set status: vendor.mtk.md1.status=bootup 
03-17 10:45:28.436230   570   570 I NVRAM   : MD1 set status: mtk.md1.status=bootup 
03-17 10:45:28.837439   570   570 I NVRAM   : MD1 set status: vendor.mtk.md1.status=ready 
03-17 10:45:28.841417   570   570 I NVRAM   : MD1 set status: mtk.md1.status=ready 
03-17 10:45:28.885832  1232  1232 E RILMUXD : 3842:main(): Enter
03-17 10:45:28.890231  1232  1232 E RILMUXD : 3877:main(): ccci_get_node_name unknown, default tablet=/dev/ttyUSB1
03-17 10:45:28.890296  1232  1232 I RILMUXD : 3879:main(): ccci_get_node_name=/dev/ttyUSB1
03-17 10:45:28.890396  1232  1232 E RILMUXD : 3996:main(): /vendor/bin/gsm0710muxd $Rev: 1 $ starting
03-17 10:45:28.890726  1232  1232 E RILMUXD : 3133:open_serial_device(): system-error: 'No such file or directory' (code: 2)
03-17 10:45:28.890778  1232  1232 E RILMUXD : 3468:watchdog(): Could not open serial device and start muxer
03-17 10:45:28.890791  1232  1232 I RILMUXD : 2840:shutdown_devices(): GSM0710_MAX_CHANNELS=64,serial.fd=-1
03-17 10:45:28.890806  1232  1232 I RILMUXD : 4054:main(): Received 0 frames and dropped 0 received frames during the mux-mode
03-17 10:45:28.890816  1232  1232 E RILMUXD : 4056:main(): Terminating Gsm0710Muxd process ...
03-17 10:45:28.890826  1232  1232 E RILMUXD : 4082:main(): /vendor/bin/gsm0710muxd finished
03-17 10:45:29.865229   570   570 I NVRAM   : MD1 set status: vendor.mtk.md1.status=exception 
03-17 10:45:29.873537   570   570 I NVRAM   : MD1 set status: mtk.md1.status=exception 
03-17 10:45:38.359988   994   994 D TelephonyRegistry: listen oscl: mHasNotifySubscriptionInfoChangedOccurred==false no callback
03-17 10:45:38.414052   994   994 E TelephonyManager: IMSI error: Subscriber Info is null
03-17 10:45:41.486441   994  1086 D TelephonyRegistry: listen oscl: mHasNotifySubscriptionInfoChangedOccurred==false no callback
03-17 10:45:42.410216   994  1416 D TelephonyRegistry: listen oscl: mHasNotifySubscriptionInfoChangedOccurred==false no callback
03-17 10:45:42.542638   994   994 D TelephonyRegistry: systemRunning register for intents
03-17 10:45:42.883832  1493  1493 W CarrierConfigManager: Error getting config for subId -1 ICarrierConfigLoader is null
03-17 10:45:42.911161   681   723 E VIARPCGPS: Request denied! Modem not READY!
03-17 10:45:42.917433   681   723 E VIARPCGPS: Request denied! Modem not READY!
03-17 10:45:42.925209   994  1006 D TelephonyRegistry: listen oscl: mHasNotifySubscriptionInfoChangedOccurred==false no callback
03-17 10:45:42.937434   681   723 E VIARPCGPS: Request denied! Modem not READY!
03-17 10:45:43.320484   570   570 I NVRAM   : MD1 set status: vendor.mtk.md1.status=stop 
03-17 10:45:43.321726   570   570 I NVRAM   : MD1 set status: mtk.md1.status=stop 
03-17 10:45:43.321844   570   570 I NVRAM   : MD1 set status: vendor.mtk.md1.status=reset 
03-17 10:45:43.323389   570   570 I NVRAM   : MD1 set status: mtk.md1.status=reset 
03-17 10:45:43.332324   570   570 I NVRAM   : MD1 set status: vendor.mtk.md1.status=bootup 
03-17 10:45:43.333269   570   570 I NVRAM   : MD1 set status: mtk.md1.status=bootup 
03-17 10:45:43.512685  1841  1841 I MtkIccProvider: MtkIccProvider URL_MATCHER android.content.UriMatcher@f8e71ba
03-17 10:45:43.679875   994   994 W CarrierConfigManager: Error getting config for subId -1 ICarrierConfigLoader is null
03-17 10:45:43.757639   570   570 I NVRAM   : MD1 set status: vendor.mtk.md1.status=ready 
03-17 10:45:43.763443   570   570 I NVRAM   : MD1 set status: mtk.md1.status=ready 
03-17 10:45:43.829900  1956  1956 E RILMUXD : 3842:main(): Enter
03-17 10:45:43.836852  1956  1956 E RILMUXD : 3877:main(): ccci_get_node_name unknown, default tablet=/dev/ttyUSB1
03-17 10:45:43.836920  1956  1956 I RILMUXD : 3879:main(): ccci_get_node_name=/dev/ttyUSB1
03-17 10:45:43.837147  1956  1956 E RILMUXD : 3996:main(): /vendor/bin/gsm0710muxd $Rev: 1 $ starting
03-17 10:45:43.837524  1956  1956 E RILMUXD : 3133:open_serial_device(): system-error: 'No such file or directory' (code: 2)
03-17 10:45:43.837559  1956  1956 E RILMUXD : 3468:watchdog(): Could not open serial device and start muxer
03-17 10:45:43.837572  1956  1956 I RILMUXD : 2840:shutdown_devices(): GSM0710_MAX_CHANNELS=64,serial.fd=-1
03-17 10:45:43.837585  1956  1956 I RILMUXD : 4054:main(): Received 0 frames and dropped 0 received frames during the mux-mode
03-17 10:45:43.837594  1956  1956 E RILMUXD : 4056:main(): Terminating Gsm0710Muxd process ...
03-17 10:45:43.837603  1956  1956 E RILMUXD : 4082:main(): /vendor/bin/gsm0710muxd finished
03-17 10:45:44.789587   570   570 I NVRAM   : MD1 set status: vendor.mtk.md1.status=exception 
03-17 10:45:44.807648   570   570 I NVRAM   : MD1 set status: mtk.md1.status=exception 
03-17 10:45:45.290581  1841  1841 I TelephonyComponentFactory: parseComponent: type 4
03-17 10:45:45.290678  1841  1841 I TelephonyComponentFactory: parseComponent: text com.android.internal.telephony.TelephonyComponentFactory
03-17 10:45:45.290703  1841  1841 I TelephonyComponentFactory: parseComponent: type 4
03-17 10:45:45.290721  1841  1841 I TelephonyComponentFactory: parseComponent: text com.android.internal.telephony.IccPhoneBookInterfaceManager
03-17 10:45:45.290755  1841  1841 I TelephonyComponentFactory: parseComponent: type 4
03-17 10:45:45.290774  1841  1841 I TelephonyComponentFactory: parseComponent: text com.android.internal.telephony.GsmCdmaCallTracker
03-17 10:45:45.290805  1841  1841 I TelephonyComponentFactory: parseComponent: type 4
03-17 10:45:45.290819  1841  1841 I TelephonyComponentFactory: parseComponent: text com.android.internal.telephony.imsphone.ImsPhone
03-17 10:45:45.290830  1841  1841 I TelephonyComponentFactory: parseComponent: type 4
03-17 10:45:45.290866  1841  1841 I TelephonyComponentFactory: parseComponent: text com.android.internal.telephony.imsphone.ImsPhoneCallTracker
03-17 10:45:45.290878  1841  1841 I TelephonyComponentFactory: parseComponent: type 4
03-17 10:45:45.290958  1841  1841 I TelephonyComponentFactory: parseComponent: text com.android.internal.telephony.cdma.CdmaInboundSmsHandler
03-17 10:45:45.290973  1841  1841 I TelephonyComponentFactory: parseComponent: type 4
03-17 10:45:45.290988  1841  1841 I TelephonyComponentFactory: parseComponent: text com.android.internal.telephony.gsm.GsmInboundSmsHandler
03-17 10:45:45.291007  1841  1841 I TelephonyComponentFactory: parseComponent: type 4
03-17 10:45:45.291022  1841  1841 I TelephonyComponentFactory: parseComponent: text com.android.internal.telephony.InboundSmsTracker
03-17 10:45:45.291033  1841  1841 I TelephonyComponentFactory: parseComponent: type 4
03-17 10:45:45.291047  1841  1841 I TelephonyComponentFactory: parseComponent: text com.android.internal.telephony.IccSmsInterfaceManager
03-17 10:45:45.291057  1841  1841 I TelephonyComponentFactory: parseComponent: type 4
03-17 10:45:45.291072  1841  1841 I TelephonyComponentFactory: parseComponent: text com.android.internal.telephony.SmsStorageMonitor
03-17 10:45:45.291082  1841  1841 I TelephonyComponentFactory: parseComponent: type 4
03-17 10:45:45.291096  1841  1841 I TelephonyComponentFactory: parseComponent: text com.android.internal.telephony.SmsUsageMonitor
03-17 10:45:45.291108  1841  1841 I TelephonyComponentFactory: parseComponent: type 4
03-17 10:45:45.291122  1841  1841 I TelephonyComponentFactory: parseComponent: text com.android.internal.telephony.ServiceStateTracker
03-17 10:45:45.291133  1841  1841 I TelephonyComponentFactory: parseComponent: type 4
03-17 10:45:45.291151  1841  1841 I TelephonyComponentFactory: parseComponent: text com.android.internal.telephony.cdma.CdmaSubscriptionSourceManager
03-17 10:45:45.291167  1841  1841 I TelephonyComponentFactory: parseComponent: type 4
03-17 10:45:45.291181  1841  1841 I TelephonyComponentFactory: parseComponent: text com.android.internal.telephony.uicc.UiccProfile
03-17 10:45:45.291194  1841  1841 I TelephonyComponentFactory: parseComponent: type 4
03-17 10:45:45.291236  1841  1841 I TelephonyComponentFactory: parseComponent: text com.android.internal.telephony.dataconnection.DcTracker
03-17 10:45:45.291254  1841  1841 I TelephonyComponentFactory: parseComponent: type 4
03-17 10:45:45.291271  1841  1841 I TelephonyComponentFactory: parseComponent: text com.android.internal.telephony.DeviceStateMonitor
03-17 10:45:45.291292  1841  1841 E TelephonyComponentFactory: getValidatedPaths: com.mediatek.internal.telephony.MtkTelephonyComponentFactory ,/system/framework/mediatek-telephony-common.jar
03-17 10:45:45.292216  1841  1841 E TelephonyComponentFactory: StructStatVfs: 4101 ,1
03-17 10:45:45.292342  1841  1841 D TelephonyComponentFactory: validated paths: /system/framework/mediatek-telephony-common.jar
03-17 10:45:45.366688  1841  1841 E TelephonyComponentFactory: getValidatedPaths: com.mediatek.internal.telephony.MtkTelephonyComponentFactory ,/system/framework/mediatek-telephony-common.jar
03-17 10:45:45.367163  1841  1841 E TelephonyComponentFactory: StructStatVfs: 4101 ,1
03-17 10:45:45.367232  1841  1841 I TelephonyComponentFactory: Total components injected: 16
03-17 10:45:45.367640  1841  1841 D TDC     : class = class com.mediatek.internal.telephony.MtkTelephonyDevController
03-17 10:45:45.367782  1841  1841 D TDC     : constructor function = public com.mediatek.internal.telephony.MtkTelephonyDevController()
03-17 10:45:45.368196  1841  1841 D TDC     : updateOrInsert: inserting: Modem { uuid=modem, state=0, rilModel=0, rat={}, maxActiveVoiceCall=1, maxActiveDataCall=1, maxStandby=1 }
03-17 10:45:45.368295  1841  1841 D TDC     : updateOrInsert: inserting: Sim { uuid=sim, modemUuid=modem, state=0 }
03-17 10:45:45.368312  1841  1841 D TDC     : MtkTelephonyDevController constructor
03-17 10:45:45.369428  1841  1841 D TelephonyComponentFactory: makeDefaultPhoneNotifier mtk
03-17 10:45:45.373338  1841  1841 D MtkTelephonyRegistryEx: publish: com.mediatek.internal.telephony.MtkTelephonyRegistryEx@b4da228
03-17 10:45:45.380258  1841  1841 D CdmaSSM : subscriptionSource from settings: 0
03-17 10:45:45.380327  1841  1841 I PhoneFactory: Cdma Subscription set to 0
03-17 10:45:45.380483  1841  1841 I PhoneFactory: Network Mode set to 10
03-17 10:45:45.386175  1841  1841 D RILJ    : RIL: init preferredNetworkType=10 cdmaSubscription=0) [SUBnull]
03-17 10:45:45.388272  1841  1841 D RILJ    : Radio HAL version: -1.-1 [SUB0]
03-17 10:45:45.389241  1841  1841 D MtkRILJ : constructor: sub = 0
03-17 10:45:45.399818  1841  1841 D MtkRILJ : getMtkRadioExProxy:Not calling getService(): wifi-only [SUB0]
03-17 10:45:45.399913  1841  1841 D MtkRILJ : getRilOp
03-17 10:45:45.399945  1841  1841 D MtkRILJ : mMtkRilOp init fail, because OM load
03-17 10:45:45.407272  1841  1841 I ImsManager: Creating ImsService
03-17 10:45:45.408635  1841  1841 D SubscriptionManager: [getSubId]- fail
03-17 10:45:45.408999  1841  1841 W CarrierConfigManager: Error getting config for subId -1 ICarrierConfigLoader is null
03-17 10:45:45.409274  1841  1841 D SubscriptionManager: [getSubId]- fail
03-17 10:45:45.409516  1841  1841 D SubscriptionManager: [getSubId]- fail
03-17 10:45:45.409713  1841  1841 W CarrierConfigManager: Error getting config for subId -1 ICarrierConfigLoader is null
03-17 10:45:45.410015  1841  1841 I ImsManager: Creating ImsService
03-17 10:45:45.410796  1841  1841 I ImsManager: Creating ImsService
03-17 10:45:45.415861  1841  1841 D ImsSwitchController: Initialize ImsSwitchController
03-17 10:45:45.416831  1841  1841 D MtkRILJ : getMtkRadioExProxy:Not calling getService(): wifi-only [SUB0]
03-17 10:45:45.425300  1841  2132 I RadioManager: PowerIdleState: enter
03-17 10:45:45.428910  1841  1841 D TelephonyComponentFactory: makeUiccController mtk
03-17 10:45:45.430214  1841  1841 D RadioConfig: class = class com.mediatek.internal.telephony.MtkRadioConfig
03-17 10:45:45.430407  1841  1841 D RadioConfig: constructor function = public com.mediatek.internal.telephony.MtkRadioConfig(android.content.Context)
03-17 10:45:45.438418  1841  1841 D MtkRsuSmlFactory: [RSU-SIMLOCK] mode: 0, policy=0, ci=[Lcom.android.internal.telephony.RIL;@350eebe
03-17 10:45:45.440072  1841  1841 I PhoneFactory: Creating SubscriptionController
03-17 10:45:45.453890  1841  1841 D SubscriptionController: [SubscriptionController] init by Context
03-17 10:45:45.456548  1841  1841 D MtkSubscriptionControllerEx: [MtkSubscriptionControllerEx] init by Context, this = com.mediatek.internal.telephony.MtkSubscriptionControllerEx@fe84e6c
03-17 10:45:45.456632  1841  1841 D MtkSubscriptionControllerEx: [MtkSubscriptionControllerEx] init by Context
03-17 10:45:45.456653  1841  1841 D MtkSubscriptionControllerEx: [MtkSubscriptionControllerEx] sInstance = com.mediatek.internal.telephony.MtkSubscriptionControllerEx@fe84e6c
03-17 10:45:45.456938  1841  1841 I MtkEmbmsAdaptor: construtor 2 parameter is called - start
03-17 10:45:45.457888  1841  1841 I MtkEmbmsAdaptor: construtor is called - end
03-17 10:45:45.458108  1841  1841 D TelephonyComponentFactory: makeMultiSimSettingController mtk
03-17 10:45:45.458332  1841  2140 I MtkEmbmsAdaptor: listenConnection() - start
03-17 10:45:45.479622  1841  1841 D GsmCdmaCallTkr: Reset mWaitForHoldToRedialRequest variables
03-17 10:45:45.479882  1841  1841 D GsmCdmaCallTkr: Reset mWaitForHoldToHangupRequest variables
03-17 10:45:45.480719  1841  1841 D TelephonyComponentFactory: makeIccPhoneBookInterfaceManager mtk
03-17 10:45:45.481895  1841  1841 D SmsDispatchersController: SmsDispatchersController created
03-17 10:45:45.484760  1841  1841 I ImsManager: Creating ImsService
03-17 10:45:45.485938  1841  1841 E ImsSmsDispacher: Failed to get sms format. Error: getSmsFormat()
03-17 10:45:45.486079  1841  1841 D SMSDispatcher: SMSDispatcher: ctor mSmsCapable=false format=unknown mSmsSendDisabled=true
03-17 10:45:45.488090  1841  1841 D MtkImsSmsDispacher: Created!
03-17 10:45:45.490378  1841  1841 D SMSDispatcher: SMSDispatcher: ctor mSmsCapable=false format=3gpp2 mSmsSendDisabled=true
03-17 10:45:45.490630  1841  1841 D CdmaSMSDispatcher: CdmaSMSDispatcher created
03-17 10:45:45.491007  1841  1841 D MtkCdmaSMSDispatcher: MtkCdmaSMSDispatcher created
03-17 10:45:45.499929  1841  1841 D         : created InboundSmsHandler
03-17 10:45:45.500070  1841  1841 D MtkGsmInboundSmsHandler-0: created InboundSmsHandler from MtkGsmInboundSmsHandler
03-17 10:45:45.500234  1841  2143 D MtkGsmInboundSmsHandler-0: entering Startup state
03-17 10:45:45.507581  1841  1841 D         : created InboundSmsHandler
03-17 10:45:45.511446  1841  2145 D MtkCdmaInboundSmsHandler-0: entering Startup state
03-17 10:45:45.513157  1841  1841 D SMSDispatcher: SMSDispatcher: ctor mSmsCapable=false format=3gpp mSmsSendDisabled=true
03-17 10:45:45.513351  1841  1841 D GsmSMSDispatcher: GsmSMSDispatcher created
03-17 10:45:45.513607  1841  1841 D MtkGsmSMSDispatcher: MtkGsmSMSDispatcher created
03-17 10:45:45.513776  1841  1841 D MtkSmsBroadcastUndelivered: Phone 0 call initialize
03-17 10:45:45.516412  1841  1841 D MtkSmsBroadcastUndelivered: Phone 0 register user unlock event
03-17 10:45:45.516667  1841  2143 D MtkGsmInboundSmsHandler-0: StartupState.processMessage:6
03-17 10:45:45.516709  1841  2145 D MtkCdmaInboundSmsHandler-0: StartupState.processMessage:6
03-17 10:45:45.516768  1841  2143 D MtkGsmInboundSmsHandler-0: entering Idle state
03-17 10:45:45.516768  1841  2145 D MtkCdmaInboundSmsHandler-0: entering Idle state
03-17 10:45:45.516807  1841  2145 D MtkCdmaInboundSmsHandler-0: IdleState.processMessage:5
03-17 10:45:45.516812  1841  2143 D MtkGsmInboundSmsHandler-0: IdleState.processMessage:5
03-17 10:45:45.516824  1841  2145 D MtkCdmaInboundSmsHandler-0: Idle state processing message type 5
03-17 10:45:45.516833  1841  2143 D MtkGsmInboundSmsHandler-0: Idle state processing message type 5
03-17 10:45:45.519068  1841  2143 D MtkGsmInboundSmsHandler-0: mWakeLock released
03-17 10:45:45.519329  1841  2145 D MtkCdmaInboundSmsHandler-0: mWakeLock released
03-17 10:45:45.521151  1841  1841 D MtkSmsDispatchersController: MtkSmsDispatchersController created
03-17 10:45:45.525119  1841  1841 D CdmaSSM : subscriptionSource from settings: 0
03-17 10:45:45.525210  1841  1841 D CdmaSSM : cdmaSSM constructor: 0
03-17 10:45:45.527715  1841  1841 D MtkGsmCdmaPhone: [MtkGsmCdmaPhone] Precise phone type 1
03-17 10:45:45.527927  1841  1841 D RILJ    : setPhoneType=1 old value=0 [SUB0]
03-17 10:45:45.553525  1841  1841 D CarrierActionAgent: [0]Creating CarrierActionAgent
03-17 10:45:45.555465  1841  1841 W CarrierConfigManager: Error getting config for subId -1 ICarrierConfigLoader is null
03-17 10:45:45.556801  1841  1841 D TransportManager: operates in legacy mode.
03-17 10:45:45.562486  1841  1841 W CarrierConfigManager: Error getting config for subId -1 ICarrierConfigLoader is null
03-17 10:45:45.563445   994  1421 D TelephonyRegistry: listen oscl: mHasNotifySubscriptionInfoChangedOccurred==false no callback
03-17 10:45:45.564639  1841  1841 D NRM-C   : registerForNetworkRegistrationInfoChanged
03-17 10:45:45.570235  1841  1841 D SST     : handleNetworkCountryCodeUnavailable
03-17 10:45:45.570437  1841  1841 D MtkRILJ : getRilOp
03-17 10:45:45.570490  1841  1841 D MtkRILJ : mMtkRilOp init fail, because OM load
03-17 10:45:45.575160  1841  1841 D MTKSST  : [GsmSST0] notifyVoiceRegStateRilRadioTechnologyChanged: vrs=1 rat=0
03-17 10:45:45.575250  1841  1841 D MTKSST  : [GsmSST0] notifyDataRegStateRilRadioTechnologyChanged: drs=1 rat=0
03-17 10:45:45.577934   994  1421 D TelephonyRegistry: listen oscl: mHasNotifySubscriptionInfoChangedOccurred==false no callback
03-17 10:45:45.578372  1841  1841 D PlusCodeProcessor: getPlusCodeUtils sPlusCodeUtilsInstance=com.mediatek.internal.telephony.cdma.pluscode.DefaultPlusCodeUtils@4a75a2b
03-17 10:45:45.608131  1841  1841 D SST     : updateTimeZoneByNetworkCountryCode: set time lookupResult=CountryResult{zoneId='Asia/Shanghai', allZonesHaveSameOffset=false, whenMillis=1615949145589} iso=cn
03-17 10:45:45.608520  1841  1841 D SST     : setAndBroadcastNetworkSetTimeZone: zoneId=Asia/Shanghai
03-17 10:45:45.627041  1841  1841 D SST     : setAndBroadcastNetworkSetTimeZone: called setDeviceTimeZone() zoneId=Asia/Shanghai
03-17 10:45:45.627108  1841  1841 D SST     : updateTimeZoneFromNetworkCountryCode: no good zone for iso=cn lookupResult=CountryResult{zoneId='Asia/Shanghai', allZonesHaveSameOffset=false, whenMillis=1615949145589}
03-17 10:45:45.627486  1841  1841 W CarrierConfigManager: Error getting config for subId -1 ICarrierConfigLoader is null
03-17 10:45:45.632199  1841  1841 D EmergencyNumberTracker:  emergency database is loaded. 
03-17 10:45:45.634585   994  1007 D TelephonyRegistry: listen oscl: mHasNotifySubscriptionInfoChangedOccurred==false no callback
03-17 10:45:45.642828  1841  1841 D SubscriptionController: Valid row not present in db
03-17 10:45:45.643960  1841  1841 D SubscriptionController: getSubscriptionProperty Query value = null
03-17 10:45:45.646456  1841  1841 D DataEnabledSettings: [0]getDataEnabled during provisioning retVal=false - (false, 0)
03-17 10:45:45.648688  1841  1841 D         : DCT.constructor
03-17 10:45:45.657301   994  1007 D TelephonyRegistry: listen oscl: mHasNotifySubscriptionInfoChangedOccurred==false no callback
03-17 10:45:45.659218  1841  1841 D Dcc-C-Mtk: E ctor
03-17 10:45:45.659497  1841  1841 D Dcc-C-Mtk: X ctor
03-17 10:45:45.667025  1841  1841 D DataService: Data service created
03-17 10:45:45.667446  1841  1841 D MTKSST  : [GsmSST0] notifyDataRegStateRilRadioTechnologyChanged: drs=1 rat=0
03-17 10:45:45.669188  1841  1841 D DCT-C   : [Mtk] registerForAllEvents: mPhone = Handler (com.mediatek.internal.telephony.MtkGsmCdmaPhone) {272897e}
03-17 10:45:45.670635  1841  1841 D RatConfig: getMaxRat: initial  0
03-17 10:45:45.670862  1841  1841 D DCT-C   : update sub = -1
03-17 10:45:45.670923  1841  1841 D DCT-C   : update(): Active DDS, register for all events now!
03-17 10:45:45.672468  1841  1841 D MtkTelephonyManagerEx: getCdmaCardType slotId: 0 result:   mCdmaCardType: UNKNOW_CARD
03-17 10:45:45.672651  1841  1841 D MtkTelephonyManagerEx: getCdmaCardType slotId: 0 result:   mCdmaCardType: UNKNOW_CARD
03-17 10:45:45.672716  1841  1841 D DCT-C   : [Mtk] onUpdateIcc: newIccRecords=null, r=null
03-17 10:45:45.673971  1841  1841 D MtkGsmCdmaPhone: [MtkGsmCdmaPhone] updateCurrentCarrierInProvider: mSubId = -1 currentDds = -1 operatorNumeric = null
03-17 10:45:45.674906  1841  1841 D DCT-C   : [Mtk] initApnContexts: E
03-17 10:45:45.674985  1841  1841 D DCT-C   : initApnContexts: E
03-17 10:45:45.675110  1841  1841 D DCT-C   : initApnContexts: skipping unknown type=1
03-17 10:45:45.675168  1841  1841 D DCT-C   : initApnContexts: skipping unknown type=49
03-17 10:45:45.675205  1841  1841 D DCT-C   : initApnContexts: skipping unknown type=9
03-17 10:45:45.675240  1841  1841 D DCT-C   : initApnContexts: skipping unknown type=13
03-17 10:45:45.675285  1841  1841 D DCT-C   : [Mtk] initApnContexts: skipping unknown type=1
03-17 10:45:45.675320  1841  1841 D DCT-C   : [Mtk] initApnContexts: skipping unknown type=49
03-17 10:45:45.675363  1841  1841 D DCT-C   : [Mtk] initApnContexts: skipping unknown type=9
03-17 10:45:45.675412  1841  1841 D DCT-C   : [Mtk] initApnContexts: skipping unknown type=13
03-17 10:45:45.675743  1841  1841 D DCT-C   : [Mtk] initApnContexts: mPrioritySortedApnContextsEx=[]
03-17 10:45:45.685731  1841  1841 D DCT-C   : Adding emergency APN : [ApnSettingV7] Emergency, 1, , , , null, , null, null, -1, emergency, IPV4V6, IPV4V6, true, 0, true, 0, 0, 0, 0, null, , false, 0, 0, -1, -1
03-17 10:45:45.687243  1841  1841 D DSM-C   : setIwlanDataServiceClassName:com.mediatek.internal.telephony.dataconnection.IwlanDataService
03-17 10:45:45.688019  1841  1841 D TDC     : getModemCount: 1
03-17 10:45:45.688057  1841  1841 D TDC     : getModem: 0
03-17 10:45:45.688072  1841  1841 D TDC     : getModemCount: 1
03-17 10:45:45.688084  1841  1841 D TDC     : getModem: 0
03-17 10:45:45.688291  1841  1841 D DCT-C   : [Mtk] hasOpIaCapability: true
03-17 10:45:45.690111  1841  1841 D DCT-C   : [Mtk] setSscMode: 3
03-17 10:45:45.690181  1841  1841 D MtkRILJ : getMtkRadioExProxy:Not calling getService(): wifi-only [SUB0]
03-17 10:45:45.690262  1841  1841 D CarrierResolver: Creating CarrierResolver[0]
03-17 10:45:45.701305  1841  1841 D MtkDeviceStateMonitor: [phoneId0]Initialize MtkDeviceStateMonitor
03-17 10:45:45.701478  1841  1841 D MTKSST  : [GsmSST0] notifyVoiceRegStateRilRadioTechnologyChanged: vrs=1 rat=0
03-17 10:45:45.706156  1841  1841 I GsmCdmaPhone: [0] updateTtyMode ttyMode=0
03-17 10:45:45.707754  1841  1841 I GsmCdmaPhone: [0] updateUiTtyMode ttyMode=0
03-17 10:45:45.707830  1841  1841 D MtkGsmCdmaPhone: [MtkGsmCdmaPhone] GsmCdmaPhone: constructor: sub = 0
03-17 10:45:45.708115  1841  1841 D MtkGsmCdmaPhone: constructor: sub = 0
03-17 10:45:45.708333  1841  1841 I ImsManager: Creating ImsService
03-17 10:45:45.711948  1841  1841 D SelfActivationDefault: init
03-17 10:45:45.712155  1841  1841 I PhoneFactory: Creating Phone with type = 1 sub = 0
03-17 10:45:45.714142  1841  1841 I PhoneFactory: defaultSmsApplication: NONE
03-17 10:45:45.716027  1841  1841 D TelephonyComponentFactory: Creating NetworkStatusUpdater
03-17 10:45:45.716358  1841  1841 D MTKSST  : [GsmSST0] pollState: modemTriggered=false, mPollingContext=0, RadioState=2, connected=false
03-17 10:45:45.716430  1841  1841 D SST     : handleNetworkCountryCodeUnavailable
03-17 10:45:45.717531  1841  1841 D MtkRILJ : subId=-1 numeric=null desireLongName=true nLac=****ffff
03-17 10:45:45.717666  1841  1841 D MtkRILJ : invalid lac, set 0
03-17 10:45:45.717860  1841  1841 D MtkRILJ : subId=-1 numeric=null desireLongName=false nLac=****ffff
03-17 10:45:45.717888  1841  1841 D MtkRILJ : invalid lac, set 0
03-17 10:45:45.717934  1841  1841 D MTKSST  : [GsmSST0] refreshSpn: null, null, fromPollState=true, mForceBroadcastServiceState=false
03-17 10:45:45.717969  1841  1841 D MTKSST  : [GsmSST0] useDataRegStateForDataOnlyDevice: VoiceRegState=1 DataRegState=1
03-17 10:45:45.718453  1841  1841 D MTKSST  : [GsmSST0] Poll ServiceState done:  oldSS=[{mVoiceRegState=1(OUT_OF_SERVICE), mDataRegState=1(OUT_OF_SERVICE), mChannelNumber=-1, duplexMode()=0, mCellBandwidths=[], mVoiceOperatorAlphaLong=null, mVoiceOperatorAlphaShort=null, mDataOperatorAlphaLong=null, mDataOperatorAlphaShort=null, isManualNetworkSelection=false(automatic), getRilVoiceRadioTechnology=0(Unknown), getRilDataRadioTechnology=0(Unknown), mCssIndicator=unsupported, mNetworkId=-1, mSystemId=-1, mCdmaRoamingIndicator=-1, mCdmaDefaultRoamingIndicator=-1, mIsEmergencyOnly=false, isUsingCarrierAggregation=false, mLteEarfcnRsrpBoost=0, mNetworkRegistrationInfos=[NetworkRegistrationInfo{ domain=CS transportType=WWAN registrationState=UNKNOWN roamingType=NOT_ROAMING accessNetworkTechnology=UNKNOWN rejectCause=0 emergencyEnabled=false availableServices=[] cellIdentity=null voiceSpecificInfo=null dataSpecificInfo=null nrState=NONE}, NetworkRegistrationInfo{ domain=PS transportType=WWAN registrationState=UNKNOWN roamingType=NOT_ROAMING accessNetworkTechnology=UNKNOWN rejectCause=0 emergencyEnabled=false availableServices=[] cellIdentity=null voiceSpecificInfo=null dataSpecificInfo=null nrState=NONE}], mNrFrequencyRange=-1, mOperatorAlphaLongRaw=null, mOperatorAlphaShortRaw=null, mIsIwlanPreferred=false, Ril Voice Regist state=0, Ril Data Regist state=0, mProprietaryDataRadioTechnology=0, VoiceRejectCause=-1, DataRejectCause=-1, IwlanRegState=1, CellularVoiceRegState=1, CellularDataRegState=1, RilCellularDataRegState=0, CellularDataRoamingType=0, CellularDataNetworkType=0}] newSS=[{mVoiceRegState=1(OUT_OF_SERVICE), mDataRegState=1(OUT_OF_SERVICE), mChannelNumber=-1, duplexMode()=0, mCellBandwidths=[], mVoiceOperatorAlphaLong=null, mVoiceOperatorAlphaShort=null, mDataOperatorAlphaLong=null, mDataOperatorAlphaShort=null, isManualNetworkSelection=false(automatic), getRilVoiceRadioTechnology=0(Unknown), getRilDataRadioTechnology=0(Unknown), mCssIndicator=unsupported, mNetworkId=-1, mSystemId=-1, mCdmaRoamingIndicator=-1, mCdmaDefaultRoamingIndicator=-1, mIsEmergencyOnly=false, isUsingCarrierAggregation=false, mLteEarfcnRsrpBoost=0, mNetworkRegistrationInfos=[NetworkRegistrationInfo{ domain=CS transportType=WWAN registrationState=UNKNOWN roamingType=NOT_ROAMING accessNetworkTechnology=UNKNOWN rejectCause=0 emergencyEnabled=false availableServices=[] cellIdentity=null voiceSpecificInfo=null dataSpecificInfo=null nrState=NONE}, NetworkRegistrationInfo{ domain=PS transportType=WWAN registrationState=UNKNOWN roamingType=NOT_ROAMING accessNetworkTechnology=UNKNOWN rejectCause=0 emergencyEnabled=false availableServices=[] cellIdentity=null voiceSpecificInfo=null dataSpecificInfo=null nrState=NONE}], mNrFrequencyRange=-1, mOperatorAlphaLongRaw=null, mOperatorAlphaShortRaw=null, mIsIwlanPreferred=false, Ril Voice Regist state=0, Ril Data Regist state=0, mProprietaryDataRadioTechnology=0, VoiceRejectCause=-1, DataRejectCause=-1, IwlanRegState=1, CellularVoiceRegState=1, CellularDataRegState=1, RilCellularDataRegState=0, CellularDataRoamingType=0, CellularDataNetworkType=0}] oldMaxDataCalls=1 mNewMaxDataCalls=1 oldReasonDataDenied=-1 mNewReasonDataDenied=-1 isImsEccOnly= false
03-17 10:45:45.718716  1841  1841 D MTKSST  : [GsmSST0] pollStateDone: hasRegistered = false hasDeregistered = false hasDataAttached = {1=false} hasDataDetached = {1=false} hasDataRegStateChanged = {1=false} hasRilVoiceRadioTechnologyChanged = false hasRilDataRadioTechnologyChanged = {1=false} hasChanged = false hasVoiceRoamingOn = false hasVoiceRoamingOff = false hasDataRoamingOn =false hasDataRoamingOff = false hasLocationChanged = false has4gHandoff = false hasMultiApnSupport = false hasLostMultiApnSupport = false hasCssIndicatorChanged = false hasNrFrequencyRangeChanged = false hasNrStateChanged = false hasVoiceRoamingTypeChange = false hasDataRoamingTypeChange = false hasAirplaneModeOnlChanged = false hasPlmnChange = false
03-17 10:45:45.720708  1841  1841 D MTKSST  : [GsmSST0] PollStateDone with signal notification, level =0
03-17 10:45:45.720793  1841  1841 I PhoneFactory: Creating SubInfoRecordUpdater 
03-17 10:45:45.722261  1841  1841 D SubscriptionInfoUpdater: Constructor invoked
03-17 10:45:45.775657  1841  1841 D MtkSubscriptionInfoUpdater: MtkSubscriptionInfoUpdater created
03-17 10:45:45.785665  1841  1841 D SuppServManager: Create MtkSuppServManager singleton instance, phones.length = 1
03-17 10:45:45.785740  1841  1841 D SuppServManager: Initialize MtkSuppServManager!
03-17 10:45:45.790489  1841  1841 D MtkRILJ : call registerForCallForwardingInfo, Handler : Handler (com.mediatek.internal.telephony.MtkSuppServHelper) {a01118f}
03-17 10:45:45.793245  1841  1841 D SuppServHelper: [0]MtkSuppServHelper init done.
03-17 10:45:45.793932  1841  1841 I SuppServConf: [0]MtkSuppServConf constructor.
03-17 10:45:45.794048  1841  1841 I SuppServConf: [0]MtkSuppServConf init.
03-17 10:45:45.794200  1841  1841 I SuppServConf: [0]initConfig start.
03-17 10:45:45.794532  1841  1841 I SuppServConf: [0]initConfig end.
03-17 10:45:45.796262  1841  2173 D SuppServConf: [0]handleMessage msg: EVENT_ICC_CHANGED
03-17 10:45:45.796456  1841  2173 D SuppServConf: [0]handleMessage msg: EVENT_INIT
03-17 10:45:45.796543  1841  2173 I SuppServConf: [0]resetConfig start.
03-17 10:45:45.796597  1841  2173 I SuppServConf: [0]resetConfig end.
03-17 10:45:45.796816  1841  1841 D SmartDataSwitch:  is created
03-17 10:45:45.796919  1841  1841 D SmartDataSwitch: registerEvents
03-17 10:45:45.797305  1841  2173 W CarrierConfigManager: Error getting config for subId -1 ICarrierConfigLoader is null
03-17 10:45:45.797373  1841  2173 D SuppServConf: [0]Config is null.
03-17 10:45:45.798041  1841  2173 I SuppServConf: [0]RE_REGISTER_FOR_CF -> bValue: false, sValue: , iValue: -1
03-17 10:45:45.798154  1841  2173 I SuppServConf: [0]IMS_NW_CW -> bValue: false, sValue: , iValue: -1
03-17 10:45:45.798174  1841  2173 I SuppServConf: [0]ENABLE_XCAP_HTTP_RESPONSE_409 -> bValue: false, sValue: , iValue: -1
03-17 10:45:45.798188  1841  2173 I SuppServConf: [0]NEED_CHECK_DATA_ENABLE -> bValue: false, sValue: , iValue: -1
03-17 10:45:45.798206  1841  2173 I SuppServConf: [0]NOT_SUPPORT_XCAP -> bValue: false, sValue: , iValue: -1
03-17 10:45:45.798219  1841  2173 I SuppServConf: [0]NOT_SUPPORT_OCB -> bValue: false, sValue: , iValue: -1
03-17 10:45:45.798232  1841  2173 I SuppServConf: [0]TBCLIR -> bValue: false, sValue: , iValue: -1
03-17 10:45:45.798247  1841  2173 I SuppServConf: [0]NEED_CHECK_IMS_WHEN_ROAMING -> bValue: false, sValue: , iValue: -1
03-17 10:45:45.798262  1841  2173 I SuppServConf: [0]QUERY_CFU_AGAIN_AFTER_SET -> bValue: false, sValue: , iValue: -1
03-17 10:45:45.798276  1841  2173 I SuppServConf: [0]NOT_SUPPORT_CALL_IDENTITY -> bValue: false, sValue: , iValue: -1
03-17 10:45:45.798289  1841  2173 I SuppServConf: [0]TRANSFER_XCAP_404 -> bValue: false, sValue: , iValue: -1
03-17 10:45:45.798302  1841  2173 I SuppServConf: [0]NOT_SUPPORT_WFC_UT -> bValue: false, sValue: , iValue: -1
03-17 10:45:45.798325  1841  2173 I SuppServConf: [0]NEED_CHECK_DATA_ROAMING -> bValue: false, sValue: , iValue: -1
03-17 10:45:45.798340  1841  2173 I SuppServConf: [0]SUPPORT_SAVE_CF_NUMBER -> bValue: false, sValue: , iValue: -1
03-17 10:45:45.798354  1841  2173 I SuppServConf: [0]GSM_UT_SUPPORT -> bValue: false, sValue: , iValue: -1
03-17 10:45:45.805746   994  1006 D TelephonyRegistry: listen oscl: mHasNotifySubscriptionInfoChangedOccurred==false no callback
03-17 10:45:45.806841  1841  1841 D SmartDataSwitchOpExt: init()
03-17 10:45:45.808185  1841  1841 D SmartDataSwitch: init isTemporaryDataServiceSettingOn=false
03-17 10:45:45.808348  1841  1841 D SmartDataSwitch: makeSDSA: X sSDSA =Handler (com.mediatek.internal.telephony.datasub.SmartDataSwitchAssistant) {b6771aa}
03-17 10:45:45.808432  1841  1841 D DcHelper: makeMtkDcHelper: phones.length=1
03-17 10:45:45.808978  1841  1841 D DcHelper: registerEvents
03-17 10:45:45.812468  1841  1841 D DcHelper: registered phone change event.
03-17 10:45:45.812612  1841  1841 D DcHelper: makesMtkDcHelper: X sMtkDcHelper =Handler (com.mediatek.internal.telephony.dataconnection.MtkDcHelper) {ea25d11}
03-17 10:45:45.812926  1841  1841 I PhoneFactory: IMS is not supported on this device, skipping ImsResolver.
03-17 10:45:45.814704   994  1006 D TelephonyRegistry: listen oscl: mHasNotifySubscriptionInfoChangedOccurred==false no callback
03-17 10:45:45.820808   994  1006 D TelephonyRegistry: listen oscl: mHasNotifySubscriptionInfoChangedOccurred==false no callback
03-17 10:45:45.827749  1841  1841 D PhoneSwitcher: PhoneSwitcher started
03-17 10:45:45.831379  1841  1841 D MtkPhoneSwitcher: updateHalCommandToUse
03-17 10:45:45.831546  1841  1841 D MtkPhoneSwitcher: updateHalCommandToUse: The HIDL preferred data not exist, use ALLOW_DATA
03-17 10:45:45.831655  1841  1841 D MtkPhoneSwitcher: updateHalCommandToUse done
03-17 10:45:45.831718  1841  1841 D MtkPhoneSwitcher: getSimLockPolicy:0
03-17 10:45:45.840480  1841  1841 D MtkProxyController: Constructor - Enter, rild mode = 2
03-17 10:45:45.847622   994   994 D TelephonyRegistry: notifyCellLocationForSubscriber: subId=0 cellLocation=Bundle[{cid=-1, lac=-1, psc=-1}]
03-17 10:45:45.856152  1841  1841 D MtkProxyController: Constructor - Exit
03-17 10:45:45.876222   994  1006 D TelephonyRegistry: listen oscl: mHasNotifySubscriptionInfoChangedOccurred==false no callback
03-17 10:45:45.879671  1841  1841 D TelephonyNetworkFactory[0]: Registering NetworkFactory
03-17 10:45:45.882057  1841  1841 D TelephonyComponentFactory: Creating CarrierExpress
03-17 10:45:45.893344  1841  1841 D CallManager: registerPhone(GSM Handler (com.mediatek.internal.telephony.MtkGsmCdmaPhone) {272897e})
03-17 10:45:45.926784   994  1007 D TelephonyRegistry: listen oscl: mHasNotifySubscriptionInfoChangedOccurred==false no callback
03-17 10:45:45.927640  1841  1841 D CallManager: registerForMmiComplete
03-17 10:45:45.931755   994  1007 D TelephonyRegistry: listen oscl: mHasNotifySubscriptionInfoChangedOccurred==false no callback
03-17 10:45:45.958988   994  1086 D TelephonyRegistry: listen oscl: mHasNotifySubscriptionInfoChangedOccurred==false no callback
03-17 10:45:45.973693  1841  2173 D SuppServConf: [0]handleMessage msg: EVENT_ICC_CHANGED
03-17 10:45:45.976412  1841  1841 D MtkGsmCdmaPhone: isPhoneTypeCdmaLte:false, phoneId: 0 isCdmaWithoutLteCard: false mNewVoiceTech: -1
03-17 10:45:45.976705  1841  1841 D GsmCdmaCallTkr: Receives EVENT_RADIO_OFF_OR_NOT_AVAILABLE
03-17 10:45:45.976849  1841  1841 D GsmCdmaCallTracker: [0] update phone state, old=IDLE new=IDLE
03-17 10:45:45.976907  1841  1841 D MtkGsmSMSDispatcher: Wrong phone id event coming, PhoneId: -1
03-17 10:45:45.976949  1841  1841 D MtkGsmSMSDispatcher: Wrong phone id event coming, PhoneId: -1
03-17 10:45:45.976971  1841  1841 D MtkGsmCdmaPhone: [MtkGsmCdmaPhone] Event EVENT_RADIO_OFF_OR_NOT_AVAILABLE Received
03-17 10:45:45.976997  1841  1841 D MtkGsmCdmaPhone: [MtkGsmCdmaPhone] EVENT EVENT_RADIO_STATE_CHANGED
03-17 10:45:45.978311  1841  1841 D MTKSST  : [GsmSST0] EVENT_ICC_CHANGED: SIM absent
03-17 10:45:45.978400  1841  1841 D MTKSST  : [GsmSST0] cancelAllNotifications: mPrevSubId=-1
03-17 10:45:45.984537  1841  1841 D NRM-C   : Trying to bind com.android.phone for transport WWAN
03-17 10:45:45.987422  1841  1841 D MTKSST  : [GsmSST0] handle EVENT_RADIO_STATE_CHANGED
03-17 10:45:45.988687  1841  1841 D MTKSST  : [GsmSST0] pollState: modemTriggered=true, mPollingContext=0, RadioState=2, connected=false
03-17 10:45:45.988844  1841  1841 D SST     : handleNetworkCountryCodeUnavailable
03-17 10:45:45.989435  1841  1841 D MtkRILJ : subId=-1 numeric=null desireLongName=true nLac=****ffff
03-17 10:45:45.989519  1841  1841 D MtkRILJ : invalid lac, set 0
03-17 10:45:45.989685  1841  1841 D MtkRILJ : subId=-1 numeric=null desireLongName=false nLac=****ffff
03-17 10:45:45.989719  1841  1841 D MtkRILJ : invalid lac, set 0
03-17 10:45:45.989771  1841  1841 D MTKSST  : [GsmSST0] refreshSpn: null, null, fromPollState=true, mForceBroadcastServiceState=false
03-17 10:45:45.989808  1841  1841 D MTKSST  : [GsmSST0] useDataRegStateForDataOnlyDevice: VoiceRegState=1 DataRegState=1
03-17 10:45:45.990170  1841  1841 D MTKSST  : [GsmSST0] Poll ServiceState done:  oldSS=[{mVoiceRegState=1(OUT_OF_SERVICE), mDataRegState=1(OUT_OF_SERVICE), mChannelNumber=-1, duplexMode()=0, mCellBandwidths=[], mVoiceOperatorAlphaLong=null, mVoiceOperatorAlphaShort=null, mDataOperatorAlphaLong=null, mDataOperatorAlphaShort=null, isManualNetworkSelection=false(automatic), getRilVoiceRadioTechnology=0(Unknown), getRilDataRadioTechnology=0(Unknown), mCssIndicator=unsupported, mNetworkId=-1, mSystemId=-1, mCdmaRoamingIndicator=-1, mCdmaDefaultRoamingIndicator=-1, mIsEmergencyOnly=false, isUsingCarrierAggregation=false, mLteEarfcnRsrpBoost=0, mNetworkRegistrationInfos=[NetworkRegistrationInfo{ domain=CS transportType=WWAN registrationState=UNKNOWN roamingType=NOT_ROAMING accessNetworkTechnology=UNKNOWN rejectCause=0 emergencyEnabled=false availableServices=[] cellIdentity=null voiceSpecificInfo=null dataSpecificInfo=null nrState=NONE}, NetworkRegistrationInfo{ domain=PS transportType=WWAN registrationState=UNKNOWN roamingType=NOT_ROAMING accessNetworkTechnology=UNKNOWN rejectCause=0 emergencyEnabled=false availableServices=[] cellIdentity=null voiceSpecificInfo=null dataSpecificInfo=null nrState=NONE}], mNrFrequencyRange=-1, mOperatorAlphaLongRaw=null, mOperatorAlphaShortRaw=null, mIsIwlanPreferred=false, Ril Voice Regist state=0, Ril Data Regist state=0, mProprietaryDataRadioTechnology=0, VoiceRejectCause=-1, DataRejectCause=-1, IwlanRegState=1, CellularVoiceRegState=1, CellularDataRegState=1, RilCellularDataRegState=0, CellularDataRoamingType=0, CellularDataNetworkType=0}] newSS=[{mVoiceRegState=1(OUT_OF_SERVICE), mDataRegState=1(OUT_OF_SERVICE), mChannelNumber=-1, duplexMode()=0, mCellBandwidths=[], mVoiceOperatorAlphaLong=null, mVoiceOperatorAlphaShort=null, mDataOperatorAlphaLong=null, mDataOperatorAlphaShort=null, isManualNetworkSelection=false(automatic), getRilVoiceRadioTechnology=0(Unknown), getRilDataRadioTechnology=0(Unknown), mCssIndicator=unsupported, mNetworkId=-1, mSystemId=-1, mCdmaRoamingIndicator=-1, mCdmaDefaultRoamingIndicator=-1, mIsEmergencyOnly=false, isUsingCarrierAggregation=false, mLteEarfcnRsrpBoost=0, mNetworkRegistrationInfos=[NetworkRegistrationInfo{ domain=CS transportType=WWAN registrationState=UNKNOWN roamingType=NOT_ROAMING accessNetworkTechnology=UNKNOWN rejectCause=0 emergencyEnabled=false availableServices=[] cellIdentity=null voiceSpecificInfo=null dataSpecificInfo=null nrState=NONE}, NetworkRegistrationInfo{ domain=PS transportType=WWAN registrationState=UNKNOWN roamingType=NOT_ROAMING accessNetworkTechnology=UNKNOWN rejectCause=0 emergencyEnabled=false availableServices=[] cellIdentity=null voiceSpecificInfo=null dataSpecificInfo=null nrState=NONE}], mNrFrequencyRange=-1, mOperatorAlphaLongRaw=null, mOperatorAlphaShortRaw=null, mIsIwlanPreferred=false, Ril Voice Regist state=0, Ril Data Regist state=0, mProprietaryDataRadioTechnology=0, VoiceRejectCause=-1, DataRejectCause=-1, IwlanRegState=1, CellularVoiceRegState=1, CellularDataRegState=1, RilCellularDataRegState=0, CellularDataRoamingType=0, CellularDataNetworkType=0}] oldMaxDataCalls=1 mNewMaxDataCalls=1 oldReasonDataDenied=-1 mNewReasonDataDenied=-1 isImsEccOnly= false
03-17 10:45:45.990371  1841  1841 D MTKSST  : [GsmSST0] pollStateDone: hasRegistered = false hasDeregistered = false hasDataAttached = {1=false} hasDataDetached = {1=false} hasDataRegStateChanged = {1=false} hasRilVoiceRadioTechnologyChanged = false hasRilDataRadioTechnologyChanged = {1=false} hasChanged = false hasVoiceRoamingOn = false hasVoiceRoamingOff = false hasDataRoamingOn =false hasDataRoamingOff = false hasLocationChanged = false has4gHandoff = false hasMultiApnSupport = false hasLostMultiApnSupport = false hasCssIndicatorChanged = false hasNrFrequencyRangeChanged = false hasNrStateChanged = false hasVoiceRoamingTypeChange = false hasDataRoamingTypeChange = false hasAirplaneModeOnlChanged = false hasPlmnChange = false
03-17 10:45:45.990544  1841  1841 D MTKSST  : [GsmSST0] handle EVENT_RADIO_STATE_CHANGED
03-17 10:45:45.991340  1841  1841 D MTKSST  : [GsmSST0] pollState: modemTriggered=true, mPollingContext=0, RadioState=2, connected=false
03-17 10:45:45.991417  1841  1841 D SST     : handleNetworkCountryCodeUnavailable
03-17 10:45:45.991558  1841  1841 D MtkRILJ : subId=-1 numeric=null desireLongName=true nLac=****ffff
03-17 10:45:45.991588  1841  1841 D MtkRILJ : invalid lac, set 0
03-17 10:45:45.991676  1841  1841 D MtkRILJ : subId=-1 numeric=null desireLongName=false nLac=****ffff
03-17 10:45:45.991711  1841  1841 D MtkRILJ : invalid lac, set 0
03-17 10:45:45.991750  1841  1841 D MTKSST  : [GsmSST0] refreshSpn: null, null, fromPollState=true, mForceBroadcastServiceState=false
03-17 10:45:45.991792  1841  1841 D MTKSST  : [GsmSST0] useDataRegStateForDataOnlyDevice: VoiceRegState=1 DataRegState=1
03-17 10:45:45.992274  1841  1841 D MTKSST  : [GsmSST0] Poll ServiceState done:  oldSS=[{mVoiceRegState=1(OUT_OF_SERVICE), mDataRegState=1(OUT_OF_SERVICE), mChannelNumber=-1, duplexMode()=0, mCellBandwidths=[], mVoiceOperatorAlphaLong=null, mVoiceOperatorAlphaShort=null, mDataOperatorAlphaLong=null, mDataOperatorAlphaShort=null, isManualNetworkSelection=false(automatic), getRilVoiceRadioTechnology=0(Unknown), getRilDataRadioTechnology=0(Unknown), mCssIndicator=unsupported, mNetworkId=-1, mSystemId=-1, mCdmaRoamingIndicator=-1, mCdmaDefaultRoamingIndicator=-1, mIsEmergencyOnly=false, isUsingCarrierAggregation=false, mLteEarfcnRsrpBoost=0, mNetworkRegistrationInfos=[NetworkRegistrationInfo{ domain=CS transportType=WWAN registrationState=UNKNOWN roamingType=NOT_ROAMING accessNetworkTechnology=UNKNOWN rejectCause=0 emergencyEnabled=false availableServices=[] cellIdentity=null voiceSpecificInfo=null dataSpecificInfo=null nrState=NONE}, NetworkRegistrationInfo{ domain=PS transportType=WWAN registrationState=UNKNOWN roamingType=NOT_ROAMING accessNetworkTechnology=UNKNOWN rejectCause=0 emergencyEnabled=false availableServices=[] cellIdentity=null voiceSpecificInfo=null dataSpecificInfo=null nrState=NONE}], mNrFrequencyRange=-1, mOperatorAlphaLongRaw=null, mOperatorAlphaShortRaw=null, mIsIwlanPreferred=false, Ril Voice Regist state=0, Ril Data Regist state=0, mProprietaryDataRadioTechnology=0, VoiceRejectCause=-1, DataRejectCause=-1, IwlanRegState=1, CellularVoiceRegState=1, CellularDataRegState=1, RilCellularDataRegState=0, CellularDataRoamingType=0, CellularDataNetworkType=0}] newSS=[{mVoiceRegState=1(OUT_OF_SERVICE), mDataRegState=1(OUT_OF_SERVICE), mChannelNumber=-1, duplexMode()=0, mCellBandwidths=[], mVoiceOperatorAlphaLong=null, mVoiceOperatorAlphaShort=null, mDataOperatorAlphaLong=null, mDataOperatorAlphaShort=null, isManualNetworkSelection=false(automatic), getRilVoiceRadioTechnology=0(Unknown), getRilDataRadioTechnology=0(Unknown), mCssIndicator=unsupported, mNetworkId=-1, mSystemId=-1, mCdmaRoamingIndicator=-1, mCdmaDefaultRoamingIndicator=-1, mIsEmergencyOnly=false, isUsingCarrierAggregation=false, mLteEarfcnRsrpBoost=0, mNetworkRegistrationInfos=[NetworkRegistrationInfo{ domain=CS transportType=WWAN registrationState=UNKNOWN roamingType=NOT_ROAMING accessNetworkTechnology=UNKNOWN rejectCause=0 emergencyEnabled=false availableServices=[] cellIdentity=null voiceSpecificInfo=null dataSpecificInfo=null nrState=NONE}, NetworkRegistrationInfo{ domain=PS transportType=WWAN registrationState=UNKNOWN roamingType=NOT_ROAMING accessNetworkTechnology=UNKNOWN rejectCause=0 emergencyEnabled=false availableServices=[] cellIdentity=null voiceSpecificInfo=null dataSpecificInfo=null nrState=NONE}], mNrFrequencyRange=-1, mOperatorAlphaLongRaw=null, mOperatorAlphaShortRaw=null, mIsIwlanPreferred=false, Ril Voice Regist state=0, Ril Data Regist state=0, mProprietaryDataRadioTechnology=0, VoiceRejectCause=-1, DataRejectCause=-1, IwlanRegState=1, CellularVoiceRegState=1, CellularDataRegState=1, RilCellularDataRegState=0, CellularDataRoamingType=0, CellularDataNetworkType=0}] oldMaxDataCalls=1 mNewMaxDataCalls=1 oldReasonDataDenied=-1 mNewReasonDataDenied=-1 isImsEccOnly= false
