03-17 11:57:59.269369   570   570 I NVRAM   : MD1 set status: vendor.mtk.md1.status=ready 
03-17 11:57:59.277992   570   570 I NVRAM   : MD1 set status: mtk.md1.status=ready 
03-17 11:57:59.341880  9856  9856 E RILMUXD : 3842:main(): Enter
03-17 11:57:59.344932  9856  9856 E RILMUXD : 3877:main(): ccci_get_node_name unknown, default tablet=/dev/ttyUSB1
03-17 11:57:59.345046  9856  9856 I RILMUXD : 3879:main(): ccci_get_node_name=/dev/ttyUSB1
03-17 11:57:59.345242  9856  9856 E RILMUXD : 3996:main(): /vendor/bin/gsm0710muxd $Rev: 1 $ starting
03-17 11:57:59.345933  9856  9856 E RILMUXD : 3133:open_serial_device(): system-error: 'No such file or directory' (code: 2)
03-17 11:57:59.346044  9856  9856 E RILMUXD : 3468:watchdog(): Could not open serial device and start muxer
03-17 11:57:59.346065  9856  9856 I RILMUXD : 2840:shutdown_devices(): GSM0710_MAX_CHANNELS=64,serial.fd=-1
03-17 11:57:59.346085  9856  9856 I RILMUXD : 4054:main(): Received 0 frames and dropped 0 received frames during the mux-mode
03-17 11:57:59.346098  9856  9856 E RILMUXD : 4056:main(): Terminating Gsm0710Muxd process ...
03-17 11:57:59.346107  9856  9856 E RILMUXD : 4082:main(): /vendor/bin/gsm0710muxd finished
03-17 11:58:00.288374   570   570 I NVRAM   : MD1 set status: vendor.mtk.md1.status=exception 
03-17 11:58:00.298373   570   570 I NVRAM   : MD1 set status: mtk.md1.status=exception 
03-17 11:58:01.782583  1841  1841 D MtkTelephonyAssist: AssistRIL: resetProxyAndRequestList
03-17 11:58:01.784869  1841  1841 E MtkTelephonyAssist: AssistRIL: MtkRadioProxy getService/setResponseFunctions: java.util.NoSuchElementException
03-17 11:58:01.947802  1841  1841 D CapRIL  : resetProxyAndRequestList
03-17 11:58:01.950495  1841  1841 D CapRIL  : MtkRadioProxy getService/setResponseFunctions: java.util.NoSuchElementException
03-17 11:58:05.790533  1841  1841 D MtkTelephonyAssist: AssistRIL: resetProxyAndRequestList
03-17 11:58:05.792378  1841  1841 E MtkTelephonyAssist: AssistRIL: MtkRadioProxy getService/setResponseFunctions: java.util.NoSuchElementException
03-17 11:58:05.951194  1841  1841 D CapRIL  : resetProxyAndRequestList
03-17 11:58:05.953092  1841  1841 D CapRIL  : MtkRadioProxy getService/setResponseFunctions: java.util.NoSuchElementException
03-17 11:58:09.796753  1841  1841 D MtkTelephonyAssist: AssistRIL: resetProxyAndRequestList
03-17 11:58:09.798624  1841  1841 E MtkTelephonyAssist: AssistRIL: MtkRadioProxy getService/setResponseFunctions: java.util.NoSuchElementException
03-17 11:58:09.954251  1841  1841 D CapRIL  : resetProxyAndRequestList
03-17 11:58:09.956549  1841  1841 D CapRIL  : MtkRadioProxy getService/setResponseFunctions: java.util.NoSuchElementException
03-17 11:58:13.738293   570   570 I NVRAM   : MD1 set status: vendor.mtk.md1.status=stop 
03-17 11:58:13.739315   570   570 I NVRAM   : MD1 set status: mtk.md1.status=stop 
03-17 11:58:13.739417   570   570 I NVRAM   : MD1 set status: vendor.mtk.md1.status=reset 
03-17 11:58:13.740869   570   570 I NVRAM   : MD1 set status: mtk.md1.status=reset 
03-17 11:58:13.756306   570   570 I NVRAM   : MD1 set status: vendor.mtk.md1.status=bootup 
03-17 11:58:13.757982   570   570 I NVRAM   : MD1 set status: mtk.md1.status=bootup 
03-17 11:58:13.802891  1841  1841 D MtkTelephonyAssist: AssistRIL: resetProxyAndRequestList
03-17 11:58:13.805322  1841  1841 E MtkTelephonyAssist: AssistRIL: MtkRadioProxy getService/setResponseFunctions: java.util.NoSuchElementException
03-17 11:58:13.957222  1841  1841 D CapRIL  : resetProxyAndRequestList
03-17 11:58:13.958903  1841  1841 D CapRIL  : MtkRadioProxy getService/setResponseFunctions: java.util.NoSuchElementException
03-17 11:58:14.178209   570   570 I NVRAM   : MD1 set status: vendor.mtk.md1.status=ready 
03-17 11:58:14.187168   570   570 I NVRAM   : MD1 set status: mtk.md1.status=ready 
03-17 11:58:14.257216  9923  9923 E RILMUXD : 3842:main(): Enter
03-17 11:58:14.261604  9923  9923 E RILMUXD : 3877:main(): ccci_get_node_name unknown, default tablet=/dev/ttyUSB1
03-17 11:58:14.261674  9923  9923 I RILMUXD : 3879:main(): ccci_get_node_name=/dev/ttyUSB1
03-17 11:58:14.261796  9923  9923 E RILMUXD : 3996:main(): /vendor/bin/gsm0710muxd $Rev: 1 $ starting
03-17 11:58:14.262186  9923  9923 E RILMUXD : 3133:open_serial_device(): system-error: 'No such file or directory' (code: 2)
03-17 11:58:14.262223  9923  9923 E RILMUXD : 3468:watchdog(): Could not open serial device and start muxer
03-17 11:58:14.262237  9923  9923 I RILMUXD : 2840:shutdown_devices(): GSM0710_MAX_CHANNELS=64,serial.fd=-1
03-17 11:58:14.262252  9923  9923 I RILMUXD : 4054:main(): Received 0 frames and dropped 0 received frames during the mux-mode
03-17 11:58:14.262262  9923  9923 E RILMUXD : 4056:main(): Terminating Gsm0710Muxd process ...
03-17 11:58:14.262273  9923  9923 E RILMUXD : 4082:main(): /vendor/bin/gsm0710muxd finished
03-17 11:58:15.193345   570   570 I NVRAM   : MD1 set status: vendor.mtk.md1.status=exception 
03-17 11:58:15.203598   570   570 I NVRAM   : MD1 set status: mtk.md1.status=exception 
03-17 11:58:17.806516  1841  1841 D MtkTelephonyAssist: AssistRIL: resetProxyAndRequestList
03-17 11:58:17.808859  1841  1841 E MtkTelephonyAssist: AssistRIL: MtkRadioProxy getService/setResponseFunctions: java.util.NoSuchElementException
03-17 11:58:17.959420  1841  1841 D CapRIL  : resetProxyAndRequestList
03-17 11:58:17.961302  1841  1841 D CapRIL  : MtkRadioProxy getService/setResponseFunctions: java.util.NoSuchElementException
03-17 11:58:21.813590  1841  1841 D MtkTelephonyAssist: AssistRIL: resetProxyAndRequestList
03-17 11:58:21.816031  1841  1841 E MtkTelephonyAssist: AssistRIL: MtkRadioProxy getService/setResponseFunctions: java.util.NoSuchElementException
03-17 11:58:21.961865  1841  1841 D CapRIL  : resetProxyAndRequestList
03-17 11:58:21.963687  1841  1841 D CapRIL  : MtkRadioProxy getService/setResponseFunctions: java.util.NoSuchElementException
03-17 11:58:25.819342  1841  1841 D MtkTelephonyAssist: AssistRIL: resetProxyAndRequestList
03-17 11:58:25.821275  1841  1841 E MtkTelephonyAssist: AssistRIL: MtkRadioProxy getService/setResponseFunctions: java.util.NoSuchElementException
03-17 11:58:25.964111  1841  1841 D CapRIL  : resetProxyAndRequestList
03-17 11:58:25.966089  1841  1841 D CapRIL  : MtkRadioProxy getService/setResponseFunctions: java.util.NoSuchElementException
03-17 11:58:28.644708   570   570 I NVRAM   : MD1 set status: vendor.mtk.md1.status=stop 
03-17 11:58:28.645473   570   570 I NVRAM   : MD1 set status: mtk.md1.status=stop 
03-17 11:58:28.645550   570   570 I NVRAM   : MD1 set status: vendor.mtk.md1.status=reset 
03-17 11:58:28.646704   570   570 I NVRAM   : MD1 set status: mtk.md1.status=reset 
03-17 11:58:28.661274   570   570 I NVRAM   : MD1 set status: vendor.mtk.md1.status=bootup 
03-17 11:58:28.662619   570   570 I NVRAM   : MD1 set status: mtk.md1.status=bootup 
03-17 11:58:29.117682   570   570 I NVRAM   : MD1 set status: vendor.mtk.md1.status=ready 
03-17 11:58:29.126885   570   570 I NVRAM   : MD1 set status: mtk.md1.status=ready 
03-17 11:58:29.191893  9984  9984 E RILMUXD : 3842:main(): Enter
03-17 11:58:29.194444  9984  9984 E RILMUXD : 3877:main(): ccci_get_node_name unknown, default tablet=/dev/ttyUSB1
03-17 11:58:29.194511  9984  9984 I RILMUXD : 3879:main(): ccci_get_node_name=/dev/ttyUSB1
03-17 11:58:29.194623  9984  9984 E RILMUXD : 3996:main(): /vendor/bin/gsm0710muxd $Rev: 1 $ starting
03-17 11:58:29.194982  9984  9984 E RILMUXD : 3133:open_serial_device(): system-error: 'No such file or directory' (code: 2)
03-17 11:58:29.195018  9984  9984 E RILMUXD : 3468:watchdog(): Could not open serial device and start muxer
03-17 11:58:29.195030  9984  9984 I RILMUXD : 2840:shutdown_devices(): GSM0710_MAX_CHANNELS=64,serial.fd=-1
03-17 11:58:29.195042  9984  9984 I RILMUXD : 4054:main(): Received 0 frames and dropped 0 received frames during the mux-mode
03-17 11:58:29.195054  9984  9984 E RILMUXD : 4056:main(): Terminating Gsm0710Muxd process ...
03-17 11:58:29.195063  9984  9984 E RILMUXD : 4082:main(): /vendor/bin/gsm0710muxd finished
03-17 11:58:29.825773  1841  1841 D MtkTelephonyAssist: AssistRIL: resetProxyAndRequestList
03-17 11:58:29.828423  1841  1841 E MtkTelephonyAssist: AssistRIL: MtkRadioProxy getService/setResponseFunctions: java.util.NoSuchElementException
03-17 11:58:29.967289  1841  1841 D CapRIL  : resetProxyAndRequestList
03-17 11:58:29.970560  1841  1841 D CapRIL  : MtkRadioProxy getService/setResponseFunctions: java.util.NoSuchElementException
03-17 11:58:30.123669   570   570 I NVRAM   : MD1 set status: vendor.mtk.md1.status=exception 
03-17 11:58:30.134132   570   570 I NVRAM   : MD1 set status: mtk.md1.status=exception 
03-17 11:58:33.833399  1841  1841 D MtkTelephonyAssist: AssistRIL: resetProxyAndRequestList
03-17 11:58:33.836328  1841  1841 E MtkTelephonyAssist: AssistRIL: MtkRadioProxy getService/setResponseFunctions: java.util.NoSuchElementException
03-17 11:58:33.971192  1841  1841 D CapRIL  : resetProxyAndRequestList
03-17 11:58:33.973150  1841  1841 D CapRIL  : MtkRadioProxy getService/setResponseFunctions: java.util.NoSuchElementException
03-17 11:58:37.839634  1841  1841 D MtkTelephonyAssist: AssistRIL: resetProxyAndRequestList
03-17 11:58:37.842801  1841  1841 E MtkTelephonyAssist: AssistRIL: MtkRadioProxy getService/setResponseFunctions: java.util.NoSuchElementException
03-17 11:58:37.973584  1841  1841 D CapRIL  : resetProxyAndRequestList
03-17 11:58:37.975777  1841  1841 D CapRIL  : MtkRadioProxy getService/setResponseFunctions: java.util.NoSuchElementException
03-17 11:58:38.949341   681   926 E RPC     : entry g_lowpower_mode
03-17 11:58:41.846533  1841  1841 D MtkTelephonyAssist: AssistRIL: resetProxyAndRequestList
03-17 11:58:41.848469  1841  1841 E MtkTelephonyAssist: AssistRIL: MtkRadioProxy getService/setResponseFunctions: java.util.NoSuchElementException
03-17 11:58:41.975911  1841  1841 D CapRIL  : resetProxyAndRequestList
03-17 11:58:41.977901  1841  1841 D CapRIL  : MtkRadioProxy getService/setResponseFunctions: java.util.NoSuchElementException
03-17 11:58:43.596832   570   570 I NVRAM   : MD1 set status: vendor.mtk.md1.status=stop 
03-17 11:58:43.597895   570   570 I NVRAM   : MD1 set status: mtk.md1.status=stop 
03-17 11:58:43.597995   570   570 I NVRAM   : MD1 set status: vendor.mtk.md1.status=reset 
03-17 11:58:43.599334   570   570 I NVRAM   : MD1 set status: mtk.md1.status=reset 
03-17 11:58:43.615248   570   570 I NVRAM   : MD1 set status: vendor.mtk.md1.status=bootup 
03-17 11:58:43.616636   570   570 I NVRAM   : MD1 set status: mtk.md1.status=bootup 
03-17 11:58:44.021260   681  1064 E RPC     : entry g_lowpower_mode
03-17 11:58:44.069909   570   570 I NVRAM   : MD1 set status: vendor.mtk.md1.status=ready 
03-17 11:58:44.078761   570   570 I NVRAM   : MD1 set status: mtk.md1.status=ready 
03-17 11:58:44.150755 10059 10059 E RILMUXD : 3842:main(): Enter
03-17 11:58:44.154510 10059 10059 E RILMUXD : 3877:main(): ccci_get_node_name unknown, default tablet=/dev/ttyUSB1
03-17 11:58:44.154576 10059 10059 I RILMUXD : 3879:main(): ccci_get_node_name=/dev/ttyUSB1
03-17 11:58:44.154698 10059 10059 E RILMUXD : 3996:main(): /vendor/bin/gsm0710muxd $Rev: 1 $ starting
03-17 11:58:44.155135 10059 10059 E RILMUXD : 3133:open_serial_device(): system-error: 'No such file or directory' (code: 2)
03-17 11:58:44.155169 10059 10059 E RILMUXD : 3468:watchdog(): Could not open serial device and start muxer
03-17 11:58:44.155187 10059 10059 I RILMUXD : 2840:shutdown_devices(): GSM0710_MAX_CHANNELS=64,serial.fd=-1
03-17 11:58:44.155204 10059 10059 I RILMUXD : 4054:main(): Received 0 frames and dropped 0 received frames during the mux-mode
03-17 11:58:44.155217 10059 10059 E RILMUXD : 4056:main(): Terminating Gsm0710Muxd process ...
03-17 11:58:44.155227 10059 10059 E RILMUXD : 4082:main(): /vendor/bin/gsm0710muxd finished
03-17 11:58:45.081496   570   570 I NVRAM   : MD1 set status: vendor.mtk.md1.status=exception 
03-17 11:58:45.092435   570   570 I NVRAM   : MD1 set status: mtk.md1.status=exception 
03-17 11:58:45.852364  1841  1841 D MtkTelephonyAssist: AssistRIL: resetProxyAndRequestList
03-17 11:58:45.854802  1841  1841 E MtkTelephonyAssist: AssistRIL: MtkRadioProxy getService/setResponseFunctions: java.util.NoSuchElementException
03-17 11:58:45.978243  1841  1841 D CapRIL  : resetProxyAndRequestList
03-17 11:58:45.980149  1841  1841 D CapRIL  : MtkRadioProxy getService/setResponseFunctions: java.util.NoSuchElementException
03-17 11:58:49.856159  1841  1841 D MtkTelephonyAssist: AssistRIL: resetProxyAndRequestList
03-17 11:58:49.858839  1841  1841 E MtkTelephonyAssist: AssistRIL: MtkRadioProxy getService/setResponseFunctions: java.util.NoSuchElementException
03-17 11:58:49.980663  1841  1841 D CapRIL  : resetProxyAndRequestList
03-17 11:58:49.982619  1841  1841 D CapRIL  : MtkRadioProxy getService/setResponseFunctions: java.util.NoSuchElementException
03-17 11:58:53.863303  1841  1841 D MtkTelephonyAssist: AssistRIL: resetProxyAndRequestList
03-17 11:58:53.865351  1841  1841 E MtkTelephonyAssist: AssistRIL: MtkRadioProxy getService/setResponseFunctions: java.util.NoSuchElementException
03-17 11:58:53.982774  1841  1841 D CapRIL  : resetProxyAndRequestList
03-17 11:58:53.984635  1841  1841 D CapRIL  : MtkRadioProxy getService/setResponseFunctions: java.util.NoSuchElementException
03-17 11:58:57.870161  1841  1841 D MtkTelephonyAssist: AssistRIL: resetProxyAndRequestList
03-17 11:58:57.872164  1841  1841 E MtkTelephonyAssist: AssistRIL: MtkRadioProxy getService/setResponseFunctions: java.util.NoSuchElementException
03-17 11:58:57.984574  1841  1841 D CapRIL  : resetProxyAndRequestList
03-17 11:58:57.986371  1841  1841 D CapRIL  : MtkRadioProxy getService/setResponseFunctions: java.util.NoSuchElementException
03-17 11:58:58.540631   570   570 I NVRAM   : MD1 set status: vendor.mtk.md1.status=stop 
03-17 11:58:58.541822   570   570 I NVRAM   : MD1 set status: mtk.md1.status=stop 
03-17 11:58:58.541924   570   570 I NVRAM   : MD1 set status: vendor.mtk.md1.status=reset 
03-17 11:58:58.543271   570   570 I NVRAM   : MD1 set status: mtk.md1.status=reset 
03-17 11:58:58.559195   570   570 I NVRAM   : MD1 set status: vendor.mtk.md1.status=bootup 
03-17 11:58:58.560706   570   570 I NVRAM   : MD1 set status: mtk.md1.status=bootup 
03-17 11:58:59.013959   570   570 I NVRAM   : MD1 set status: vendor.mtk.md1.status=ready 
03-17 11:58:59.023179   570   570 I NVRAM   : MD1 set status: mtk.md1.status=ready 
03-17 11:58:59.092907 10119 10119 E RILMUXD : 3842:main(): Enter
03-17 11:58:59.096660 10119 10119 E RILMUXD : 3877:main(): ccci_get_node_name unknown, default tablet=/dev/ttyUSB1
03-17 11:58:59.096743 10119 10119 I RILMUXD : 3879:main(): ccci_get_node_name=/dev/ttyUSB1
03-17 11:58:59.096839 10119 10119 E RILMUXD : 3996:main(): /vendor/bin/gsm0710muxd $Rev: 1 $ starting
03-17 11:58:59.097316 10119 10119 E RILMUXD : 3133:open_serial_device(): system-error: 'No such file or directory' (code: 2)
03-17 11:58:59.097364 10119 10119 E RILMUXD : 3468:watchdog(): Could not open serial device and start muxer
03-17 11:58:59.097377 10119 10119 I RILMUXD : 2840:shutdown_devices(): GSM0710_MAX_CHANNELS=64,serial.fd=-1
03-17 11:58:59.097393 10119 10119 I RILMUXD : 4054:main(): Received 0 frames and dropped 0 received frames during the mux-mode
03-17 11:58:59.097408 10119 10119 E RILMUXD : 4056:main(): Terminating Gsm0710Muxd process ...
03-17 11:58:59.097419 10119 10119 E RILMUXD : 4082:main(): /vendor/bin/gsm0710muxd finished
03-17 11:59:00.021452   570   570 I NVRAM   : MD1 set status: vendor.mtk.md1.status=exception 
03-17 11:59:00.031140   570   570 I NVRAM   : MD1 set status: mtk.md1.status=exception 
03-17 11:59:01.873264  1841  1841 D MtkTelephonyAssist: AssistRIL: resetProxyAndRequestList
03-17 11:59:01.875482  1841  1841 E MtkTelephonyAssist: AssistRIL: MtkRadioProxy getService/setResponseFunctions: java.util.NoSuchElementException
03-17 11:59:01.986888  1841  1841 D CapRIL  : resetProxyAndRequestList
03-17 11:59:01.989478  1841  1841 D CapRIL  : MtkRadioProxy getService/setResponseFunctions: java.util.NoSuchElementException
03-17 11:59:05.879806  1841  1841 D MtkTelephonyAssist: AssistRIL: resetProxyAndRequestList
03-17 11:59:05.882151  1841  1841 E MtkTelephonyAssist: AssistRIL: MtkRadioProxy getService/setResponseFunctions: java.util.NoSuchElementException
03-17 11:59:05.989561  1841  1841 D CapRIL  : resetProxyAndRequestList
03-17 11:59:05.991378  1841  1841 D CapRIL  : MtkRadioProxy getService/setResponseFunctions: java.util.NoSuchElementException
03-17 11:59:09.885595  1841  1841 D MtkTelephonyAssist: AssistRIL: resetProxyAndRequestList
03-17 11:59:09.888346  1841  1841 E MtkTelephonyAssist: AssistRIL: MtkRadioProxy getService/setResponseFunctions: java.util.NoSuchElementException
03-17 11:59:09.992126  1841  1841 D CapRIL  : resetProxyAndRequestList
03-17 11:59:09.994111  1841  1841 D CapRIL  : MtkRadioProxy getService/setResponseFunctions: java.util.NoSuchElementException
03-17 11:59:13.490446   570   570 I NVRAM   : MD1 set status: vendor.mtk.md1.status=stop 
03-17 11:59:13.491647   570   570 I NVRAM   : MD1 set status: mtk.md1.status=stop 
03-17 11:59:13.491750   570   570 I NVRAM   : MD1 set status: vendor.mtk.md1.status=reset 
03-17 11:59:13.493104   570   570 I NVRAM   : MD1 set status: mtk.md1.status=reset 
03-17 11:59:13.508389   570   570 I NVRAM   : MD1 set status: vendor.mtk.md1.status=bootup 
03-17 11:59:13.509990   570   570 I NVRAM   : MD1 set status: mtk.md1.status=bootup 
03-17 11:59:13.889644  1841  1841 D MtkTelephonyAssist: AssistRIL: resetProxyAndRequestList
03-17 11:59:13.891923  1841  1841 E MtkTelephonyAssist: AssistRIL: MtkRadioProxy getService/setResponseFunctions: java.util.NoSuchElementException
03-17 11:59:13.937945   570   570 I NVRAM   : MD1 set status: vendor.mtk.md1.status=ready 
03-17 11:59:13.946624   570   570 I NVRAM   : MD1 set status: mtk.md1.status=ready 
03-17 11:59:13.994413  1841  1841 D CapRIL  : resetProxyAndRequestList
03-17 11:59:13.996667  1841  1841 D CapRIL  : MtkRadioProxy getService/setResponseFunctions: java.util.NoSuchElementException
03-17 11:59:14.019837 10180 10180 E RILMUXD : 3842:main(): Enter
03-17 11:59:14.023785 10180 10180 E RILMUXD : 3877:main(): ccci_get_node_name unknown, default tablet=/dev/ttyUSB1
03-17 11:59:14.023831 10180 10180 I RILMUXD : 3879:main(): ccci_get_node_name=/dev/ttyUSB1
03-17 11:59:14.023929 10180 10180 E RILMUXD : 3996:main(): /vendor/bin/gsm0710muxd $Rev: 1 $ starting
03-17 11:59:14.024311 10180 10180 E RILMUXD : 3133:open_serial_device(): system-error: 'No such file or directory' (code: 2)
03-17 11:59:14.024361 10180 10180 E RILMUXD : 3468:watchdog(): Could not open serial device and start muxer
03-17 11:59:14.024378 10180 10180 I RILMUXD : 2840:shutdown_devices(): GSM0710_MAX_CHANNELS=64,serial.fd=-1
03-17 11:59:14.024396 10180 10180 I RILMUXD : 4054:main(): Received 0 frames and dropped 0 received frames during the mux-mode
03-17 11:59:14.024406 10180 10180 E RILMUXD : 4056:main(): Terminating Gsm0710Muxd process ...
03-17 11:59:14.024416 10180 10180 E RILMUXD : 4082:main(): /vendor/bin/gsm0710muxd finished
03-17 11:59:14.972499   570   570 I NVRAM   : MD1 set status: vendor.mtk.md1.status=exception 
03-17 11:59:14.983129   570   570 I NVRAM   : MD1 set status: mtk.md1.status=exception 
03-17 11:59:17.897774  1841  1841 D MtkTelephonyAssist: AssistRIL: resetProxyAndRequestList
03-17 11:59:17.900353  1841  1841 E MtkTelephonyAssist: AssistRIL: MtkRadioProxy getService/setResponseFunctions: java.util.NoSuchElementException
03-17 11:59:17.997204  1841  1841 D CapRIL  : resetProxyAndRequestList
03-17 11:59:17.998890  1841  1841 D CapRIL  : MtkRadioProxy getService/setResponseFunctions: java.util.NoSuchElementException
03-17 11:59:21.904468  1841  1841 D MtkTelephonyAssist: AssistRIL: resetProxyAndRequestList
03-17 11:59:21.907599  1841  1841 E MtkTelephonyAssist: AssistRIL: MtkRadioProxy getService/setResponseFunctions: java.util.NoSuchElementException
03-17 11:59:22.000403  1841  1841 D CapRIL  : resetProxyAndRequestList
03-17 11:59:22.002269  1841  1841 D CapRIL  : MtkRadioProxy getService/setResponseFunctions: java.util.NoSuchElementException
03-17 11:59:25.909800  1841  1841 D MtkTelephonyAssist: AssistRIL: resetProxyAndRequestList
03-17 11:59:25.911709  1841  1841 E MtkTelephonyAssist: AssistRIL: MtkRadioProxy getService/setResponseFunctions: java.util.NoSuchElementException
03-17 11:59:26.003115  1841  1841 D CapRIL  : resetProxyAndRequestList
03-17 11:59:26.005099  1841  1841 D CapRIL  : MtkRadioProxy getService/setResponseFunctions: java.util.NoSuchElementException
03-17 11:59:28.424043   570   570 I NVRAM   : MD1 set status: vendor.mtk.md1.status=stop 
03-17 11:59:28.425023   570   570 I NVRAM   : MD1 set status: mtk.md1.status=stop 
03-17 11:59:28.425130   570   570 I NVRAM   : MD1 set status: vendor.mtk.md1.status=reset 
03-17 11:59:28.426789   570   570 I NVRAM   : MD1 set status: mtk.md1.status=reset 
03-17 11:59:28.442776   570   570 I NVRAM   : MD1 set status: vendor.mtk.md1.status=bootup 
03-17 11:59:28.444190   570   570 I NVRAM   : MD1 set status: mtk.md1.status=bootup 
03-17 11:59:28.897687   570   570 I NVRAM   : MD1 set status: vendor.mtk.md1.status=ready 
03-17 11:59:28.906676   570   570 I NVRAM   : MD1 set status: mtk.md1.status=ready 
03-17 11:59:28.981465 10239 10239 E RILMUXD : 3842:main(): Enter
03-17 11:59:28.985404 10239 10239 E RILMUXD : 3877:main(): ccci_get_node_name unknown, default tablet=/dev/ttyUSB1
03-17 11:59:28.985466 10239 10239 I RILMUXD : 3879:main(): ccci_get_node_name=/dev/ttyUSB1
03-17 11:59:28.985553 10239 10239 E RILMUXD : 3996:main(): /vendor/bin/gsm0710muxd $Rev: 1 $ starting
03-17 11:59:28.985906 10239 10239 E RILMUXD : 3133:open_serial_device(): system-error: 'No such file or directory' (code: 2)
03-17 11:59:28.985970 10239 10239 E RILMUXD : 3468:watchdog(): Could not open serial device and start muxer
03-17 11:59:28.985987 10239 10239 I RILMUXD : 2840:shutdown_devices(): GSM0710_MAX_CHANNELS=64,serial.fd=-1
03-17 11:59:28.986003 10239 10239 I RILMUXD : 4054:main(): Received 0 frames and dropped 0 received frames during the mux-mode
03-17 11:59:28.986012 10239 10239 E RILMUXD : 4056:main(): Terminating Gsm0710Muxd process ...
03-17 11:59:28.986025 10239 10239 E RILMUXD : 4082:main(): /vendor/bin/gsm0710muxd finished
03-17 11:59:29.909250   570   570 I NVRAM   : MD1 set status: vendor.mtk.md1.status=exception 
03-17 11:59:29.913479  1841  1841 D MtkTelephonyAssist: AssistRIL: resetProxyAndRequestList
03-17 11:59:29.915871  1841  1841 E MtkTelephonyAssist: AssistRIL: MtkRadioProxy getService/setResponseFunctions: java.util.NoSuchElementException
03-17 11:59:29.919526   570   570 I NVRAM   : MD1 set status: mtk.md1.status=exception 
03-17 11:59:30.005578  1841  1841 D CapRIL  : resetProxyAndRequestList
03-17 11:59:30.008215  1841  1841 D CapRIL  : MtkRadioProxy getService/setResponseFunctions: java.util.NoSuchElementException
03-17 11:59:33.917323  1841  1841 D MtkTelephonyAssist: AssistRIL: resetProxyAndRequestList
03-17 11:59:33.919733  1841  1841 E MtkTelephonyAssist: AssistRIL: MtkRadioProxy getService/setResponseFunctions: java.util.NoSuchElementException
03-17 11:59:34.009529  1841  1841 D CapRIL  : resetProxyAndRequestList
03-17 11:59:34.011377  1841  1841 D CapRIL  : MtkRadioProxy getService/setResponseFunctions: java.util.NoSuchElementException
03-17 11:59:37.924203  1841  1841 D MtkTelephonyAssist: AssistRIL: resetProxyAndRequestList
03-17 11:59:37.926256  1841  1841 E MtkTelephonyAssist: AssistRIL: MtkRadioProxy getService/setResponseFunctions: java.util.NoSuchElementException
03-17 11:59:38.011684  1841  1841 D CapRIL  : resetProxyAndRequestList
03-17 11:59:38.014105  1841  1841 D CapRIL  : MtkRadioProxy getService/setResponseFunctions: java.util.NoSuchElementException
03-17 11:59:39.009815   681   926 E RPC     : entry g_lowpower_mode
