03-17 11:51:01.126725  7807  7807 I RILMUXD : 3879:main(): ccci_get_node_name=/dev/ttyUSB1
03-17 11:51:01.127087  7807  7807 E RILMUXD : 3996:main(): /vendor/bin/gsm0710muxd $Rev: 1 $ starting
03-17 11:51:01.127664  7807  7807 E RILMUXD : 3133:open_serial_device(): system-error: 'No such file or directory' (code: 2)
03-17 11:51:01.127696  7807  7807 E RILMUXD : 3468:watchdog(): Could not open serial device and start muxer
03-17 11:51:01.127718  7807  7807 I RILMUXD : 2840:shutdown_devices(): GSM0710_MAX_CHANNELS=64,serial.fd=-1
03-17 11:51:01.127740  7807  7807 I RILMUXD : 4054:main(): Received 0 frames and dropped 0 received frames during the mux-mode
03-17 11:51:01.127752  7807  7807 E RILMUXD : 4056:main(): Terminating Gsm0710Muxd process ...
03-17 11:51:01.127764  7807  7807 E RILMUXD : 4082:main(): /vendor/bin/gsm0710muxd finished
03-17 11:51:01.197581  1841  1841 D MtkTelephonyAssist: AssistRIL: resetProxyAndRequestList
03-17 11:51:01.199540  1841  1841 E MtkTelephonyAssist: AssistRIL: MtkRadioProxy getService/setResponseFunctions: java.util.NoSuchElementException
03-17 11:51:01.653298  1841  1841 D CapRIL  : resetProxyAndRequestList
03-17 11:51:01.655089  1841  1841 D CapRIL  : MtkRadioProxy getService/setResponseFunctions: java.util.NoSuchElementException
03-17 11:51:02.065120   570   570 I NVRAM   : MD1 set status: vendor.mtk.md1.status=exception 
03-17 11:51:02.074729   570   570 I NVRAM   : MD1 set status: mtk.md1.status=exception 
03-17 11:51:05.201366  1841  1841 D MtkTelephonyAssist: AssistRIL: resetProxyAndRequestList
03-17 11:51:05.203608  1841  1841 E MtkTelephonyAssist: AssistRIL: MtkRadioProxy getService/setResponseFunctions: java.util.NoSuchElementException
03-17 11:51:05.656400  1841  1841 D CapRIL  : resetProxyAndRequestList
03-17 11:51:05.658302  1841  1841 D CapRIL  : MtkRadioProxy getService/setResponseFunctions: java.util.NoSuchElementException
03-17 11:51:09.207813  1841  1841 D MtkTelephonyAssist: AssistRIL: resetProxyAndRequestList
03-17 11:51:09.209975  1841  1841 E MtkTelephonyAssist: AssistRIL: MtkRadioProxy getService/setResponseFunctions: java.util.NoSuchElementException
03-17 11:51:09.659254  1841  1841 D CapRIL  : resetProxyAndRequestList
03-17 11:51:09.660931  1841  1841 D CapRIL  : MtkRadioProxy getService/setResponseFunctions: java.util.NoSuchElementException
03-17 11:51:13.214430  1841  1841 D MtkTelephonyAssist: AssistRIL: resetProxyAndRequestList
03-17 11:51:13.216352  1841  1841 E MtkTelephonyAssist: AssistRIL: MtkRadioProxy getService/setResponseFunctions: java.util.NoSuchElementException
03-17 11:51:13.662525  1841  1841 D CapRIL  : resetProxyAndRequestList
03-17 11:51:13.664367  1841  1841 D CapRIL  : MtkRadioProxy getService/setResponseFunctions: java.util.NoSuchElementException
03-17 11:51:15.536914   570   570 I NVRAM   : MD1 set status: vendor.mtk.md1.status=stop 
03-17 11:51:15.538138   570   570 I NVRAM   : MD1 set status: mtk.md1.status=stop 
03-17 11:51:15.538238   570   570 I NVRAM   : MD1 set status: vendor.mtk.md1.status=reset 
03-17 11:51:15.539575   570   570 I NVRAM   : MD1 set status: mtk.md1.status=reset 
03-17 11:51:15.555947   570   570 I NVRAM   : MD1 set status: vendor.mtk.md1.status=bootup 
03-17 11:51:15.557467   570   570 I NVRAM   : MD1 set status: mtk.md1.status=bootup 
03-17 11:51:16.018285   570   570 I NVRAM   : MD1 set status: vendor.mtk.md1.status=ready 
03-17 11:51:16.028363   570   570 I NVRAM   : MD1 set status: mtk.md1.status=ready 
03-17 11:51:16.098062  7873  7873 E RILMUXD : 3842:main(): Enter
03-17 11:51:16.101405  7873  7873 E RILMUXD : 3877:main(): ccci_get_node_name unknown, default tablet=/dev/ttyUSB1
03-17 11:51:16.101504  7873  7873 I RILMUXD : 3879:main(): ccci_get_node_name=/dev/ttyUSB1
03-17 11:51:16.101654  7873  7873 E RILMUXD : 3996:main(): /vendor/bin/gsm0710muxd $Rev: 1 $ starting
03-17 11:51:16.102162  7873  7873 E RILMUXD : 3133:open_serial_device(): system-error: 'No such file or directory' (code: 2)
03-17 11:51:16.102216  7873  7873 E RILMUXD : 3468:watchdog(): Could not open serial device and start muxer
03-17 11:51:16.102235  7873  7873 I RILMUXD : 2840:shutdown_devices(): GSM0710_MAX_CHANNELS=64,serial.fd=-1
03-17 11:51:16.102270  7873  7873 I RILMUXD : 4054:main(): Received 0 frames and dropped 0 received frames during the mux-mode
03-17 11:51:16.102286  7873  7873 E RILMUXD : 4056:main(): Terminating Gsm0710Muxd process ...
03-17 11:51:16.102300  7873  7873 E RILMUXD : 4082:main(): /vendor/bin/gsm0710muxd finished
03-17 11:51:17.023254   570   570 I NVRAM   : MD1 set status: vendor.mtk.md1.status=exception 
03-17 11:51:17.033869   570   570 I NVRAM   : MD1 set status: mtk.md1.status=exception 
03-17 11:51:17.220670  1841  1841 D MtkTelephonyAssist: AssistRIL: resetProxyAndRequestList
03-17 11:51:17.223107  1841  1841 E MtkTelephonyAssist: AssistRIL: MtkRadioProxy getService/setResponseFunctions: java.util.NoSuchElementException
03-17 11:51:17.665240  1841  1841 D CapRIL  : resetProxyAndRequestList
03-17 11:51:17.667093  1841  1841 D CapRIL  : MtkRadioProxy getService/setResponseFunctions: java.util.NoSuchElementException
03-17 11:51:21.227397  1841  1841 D MtkTelephonyAssist: AssistRIL: resetProxyAndRequestList
03-17 11:51:21.229445  1841  1841 E MtkTelephonyAssist: AssistRIL: MtkRadioProxy getService/setResponseFunctions: java.util.NoSuchElementException
03-17 11:51:21.668576  1841  1841 D CapRIL  : resetProxyAndRequestList
03-17 11:51:21.670882  1841  1841 D CapRIL  : MtkRadioProxy getService/setResponseFunctions: java.util.NoSuchElementException
03-17 11:51:25.233510  1841  1841 D MtkTelephonyAssist: AssistRIL: resetProxyAndRequestList
03-17 11:51:25.235475  1841  1841 E MtkTelephonyAssist: AssistRIL: MtkRadioProxy getService/setResponseFunctions: java.util.NoSuchElementException
03-17 11:51:25.672204  1841  1841 D CapRIL  : resetProxyAndRequestList
03-17 11:51:25.674109  1841  1841 D CapRIL  : MtkRadioProxy getService/setResponseFunctions: java.util.NoSuchElementException
03-17 11:51:29.237319  1841  1841 D MtkTelephonyAssist: AssistRIL: resetProxyAndRequestList
03-17 11:51:29.238450  1841  1841 E MtkTelephonyAssist: AssistRIL: MtkRadioProxy getService/setResponseFunctions: java.util.NoSuchElementException
03-17 11:51:29.675111  1841  1841 D CapRIL  : resetProxyAndRequestList
03-17 11:51:29.677115  1841  1841 D CapRIL  : MtkRadioProxy getService/setResponseFunctions: java.util.NoSuchElementException
03-17 11:51:30.494758   570   570 I NVRAM   : MD1 set status: vendor.mtk.md1.status=stop 
03-17 11:51:30.495782   570   570 I NVRAM   : MD1 set status: mtk.md1.status=stop 
03-17 11:51:30.495896   570   570 I NVRAM   : MD1 set status: vendor.mtk.md1.status=reset 
03-17 11:51:30.497971   570   570 I NVRAM   : MD1 set status: mtk.md1.status=reset 
03-17 11:51:30.515883   570   570 I NVRAM   : MD1 set status: vendor.mtk.md1.status=bootup 
03-17 11:51:30.517086   570   570 I NVRAM   : MD1 set status: mtk.md1.status=bootup 
03-17 11:51:30.969721   570   570 I NVRAM   : MD1 set status: vendor.mtk.md1.status=ready 
03-17 11:51:30.977205   570   570 I NVRAM   : MD1 set status: mtk.md1.status=ready 
03-17 11:51:31.037822  7951  7951 E RILMUXD : 3842:main(): Enter
03-17 11:51:31.050829  7951  7951 E RILMUXD : 3877:main(): ccci_get_node_name unknown, default tablet=/dev/ttyUSB1
03-17 11:51:31.050913  7951  7951 I RILMUXD : 3879:main(): ccci_get_node_name=/dev/ttyUSB1
03-17 11:51:31.051060  7951  7951 E RILMUXD : 3996:main(): /vendor/bin/gsm0710muxd $Rev: 1 $ starting
03-17 11:51:31.051491  7951  7951 E RILMUXD : 3133:open_serial_device(): system-error: 'No such file or directory' (code: 2)
03-17 11:51:31.051540  7951  7951 E RILMUXD : 3468:watchdog(): Could not open serial device and start muxer
03-17 11:51:31.051556  7951  7951 I RILMUXD : 2840:shutdown_devices(): GSM0710_MAX_CHANNELS=64,serial.fd=-1
03-17 11:51:31.051577  7951  7951 I RILMUXD : 4054:main(): Received 0 frames and dropped 0 received frames during the mux-mode
03-17 11:51:31.051589  7951  7951 E RILMUXD : 4056:main(): Terminating Gsm0710Muxd process ...
03-17 11:51:31.051602  7951  7951 E RILMUXD : 4082:main(): /vendor/bin/gsm0710muxd finished
03-17 11:51:31.989628   570   570 I NVRAM   : MD1 set status: vendor.mtk.md1.status=exception 
03-17 11:51:31.999811   570   570 I NVRAM   : MD1 set status: mtk.md1.status=exception 
03-17 11:51:33.241239  1841  1841 D MtkTelephonyAssist: AssistRIL: resetProxyAndRequestList
03-17 11:51:33.243477  1841  1841 E MtkTelephonyAssist: AssistRIL: MtkRadioProxy getService/setResponseFunctions: java.util.NoSuchElementException
03-17 11:51:33.678240  1841  1841 D CapRIL  : resetProxyAndRequestList
03-17 11:51:33.680104  1841  1841 D CapRIL  : MtkRadioProxy getService/setResponseFunctions: java.util.NoSuchElementException
03-17 11:51:37.247079  1841  1841 D MtkTelephonyAssist: AssistRIL: resetProxyAndRequestList
03-17 11:51:37.249210  1841  1841 E MtkTelephonyAssist: AssistRIL: MtkRadioProxy getService/setResponseFunctions: java.util.NoSuchElementException
03-17 11:51:37.681243  1841  1841 D CapRIL  : resetProxyAndRequestList
03-17 11:51:37.683142  1841  1841 D CapRIL  : MtkRadioProxy getService/setResponseFunctions: java.util.NoSuchElementException
03-17 11:51:38.637472   681   926 E RPC     : entry g_lowpower_mode
03-17 11:51:41.253179  1841  1841 D MtkTelephonyAssist: AssistRIL: resetProxyAndRequestList
03-17 11:51:41.255243  1841  1841 E MtkTelephonyAssist: AssistRIL: MtkRadioProxy getService/setResponseFunctions: java.util.NoSuchElementException
03-17 11:51:41.684310  1841  1841 D CapRIL  : resetProxyAndRequestList
03-17 11:51:41.686219  1841  1841 D CapRIL  : MtkRadioProxy getService/setResponseFunctions: java.util.NoSuchElementException
03-17 11:51:43.726035   681  1064 E RPC     : entry g_lowpower_mode
03-17 11:51:45.259534  1841  1841 D MtkTelephonyAssist: AssistRIL: resetProxyAndRequestList
03-17 11:51:45.261522  1841  1841 E MtkTelephonyAssist: AssistRIL: MtkRadioProxy getService/setResponseFunctions: java.util.NoSuchElementException
03-17 11:51:45.450114   570   570 I NVRAM   : MD1 set status: vendor.mtk.md1.status=stop 
03-17 11:51:45.451037   570   570 I NVRAM   : MD1 set status: mtk.md1.status=stop 
03-17 11:51:45.451136   570   570 I NVRAM   : MD1 set status: vendor.mtk.md1.status=reset 
03-17 11:51:45.452400   570   570 I NVRAM   : MD1 set status: mtk.md1.status=reset 
03-17 11:51:45.466729   570   570 I NVRAM   : MD1 set status: vendor.mtk.md1.status=bootup 
03-17 11:51:45.468153   570   570 I NVRAM   : MD1 set status: mtk.md1.status=bootup 
03-17 11:51:45.687240  1841  1841 D CapRIL  : resetProxyAndRequestList
03-17 11:51:45.688820  1841  1841 D CapRIL  : MtkRadioProxy getService/setResponseFunctions: java.util.NoSuchElementException
03-17 11:51:45.929557   570   570 I NVRAM   : MD1 set status: vendor.mtk.md1.status=ready 
03-17 11:51:45.939072   570   570 I NVRAM   : MD1 set status: mtk.md1.status=ready 
03-17 11:51:46.012602  8022  8022 E RILMUXD : 3842:main(): Enter
03-17 11:51:46.016886  8022  8022 E RILMUXD : 3877:main(): ccci_get_node_name unknown, default tablet=/dev/ttyUSB1
03-17 11:51:46.017012  8022  8022 I RILMUXD : 3879:main(): ccci_get_node_name=/dev/ttyUSB1
03-17 11:51:46.017170  8022  8022 E RILMUXD : 3996:main(): /vendor/bin/gsm0710muxd $Rev: 1 $ starting
03-17 11:51:46.017549  8022  8022 E RILMUXD : 3133:open_serial_device(): system-error: 'No such file or directory' (code: 2)
03-17 11:51:46.017575  8022  8022 E RILMUXD : 3468:watchdog(): Could not open serial device and start muxer
03-17 11:51:46.017588  8022  8022 I RILMUXD : 2840:shutdown_devices(): GSM0710_MAX_CHANNELS=64,serial.fd=-1
03-17 11:51:46.017601  8022  8022 I RILMUXD : 4054:main(): Received 0 frames and dropped 0 received frames during the mux-mode
03-17 11:51:46.017611  8022  8022 E RILMUXD : 4056:main(): Terminating Gsm0710Muxd process ...
03-17 11:51:46.017620  8022  8022 E RILMUXD : 4082:main(): /vendor/bin/gsm0710muxd finished
03-17 11:51:46.935781   570   570 I NVRAM   : MD1 set status: vendor.mtk.md1.status=exception 
03-17 11:51:46.946320   570   570 I NVRAM   : MD1 set status: mtk.md1.status=exception 
03-17 11:51:49.265226  1841  1841 D MtkTelephonyAssist: AssistRIL: resetProxyAndRequestList
03-17 11:51:49.267408  1841  1841 E MtkTelephonyAssist: AssistRIL: MtkRadioProxy getService/setResponseFunctions: java.util.NoSuchElementException
03-17 11:51:49.689125  1841  1841 D CapRIL  : resetProxyAndRequestList
03-17 11:51:49.691199  1841  1841 D CapRIL  : MtkRadioProxy getService/setResponseFunctions: java.util.NoSuchElementException
03-17 11:51:53.271229  1841  1841 D MtkTelephonyAssist: AssistRIL: resetProxyAndRequestList
03-17 11:51:53.272380  1841  1841 E MtkTelephonyAssist: AssistRIL: MtkRadioProxy getService/setResponseFunctions: java.util.NoSuchElementException
03-17 11:51:53.692175  1841  1841 D CapRIL  : resetProxyAndRequestList
03-17 11:51:53.693327  1841  1841 D CapRIL  : MtkRadioProxy getService/setResponseFunctions: java.util.NoSuchElementException
03-17 11:51:57.276761  1841  1841 D MtkTelephonyAssist: AssistRIL: resetProxyAndRequestList
03-17 11:51:57.278437  1841  1841 E MtkTelephonyAssist: AssistRIL: MtkRadioProxy getService/setResponseFunctions: java.util.NoSuchElementException
03-17 11:51:57.694117  1841  1841 D CapRIL  : resetProxyAndRequestList
03-17 11:51:57.696010  1841  1841 D CapRIL  : MtkRadioProxy getService/setResponseFunctions: java.util.NoSuchElementException
03-17 11:52:00.407883   570   570 I NVRAM   : MD1 set status: vendor.mtk.md1.status=stop 
03-17 11:52:00.408702   570   570 I NVRAM   : MD1 set status: mtk.md1.status=stop 
03-17 11:52:00.408802   570   570 I NVRAM   : MD1 set status: vendor.mtk.md1.status=reset 
03-17 11:52:00.410026   570   570 I NVRAM   : MD1 set status: mtk.md1.status=reset 
03-17 11:52:00.420900   570   570 I NVRAM   : MD1 set status: vendor.mtk.md1.status=bootup 
03-17 11:52:00.422136   570   570 I NVRAM   : MD1 set status: mtk.md1.status=bootup 
03-17 11:52:00.821936   570   570 I NVRAM   : MD1 set status: vendor.mtk.md1.status=ready 
03-17 11:52:00.829645   570   570 I NVRAM   : MD1 set status: mtk.md1.status=ready 
03-17 11:52:00.883299  8131  8131 E RILMUXD : 3842:main(): Enter
03-17 11:52:00.886566  8131  8131 E RILMUXD : 3877:main(): ccci_get_node_name unknown, default tablet=/dev/ttyUSB1
03-17 11:52:00.886644  8131  8131 I RILMUXD : 3879:main(): ccci_get_node_name=/dev/ttyUSB1
03-17 11:52:00.886769  8131  8131 E RILMUXD : 3996:main(): /vendor/bin/gsm0710muxd $Rev: 1 $ starting
03-17 11:52:00.887276  8131  8131 E RILMUXD : 3133:open_serial_device(): system-error: 'No such file or directory' (code: 2)
03-17 11:52:00.887318  8131  8131 E RILMUXD : 3468:watchdog(): Could not open serial device and start muxer
03-17 11:52:00.887331  8131  8131 I RILMUXD : 2840:shutdown_devices(): GSM0710_MAX_CHANNELS=64,serial.fd=-1
03-17 11:52:00.887345  8131  8131 I RILMUXD : 4054:main(): Received 0 frames and dropped 0 received frames during the mux-mode
03-17 11:52:00.887355  8131  8131 E RILMUXD : 4056:main(): Terminating Gsm0710Muxd process ...
03-17 11:52:00.887363  8131  8131 E RILMUXD : 4082:main(): /vendor/bin/gsm0710muxd finished
03-17 11:52:01.282526  1841  1841 D MtkTelephonyAssist: AssistRIL: resetProxyAndRequestList
03-17 11:52:01.285384  1841  1841 E MtkTelephonyAssist: AssistRIL: MtkRadioProxy getService/setResponseFunctions: java.util.NoSuchElementException
03-17 11:52:01.697674  1841  1841 D CapRIL  : resetProxyAndRequestList
03-17 11:52:01.699597  1841  1841 D CapRIL  : MtkRadioProxy getService/setResponseFunctions: java.util.NoSuchElementException
03-17 11:52:01.849038   570   570 I NVRAM   : MD1 set status: vendor.mtk.md1.status=exception 
03-17 11:52:01.859082   570   570 I NVRAM   : MD1 set status: mtk.md1.status=exception 
03-17 11:52:05.288225  1841  1841 D MtkTelephonyAssist: AssistRIL: resetProxyAndRequestList
03-17 11:52:05.289985  1841  1841 E MtkTelephonyAssist: AssistRIL: MtkRadioProxy getService/setResponseFunctions: java.util.NoSuchElementException
03-17 11:52:05.699566  1841  1841 D CapRIL  : resetProxyAndRequestList
03-17 11:52:05.700595  1841  1841 D CapRIL  : MtkRadioProxy getService/setResponseFunctions: java.util.NoSuchElementException
03-17 11:52:09.294466  1841  1841 D MtkTelephonyAssist: AssistRIL: resetProxyAndRequestList
03-17 11:52:09.295822  1841  1841 E MtkTelephonyAssist: AssistRIL: MtkRadioProxy getService/setResponseFunctions: java.util.NoSuchElementException
03-17 11:52:09.701420  1841  1841 D CapRIL  : resetProxyAndRequestList
03-17 11:52:09.702345  1841  1841 D CapRIL  : MtkRadioProxy getService/setResponseFunctions: java.util.NoSuchElementException
03-17 11:52:13.296463  1841  1841 D MtkTelephonyAssist: AssistRIL: resetProxyAndRequestList
03-17 11:52:13.298718  1841  1841 E MtkTelephonyAssist: AssistRIL: MtkRadioProxy getService/setResponseFunctions: java.util.NoSuchElementException
03-17 11:52:13.703621  1841  1841 D CapRIL  : resetProxyAndRequestList
03-17 11:52:13.705599  1841  1841 D CapRIL  : MtkRadioProxy getService/setResponseFunctions: java.util.NoSuchElementException
03-17 11:52:15.305568   570   570 I NVRAM   : MD1 set status: vendor.mtk.md1.status=stop 
03-17 11:52:15.306470   570   570 I NVRAM   : MD1 set status: mtk.md1.status=stop 
03-17 11:52:15.306548   570   570 I NVRAM   : MD1 set status: vendor.mtk.md1.status=reset 
03-17 11:52:15.307544   570   570 I NVRAM   : MD1 set status: mtk.md1.status=reset 
03-17 11:52:15.320238   570   570 I NVRAM   : MD1 set status: vendor.mtk.md1.status=bootup 
03-17 11:52:15.321414   570   570 I NVRAM   : MD1 set status: mtk.md1.status=bootup 
03-17 11:52:15.774058   570   570 I NVRAM   : MD1 set status: vendor.mtk.md1.status=ready 
03-17 11:52:15.781399   570   570 I NVRAM   : MD1 set status: mtk.md1.status=ready 
03-17 11:52:15.832249  8231  8231 E RILMUXD : 3842:main(): Enter
03-17 11:52:15.834795  8231  8231 E RILMUXD : 3877:main(): ccci_get_node_name unknown, default tablet=/dev/ttyUSB1
03-17 11:52:15.834815  8231  8231 I RILMUXD : 3879:main(): ccci_get_node_name=/dev/ttyUSB1
03-17 11:52:15.834915  8231  8231 E RILMUXD : 3996:main(): /vendor/bin/gsm0710muxd $Rev: 1 $ starting
03-17 11:52:15.835283  8231  8231 E RILMUXD : 3133:open_serial_device(): system-error: 'No such file or directory' (code: 2)
03-17 11:52:15.835307  8231  8231 E RILMUXD : 3468:watchdog(): Could not open serial device and start muxer
03-17 11:52:15.835322  8231  8231 I RILMUXD : 2840:shutdown_devices(): GSM0710_MAX_CHANNELS=64,serial.fd=-1
03-17 11:52:15.835336  8231  8231 I RILMUXD : 4054:main(): Received 0 frames and dropped 0 received frames during the mux-mode
03-17 11:52:15.835345  8231  8231 E RILMUXD : 4056:main(): Terminating Gsm0710Muxd process ...
03-17 11:52:15.835354  8231  8231 E RILMUXD : 4082:main(): /vendor/bin/gsm0710muxd finished
03-17 11:52:16.778272   570   570 I NVRAM   : MD1 set status: vendor.mtk.md1.status=exception 
03-17 11:52:16.787790   570   570 I NVRAM   : MD1 set status: mtk.md1.status=exception 
03-17 11:52:17.303266  1841  1841 D MtkTelephonyAssist: AssistRIL: resetProxyAndRequestList
03-17 11:52:17.305729  1841  1841 E MtkTelephonyAssist: AssistRIL: MtkRadioProxy getService/setResponseFunctions: java.util.NoSuchElementException
03-17 11:52:17.706743  1841  1841 D CapRIL  : resetProxyAndRequestList
03-17 11:52:17.709333  1841  1841 D CapRIL  : MtkRadioProxy getService/setResponseFunctions: java.util.NoSuchElementException
03-17 11:52:21.309430  1841  1841 D MtkTelephonyAssist: AssistRIL: resetProxyAndRequestList
03-17 11:52:21.311272  1841  1841 E MtkTelephonyAssist: AssistRIL: MtkRadioProxy getService/setResponseFunctions: java.util.NoSuchElementException
03-17 11:52:21.709976  1841  1841 D CapRIL  : resetProxyAndRequestList
03-17 11:52:21.711846  1841  1841 D CapRIL  : MtkRadioProxy getService/setResponseFunctions: java.util.NoSuchElementException
03-17 11:52:25.314826  1841  1841 D MtkTelephonyAssist: AssistRIL: resetProxyAndRequestList
03-17 11:52:25.316451  1841  1841 E MtkTelephonyAssist: AssistRIL: MtkRadioProxy getService/setResponseFunctions: java.util.NoSuchElementException
03-17 11:52:25.712223  1841  1841 D CapRIL  : resetProxyAndRequestList
03-17 11:52:25.714500  1841  1841 D CapRIL  : MtkRadioProxy getService/setResponseFunctions: java.util.NoSuchElementException
03-17 11:52:29.317264  1841  1841 D MtkTelephonyAssist: AssistRIL: resetProxyAndRequestList
03-17 11:52:29.318494  1841  1841 E MtkTelephonyAssist: AssistRIL: MtkRadioProxy getService/setResponseFunctions: java.util.NoSuchElementException
03-17 11:52:29.715493  1841  1841 D CapRIL  : resetProxyAndRequestList
03-17 11:52:29.717103  1841  1841 D CapRIL  : MtkRadioProxy getService/setResponseFunctions: java.util.NoSuchElementException
03-17 11:52:30.204548   570   570 I NVRAM   : MD1 set status: vendor.mtk.md1.status=stop 
03-17 11:52:30.205823   570   570 I NVRAM   : MD1 set status: mtk.md1.status=stop 
03-17 11:52:30.205913   570   570 I NVRAM   : MD1 set status: vendor.mtk.md1.status=reset 
03-17 11:52:30.206944   570   570 I NVRAM   : MD1 set status: mtk.md1.status=reset 
03-17 11:52:30.219660   570   570 I NVRAM   : MD1 set status: vendor.mtk.md1.status=bootup 
03-17 11:52:30.220912   570   570 I NVRAM   : MD1 set status: mtk.md1.status=bootup 
03-17 11:52:30.641986   570   570 I NVRAM   : MD1 set status: vendor.mtk.md1.status=ready 
03-17 11:52:30.649058   570   570 I NVRAM   : MD1 set status: mtk.md1.status=ready 
03-17 11:52:30.704436  8290  8290 E RILMUXD : 3842:main(): Enter
03-17 11:52:30.707223  8290  8290 E RILMUXD : 3877:main(): ccci_get_node_name unknown, default tablet=/dev/ttyUSB1
03-17 11:52:30.707267  8290  8290 I RILMUXD : 3879:main(): ccci_get_node_name=/dev/ttyUSB1
03-17 11:52:30.707383  8290  8290 E RILMUXD : 3996:main(): /vendor/bin/gsm0710muxd $Rev: 1 $ starting
03-17 11:52:30.707735  8290  8290 E RILMUXD : 3133:open_serial_device(): system-error: 'No such file or directory' (code: 2)
03-17 11:52:30.707764  8290  8290 E RILMUXD : 3468:watchdog(): Could not open serial device and start muxer
03-17 11:52:30.707785  8290  8290 I RILMUXD : 2840:shutdown_devices(): GSM0710_MAX_CHANNELS=64,serial.fd=-1
03-17 11:52:30.707799  8290  8290 I RILMUXD : 4054:main(): Received 0 frames and dropped 0 received frames during the mux-mode
03-17 11:52:30.707809  8290  8290 E RILMUXD : 4056:main(): Terminating Gsm0710Muxd process ...
03-17 11:52:30.707818  8290  8290 E RILMUXD : 4082:main(): /vendor/bin/gsm0710muxd finished
03-17 11:52:31.654265   570   570 I NVRAM   : MD1 set status: vendor.mtk.md1.status=exception 
03-17 11:52:31.663510   570   570 I NVRAM   : MD1 set status: mtk.md1.status=exception 
03-17 11:52:33.322440  1841  1841 D MtkTelephonyAssist: AssistRIL: resetProxyAndRequestList
03-17 11:52:33.324411  1841  1841 E MtkTelephonyAssist: AssistRIL: MtkRadioProxy getService/setResponseFunctions: java.util.NoSuchElementException
03-17 11:52:33.718217  1841  1841 D CapRIL  : resetProxyAndRequestList
03-17 11:52:33.719628  1841  1841 D CapRIL  : MtkRadioProxy getService/setResponseFunctions: java.util.NoSuchElementException
03-17 11:52:37.325636  1841  1841 D MtkTelephonyAssist: AssistRIL: resetProxyAndRequestList
03-17 11:52:37.327334  1841  1841 E MtkTelephonyAssist: AssistRIL: MtkRadioProxy getService/setResponseFunctions: java.util.NoSuchElementException
03-17 11:52:37.720216  1841  1841 D CapRIL  : resetProxyAndRequestList
03-17 11:52:37.721914  1841  1841 D CapRIL  : MtkRadioProxy getService/setResponseFunctions: java.util.NoSuchElementException
03-17 11:52:38.644280   681   926 E RPC     : entry g_lowpower_mode
03-17 11:52:41.329188  1841  1841 D MtkTelephonyAssist: AssistRIL: resetProxyAndRequestList
03-17 11:52:41.331172  1841  1841 E MtkTelephonyAssist: AssistRIL: MtkRadioProxy getService/setResponseFunctions: java.util.NoSuchElementException
03-17 11:52:41.722876  1841  1841 D CapRIL  : resetProxyAndRequestList
03-17 11:52:41.724649  1841  1841 D CapRIL  : MtkRadioProxy getService/setResponseFunctions: java.util.NoSuchElementException
03-17 11:52:43.775986   681  1064 E RPC     : entry g_lowpower_mode
03-17 11:52:45.090843   570   570 I NVRAM   : MD1 set status: vendor.mtk.md1.status=stop 
03-17 11:52:45.091637   570   570 I NVRAM   : MD1 set status: mtk.md1.status=stop 
03-17 11:52:45.091741   570   570 I NVRAM   : MD1 set status: vendor.mtk.md1.status=reset 
03-17 11:52:45.093505   570   570 I NVRAM   : MD1 set status: mtk.md1.status=reset 
03-17 11:52:45.108551   570   570 I NVRAM   : MD1 set status: vendor.mtk.md1.status=bootup 
03-17 11:52:45.110159   570   570 I NVRAM   : MD1 set status: mtk.md1.status=bootup 
03-17 11:52:45.336050  1841  1841 D MtkTelephonyAssist: AssistRIL: resetProxyAndRequestList
03-17 11:52:45.338076  1841  1841 E MtkTelephonyAssist: AssistRIL: MtkRadioProxy getService/setResponseFunctions: java.util.NoSuchElementException
03-17 11:52:45.566191   570   570 I NVRAM   : MD1 set status: vendor.mtk.md1.status=ready 
03-17 11:52:45.575281   570   570 I NVRAM   : MD1 set status: mtk.md1.status=ready 
03-17 11:52:45.648210  8365  8365 E RILMUXD : 3842:main(): Enter
03-17 11:52:45.651545  8365  8365 E RILMUXD : 3877:main(): ccci_get_node_name unknown, default tablet=/dev/ttyUSB1
03-17 11:52:45.651624  8365  8365 I RILMUXD : 3879:main(): ccci_get_node_name=/dev/ttyUSB1
03-17 11:52:45.651740  8365  8365 E RILMUXD : 3996:main(): /vendor/bin/gsm0710muxd $Rev: 1 $ starting
03-17 11:52:45.652076  8365  8365 E RILMUXD : 3133:open_serial_device(): system-error: 'No such file or directory' (code: 2)
03-17 11:52:45.652119  8365  8365 E RILMUXD : 3468:watchdog(): Could not open serial device and start muxer
03-17 11:52:45.652130  8365  8365 I RILMUXD : 2840:shutdown_devices(): GSM0710_MAX_CHANNELS=64,serial.fd=-1
03-17 11:52:45.652144  8365  8365 I RILMUXD : 4054:main(): Received 0 frames and dropped 0 received frames during the mux-mode
03-17 11:52:45.652155  8365  8365 E RILMUXD : 4056:main(): Terminating Gsm0710Muxd process ...
03-17 11:52:45.652164  8365  8365 E RILMUXD : 4082:main(): /vendor/bin/gsm0710muxd finished
03-17 11:52:45.724882  1841  1841 D CapRIL  : resetProxyAndRequestList
03-17 11:52:45.727066  1841  1841 D CapRIL  : MtkRadioProxy getService/setResponseFunctions: java.util.NoSuchElementException
03-17 11:52:46.572827   570   570 I NVRAM   : MD1 set status: vendor.mtk.md1.status=exception 
03-17 11:52:46.574990   570   570 I NVRAM   : MD1 set status: mtk.md1.status=exception 
03-17 11:52:49.342741  1841  1841 D MtkTelephonyAssist: AssistRIL: resetProxyAndRequestList
03-17 11:52:49.344674  1841  1841 E MtkTelephonyAssist: AssistRIL: MtkRadioProxy getService/setResponseFunctions: java.util.NoSuchElementException
03-17 11:52:49.728461  1841  1841 D CapRIL  : resetProxyAndRequestList
03-17 11:52:49.730198  1841  1841 D CapRIL  : MtkRadioProxy getService/setResponseFunctions: java.util.NoSuchElementException
03-17 11:52:53.348710  1841  1841 D MtkTelephonyAssist: AssistRIL: resetProxyAndRequestList
03-17 11:52:53.350785  1841  1841 E MtkTelephonyAssist: AssistRIL: MtkRadioProxy getService/setResponseFunctions: java.util.NoSuchElementException
03-17 11:52:53.731480  1841  1841 D CapRIL  : resetProxyAndRequestList
03-17 11:52:53.733213  1841  1841 D CapRIL  : MtkRadioProxy getService/setResponseFunctions: java.util.NoSuchElementException
03-17 11:52:57.354652  1841  1841 D MtkTelephonyAssist: AssistRIL: resetProxyAndRequestList
03-17 11:52:57.356698  1841  1841 E MtkTelephonyAssist: AssistRIL: MtkRadioProxy getService/setResponseFunctions: java.util.NoSuchElementException
03-17 11:52:57.734775  1841  1841 D CapRIL  : resetProxyAndRequestList
03-17 11:52:57.736556  1841  1841 D CapRIL  : MtkRadioProxy getService/setResponseFunctions: java.util.NoSuchElementException
03-17 11:53:00.039572   570   570 I NVRAM   : MD1 set status: vendor.mtk.md1.status=stop 
03-17 11:53:00.040800   570   570 I NVRAM   : MD1 set status: mtk.md1.status=stop 
03-17 11:53:00.040912   570   570 I NVRAM   : MD1 set status: vendor.mtk.md1.status=reset 
03-17 11:53:00.042766   570   570 I NVRAM   : MD1 set status: mtk.md1.status=reset 
03-17 11:53:00.060751   570   570 I NVRAM   : MD1 set status: vendor.mtk.md1.status=bootup 
03-17 11:53:00.062586   570   570 I NVRAM   : MD1 set status: mtk.md1.status=bootup 
03-17 11:53:00.517561   570   570 I NVRAM   : MD1 set status: vendor.mtk.md1.status=ready 
03-17 11:53:00.526194   570   570 I NVRAM   : MD1 set status: mtk.md1.status=ready 
03-17 11:53:00.602909  8424  8424 E RILMUXD : 3842:main(): Enter
03-17 11:53:00.605489  8424  8424 E RILMUXD : 3877:main(): ccci_get_node_name unknown, default tablet=/dev/ttyUSB1
03-17 11:53:00.605562  8424  8424 I RILMUXD : 3879:main(): ccci_get_node_name=/dev/ttyUSB1
03-17 11:53:00.605695  8424  8424 E RILMUXD : 3996:main(): /vendor/bin/gsm0710muxd $Rev: 1 $ starting
03-17 11:53:00.606132  8424  8424 E RILMUXD : 3133:open_serial_device(): system-error: 'No such file or directory' (code: 2)
03-17 11:53:00.606171  8424  8424 E RILMUXD : 3468:watchdog(): Could not open serial device and start muxer
03-17 11:53:00.606185  8424  8424 I RILMUXD : 2840:shutdown_devices(): GSM0710_MAX_CHANNELS=64,serial.fd=-1
03-17 11:53:00.606206  8424  8424 I RILMUXD : 4054:main(): Received 0 frames and dropped 0 received frames during the mux-mode
03-17 11:53:00.606219  8424  8424 E RILMUXD : 4056:main(): Terminating Gsm0710Muxd process ...
03-17 11:53:00.606230  8424  8424 E RILMUXD : 4082:main(): /vendor/bin/gsm0710muxd finished
03-17 11:53:01.357304  1841  1841 D MtkTelephonyAssist: AssistRIL: resetProxyAndRequestList
03-17 11:53:01.359210  1841  1841 E MtkTelephonyAssist: AssistRIL: MtkRadioProxy getService/setResponseFunctions: java.util.NoSuchElementException
03-17 11:53:01.531418   570   570 I NVRAM   : MD1 set status: vendor.mtk.md1.status=exception 
03-17 11:53:01.542533   570   570 I NVRAM   : MD1 set status: mtk.md1.status=exception 
03-17 11:53:01.737284  1841  1841 D CapRIL  : resetProxyAndRequestList
03-17 11:53:01.739174  1841  1841 D CapRIL  : MtkRadioProxy getService/setResponseFunctions: java.util.NoSuchElementException
03-17 11:53:05.360660  1841  1841 D MtkTelephonyAssist: AssistRIL: resetProxyAndRequestList
03-17 11:53:05.362746  1841  1841 E MtkTelephonyAssist: AssistRIL: MtkRadioProxy getService/setResponseFunctions: java.util.NoSuchElementException
03-17 11:53:05.740823  1841  1841 D CapRIL  : resetProxyAndRequestList
03-17 11:53:05.743294  1841  1841 D CapRIL  : MtkRadioProxy getService/setResponseFunctions: java.util.NoSuchElementException
03-17 11:53:09.363152  1841  1841 D MtkTelephonyAssist: AssistRIL: resetProxyAndRequestList
03-17 11:53:09.365585  1841  1841 E MtkTelephonyAssist: AssistRIL: MtkRadioProxy getService/setResponseFunctions: java.util.NoSuchElementException
03-17 11:53:09.744277  1841  1841 D CapRIL  : resetProxyAndRequestList
03-17 11:53:09.746349  1841  1841 D CapRIL  : MtkRadioProxy getService/setResponseFunctions: java.util.NoSuchElementException
03-17 11:53:13.369786  1841  1841 D MtkTelephonyAssist: AssistRIL: resetProxyAndRequestList
03-17 11:53:13.371691  1841  1841 E MtkTelephonyAssist: AssistRIL: MtkRadioProxy getService/setResponseFunctions: java.util.NoSuchElementException
03-17 11:53:13.747370  1841  1841 D CapRIL  : resetProxyAndRequestList
03-17 11:53:13.749345  1841  1841 D CapRIL  : MtkRadioProxy getService/setResponseFunctions: java.util.NoSuchElementException
03-17 11:53:14.986743   570   570 I NVRAM   : MD1 set status: vendor.mtk.md1.status=stop 
03-17 11:53:14.987681   570   570 I NVRAM   : MD1 set status: mtk.md1.status=stop 
03-17 11:53:14.987783   570   570 I NVRAM   : MD1 set status: vendor.mtk.md1.status=reset 
03-17 11:53:14.989583   570   570 I NVRAM   : MD1 set status: mtk.md1.status=reset 
03-17 11:53:15.004457   570   570 I NVRAM   : MD1 set status: vendor.mtk.md1.status=bootup 
03-17 11:53:15.006204   570   570 I NVRAM   : MD1 set status: mtk.md1.status=bootup 
03-17 11:53:15.466212   570   570 I NVRAM   : MD1 set status: vendor.mtk.md1.status=ready 
03-17 11:53:15.475371   570   570 I NVRAM   : MD1 set status: mtk.md1.status=ready 
03-17 11:53:15.543542  8490  8490 E RILMUXD : 3842:main(): Enter
03-17 11:53:15.547236  8490  8490 E RILMUXD : 3877:main(): ccci_get_node_name unknown, default tablet=/dev/ttyUSB1
03-17 11:53:15.547308  8490  8490 I RILMUXD : 3879:main(): ccci_get_node_name=/dev/ttyUSB1
03-17 11:53:15.547456  8490  8490 E RILMUXD : 3996:main(): /vendor/bin/gsm0710muxd $Rev: 1 $ starting
03-17 11:53:15.547910  8490  8490 E RILMUXD : 3133:open_serial_device(): system-error: 'No such file or directory' (code: 2)
03-17 11:53:15.547940  8490  8490 E RILMUXD : 3468:watchdog(): Could not open serial device and start muxer
03-17 11:53:15.547954  8490  8490 I RILMUXD : 2840:shutdown_devices(): GSM0710_MAX_CHANNELS=64,serial.fd=-1
03-17 11:53:15.547970  8490  8490 I RILMUXD : 4054:main(): Received 0 frames and dropped 0 received frames during the mux-mode
03-17 11:53:15.547981  8490  8490 E RILMUXD : 4056:main(): Terminating Gsm0710Muxd process ...
03-17 11:53:15.547993  8490  8490 E RILMUXD : 4082:main(): /vendor/bin/gsm0710muxd finished
03-17 11:53:16.473385   570   570 I NVRAM   : MD1 set status: vendor.mtk.md1.status=exception 
03-17 11:53:16.475345   570   570 I NVRAM   : MD1 set status: mtk.md1.status=exception 
03-17 11:53:17.375758  1841  1841 D MtkTelephonyAssist: AssistRIL: resetProxyAndRequestList
03-17 11:53:17.378241  1841  1841 E MtkTelephonyAssist: AssistRIL: MtkRadioProxy getService/setResponseFunctions: java.util.NoSuchElementException
03-17 11:53:17.750374  1841  1841 D CapRIL  : resetProxyAndRequestList
03-17 11:53:17.752267  1841  1841 D CapRIL  : MtkRadioProxy getService/setResponseFunctions: java.util.NoSuchElementException
03-17 11:53:21.379276  1841  1841 D MtkTelephonyAssist: AssistRIL: resetProxyAndRequestList
03-17 11:53:21.382604  1841  1841 E MtkTelephonyAssist: AssistRIL: MtkRadioProxy getService/setResponseFunctions: java.util.NoSuchElementException
03-17 11:53:21.753271  1841  1841 D CapRIL  : resetProxyAndRequestList
03-17 11:53:21.755320  1841  1841 D CapRIL  : MtkRadioProxy getService/setResponseFunctions: java.util.NoSuchElementException
03-17 11:53:25.386712  1841  1841 D MtkTelephonyAssist: AssistRIL: resetProxyAndRequestList
03-17 11:53:25.389437  1841  1841 E MtkTelephonyAssist: AssistRIL: MtkRadioProxy getService/setResponseFunctions: java.util.NoSuchElementException
03-17 11:53:25.756465  1841  1841 D CapRIL  : resetProxyAndRequestList
03-17 11:53:25.758330  1841  1841 D CapRIL  : MtkRadioProxy getService/setResponseFunctions: java.util.NoSuchElementException
03-17 11:53:29.393810  1841  1841 D MtkTelephonyAssist: AssistRIL: resetProxyAndRequestList
03-17 11:53:29.396089  1841  1841 E MtkTelephonyAssist: AssistRIL: MtkRadioProxy getService/setResponseFunctions: java.util.NoSuchElementException
03-17 11:53:29.759150  1841  1841 D CapRIL  : resetProxyAndRequestList
03-17 11:53:29.761173  1841  1841 D CapRIL  : MtkRadioProxy getService/setResponseFunctions: java.util.NoSuchElementException
03-17 11:53:29.923220   570   570 I NVRAM   : MD1 set status: vendor.mtk.md1.status=stop 
03-17 11:53:29.924242   570   570 I NVRAM   : MD1 set status: mtk.md1.status=stop 
03-17 11:53:29.924345   570   570 I NVRAM   : MD1 set status: vendor.mtk.md1.status=reset 
03-17 11:53:29.926187   570   570 I NVRAM   : MD1 set status: mtk.md1.status=reset 
03-17 11:53:29.940427   570   570 I NVRAM   : MD1 set status: vendor.mtk.md1.status=bootup 
03-17 11:53:29.942028   570   570 I NVRAM   : MD1 set status: mtk.md1.status=bootup 
03-17 11:53:30.370233   570   570 I NVRAM   : MD1 set status: vendor.mtk.md1.status=ready 
03-17 11:53:30.378989   570   570 I NVRAM   : MD1 set status: mtk.md1.status=ready 
03-17 11:53:30.447770  8559  8559 E RILMUXD : 3842:main(): Enter
03-17 11:53:30.451965  8559  8559 E RILMUXD : 3877:main(): ccci_get_node_name unknown, default tablet=/dev/ttyUSB1
03-17 11:53:30.452030  8559  8559 I RILMUXD : 3879:main(): ccci_get_node_name=/dev/ttyUSB1
03-17 11:53:30.452150  8559  8559 E RILMUXD : 3996:main(): /vendor/bin/gsm0710muxd $Rev: 1 $ starting
03-17 11:53:30.452555  8559  8559 E RILMUXD : 3133:open_serial_device(): system-error: 'No such file or directory' (code: 2)
03-17 11:53:30.452583  8559  8559 E RILMUXD : 3468:watchdog(): Could not open serial device and start muxer
03-17 11:53:30.452596  8559  8559 I RILMUXD : 2840:shutdown_devices(): GSM0710_MAX_CHANNELS=64,serial.fd=-1
03-17 11:53:30.452617  8559  8559 I RILMUXD : 4054:main(): Received 0 frames and dropped 0 received frames during the mux-mode
03-17 11:53:30.452628  8559  8559 E RILMUXD : 4056:main(): Terminating Gsm0710Muxd process ...
03-17 11:53:30.452639  8559  8559 E RILMUXD : 4082:main(): /vendor/bin/gsm0710muxd finished
03-17 11:53:31.378822   570   570 I NVRAM   : MD1 set status: vendor.mtk.md1.status=exception 
03-17 11:53:31.390007   570   570 I NVRAM   : MD1 set status: mtk.md1.status=exception 
03-17 11:53:33.400539  1841  1841 D MtkTelephonyAssist: AssistRIL: resetProxyAndRequestList
03-17 11:53:33.402686  1841  1841 E MtkTelephonyAssist: AssistRIL: MtkRadioProxy getService/setResponseFunctions: java.util.NoSuchElementException
03-17 11:53:33.762689  1841  1841 D CapRIL  : resetProxyAndRequestList
03-17 11:53:33.764265  1841  1841 D CapRIL  : MtkRadioProxy getService/setResponseFunctions: java.util.NoSuchElementException
03-17 11:53:37.404417  1841  1841 D MtkTelephonyAssist: AssistRIL: resetProxyAndRequestList
03-17 11:53:37.406797  1841  1841 E MtkTelephonyAssist: AssistRIL: MtkRadioProxy getService/setResponseFunctions: java.util.NoSuchElementException
03-17 11:53:37.765527  1841  1841 D CapRIL  : resetProxyAndRequestList
03-17 11:53:37.767945  1841  1841 D CapRIL  : MtkRadioProxy getService/setResponseFunctions: java.util.NoSuchElementException
03-17 11:53:38.703040   681   926 E RPC     : entry g_lowpower_mode
03-17 11:53:41.410139  1841  1841 D MtkTelephonyAssist: AssistRIL: resetProxyAndRequestList
03-17 11:53:41.412173  1841  1841 E MtkTelephonyAssist: AssistRIL: MtkRadioProxy getService/setResponseFunctions: java.util.NoSuchElementException
03-17 11:53:41.769228  1841  1841 D CapRIL  : resetProxyAndRequestList
03-17 11:53:41.771001  1841  1841 D CapRIL  : MtkRadioProxy getService/setResponseFunctions: java.util.NoSuchElementException
03-17 11:53:43.832839   681  1064 E RPC     : entry g_lowpower_mode
03-17 11:53:44.842203   570   570 I NVRAM   : MD1 set status: vendor.mtk.md1.status=stop 
03-17 11:53:44.842966   570   570 I NVRAM   : MD1 set status: mtk.md1.status=stop 
03-17 11:53:44.843065   570   570 I NVRAM   : MD1 set status: vendor.mtk.md1.status=reset 
03-17 11:53:44.844684   570   570 I NVRAM   : MD1 set status: mtk.md1.status=reset 
03-17 11:53:44.859911   570   570 I NVRAM   : MD1 set status: vendor.mtk.md1.status=bootup 
03-17 11:53:44.861603   570   570 I NVRAM   : MD1 set status: mtk.md1.status=bootup 
03-17 11:53:45.310166   570   570 I NVRAM   : MD1 set status: vendor.mtk.md1.status=ready 
03-17 11:53:45.318975   570   570 I NVRAM   : MD1 set status: mtk.md1.status=ready 
03-17 11:53:45.384403  8620  8620 E RILMUXD : 3842:main(): Enter
03-17 11:53:45.387586  8620  8620 E RILMUXD : 3877:main(): ccci_get_node_name unknown, default tablet=/dev/ttyUSB1
03-17 11:53:45.387671  8620  8620 I RILMUXD : 3879:main(): ccci_get_node_name=/dev/ttyUSB1
03-17 11:53:45.387791  8620  8620 E RILMUXD : 3996:main(): /vendor/bin/gsm0710muxd $Rev: 1 $ starting
03-17 11:53:45.388126  8620  8620 E RILMUXD : 3133:open_serial_device(): system-error: 'No such file or directory' (code: 2)
03-17 11:53:45.388173  8620  8620 E RILMUXD : 3468:watchdog(): Could not open serial device and start muxer
03-17 11:53:45.388186  8620  8620 I RILMUXD : 2840:shutdown_devices(): GSM0710_MAX_CHANNELS=64,serial.fd=-1
03-17 11:53:45.388202  8620  8620 I RILMUXD : 4054:main(): Received 0 frames and dropped 0 received frames during the mux-mode
03-17 11:53:45.388212  8620  8620 E RILMUXD : 4056:main(): Terminating Gsm0710Muxd process ...
03-17 11:53:45.388222  8620  8620 E RILMUXD : 4082:main(): /vendor/bin/gsm0710muxd finished
03-17 11:53:45.413204  1841  1841 D MtkTelephonyAssist: AssistRIL: resetProxyAndRequestList
03-17 11:53:45.415497  1841  1841 E MtkTelephonyAssist: AssistRIL: MtkRadioProxy getService/setResponseFunctions: java.util.NoSuchElementException
03-17 11:53:45.772399  1841  1841 D CapRIL  : resetProxyAndRequestList
03-17 11:53:45.774688  1841  1841 D CapRIL  : MtkRadioProxy getService/setResponseFunctions: java.util.NoSuchElementException
03-17 11:53:46.323023   570   570 I NVRAM   : MD1 set status: vendor.mtk.md1.status=exception 
03-17 11:53:46.333091   570   570 I NVRAM   : MD1 set status: mtk.md1.status=exception 
03-17 11:53:49.418529  1841  1841 D MtkTelephonyAssist: AssistRIL: resetProxyAndRequestList
03-17 11:53:49.420426  1841  1841 E MtkTelephonyAssist: AssistRIL: MtkRadioProxy getService/setResponseFunctions: java.util.NoSuchElementException
03-17 11:53:49.775082  1841  1841 D CapRIL  : resetProxyAndRequestList
03-17 11:53:49.776693  1841  1841 D CapRIL  : MtkRadioProxy getService/setResponseFunctions: java.util.NoSuchElementException
03-17 11:53:53.423014  1841  1841 D MtkTelephonyAssist: AssistRIL: resetProxyAndRequestList
03-17 11:53:53.425420  1841  1841 E MtkTelephonyAssist: AssistRIL: MtkRadioProxy getService/setResponseFunctions: java.util.NoSuchElementException
03-17 11:53:53.777481  1841  1841 D CapRIL  : resetProxyAndRequestList
03-17 11:53:53.779318  1841  1841 D CapRIL  : MtkRadioProxy getService/setResponseFunctions: java.util.NoSuchElementException
03-17 11:53:57.427297  1841  1841 D MtkTelephonyAssist: AssistRIL: resetProxyAndRequestList
03-17 11:53:57.429338  1841  1841 E MtkTelephonyAssist: AssistRIL: MtkRadioProxy getService/setResponseFunctions: java.util.NoSuchElementException
03-17 11:53:57.780319  1841  1841 D CapRIL  : resetProxyAndRequestList
03-17 11:53:57.782452  1841  1841 D CapRIL  : MtkRadioProxy getService/setResponseFunctions: java.util.NoSuchElementException
03-17 11:53:59.790858   570   570 I NVRAM   : MD1 set status: vendor.mtk.md1.status=stop 
03-17 11:53:59.791985   570   570 I NVRAM   : MD1 set status: mtk.md1.status=stop 
03-17 11:53:59.792087   570   570 I NVRAM   : MD1 set status: vendor.mtk.md1.status=reset 
03-17 11:53:59.794051   570   570 I NVRAM   : MD1 set status: mtk.md1.status=reset 
03-17 11:53:59.808596   570   570 I NVRAM   : MD1 set status: vendor.mtk.md1.status=bootup 
03-17 11:53:59.810400   570   570 I NVRAM   : MD1 set status: mtk.md1.status=bootup 
03-17 11:54:00.242479   570   570 I NVRAM   : MD1 set status: vendor.mtk.md1.status=ready 
03-17 11:54:00.250533   570   570 I NVRAM   : MD1 set status: mtk.md1.status=ready 
03-17 11:54:00.326010  8682  8682 E RILMUXD : 3842:main(): Enter
03-17 11:54:00.328420  8682  8682 E RILMUXD : 3877:main(): ccci_get_node_name unknown, default tablet=/dev/ttyUSB1
03-17 11:54:00.328503  8682  8682 I RILMUXD : 3879:main(): ccci_get_node_name=/dev/ttyUSB1
03-17 11:54:00.328616  8682  8682 E RILMUXD : 3996:main(): /vendor/bin/gsm0710muxd $Rev: 1 $ starting
03-17 11:54:00.329199  8682  8682 E RILMUXD : 3133:open_serial_device(): system-error: 'No such file or directory' (code: 2)
03-17 11:54:00.329221  8682  8682 E RILMUXD : 3468:watchdog(): Could not open serial device and start muxer
03-17 11:54:00.329237  8682  8682 I RILMUXD : 2840:shutdown_devices(): GSM0710_MAX_CHANNELS=64,serial.fd=-1
03-17 11:54:00.329257  8682  8682 I RILMUXD : 4054:main(): Received 0 frames and dropped 0 received frames during the mux-mode
03-17 11:54:00.329269  8682  8682 E RILMUXD : 4056:main(): Terminating Gsm0710Muxd process ...
03-17 11:54:00.329279  8682  8682 E RILMUXD : 4082:main(): /vendor/bin/gsm0710muxd finished
03-17 11:54:01.250884   570   570 I NVRAM   : MD1 set status: vendor.mtk.md1.status=exception 
03-17 11:54:01.260667   570   570 I NVRAM   : MD1 set status: mtk.md1.status=exception 
03-17 11:54:01.430619  1841  1841 D MtkTelephonyAssist: AssistRIL: resetProxyAndRequestList
03-17 11:54:01.432926  1841  1841 E MtkTelephonyAssist: AssistRIL: MtkRadioProxy getService/setResponseFunctions: java.util.NoSuchElementException
03-17 11:54:01.782697  1841  1841 D CapRIL  : resetProxyAndRequestList
03-17 11:54:01.785027  1841  1841 D CapRIL  : MtkRadioProxy getService/setResponseFunctions: java.util.NoSuchElementException
03-17 11:54:05.437236  1841  1841 D MtkTelephonyAssist: AssistRIL: resetProxyAndRequestList
03-17 11:54:05.439722  1841  1841 E MtkTelephonyAssist: AssistRIL: MtkRadioProxy getService/setResponseFunctions: java.util.NoSuchElementException
03-17 11:54:05.786792  1841  1841 D CapRIL  : resetProxyAndRequestList
03-17 11:54:05.788566  1841  1841 D CapRIL  : MtkRadioProxy getService/setResponseFunctions: java.util.NoSuchElementException
03-17 11:54:09.442291  1841  1841 D MtkTelephonyAssist: AssistRIL: resetProxyAndRequestList
03-17 11:54:09.444267  1841  1841 E MtkTelephonyAssist: AssistRIL: MtkRadioProxy getService/setResponseFunctions: java.util.NoSuchElementException
03-17 11:54:09.788899  1841  1841 D CapRIL  : resetProxyAndRequestList
03-17 11:54:09.790782  1841  1841 D CapRIL  : MtkRadioProxy getService/setResponseFunctions: java.util.NoSuchElementException
03-17 11:54:13.446780  1841  1841 D MtkTelephonyAssist: AssistRIL: resetProxyAndRequestList
03-17 11:54:13.448700  1841  1841 E MtkTelephonyAssist: AssistRIL: MtkRadioProxy getService/setResponseFunctions: java.util.NoSuchElementException
03-17 11:54:13.791716  1841  1841 D CapRIL  : resetProxyAndRequestList
03-17 11:54:13.793622  1841  1841 D CapRIL  : MtkRadioProxy getService/setResponseFunctions: java.util.NoSuchElementException
03-17 11:54:14.699943   570   570 I NVRAM   : MD1 set status: vendor.mtk.md1.status=stop 
03-17 11:54:14.700846   570   570 I NVRAM   : MD1 set status: mtk.md1.status=stop 
03-17 11:54:14.701007   570   570 I NVRAM   : MD1 set status: vendor.mtk.md1.status=reset 
03-17 11:54:14.702664   570   570 I NVRAM   : MD1 set status: mtk.md1.status=reset 
03-17 11:54:14.716923   570   570 I NVRAM   : MD1 set status: vendor.mtk.md1.status=bootup 
03-17 11:54:14.718427   570   570 I NVRAM   : MD1 set status: mtk.md1.status=bootup 
03-17 11:54:15.141865   570   570 I NVRAM   : MD1 set status: vendor.mtk.md1.status=ready 
03-17 11:54:15.150408   570   570 I NVRAM   : MD1 set status: mtk.md1.status=ready 
03-17 11:54:15.222594  8843  8843 E RILMUXD : 3842:main(): Enter
03-17 11:54:15.228486  8843  8843 E RILMUXD : 3877:main(): ccci_get_node_name unknown, default tablet=/dev/ttyUSB1
03-17 11:54:15.228561  8843  8843 I RILMUXD : 3879:main(): ccci_get_node_name=/dev/ttyUSB1
03-17 11:54:15.228682  8843  8843 E RILMUXD : 3996:main(): /vendor/bin/gsm0710muxd $Rev: 1 $ starting
03-17 11:54:15.229176  8843  8843 E RILMUXD : 3133:open_serial_device(): system-error: 'No such file or directory' (code: 2)
03-17 11:54:15.229226  8843  8843 E RILMUXD : 3468:watchdog(): Could not open serial device and start muxer
03-17 11:54:15.229240  8843  8843 I RILMUXD : 2840:shutdown_devices(): GSM0710_MAX_CHANNELS=64,serial.fd=-1
03-17 11:54:15.229259  8843  8843 I RILMUXD : 4054:main(): Received 0 frames and dropped 0 received frames during the mux-mode
03-17 11:54:15.229269  8843  8843 E RILMUXD : 4056:main(): Terminating Gsm0710Muxd process ...
03-17 11:54:15.229278  8843  8843 E RILMUXD : 4082:main(): /vendor/bin/gsm0710muxd finished
03-17 11:54:16.155804   570   570 I NVRAM   : MD1 set status: vendor.mtk.md1.status=exception 
03-17 11:54:16.166302   570   570 I NVRAM   : MD1 set status: mtk.md1.status=exception 
03-17 11:54:17.453136  1841  1841 D MtkTelephonyAssist: AssistRIL: resetProxyAndRequestList
03-17 11:54:17.455543  1841  1841 E MtkTelephonyAssist: AssistRIL: MtkRadioProxy getService/setResponseFunctions: java.util.NoSuchElementException
03-17 11:54:17.794232  1841  1841 D CapRIL  : resetProxyAndRequestList
03-17 11:54:17.795907  1841  1841 D CapRIL  : MtkRadioProxy getService/setResponseFunctions: java.util.NoSuchElementException
03-17 11:54:21.459332  1841  1841 D MtkTelephonyAssist: AssistRIL: resetProxyAndRequestList
03-17 11:54:21.461455  1841  1841 E MtkTelephonyAssist: AssistRIL: MtkRadioProxy getService/setResponseFunctions: java.util.NoSuchElementException
03-17 11:54:21.797503  1841  1841 D CapRIL  : resetProxyAndRequestList
03-17 11:54:21.799944  1841  1841 D CapRIL  : MtkRadioProxy getService/setResponseFunctions: java.util.NoSuchElementException
03-17 11:54:25.465520  1841  1841 D MtkTelephonyAssist: AssistRIL: resetProxyAndRequestList
03-17 11:54:25.468315  1841  1841 E MtkTelephonyAssist: AssistRIL: MtkRadioProxy getService/setResponseFunctions: java.util.NoSuchElementException
03-17 11:54:25.801051  1841  1841 D CapRIL  : resetProxyAndRequestList
03-17 11:54:25.802887  1841  1841 D CapRIL  : MtkRadioProxy getService/setResponseFunctions: java.util.NoSuchElementException
03-17 11:54:29.469373  1841  1841 D MtkTelephonyAssist: AssistRIL: resetProxyAndRequestList
03-17 11:54:29.472263  1841  1841 E MtkTelephonyAssist: AssistRIL: MtkRadioProxy getService/setResponseFunctions: java.util.NoSuchElementException
03-17 11:54:29.607647   570   570 I NVRAM   : MD1 set status: vendor.mtk.md1.status=stop 
03-17 11:54:29.608463   570   570 I NVRAM   : MD1 set status: mtk.md1.status=stop 
03-17 11:54:29.608568   570   570 I NVRAM   : MD1 set status: vendor.mtk.md1.status=reset 
03-17 11:54:29.610229   570   570 I NVRAM   : MD1 set status: mtk.md1.status=reset 
03-17 11:54:29.625372   570   570 I NVRAM   : MD1 set status: vendor.mtk.md1.status=bootup 
03-17 11:54:29.626805   570   570 I NVRAM   : MD1 set status: mtk.md1.status=bootup 
03-17 11:54:29.803909  1841  1841 D CapRIL  : resetProxyAndRequestList
03-17 11:54:29.805948  1841  1841 D CapRIL  : MtkRadioProxy getService/setResponseFunctions: java.util.NoSuchElementException
