03-17 11:35:48.769481  5213  5213 E RILMUXD : 3468:watchdog(): Could not open serial device and start muxer
03-17 11:35:48.769517  5213  5213 I RILMUXD : 2840:shutdown_devices(): GSM0710_MAX_CHANNELS=64,serial.fd=-1
03-17 11:35:48.769547  5213  5213 I RILMUXD : 4054:main(): Received 0 frames and dropped 0 received frames during the mux-mode
03-17 11:35:48.769606  5213  5213 E RILMUXD : 4056:main(): Terminating Gsm0710Muxd process ...
03-17 11:35:48.769628  5213  5213 E RILMUXD : 4082:main(): /vendor/bin/gsm0710muxd finished
03-17 11:35:49.649589   570   570 I NVRAM   : MD1 set status: vendor.mtk.md1.status=exception 
03-17 11:35:49.662079   570   570 I NVRAM   : MD1 set status: mtk.md1.status=exception 
03-17 11:35:49.664785  1841  1841 D MtkTelephonyAssist: AssistRIL: resetProxyAndRequestList
03-17 11:35:49.667798  1841  1841 E MtkTelephonyAssist: AssistRIL: MtkRadioProxy getService/setResponseFunctions: java.util.NoSuchElementException
03-17 11:35:50.277021  1841  1841 D CapRIL  : resetProxyAndRequestList
03-17 11:35:50.279677  1841  1841 D CapRIL  : MtkRadioProxy getService/setResponseFunctions: java.util.NoSuchElementException
03-17 11:35:53.676656  1841  1841 D MtkTelephonyAssist: AssistRIL: resetProxyAndRequestList
03-17 11:35:53.679479  1841  1841 E MtkTelephonyAssist: AssistRIL: MtkRadioProxy getService/setResponseFunctions: java.util.NoSuchElementException
03-17 11:35:53.924093   681   926 E RPC     : entry g_lowpower_mode
03-17 11:35:54.285728  1841  1841 D CapRIL  : resetProxyAndRequestList
03-17 11:35:54.288583  1841  1841 D CapRIL  : MtkRadioProxy getService/setResponseFunctions: java.util.NoSuchElementException
03-17 11:35:57.688205  1841  1841 D MtkTelephonyAssist: AssistRIL: resetProxyAndRequestList
03-17 11:35:57.691230  1841  1841 E MtkTelephonyAssist: AssistRIL: MtkRadioProxy getService/setResponseFunctions: java.util.NoSuchElementException
03-17 11:35:58.289393  1841  1841 D CapRIL  : resetProxyAndRequestList
03-17 11:35:58.292056  1841  1841 D CapRIL  : MtkRadioProxy getService/setResponseFunctions: java.util.NoSuchElementException
03-17 11:35:59.010541   681  1064 E RPC     : entry g_lowpower_mode
03-17 11:36:01.700803  1841  1841 D MtkTelephonyAssist: AssistRIL: resetProxyAndRequestList
03-17 11:36:01.703851  1841  1841 E MtkTelephonyAssist: AssistRIL: MtkRadioProxy getService/setResponseFunctions: java.util.NoSuchElementException
03-17 11:36:02.295278  1841  1841 D CapRIL  : resetProxyAndRequestList
03-17 11:36:02.298222  1841  1841 D CapRIL  : MtkRadioProxy getService/setResponseFunctions: java.util.NoSuchElementException
03-17 11:36:03.186843   570   570 I NVRAM   : MD1 set status: vendor.mtk.md1.status=stop 
03-17 11:36:03.188819   570   570 I NVRAM   : MD1 set status: mtk.md1.status=stop 
03-17 11:36:03.189031   570   570 I NVRAM   : MD1 set status: vendor.mtk.md1.status=reset 
03-17 11:36:03.192919   570   570 I NVRAM   : MD1 set status: mtk.md1.status=reset 
03-17 11:36:03.212912   570   570 I NVRAM   : MD1 set status: vendor.mtk.md1.status=bootup 
03-17 11:36:03.215691   570   570 I NVRAM   : MD1 set status: mtk.md1.status=bootup 
03-17 11:36:03.673276   570   570 I NVRAM   : MD1 set status: vendor.mtk.md1.status=ready 
03-17 11:36:03.685996   570   570 I NVRAM   : MD1 set status: mtk.md1.status=ready 
03-17 11:36:03.809524  5256  5256 E RILMUXD : 3842:main(): Enter
03-17 11:36:03.813804  5256  5256 E RILMUXD : 3877:main(): ccci_get_node_name unknown, default tablet=/dev/ttyUSB1
03-17 11:36:03.813949  5256  5256 I RILMUXD : 3879:main(): ccci_get_node_name=/dev/ttyUSB1
03-17 11:36:03.814087  5256  5256 E RILMUXD : 3996:main(): /vendor/bin/gsm0710muxd $Rev: 1 $ starting
03-17 11:36:03.814543  5256  5256 E RILMUXD : 3133:open_serial_device(): system-error: 'No such file or directory' (code: 2)
03-17 11:36:03.814602  5256  5256 E RILMUXD : 3468:watchdog(): Could not open serial device and start muxer
03-17 11:36:03.814617  5256  5256 I RILMUXD : 2840:shutdown_devices(): GSM0710_MAX_CHANNELS=64,serial.fd=-1
03-17 11:36:03.814634  5256  5256 I RILMUXD : 4054:main(): Received 0 frames and dropped 0 received frames during the mux-mode
03-17 11:36:03.814647  5256  5256 E RILMUXD : 4056:main(): Terminating Gsm0710Muxd process ...
03-17 11:36:03.814660  5256  5256 E RILMUXD : 4082:main(): /vendor/bin/gsm0710muxd finished
03-17 11:36:04.699187   570   570 I NVRAM   : MD1 set status: vendor.mtk.md1.status=exception 
03-17 11:36:04.711650   570   570 I NVRAM   : MD1 set status: mtk.md1.status=exception 
03-17 11:36:05.707283  1841  1841 D MtkTelephonyAssist: AssistRIL: resetProxyAndRequestList
03-17 11:36:05.710996  1841  1841 E MtkTelephonyAssist: AssistRIL: MtkRadioProxy getService/setResponseFunctions: java.util.NoSuchElementException
03-17 11:36:06.300157  1841  1841 D CapRIL  : resetProxyAndRequestList
03-17 11:36:06.303036  1841  1841 D CapRIL  : MtkRadioProxy getService/setResponseFunctions: java.util.NoSuchElementException
03-17 11:36:09.719088  1841  1841 D MtkTelephonyAssist: AssistRIL: resetProxyAndRequestList
03-17 11:36:09.722096  1841  1841 E MtkTelephonyAssist: AssistRIL: MtkRadioProxy getService/setResponseFunctions: java.util.NoSuchElementException
03-17 11:36:10.303119  1841  1841 D CapRIL  : resetProxyAndRequestList
03-17 11:36:10.305846  1841  1841 D CapRIL  : MtkRadioProxy getService/setResponseFunctions: java.util.NoSuchElementException
03-17 11:36:13.731917  1841  1841 D MtkTelephonyAssist: AssistRIL: resetProxyAndRequestList
03-17 11:36:13.734762  1841  1841 E MtkTelephonyAssist: AssistRIL: MtkRadioProxy getService/setResponseFunctions: java.util.NoSuchElementException
03-17 11:36:14.306689  1841  1841 D CapRIL  : resetProxyAndRequestList
03-17 11:36:14.308619  1841  1841 D CapRIL  : MtkRadioProxy getService/setResponseFunctions: java.util.NoSuchElementException
03-17 11:36:17.742029  1841  1841 D MtkTelephonyAssist: AssistRIL: resetProxyAndRequestList
03-17 11:36:17.745006  1841  1841 E MtkTelephonyAssist: AssistRIL: MtkRadioProxy getService/setResponseFunctions: java.util.NoSuchElementException
03-17 11:36:18.220896   570   570 I NVRAM   : MD1 set status: vendor.mtk.md1.status=stop 
03-17 11:36:18.224645   570   570 I NVRAM   : MD1 set status: mtk.md1.status=stop 
03-17 11:36:18.224865   570   570 I NVRAM   : MD1 set status: vendor.mtk.md1.status=reset 
03-17 11:36:18.228505   570   570 I NVRAM   : MD1 set status: mtk.md1.status=reset 
03-17 11:36:18.249080   570   570 I NVRAM   : MD1 set status: vendor.mtk.md1.status=bootup 
03-17 11:36:18.251860   570   570 I NVRAM   : MD1 set status: mtk.md1.status=bootup 
03-17 11:36:18.310082  1841  1841 D CapRIL  : resetProxyAndRequestList
03-17 11:36:18.312839  1841  1841 D CapRIL  : MtkRadioProxy getService/setResponseFunctions: java.util.NoSuchElementException
03-17 11:36:18.645249   570   570 I NVRAM   : MD1 set status: vendor.mtk.md1.status=ready 
03-17 11:36:18.658266   570   570 I NVRAM   : MD1 set status: mtk.md1.status=ready 
03-17 11:36:18.788983  5299  5299 E RILMUXD : 3842:main(): Enter
03-17 11:36:18.803533  5299  5299 E RILMUXD : 3877:main(): ccci_get_node_name unknown, default tablet=/dev/ttyUSB1
03-17 11:36:18.803671  5299  5299 I RILMUXD : 3879:main(): ccci_get_node_name=/dev/ttyUSB1
03-17 11:36:18.803887  5299  5299 E RILMUXD : 3996:main(): /vendor/bin/gsm0710muxd $Rev: 1 $ starting
03-17 11:36:18.804784  5299  5299 E RILMUXD : 3133:open_serial_device(): system-error: 'No such file or directory' (code: 2)
03-17 11:36:18.804827  5299  5299 E RILMUXD : 3468:watchdog(): Could not open serial device and start muxer
03-17 11:36:18.804851  5299  5299 I RILMUXD : 2840:shutdown_devices(): GSM0710_MAX_CHANNELS=64,serial.fd=-1
03-17 11:36:18.804877  5299  5299 I RILMUXD : 4054:main(): Received 0 frames and dropped 0 received frames during the mux-mode
03-17 11:36:18.804897  5299  5299 E RILMUXD : 4056:main(): Terminating Gsm0710Muxd process ...
03-17 11:36:18.804915  5299  5299 E RILMUXD : 4082:main(): /vendor/bin/gsm0710muxd finished
03-17 11:36:19.675828   570   570 I NVRAM   : MD1 set status: vendor.mtk.md1.status=exception 
03-17 11:36:19.688454   570   570 I NVRAM   : MD1 set status: mtk.md1.status=exception 
03-17 11:36:21.749077  1841  1841 D MtkTelephonyAssist: AssistRIL: resetProxyAndRequestList
03-17 11:36:21.751942  1841  1841 E MtkTelephonyAssist: AssistRIL: MtkRadioProxy getService/setResponseFunctions: java.util.NoSuchElementException
03-17 11:36:22.313897  1841  1841 D CapRIL  : resetProxyAndRequestList
03-17 11:36:22.317005  1841  1841 D CapRIL  : MtkRadioProxy getService/setResponseFunctions: java.util.NoSuchElementException
03-17 11:36:25.759097  1841  1841 D MtkTelephonyAssist: AssistRIL: resetProxyAndRequestList
03-17 11:36:25.762077  1841  1841 E MtkTelephonyAssist: AssistRIL: MtkRadioProxy getService/setResponseFunctions: java.util.NoSuchElementException
03-17 11:36:26.319853  1841  1841 D CapRIL  : resetProxyAndRequestList
03-17 11:36:26.322595  1841  1841 D CapRIL  : MtkRadioProxy getService/setResponseFunctions: java.util.NoSuchElementException
03-17 11:36:29.771670  1841  1841 D MtkTelephonyAssist: AssistRIL: resetProxyAndRequestList
03-17 11:36:29.774334  1841  1841 E MtkTelephonyAssist: AssistRIL: MtkRadioProxy getService/setResponseFunctions: java.util.NoSuchElementException
03-17 11:36:30.328259  1841  1841 D CapRIL  : resetProxyAndRequestList
03-17 11:36:30.331068  1841  1841 D CapRIL  : MtkRadioProxy getService/setResponseFunctions: java.util.NoSuchElementException
03-17 11:36:33.209191   570   570 I NVRAM   : MD1 set status: vendor.mtk.md1.status=stop 
03-17 11:36:33.210364   570   570 I NVRAM   : MD1 set status: mtk.md1.status=stop 
03-17 11:36:33.210562   570   570 I NVRAM   : MD1 set status: vendor.mtk.md1.status=reset 
03-17 11:36:33.213647   570   570 I NVRAM   : MD1 set status: mtk.md1.status=reset 
03-17 11:36:33.234711   570   570 I NVRAM   : MD1 set status: vendor.mtk.md1.status=bootup 
03-17 11:36:33.237415   570   570 I NVRAM   : MD1 set status: mtk.md1.status=bootup 
03-17 11:36:33.685231   570   570 I NVRAM   : MD1 set status: vendor.mtk.md1.status=ready 
03-17 11:36:33.698735   570   570 I NVRAM   : MD1 set status: mtk.md1.status=ready 
03-17 11:36:33.777700  1841  1841 D MtkTelephonyAssist: AssistRIL: resetProxyAndRequestList
03-17 11:36:33.780586  1841  1841 E MtkTelephonyAssist: AssistRIL: MtkRadioProxy getService/setResponseFunctions: java.util.NoSuchElementException
03-17 11:36:33.848253  5342  5342 E RILMUXD : 3842:main(): Enter
03-17 11:36:33.852678  5342  5342 E RILMUXD : 3877:main(): ccci_get_node_name unknown, default tablet=/dev/ttyUSB1
03-17 11:36:33.852742  5342  5342 I RILMUXD : 3879:main(): ccci_get_node_name=/dev/ttyUSB1
03-17 11:36:33.852886  5342  5342 E RILMUXD : 3996:main(): /vendor/bin/gsm0710muxd $Rev: 1 $ starting
03-17 11:36:33.853593  5342  5342 E RILMUXD : 3133:open_serial_device(): system-error: 'No such file or directory' (code: 2)
03-17 11:36:33.853638  5342  5342 E RILMUXD : 3468:watchdog(): Could not open serial device and start muxer
03-17 11:36:33.853661  5342  5342 I RILMUXD : 2840:shutdown_devices(): GSM0710_MAX_CHANNELS=64,serial.fd=-1
03-17 11:36:33.853685  5342  5342 I RILMUXD : 4054:main(): Received 0 frames and dropped 0 received frames during the mux-mode
03-17 11:36:33.853703  5342  5342 E RILMUXD : 4056:main(): Terminating Gsm0710Muxd process ...
03-17 11:36:33.853722  5342  5342 E RILMUXD : 4082:main(): /vendor/bin/gsm0710muxd finished
03-17 11:36:34.331515  1841  1841 D CapRIL  : resetProxyAndRequestList
03-17 11:36:34.333571  1841  1841 D CapRIL  : MtkRadioProxy getService/setResponseFunctions: java.util.NoSuchElementException
03-17 11:36:34.709692   570   570 I NVRAM   : MD1 set status: vendor.mtk.md1.status=exception 
03-17 11:36:34.722394   570   570 I NVRAM   : MD1 set status: mtk.md1.status=exception 
03-17 11:36:37.786139  1841  1841 D MtkTelephonyAssist: AssistRIL: resetProxyAndRequestList
03-17 11:36:37.789855  1841  1841 E MtkTelephonyAssist: AssistRIL: MtkRadioProxy getService/setResponseFunctions: java.util.NoSuchElementException
03-17 11:36:38.334894  1841  1841 D CapRIL  : resetProxyAndRequestList
03-17 11:36:38.337761  1841  1841 D CapRIL  : MtkRadioProxy getService/setResponseFunctions: java.util.NoSuchElementException
03-17 11:48:24.804745  1841  1841 E MtkTelephonyAssist: AssistRIL: MtkRadioProxy getService/setResponseFunctions: java.util.NoSuchElementException
03-17 11:48:24.925799  1841  1841 D DCT-C   : screen on
03-17 11:48:24.926366  1841  1841 D DCT-C   : stopNetStatPoll
03-17 11:48:24.994317  1841  1841 D MtkTelephonyAssist: AssistRIL: resetProxyAndRequestList
03-17 11:48:24.995666  1841  1841 E MtkTelephonyAssist: AssistRIL: MtkRadioProxy getService/setResponseFunctions: java.util.NoSuchElementException
03-17 11:48:25.543297  1841  1841 D CapRIL  : resetProxyAndRequestList
03-17 11:48:25.544509  1841  1841 D CapRIL  : MtkRadioProxy getService/setResponseFunctions: java.util.NoSuchElementException
03-17 11:48:28.995742  1841  1841 D MtkTelephonyAssist: AssistRIL: resetProxyAndRequestList
03-17 11:48:28.996996  1841  1841 E MtkTelephonyAssist: AssistRIL: MtkRadioProxy getService/setResponseFunctions: java.util.NoSuchElementException
03-17 11:48:29.544839  1841  1841 D CapRIL  : resetProxyAndRequestList
03-17 11:48:29.545664  1841  1841 D CapRIL  : MtkRadioProxy getService/setResponseFunctions: java.util.NoSuchElementException
03-17 11:48:31.386320   570   570 I NVRAM   : MD1 set status: vendor.mtk.md1.status=stop 
03-17 11:48:31.386725   570   570 I NVRAM   : MD1 set status: mtk.md1.status=stop 
03-17 11:48:31.386770   570   570 I NVRAM   : MD1 set status: vendor.mtk.md1.status=reset 
03-17 11:48:31.387434   570   570 I NVRAM   : MD1 set status: mtk.md1.status=reset 
03-17 11:48:31.396257   570   570 I NVRAM   : MD1 set status: vendor.mtk.md1.status=bootup 
03-17 11:48:31.397167   570   570 I NVRAM   : MD1 set status: mtk.md1.status=bootup 
03-17 11:48:31.797759   570   570 I NVRAM   : MD1 set status: vendor.mtk.md1.status=ready 
03-17 11:48:31.805501   570   570 I NVRAM   : MD1 set status: mtk.md1.status=ready 
03-17 11:48:31.853391  5584  5584 E RILMUXD : 3842:main(): Enter
03-17 11:48:31.859057  5584  5584 E RILMUXD : 3877:main(): ccci_get_node_name unknown, default tablet=/dev/ttyUSB1
03-17 11:48:31.859229  5584  5584 I RILMUXD : 3879:main(): ccci_get_node_name=/dev/ttyUSB1
03-17 11:48:31.859376  5584  5584 E RILMUXD : 3996:main(): /vendor/bin/gsm0710muxd $Rev: 1 $ starting
03-17 11:48:31.859909  5584  5584 E RILMUXD : 3133:open_serial_device(): system-error: 'No such file or directory' (code: 2)
03-17 11:48:31.859935  5584  5584 E RILMUXD : 3468:watchdog(): Could not open serial device and start muxer
03-17 11:48:31.859951  5584  5584 I RILMUXD : 2840:shutdown_devices(): GSM0710_MAX_CHANNELS=64,serial.fd=-1
03-17 11:48:31.859970  5584  5584 I RILMUXD : 4054:main(): Received 0 frames and dropped 0 received frames during the mux-mode
03-17 11:48:31.859981  5584  5584 E RILMUXD : 4056:main(): Terminating Gsm0710Muxd process ...
03-17 11:48:31.859990  5584  5584 E RILMUXD : 4082:main(): /vendor/bin/gsm0710muxd finished
03-17 11:48:32.814082   570   570 I NVRAM   : MD1 set status: vendor.mtk.md1.status=exception 
03-17 11:48:32.821633   570   570 I NVRAM   : MD1 set status: mtk.md1.status=exception 
03-17 11:48:33.001262  1841  1841 D MtkTelephonyAssist: AssistRIL: resetProxyAndRequestList
03-17 11:48:33.002643  1841  1841 E MtkTelephonyAssist: AssistRIL: MtkRadioProxy getService/setResponseFunctions: java.util.NoSuchElementException
03-17 11:48:33.546382  1841  1841 D CapRIL  : resetProxyAndRequestList
03-17 11:48:33.547286  1841  1841 D CapRIL  : MtkRadioProxy getService/setResponseFunctions: java.util.NoSuchElementException
03-17 11:48:37.005229  1841  1841 D MtkTelephonyAssist: AssistRIL: resetProxyAndRequestList
03-17 11:48:37.007410  1841  1841 E MtkTelephonyAssist: AssistRIL: MtkRadioProxy getService/setResponseFunctions: java.util.NoSuchElementException
03-17 11:48:37.548202  1841  1841 D CapRIL  : resetProxyAndRequestList
03-17 11:48:37.549390  1841  1841 D CapRIL  : MtkRadioProxy getService/setResponseFunctions: java.util.NoSuchElementException
03-17 11:48:38.457236   681   926 E RPC     : entry g_lowpower_mode
03-17 11:48:41.010967  1841  1841 D MtkTelephonyAssist: AssistRIL: resetProxyAndRequestList
03-17 11:48:41.013135  1841  1841 E MtkTelephonyAssist: AssistRIL: MtkRadioProxy getService/setResponseFunctions: java.util.NoSuchElementException
03-17 11:48:41.549968  1841  1841 D CapRIL  : resetProxyAndRequestList
03-17 11:48:41.551192  1841  1841 D CapRIL  : MtkRadioProxy getService/setResponseFunctions: java.util.NoSuchElementException
03-17 11:48:43.545082   681  1064 E RPC     : entry g_lowpower_mode
03-17 11:48:45.016879  1841  1841 D MtkTelephonyAssist: AssistRIL: resetProxyAndRequestList
03-17 11:48:45.018111  1841  1841 E MtkTelephonyAssist: AssistRIL: MtkRadioProxy getService/setResponseFunctions: java.util.NoSuchElementException
03-17 11:48:45.551822  1841  1841 D CapRIL  : resetProxyAndRequestList
03-17 11:48:45.552635  1841  1841 D CapRIL  : MtkRadioProxy getService/setResponseFunctions: java.util.NoSuchElementException
03-17 11:48:46.228374   570   570 I NVRAM   : MD1 set status: vendor.mtk.md1.status=stop 
03-17 11:48:46.228826   570   570 I NVRAM   : MD1 set status: mtk.md1.status=stop 
03-17 11:48:46.228877   570   570 I NVRAM   : MD1 set status: vendor.mtk.md1.status=reset 
03-17 11:48:46.229700   570   570 I NVRAM   : MD1 set status: mtk.md1.status=reset 
03-17 11:48:46.238768   570   570 I NVRAM   : MD1 set status: vendor.mtk.md1.status=bootup 
03-17 11:48:46.239732   570   570 I NVRAM   : MD1 set status: mtk.md1.status=bootup 
03-17 11:48:46.665588   570   570 I NVRAM   : MD1 set status: vendor.mtk.md1.status=ready 
03-17 11:48:46.672444   570   570 I NVRAM   : MD1 set status: mtk.md1.status=ready 
03-17 11:48:46.732089  6013  6013 E RILMUXD : 3842:main(): Enter
03-17 11:48:46.735408  6013  6013 E RILMUXD : 3877:main(): ccci_get_node_name unknown, default tablet=/dev/ttyUSB1
03-17 11:48:46.735462  6013  6013 I RILMUXD : 3879:main(): ccci_get_node_name=/dev/ttyUSB1
03-17 11:48:46.735563  6013  6013 E RILMUXD : 3996:main(): /vendor/bin/gsm0710muxd $Rev: 1 $ starting
03-17 11:48:46.735901  6013  6013 E RILMUXD : 3133:open_serial_device(): system-error: 'No such file or directory' (code: 2)
03-17 11:48:46.735921  6013  6013 E RILMUXD : 3468:watchdog(): Could not open serial device and start muxer
03-17 11:48:46.735933  6013  6013 I RILMUXD : 2840:shutdown_devices(): GSM0710_MAX_CHANNELS=64,serial.fd=-1
03-17 11:48:46.735946  6013  6013 I RILMUXD : 4054:main(): Received 0 frames and dropped 0 received frames during the mux-mode
03-17 11:48:46.735960  6013  6013 E RILMUXD : 4056:main(): Terminating Gsm0710Muxd process ...
03-17 11:48:46.735974  6013  6013 E RILMUXD : 4082:main(): /vendor/bin/gsm0710muxd finished
03-17 11:48:47.669925   570   570 I NVRAM   : MD1 set status: vendor.mtk.md1.status=exception 
03-17 11:48:47.671936   570   570 I NVRAM   : MD1 set status: mtk.md1.status=exception 
03-17 11:48:49.021242  1841  1841 D MtkTelephonyAssist: AssistRIL: resetProxyAndRequestList
03-17 11:48:49.023113  1841  1841 E MtkTelephonyAssist: AssistRIL: MtkRadioProxy getService/setResponseFunctions: java.util.NoSuchElementException
03-17 11:48:49.553215  1841  1841 D CapRIL  : resetProxyAndRequestList
03-17 11:48:49.555784  1841  1841 D CapRIL  : MtkRadioProxy getService/setResponseFunctions: java.util.NoSuchElementException
03-17 11:48:53.025425  1841  1841 D MtkTelephonyAssist: AssistRIL: resetProxyAndRequestList
03-17 11:48:53.027957  1841  1841 E MtkTelephonyAssist: AssistRIL: MtkRadioProxy getService/setResponseFunctions: java.util.NoSuchElementException
03-17 11:48:53.555683  1841  1841 D CapRIL  : resetProxyAndRequestList
03-17 11:48:53.558000  1841  1841 D CapRIL  : MtkRadioProxy getService/setResponseFunctions: java.util.NoSuchElementException
03-17 11:48:57.031353  1841  1841 D MtkTelephonyAssist: AssistRIL: resetProxyAndRequestList
03-17 11:48:57.033527  1841  1841 E MtkTelephonyAssist: AssistRIL: MtkRadioProxy getService/setResponseFunctions: java.util.NoSuchElementException
03-17 11:48:57.559674  1841  1841 D CapRIL  : resetProxyAndRequestList
03-17 11:48:57.561489  1841  1841 D CapRIL  : MtkRadioProxy getService/setResponseFunctions: java.util.NoSuchElementException
03-17 11:49:01.037403  1841  1841 D MtkTelephonyAssist: AssistRIL: resetProxyAndRequestList
03-17 11:49:01.039068  1841  1841 E MtkTelephonyAssist: AssistRIL: MtkRadioProxy getService/setResponseFunctions: java.util.NoSuchElementException
03-17 11:49:01.125309   570   570 I NVRAM   : MD1 set status: vendor.mtk.md1.status=stop 
03-17 11:49:01.126164   570   570 I NVRAM   : MD1 set status: mtk.md1.status=stop 
03-17 11:49:01.126265   570   570 I NVRAM   : MD1 set status: vendor.mtk.md1.status=reset 
03-17 11:49:01.127755   570   570 I NVRAM   : MD1 set status: mtk.md1.status=reset 
03-17 11:49:01.143252   570   570 I NVRAM   : MD1 set status: vendor.mtk.md1.status=bootup 
03-17 11:49:01.144823   570   570 I NVRAM   : MD1 set status: mtk.md1.status=bootup 
03-17 11:49:01.561863  1841  1841 D CapRIL  : resetProxyAndRequestList
03-17 11:49:01.563595  1841  1841 D CapRIL  : MtkRadioProxy getService/setResponseFunctions: java.util.NoSuchElementException
03-17 11:49:01.594195   570   570 I NVRAM   : MD1 set status: vendor.mtk.md1.status=ready 
03-17 11:49:01.603525   570   570 I NVRAM   : MD1 set status: mtk.md1.status=ready 
03-17 11:49:01.675724  6297  6297 E RILMUXD : 3842:main(): Enter
03-17 11:49:01.679167  6297  6297 E RILMUXD : 3877:main(): ccci_get_node_name unknown, default tablet=/dev/ttyUSB1
03-17 11:49:01.679205  6297  6297 I RILMUXD : 3879:main(): ccci_get_node_name=/dev/ttyUSB1
03-17 11:49:01.679343  6297  6297 E RILMUXD : 3996:main(): /vendor/bin/gsm0710muxd $Rev: 1 $ starting
03-17 11:49:01.679699  6297  6297 E RILMUXD : 3133:open_serial_device(): system-error: 'No such file or directory' (code: 2)
03-17 11:49:01.679723  6297  6297 E RILMUXD : 3468:watchdog(): Could not open serial device and start muxer
03-17 11:49:01.679736  6297  6297 I RILMUXD : 2840:shutdown_devices(): GSM0710_MAX_CHANNELS=64,serial.fd=-1
03-17 11:49:01.679755  6297  6297 I RILMUXD : 4054:main(): Received 0 frames and dropped 0 received frames during the mux-mode
03-17 11:49:01.679766  6297  6297 E RILMUXD : 4056:main(): Terminating Gsm0710Muxd process ...
03-17 11:49:01.679777  6297  6297 E RILMUXD : 4082:main(): /vendor/bin/gsm0710muxd finished
03-17 11:49:02.610136   570   570 I NVRAM   : MD1 set status: vendor.mtk.md1.status=exception 
03-17 11:49:02.621055   570   570 I NVRAM   : MD1 set status: mtk.md1.status=exception 
03-17 11:49:05.041276  1841  1841 D MtkTelephonyAssist: AssistRIL: resetProxyAndRequestList
03-17 11:49:05.043413  1841  1841 E MtkTelephonyAssist: AssistRIL: MtkRadioProxy getService/setResponseFunctions: java.util.NoSuchElementException
03-17 11:49:05.564319  1841  1841 D CapRIL  : resetProxyAndRequestList
03-17 11:49:05.567007  1841  1841 D CapRIL  : MtkRadioProxy getService/setResponseFunctions: java.util.NoSuchElementException
03-17 11:49:09.046903  1841  1841 D MtkTelephonyAssist: AssistRIL: resetProxyAndRequestList
03-17 11:49:09.049137  1841  1841 E MtkTelephonyAssist: AssistRIL: MtkRadioProxy getService/setResponseFunctions: java.util.NoSuchElementException
03-17 11:49:09.567960  1841  1841 D CapRIL  : resetProxyAndRequestList
03-17 11:49:09.569816  1841  1841 D CapRIL  : MtkRadioProxy getService/setResponseFunctions: java.util.NoSuchElementException
03-17 11:49:13.052732  1841  1841 D MtkTelephonyAssist: AssistRIL: resetProxyAndRequestList
03-17 11:49:13.055334  1841  1841 E MtkTelephonyAssist: AssistRIL: MtkRadioProxy getService/setResponseFunctions: java.util.NoSuchElementException
03-17 11:49:13.570236  1841  1841 D CapRIL  : resetProxyAndRequestList
03-17 11:49:13.572617  1841  1841 D CapRIL  : MtkRadioProxy getService/setResponseFunctions: java.util.NoSuchElementException
03-17 11:49:16.085018   570   570 I NVRAM   : MD1 set status: vendor.mtk.md1.status=stop 
03-17 11:49:16.085918   570   570 I NVRAM   : MD1 set status: mtk.md1.status=stop 
03-17 11:49:16.086020   570   570 I NVRAM   : MD1 set status: vendor.mtk.md1.status=reset 
03-17 11:49:16.087470   570   570 I NVRAM   : MD1 set status: mtk.md1.status=reset 
03-17 11:49:16.102405   570   570 I NVRAM   : MD1 set status: vendor.mtk.md1.status=bootup 
03-17 11:49:16.103986   570   570 I NVRAM   : MD1 set status: mtk.md1.status=bootup 
03-17 11:49:16.530071   570   570 I NVRAM   : MD1 set status: vendor.mtk.md1.status=ready 
03-17 11:49:16.538954   570   570 I NVRAM   : MD1 set status: mtk.md1.status=ready 
03-17 11:49:16.609446  6395  6395 E RILMUXD : 3842:main(): Enter
03-17 11:49:16.614115  6395  6395 E RILMUXD : 3877:main(): ccci_get_node_name unknown, default tablet=/dev/ttyUSB1
03-17 11:49:16.614205  6395  6395 I RILMUXD : 3879:main(): ccci_get_node_name=/dev/ttyUSB1
03-17 11:49:16.614382  6395  6395 E RILMUXD : 3996:main(): /vendor/bin/gsm0710muxd $Rev: 1 $ starting
03-17 11:49:16.614813  6395  6395 E RILMUXD : 3133:open_serial_device(): system-error: 'No such file or directory' (code: 2)
03-17 11:49:16.614869  6395  6395 E RILMUXD : 3468:watchdog(): Could not open serial device and start muxer
03-17 11:49:16.614889  6395  6395 I RILMUXD : 2840:shutdown_devices(): GSM0710_MAX_CHANNELS=64,serial.fd=-1
03-17 11:49:16.614913  6395  6395 I RILMUXD : 4054:main(): Received 0 frames and dropped 0 received frames during the mux-mode
03-17 11:49:16.614925  6395  6395 E RILMUXD : 4056:main(): Terminating Gsm0710Muxd process ...
03-17 11:49:16.614936  6395  6395 E RILMUXD : 4082:main(): /vendor/bin/gsm0710muxd finished
03-17 11:49:17.059524  1841  1841 D MtkTelephonyAssist: AssistRIL: resetProxyAndRequestList
03-17 11:49:17.061735  1841  1841 E MtkTelephonyAssist: AssistRIL: MtkRadioProxy getService/setResponseFunctions: java.util.NoSuchElementException
03-17 11:49:17.541225   570   570 I NVRAM   : MD1 set status: vendor.mtk.md1.status=exception 
03-17 11:49:17.552144   570   570 I NVRAM   : MD1 set status: mtk.md1.status=exception 
03-17 11:49:17.573339  1841  1841 D CapRIL  : resetProxyAndRequestList
03-17 11:49:17.575664  1841  1841 D CapRIL  : MtkRadioProxy getService/setResponseFunctions: java.util.NoSuchElementException
03-17 11:49:21.065699  1841  1841 D MtkTelephonyAssist: AssistRIL: resetProxyAndRequestList
03-17 11:49:21.067908  1841  1841 E MtkTelephonyAssist: AssistRIL: MtkRadioProxy getService/setResponseFunctions: java.util.NoSuchElementException
03-17 11:49:21.575700  1841  1841 D CapRIL  : resetProxyAndRequestList
03-17 11:49:21.577425  1841  1841 D CapRIL  : MtkRadioProxy getService/setResponseFunctions: java.util.NoSuchElementException
03-17 11:49:25.071216  1841  1841 D MtkTelephonyAssist: AssistRIL: resetProxyAndRequestList
03-17 11:49:25.074184  1841  1841 E MtkTelephonyAssist: AssistRIL: MtkRadioProxy getService/setResponseFunctions: java.util.NoSuchElementException
03-17 11:49:25.577941  1841  1841 D CapRIL  : resetProxyAndRequestList
03-17 11:49:25.580215  1841  1841 D CapRIL  : MtkRadioProxy getService/setResponseFunctions: java.util.NoSuchElementException
03-17 11:49:29.077315  1841  1841 D MtkTelephonyAssist: AssistRIL: resetProxyAndRequestList
03-17 11:49:29.078560  1841  1841 E MtkTelephonyAssist: AssistRIL: MtkRadioProxy getService/setResponseFunctions: java.util.NoSuchElementException
03-17 11:49:29.581205  1841  1841 D CapRIL  : resetProxyAndRequestList
03-17 11:49:29.582685  1841  1841 D CapRIL  : MtkRadioProxy getService/setResponseFunctions: java.util.NoSuchElementException
03-17 11:49:30.987236   570   570 I NVRAM   : MD1 set status: vendor.mtk.md1.status=stop 
03-17 11:49:30.987692   570   570 I NVRAM   : MD1 set status: mtk.md1.status=stop 
03-17 11:49:30.987739   570   570 I NVRAM   : MD1 set status: vendor.mtk.md1.status=reset 
03-17 11:49:30.988453   570   570 I NVRAM   : MD1 set status: mtk.md1.status=reset 
03-17 11:49:30.997536   570   570 I NVRAM   : MD1 set status: vendor.mtk.md1.status=bootup 
03-17 11:49:30.998532   570   570 I NVRAM   : MD1 set status: mtk.md1.status=bootup 
03-17 11:49:31.397481   570   570 I NVRAM   : MD1 set status: vendor.mtk.md1.status=ready 
03-17 11:49:31.402133   570   570 I NVRAM   : MD1 set status: mtk.md1.status=ready 
03-17 11:49:31.441833  6548  6548 E RILMUXD : 3842:main(): Enter
03-17 11:49:31.443757  6548  6548 E RILMUXD : 3877:main(): ccci_get_node_name unknown, default tablet=/dev/ttyUSB1
03-17 11:49:31.443793  6548  6548 I RILMUXD : 3879:main(): ccci_get_node_name=/dev/ttyUSB1
03-17 11:49:31.443881  6548  6548 E RILMUXD : 3996:main(): /vendor/bin/gsm0710muxd $Rev: 1 $ starting
03-17 11:49:31.444217  6548  6548 E RILMUXD : 3133:open_serial_device(): system-error: 'No such file or directory' (code: 2)
03-17 11:49:31.444261  6548  6548 E RILMUXD : 3468:watchdog(): Could not open serial device and start muxer
03-17 11:49:31.444275  6548  6548 I RILMUXD : 2840:shutdown_devices(): GSM0710_MAX_CHANNELS=64,serial.fd=-1
03-17 11:49:31.444291  6548  6548 I RILMUXD : 4054:main(): Received 0 frames and dropped 0 received frames during the mux-mode
03-17 11:49:31.444301  6548  6548 E RILMUXD : 4056:main(): Terminating Gsm0710Muxd process ...
03-17 11:49:31.444310  6548  6548 E RILMUXD : 4082:main(): /vendor/bin/gsm0710muxd finished
03-17 11:49:32.414804   570   570 I NVRAM   : MD1 set status: vendor.mtk.md1.status=exception 
03-17 11:49:32.423514   570   570 I NVRAM   : MD1 set status: mtk.md1.status=exception 
03-17 11:49:33.082765  1841  1841 D MtkTelephonyAssist: AssistRIL: resetProxyAndRequestList
03-17 11:49:33.084138  1841  1841 E MtkTelephonyAssist: AssistRIL: MtkRadioProxy getService/setResponseFunctions: java.util.NoSuchElementException
03-17 11:49:33.582809  1841  1841 D CapRIL  : resetProxyAndRequestList
03-17 11:49:33.583678  1841  1841 D CapRIL  : MtkRadioProxy getService/setResponseFunctions: java.util.NoSuchElementException
03-17 11:49:37.085606  1841  1841 D MtkTelephonyAssist: AssistRIL: resetProxyAndRequestList
03-17 11:49:37.088707  1841  1841 E MtkTelephonyAssist: AssistRIL: MtkRadioProxy getService/setResponseFunctions: java.util.NoSuchElementException
03-17 11:49:37.584597  1841  1841 D CapRIL  : resetProxyAndRequestList
03-17 11:49:37.587053  1841  1841 D CapRIL  : MtkRadioProxy getService/setResponseFunctions: java.util.NoSuchElementException
03-17 11:49:38.517320   681   926 E RPC     : entry g_lowpower_mode
03-17 11:49:41.092083  1841  1841 D MtkTelephonyAssist: AssistRIL: resetProxyAndRequestList
03-17 11:49:41.095200  1841  1841 E MtkTelephonyAssist: AssistRIL: MtkRadioProxy getService/setResponseFunctions: java.util.NoSuchElementException
03-17 11:49:41.588017  1841  1841 D CapRIL  : resetProxyAndRequestList
03-17 11:49:41.589993  1841  1841 D CapRIL  : MtkRadioProxy getService/setResponseFunctions: java.util.NoSuchElementException
03-17 11:49:43.605108   681  1064 E RPC     : entry g_lowpower_mode
03-17 11:49:45.097568  1841  1841 D MtkTelephonyAssist: AssistRIL: resetProxyAndRequestList
03-17 11:49:45.110308  1841  1841 E MtkTelephonyAssist: AssistRIL: MtkRadioProxy getService/setResponseFunctions: java.util.NoSuchElementException
03-17 11:49:45.591407  1841  1841 D CapRIL  : resetProxyAndRequestList
03-17 11:49:45.592425  1841  1841 D CapRIL  : MtkRadioProxy getService/setResponseFunctions: java.util.NoSuchElementException
03-17 11:49:45.889064   570   570 I NVRAM   : MD1 set status: vendor.mtk.md1.status=stop 
03-17 11:49:45.889912   570   570 I NVRAM   : MD1 set status: mtk.md1.status=stop 
03-17 11:49:45.889974   570   570 I NVRAM   : MD1 set status: vendor.mtk.md1.status=reset 
03-17 11:49:45.891156   570   570 I NVRAM   : MD1 set status: mtk.md1.status=reset 
03-17 11:49:45.907647   570   570 I NVRAM   : MD1 set status: vendor.mtk.md1.status=bootup 
03-17 11:49:45.909316   570   570 I NVRAM   : MD1 set status: mtk.md1.status=bootup 
03-17 11:49:46.369687   570   570 I NVRAM   : MD1 set status: vendor.mtk.md1.status=ready 
03-17 11:49:46.379489   570   570 I NVRAM   : MD1 set status: mtk.md1.status=ready 
03-17 11:49:46.474353  6832  6832 E RILMUXD : 3842:main(): Enter
03-17 11:49:46.478564  6832  6832 E RILMUXD : 3877:main(): ccci_get_node_name unknown, default tablet=/dev/ttyUSB1
03-17 11:49:46.478698  6832  6832 I RILMUXD : 3879:main(): ccci_get_node_name=/dev/ttyUSB1
03-17 11:49:46.478852  6832  6832 E RILMUXD : 3996:main(): /vendor/bin/gsm0710muxd $Rev: 1 $ starting
03-17 11:49:46.479267  6832  6832 E RILMUXD : 3133:open_serial_device(): system-error: 'No such file or directory' (code: 2)
03-17 11:49:46.479289  6832  6832 E RILMUXD : 3468:watchdog(): Could not open serial device and start muxer
03-17 11:49:46.479303  6832  6832 I RILMUXD : 2840:shutdown_devices(): GSM0710_MAX_CHANNELS=64,serial.fd=-1
03-17 11:49:46.479319  6832  6832 I RILMUXD : 4054:main(): Received 0 frames and dropped 0 received frames during the mux-mode
03-17 11:49:46.479330  6832  6832 E RILMUXD : 4056:main(): Terminating Gsm0710Muxd process ...
03-17 11:49:46.479342  6832  6832 E RILMUXD : 4082:main(): /vendor/bin/gsm0710muxd finished
03-17 11:49:47.395436   570   570 I NVRAM   : MD1 set status: vendor.mtk.md1.status=exception 
03-17 11:49:47.407030   570   570 I NVRAM   : MD1 set status: mtk.md1.status=exception 
03-17 11:49:49.113488  1841  1841 D MtkTelephonyAssist: AssistRIL: resetProxyAndRequestList
03-17 11:49:49.116027  1841  1841 E MtkTelephonyAssist: AssistRIL: MtkRadioProxy getService/setResponseFunctions: java.util.NoSuchElementException
03-17 11:49:49.592856  1841  1841 D CapRIL  : resetProxyAndRequestList
03-17 11:49:49.595393  1841  1841 D CapRIL  : MtkRadioProxy getService/setResponseFunctions: java.util.NoSuchElementException
03-17 11:49:53.118229  1841  1841 D MtkTelephonyAssist: AssistRIL: resetProxyAndRequestList
03-17 11:49:53.120588  1841  1841 E MtkTelephonyAssist: AssistRIL: MtkRadioProxy getService/setResponseFunctions: java.util.NoSuchElementException
03-17 11:49:53.596355  1841  1841 D CapRIL  : resetProxyAndRequestList
03-17 11:49:53.598573  1841  1841 D CapRIL  : MtkRadioProxy getService/setResponseFunctions: java.util.NoSuchElementException
03-17 11:49:57.121586  1841  1841 D MtkTelephonyAssist: AssistRIL: resetProxyAndRequestList
03-17 11:49:57.123544  1841  1841 E MtkTelephonyAssist: AssistRIL: MtkRadioProxy getService/setResponseFunctions: java.util.NoSuchElementException
03-17 11:49:57.599290  1841  1841 D CapRIL  : resetProxyAndRequestList
03-17 11:49:57.601495  1841  1841 D CapRIL  : MtkRadioProxy getService/setResponseFunctions: java.util.NoSuchElementException
03-17 11:50:00.855250   570   570 I NVRAM   : MD1 set status: vendor.mtk.md1.status=stop 
03-17 11:50:00.856155   570   570 I NVRAM   : MD1 set status: mtk.md1.status=stop 
03-17 11:50:00.856264   570   570 I NVRAM   : MD1 set status: vendor.mtk.md1.status=reset 
03-17 11:50:00.858161   570   570 I NVRAM   : MD1 set status: mtk.md1.status=reset 
03-17 11:50:00.876209   570   570 I NVRAM   : MD1 set status: vendor.mtk.md1.status=bootup 
03-17 11:50:00.881278   570   570 I NVRAM   : MD1 set status: mtk.md1.status=bootup 
03-17 11:50:01.125603  1841  1841 D MtkTelephonyAssist: AssistRIL: resetProxyAndRequestList
03-17 11:50:01.128278  1841  1841 E MtkTelephonyAssist: AssistRIL: MtkRadioProxy getService/setResponseFunctions: java.util.NoSuchElementException
03-17 11:50:01.333664   570   570 I NVRAM   : MD1 set status: vendor.mtk.md1.status=ready 
03-17 11:50:01.343264   570   570 I NVRAM   : MD1 set status: mtk.md1.status=ready 
03-17 11:50:01.421166  6986  6986 E RILMUXD : 3842:main(): Enter
03-17 11:50:01.426769  6986  6986 E RILMUXD : 3877:main(): ccci_get_node_name unknown, default tablet=/dev/ttyUSB1
03-17 11:50:01.426847  6986  6986 I RILMUXD : 3879:main(): ccci_get_node_name=/dev/ttyUSB1
03-17 11:50:01.427016  6986  6986 E RILMUXD : 3996:main(): /vendor/bin/gsm0710muxd $Rev: 1 $ starting
03-17 11:50:01.427389  6986  6986 E RILMUXD : 3133:open_serial_device(): system-error: 'No such file or directory' (code: 2)
03-17 11:50:01.427435  6986  6986 E RILMUXD : 3468:watchdog(): Could not open serial device and start muxer
03-17 11:50:01.427447  6986  6986 I RILMUXD : 2840:shutdown_devices(): GSM0710_MAX_CHANNELS=64,serial.fd=-1
03-17 11:50:01.427463  6986  6986 I RILMUXD : 4054:main(): Received 0 frames and dropped 0 received frames during the mux-mode
03-17 11:50:01.427473  6986  6986 E RILMUXD : 4056:main(): Terminating Gsm0710Muxd process ...
03-17 11:50:01.427483  6986  6986 E RILMUXD : 4082:main(): /vendor/bin/gsm0710muxd finished
03-17 11:50:01.602146  1841  1841 D CapRIL  : resetProxyAndRequestList
03-17 11:50:01.608920  1841  1841 D CapRIL  : MtkRadioProxy getService/setResponseFunctions: java.util.NoSuchElementException
03-17 11:50:02.348586   570   570 I NVRAM   : MD1 set status: vendor.mtk.md1.status=exception 
03-17 11:50:02.359322   570   570 I NVRAM   : MD1 set status: mtk.md1.status=exception 
03-17 11:50:05.132285  1841  1841 D MtkTelephonyAssist: AssistRIL: resetProxyAndRequestList
03-17 11:50:05.134279  1841  1841 E MtkTelephonyAssist: AssistRIL: MtkRadioProxy getService/setResponseFunctions: java.util.NoSuchElementException
03-17 11:50:05.610081  1841  1841 D CapRIL  : resetProxyAndRequestList
03-17 11:50:05.611719  1841  1841 D CapRIL  : MtkRadioProxy getService/setResponseFunctions: java.util.NoSuchElementException
03-17 11:50:09.138985  1841  1841 D MtkTelephonyAssist: AssistRIL: resetProxyAndRequestList
03-17 11:50:09.141314  1841  1841 E MtkTelephonyAssist: AssistRIL: MtkRadioProxy getService/setResponseFunctions: java.util.NoSuchElementException
03-17 11:50:09.612421  1841  1841 D CapRIL  : resetProxyAndRequestList
03-17 11:50:09.614696  1841  1841 D CapRIL  : MtkRadioProxy getService/setResponseFunctions: java.util.NoSuchElementException
03-17 11:50:13.145146  1841  1841 D MtkTelephonyAssist: AssistRIL: resetProxyAndRequestList
03-17 11:50:13.146580  1841  1841 E MtkTelephonyAssist: AssistRIL: MtkRadioProxy getService/setResponseFunctions: java.util.NoSuchElementException
03-17 11:50:13.615240  1841  1841 D CapRIL  : resetProxyAndRequestList
03-17 11:50:13.616382  1841  1841 D CapRIL  : MtkRadioProxy getService/setResponseFunctions: java.util.NoSuchElementException
03-17 11:50:15.821890   570   570 I NVRAM   : MD1 set status: vendor.mtk.md1.status=stop 
03-17 11:50:15.822409   570   570 I NVRAM   : MD1 set status: mtk.md1.status=stop 
03-17 11:50:15.822456   570   570 I NVRAM   : MD1 set status: vendor.mtk.md1.status=reset 
03-17 11:50:15.823174   570   570 I NVRAM   : MD1 set status: mtk.md1.status=reset 
03-17 11:50:15.833121   570   570 I NVRAM   : MD1 set status: vendor.mtk.md1.status=bootup 
03-17 11:50:15.834262   570   570 I NVRAM   : MD1 set status: mtk.md1.status=bootup 
03-17 11:50:16.229743   570   570 I NVRAM   : MD1 set status: vendor.mtk.md1.status=ready 
03-17 11:50:16.234528   570   570 I NVRAM   : MD1 set status: mtk.md1.status=ready 
03-17 11:50:16.275717  7280  7280 E RILMUXD : 3842:main(): Enter
03-17 11:50:16.278999  7280  7280 E RILMUXD : 3877:main(): ccci_get_node_name unknown, default tablet=/dev/ttyUSB1
03-17 11:50:16.279034  7280  7280 I RILMUXD : 3879:main(): ccci_get_node_name=/dev/ttyUSB1
03-17 11:50:16.279113  7280  7280 E RILMUXD : 3996:main(): /vendor/bin/gsm0710muxd $Rev: 1 $ starting
03-17 11:50:16.279455  7280  7280 E RILMUXD : 3133:open_serial_device(): system-error: 'No such file or directory' (code: 2)
03-17 11:50:16.279484  7280  7280 E RILMUXD : 3468:watchdog(): Could not open serial device and start muxer
03-17 11:50:16.279496  7280  7280 I RILMUXD : 2840:shutdown_devices(): GSM0710_MAX_CHANNELS=64,serial.fd=-1
03-17 11:50:16.279511  7280  7280 I RILMUXD : 4054:main(): Received 0 frames and dropped 0 received frames during the mux-mode
03-17 11:50:16.279521  7280  7280 E RILMUXD : 4056:main(): Terminating Gsm0710Muxd process ...
03-17 11:50:16.279530  7280  7280 E RILMUXD : 4082:main(): /vendor/bin/gsm0710muxd finished
03-17 11:50:17.149902  1841  1841 D MtkTelephonyAssist: AssistRIL: resetProxyAndRequestList
03-17 11:50:17.151686  1841  1841 E MtkTelephonyAssist: AssistRIL: MtkRadioProxy getService/setResponseFunctions: java.util.NoSuchElementException
03-17 11:50:17.253090   570   570 I NVRAM   : MD1 set status: vendor.mtk.md1.status=exception 
03-17 11:50:17.261344   570   570 I NVRAM   : MD1 set status: mtk.md1.status=exception 
03-17 11:50:17.617526  1841  1841 D CapRIL  : resetProxyAndRequestList
03-17 11:50:17.618684  1841  1841 D CapRIL  : MtkRadioProxy getService/setResponseFunctions: java.util.NoSuchElementException
03-17 11:50:21.153256  1841  1841 D MtkTelephonyAssist: AssistRIL: resetProxyAndRequestList
03-17 11:50:21.155055  1841  1841 E MtkTelephonyAssist: AssistRIL: MtkRadioProxy getService/setResponseFunctions: java.util.NoSuchElementException
03-17 11:50:21.618736  1841  1841 D CapRIL  : resetProxyAndRequestList
03-17 11:50:21.620279  1841  1841 D CapRIL  : MtkRadioProxy getService/setResponseFunctions: java.util.NoSuchElementException
03-17 11:50:25.157415  1841  1841 D MtkTelephonyAssist: AssistRIL: resetProxyAndRequestList
03-17 11:50:25.158790  1841  1841 E MtkTelephonyAssist: AssistRIL: MtkRadioProxy getService/setResponseFunctions: java.util.NoSuchElementException
03-17 11:50:25.621669  1841  1841 D CapRIL  : resetProxyAndRequestList
03-17 11:50:25.623994  1841  1841 D CapRIL  : MtkRadioProxy getService/setResponseFunctions: java.util.NoSuchElementException
03-17 11:50:29.161651  1841  1841 D MtkTelephonyAssist: AssistRIL: resetProxyAndRequestList
03-17 11:50:29.163263  1841  1841 E MtkTelephonyAssist: AssistRIL: MtkRadioProxy getService/setResponseFunctions: java.util.NoSuchElementException
03-17 11:50:29.625249  1841  1841 D CapRIL  : resetProxyAndRequestList
03-17 11:50:29.626752  1841  1841 D CapRIL  : MtkRadioProxy getService/setResponseFunctions: java.util.NoSuchElementException
03-17 11:50:30.682140   570   570 I NVRAM   : MD1 set status: vendor.mtk.md1.status=stop 
03-17 11:50:30.682769   570   570 I NVRAM   : MD1 set status: mtk.md1.status=stop 
03-17 11:50:30.682835   570   570 I NVRAM   : MD1 set status: vendor.mtk.md1.status=reset 
03-17 11:50:30.683917   570   570 I NVRAM   : MD1 set status: mtk.md1.status=reset 
03-17 11:50:30.695778   570   570 I NVRAM   : MD1 set status: vendor.mtk.md1.status=bootup 
03-17 11:50:30.697067   570   570 I NVRAM   : MD1 set status: mtk.md1.status=bootup 
03-17 11:50:31.145594   570   570 I NVRAM   : MD1 set status: vendor.mtk.md1.status=ready 
03-17 11:50:31.151542   570   570 I NVRAM   : MD1 set status: mtk.md1.status=ready 
03-17 11:50:31.218296  7351  7351 E RILMUXD : 3842:main(): Enter
03-17 11:50:31.221688  7351  7351 E RILMUXD : 3877:main(): ccci_get_node_name unknown, default tablet=/dev/ttyUSB1
03-17 11:50:31.221786  7351  7351 I RILMUXD : 3879:main(): ccci_get_node_name=/dev/ttyUSB1
03-17 11:50:31.221939  7351  7351 E RILMUXD : 3996:main(): /vendor/bin/gsm0710muxd $Rev: 1 $ starting
03-17 11:50:31.222321  7351  7351 E RILMUXD : 3133:open_serial_device(): system-error: 'No such file or directory' (code: 2)
03-17 11:50:31.222358  7351  7351 E RILMUXD : 3468:watchdog(): Could not open serial device and start muxer
03-17 11:50:31.222374  7351  7351 I RILMUXD : 2840:shutdown_devices(): GSM0710_MAX_CHANNELS=64,serial.fd=-1
03-17 11:50:31.222391  7351  7351 I RILMUXD : 4054:main(): Received 0 frames and dropped 0 received frames during the mux-mode
03-17 11:50:31.222400  7351  7351 E RILMUXD : 4056:main(): Terminating Gsm0710Muxd process ...
03-17 11:50:31.222410  7351  7351 E RILMUXD : 4082:main(): /vendor/bin/gsm0710muxd finished
03-17 11:50:32.154155   570   570 I NVRAM   : MD1 set status: vendor.mtk.md1.status=exception 
03-17 11:50:32.163013   570   570 I NVRAM   : MD1 set status: mtk.md1.status=exception 
03-17 11:50:33.165687  1841  1841 D MtkTelephonyAssist: AssistRIL: resetProxyAndRequestList
03-17 11:50:33.167504  1841  1841 E MtkTelephonyAssist: AssistRIL: MtkRadioProxy getService/setResponseFunctions: java.util.NoSuchElementException
03-17 11:50:33.627193  1841  1841 D CapRIL  : resetProxyAndRequestList
03-17 11:50:33.628801  1841  1841 D CapRIL  : MtkRadioProxy getService/setResponseFunctions: java.util.NoSuchElementException
03-17 11:50:37.169304  1841  1841 D MtkTelephonyAssist: AssistRIL: resetProxyAndRequestList
03-17 11:50:37.171640  1841  1841 E MtkTelephonyAssist: AssistRIL: MtkRadioProxy getService/setResponseFunctions: java.util.NoSuchElementException
03-17 11:50:37.629415  1841  1841 D CapRIL  : resetProxyAndRequestList
03-17 11:50:37.631397  1841  1841 D CapRIL  : MtkRadioProxy getService/setResponseFunctions: java.util.NoSuchElementException
03-17 11:50:38.577311   681   926 E RPC     : entry g_lowpower_mode
03-17 11:50:41.173270  1841  1841 D MtkTelephonyAssist: AssistRIL: resetProxyAndRequestList
03-17 11:50:41.175008  1841  1841 E MtkTelephonyAssist: AssistRIL: MtkRadioProxy getService/setResponseFunctions: java.util.NoSuchElementException
03-17 11:50:41.631844  1841  1841 D CapRIL  : resetProxyAndRequestList
03-17 11:50:41.636901  1841  1841 D CapRIL  : MtkRadioProxy getService/setResponseFunctions: java.util.NoSuchElementException
03-17 11:50:43.665406   681  1064 E RPC     : entry g_lowpower_mode
03-17 11:50:45.178034  1841  1841 D MtkTelephonyAssist: AssistRIL: resetProxyAndRequestList
03-17 11:50:45.180681  1841  1841 E MtkTelephonyAssist: AssistRIL: MtkRadioProxy getService/setResponseFunctions: java.util.NoSuchElementException
03-17 11:50:45.598880   570   570 I NVRAM   : MD1 set status: vendor.mtk.md1.status=stop 
03-17 11:50:45.600003   570   570 I NVRAM   : MD1 set status: mtk.md1.status=stop 
03-17 11:50:45.600463   570   570 I NVRAM   : MD1 set status: vendor.mtk.md1.status=reset 
03-17 11:50:45.601354   570   570 I NVRAM   : MD1 set status: mtk.md1.status=reset 
03-17 11:50:45.617719   570   570 I NVRAM   : MD1 set status: vendor.mtk.md1.status=bootup 
03-17 11:50:45.619672   570   570 I NVRAM   : MD1 set status: mtk.md1.status=bootup 
03-17 11:50:45.638685  1841  1841 D CapRIL  : resetProxyAndRequestList
03-17 11:50:45.642904  1841  1841 D CapRIL  : MtkRadioProxy getService/setResponseFunctions: java.util.NoSuchElementException
03-17 11:50:46.081729   570   570 I NVRAM   : MD1 set status: vendor.mtk.md1.status=ready 
03-17 11:50:46.091959   570   570 I NVRAM   : MD1 set status: mtk.md1.status=ready 
03-17 11:50:46.185830  7587  7587 E RILMUXD : 3842:main(): Enter
03-17 11:50:46.193814  7587  7587 E RILMUXD : 3877:main(): ccci_get_node_name unknown, default tablet=/dev/ttyUSB1
03-17 11:50:46.193960  7587  7587 I RILMUXD : 3879:main(): ccci_get_node_name=/dev/ttyUSB1
03-17 11:50:46.194211  7587  7587 E RILMUXD : 3996:main(): /vendor/bin/gsm0710muxd $Rev: 1 $ starting
03-17 11:50:46.194930  7587  7587 E RILMUXD : 3133:open_serial_device(): system-error: 'No such file or directory' (code: 2)
03-17 11:50:46.194992  7587  7587 E RILMUXD : 3468:watchdog(): Could not open serial device and start muxer
03-17 11:50:46.195061  7587  7587 I RILMUXD : 2840:shutdown_devices(): GSM0710_MAX_CHANNELS=64,serial.fd=-1
03-17 11:50:46.195100  7587  7587 I RILMUXD : 4054:main(): Received 0 frames and dropped 0 received frames during the mux-mode
03-17 11:50:46.195118  7587  7587 E RILMUXD : 4056:main(): Terminating Gsm0710Muxd process ...
03-17 11:50:46.195142  7587  7587 E RILMUXD : 4082:main(): /vendor/bin/gsm0710muxd finished
03-17 11:50:47.101251   570   570 I NVRAM   : MD1 set status: vendor.mtk.md1.status=exception 
03-17 11:50:47.112678   570   570 I NVRAM   : MD1 set status: mtk.md1.status=exception 
03-17 11:50:49.181575  1841  1841 D MtkTelephonyAssist: AssistRIL: resetProxyAndRequestList
03-17 11:50:49.185468  1841  1841 E MtkTelephonyAssist: AssistRIL: MtkRadioProxy getService/setResponseFunctions: java.util.NoSuchElementException
03-17 11:50:49.644238  1841  1841 D CapRIL  : resetProxyAndRequestList
03-17 11:50:49.646583  1841  1841 D CapRIL  : MtkRadioProxy getService/setResponseFunctions: java.util.NoSuchElementException
03-17 11:50:53.189908  1841  1841 D MtkTelephonyAssist: AssistRIL: resetProxyAndRequestList
03-17 11:50:53.192173  1841  1841 E MtkTelephonyAssist: AssistRIL: MtkRadioProxy getService/setResponseFunctions: java.util.NoSuchElementException
03-17 11:50:53.646956  1841  1841 D CapRIL  : resetProxyAndRequestList
03-17 11:50:53.648422  1841  1841 D CapRIL  : MtkRadioProxy getService/setResponseFunctions: java.util.NoSuchElementException
03-17 11:50:57.193255  1841  1841 D MtkTelephonyAssist: AssistRIL: resetProxyAndRequestList
03-17 11:50:57.195236  1841  1841 E MtkTelephonyAssist: AssistRIL: MtkRadioProxy getService/setResponseFunctions: java.util.NoSuchElementException
03-17 11:50:57.649181  1841  1841 D CapRIL  : resetProxyAndRequestList
03-17 11:50:57.651986  1841  1841 D CapRIL  : MtkRadioProxy getService/setResponseFunctions: java.util.NoSuchElementException
03-17 11:51:00.598336   570   570 I NVRAM   : MD1 set status: vendor.mtk.md1.status=stop 
03-17 11:51:00.598802   570   570 I NVRAM   : MD1 set status: mtk.md1.status=stop 
03-17 11:51:00.598855   570   570 I NVRAM   : MD1 set status: vendor.mtk.md1.status=reset 
03-17 11:51:00.599646   570   570 I NVRAM   : MD1 set status: mtk.md1.status=reset 
03-17 11:51:00.613322   570   570 I NVRAM   : MD1 set status: vendor.mtk.md1.status=bootup 
03-17 11:51:00.614652   570   570 I NVRAM   : MD1 set status: mtk.md1.status=bootup 
03-17 11:51:01.045337   570   570 I NVRAM   : MD1 set status: vendor.mtk.md1.status=ready 
03-17 11:51:01.052243   570   570 I NVRAM   : MD1 set status: mtk.md1.status=ready 
03-17 11:51:01.121588  7807  7807 E RILMUXD : 3842:main(): Enter
03-17 11:51:01.126567  7807  7807 E RILMUXD : 3877:main(): ccci_get_node_name unknown, default tablet=/dev/ttyUSB1
