03-17 11:48:42.182666   407  1835 D vold    : Found matching PID 2904
03-17 11:48:42.214497   407  1835 D vold    : Found matching PID 3284
03-17 11:48:42.230466   407  1835 D vold    : Found matching PID 3367
03-17 11:48:42.254474   407  1835 D vold    : Found matching PID 3507
03-17 11:48:42.254568   407  1835 W vold    : Skipping due to root namespace
03-17 11:48:42.254622   407  1835 D vold    : Found matching PID 3510
03-17 11:48:42.270320   994  1017 E NotificationService: Suppressing notification from package by user request.
03-17 11:48:42.290299   407  1835 D vold    : Found matching PID 3532
03-17 11:48:42.314435   407  1835 D vold    : Found matching PID 3580
03-17 11:48:42.334536   407  1835 D vold    : Found matching PID 4641
03-17 11:48:42.366640   407  1835 D vold    : Found matching PID 4719
03-17 11:48:42.371913   994  1009 V WindowOrientationListener: Proposed rotation changed!  mDesiredRotation=3, newRotation=3
03-17 11:48:42.386316   407  1835 D vold    : Found matching PID 4848
03-17 11:48:42.444030   407  1835 D vold    : Remounting 1000 as mode full
03-17 11:48:42.449397   407  1835 D vold    : Found matching PID 391
03-17 11:48:42.449502   407  1835 W vold    : Skipping due to root namespace
03-17 11:48:42.449571   407  1835 D vold    : Found matching PID 392
03-17 11:48:42.449617   407  1835 W vold    : Skipping due to root namespace
03-17 11:48:42.449647   407  1835 D vold    : Found matching PID 393
03-17 11:48:42.449684   407  1835 W vold    : Skipping due to root namespace
03-17 11:48:42.450012   407  1835 D vold    : Found matching PID 465
03-17 11:48:42.450061   407  1835 W vold    : Skipping due to root namespace
03-17 11:48:42.450090   407  1835 D vold    : Found matching PID 466
03-17 11:48:42.450133   407  1835 W vold    : Skipping due to root namespace
03-17 11:48:42.450208   407  1835 D vold    : Found matching PID 467
03-17 11:48:42.450259   407  1835 W vold    : Skipping due to root namespace
03-17 11:48:42.450287   407  1835 D vold    : Found matching PID 469
03-17 11:48:42.450324   407  1835 W vold    : Skipping due to root namespace
03-17 11:48:42.451913   407  1835 D vold    : Found matching PID 523
03-17 11:48:42.452009   407  1835 W vold    : Skipping due to root namespace
03-17 11:48:42.452095   407  1835 D vold    : Found matching PID 527
03-17 11:48:42.452145   407  1835 W vold    : Skipping due to root namespace
03-17 11:48:42.452285   407  1835 D vold    : Found matching PID 531
03-17 11:48:42.452332   407  1835 W vold    : Skipping due to root namespace
03-17 11:48:42.452361   407  1835 D vold    : Found matching PID 532
03-17 11:48:42.452406   407  1835 W vold    : Skipping due to root namespace
03-17 11:48:42.452433   407  1835 D vold    : Found matching PID 533
03-17 11:48:42.452469   407  1835 W vold    : Skipping due to root namespace
03-17 11:48:42.452503   407  1835 D vold    : Found matching PID 534
03-17 11:48:42.452542   407  1835 W vold    : Skipping due to root namespace
03-17 11:48:42.452569   407  1835 D vold    : Found matching PID 535
03-17 11:48:42.452614   407  1835 W vold    : Skipping due to root namespace
03-17 11:48:42.452642   407  1835 D vold    : Found matching PID 536
03-17 11:48:42.452678   407  1835 W vold    : Skipping due to root namespace
03-17 11:48:42.452715   407  1835 D vold    : Found matching PID 537
03-17 11:48:42.452751   407  1835 W vold    : Skipping due to root namespace
03-17 11:48:42.452793   407  1835 D vold    : Found matching PID 539
03-17 11:48:42.452829   407  1835 W vold    : Skipping due to root namespace
03-17 11:48:42.452880   407  1835 D vold    : Found matching PID 540
03-17 11:48:42.452926   407  1835 W vold    : Skipping due to root namespace
03-17 11:48:42.452994   407  1835 D vold    : Found matching PID 541
03-17 11:48:42.453046   407  1835 W vold    : Skipping due to root namespace
03-17 11:48:42.453078   407  1835 D vold    : Found matching PID 544
03-17 11:48:42.453114   407  1835 W vold    : Skipping due to root namespace
03-17 11:48:42.453150   407  1835 D vold    : Found matching PID 545
03-17 11:48:42.453194   407  1835 W vold    : Skipping due to root namespace
03-17 11:48:42.453245   407  1835 D vold    : Found matching PID 548
03-17 11:48:42.453282   407  1835 W vold    : Skipping due to root namespace
03-17 11:48:42.453317   407  1835 D vold    : Found matching PID 549
03-17 11:48:42.453354   407  1835 W vold    : Skipping due to root namespace
03-17 11:48:42.453442   407  1835 D vold    : Found matching PID 560
03-17 11:48:42.453488   407  1835 W vold    : Skipping due to root namespace
03-17 11:48:42.453529   407  1835 D vold    : Found matching PID 567
03-17 11:48:42.453574   407  1835 W vold    : Skipping due to root namespace
03-17 11:48:42.453614   407  1835 D vold    : Found matching PID 570
03-17 11:48:42.453660   407  1835 W vold    : Skipping due to root namespace
03-17 11:48:42.453833   407  1835 D vold    : Found matching PID 637
03-17 11:48:42.453884   407  1835 W vold    : Skipping due to root namespace
03-17 11:48:42.454088   407  1835 D vold    : Found matching PID 653
03-17 11:48:42.454147   407  1835 W vold    : Skipping due to root namespace
03-17 11:48:42.454228   407  1835 D vold    : Found matching PID 654
03-17 11:48:42.454277   407  1835 W vold    : Skipping due to root namespace
03-17 11:48:42.454401   407  1835 D vold    : Found matching PID 661
03-17 11:48:42.454450   407  1835 W vold    : Skipping due to root namespace
03-17 11:48:42.454539   407  1835 D vold    : Found matching PID 672
03-17 11:48:42.454584   407  1835 W vold    : Skipping due to root namespace
03-17 11:48:42.454623   407  1835 D vold    : Found matching PID 675
03-17 11:48:42.454669   407  1835 W vold    : Skipping due to root namespace
03-17 11:48:42.454696   407  1835 D vold    : Found matching PID 678
03-17 11:48:42.454744   407  1835 W vold    : Skipping due to root namespace
03-17 11:48:42.454771   407  1835 D vold    : Found matching PID 680
03-17 11:48:42.454820   407  1835 W vold    : Skipping due to root namespace
03-17 11:48:42.454860   407  1835 D vold    : Found matching PID 682
03-17 11:48:42.454905   407  1835 W vold    : Skipping due to root namespace
03-17 11:48:42.454979   407  1835 D vold    : Found matching PID 782
03-17 11:48:42.455023   407  1835 W vold    : Skipping due to root namespace
03-17 11:48:42.455088   407  1835 D vold    : Found matching PID 787
03-17 11:48:42.455134   407  1835 W vold    : Skipping due to root namespace
03-17 11:48:42.455238   407  1835 D vold    : Found matching PID 994
03-17 11:48:42.486695   407  1835 D vold    : Found matching PID 2123
03-17 11:48:42.486791   407  1835 W vold    : Skipping due to root namespace
03-17 11:48:42.486871   407  1835 D vold    : Found matching PID 2355
03-17 11:48:42.534421   407  1835 D vold    : Found matching PID 2904
03-17 11:48:42.566438   407  1835 D vold    : Found matching PID 3284
03-17 11:48:42.586474   407  1835 D vold    : Found matching PID 3367
03-17 11:48:42.607115   994  2278 E TaskPersister: File error accessing recents directory (directory doesn't exist?).
03-17 11:48:42.614395   407  1835 D vold    : Found matching PID 3507
03-17 11:48:42.614493   407  1835 W vold    : Skipping due to root namespace
03-17 11:48:42.614529   407  1835 D vold    : Found matching PID 3510
03-17 11:48:42.638457   407  1835 D vold    : Found matching PID 3532
03-17 11:48:42.662441   407  1835 D vold    : Found matching PID 3580
03-17 11:48:42.694447   407  1835 D vold    : Found matching PID 4641
03-17 11:48:42.714414   407  1835 D vold    : Found matching PID 4719
03-17 11:48:42.738431   407  1835 D vold    : Found matching PID 4848
03-17 11:48:42.764386   407  1835 D vold    : Remounting 1000 as mode full
03-17 11:48:42.769651   407  1835 D vold    : Found matching PID 391
03-17 11:48:42.769766   407  1835 W vold    : Skipping due to root namespace
03-17 11:48:42.769819   407  1835 D vold    : Found matching PID 392
03-17 11:48:42.769871   407  1835 W vold    : Skipping due to root namespace
03-17 11:48:42.769901   407  1835 D vold    : Found matching PID 393
03-17 11:48:42.769939   407  1835 W vold    : Skipping due to root namespace
03-17 11:48:42.770287   407  1835 D vold    : Found matching PID 465
03-17 11:48:42.770355   407  1835 W vold    : Skipping due to root namespace
03-17 11:48:42.770404   407  1835 D vold    : Found matching PID 466
03-17 11:48:42.770468   407  1835 W vold    : Skipping due to root namespace
03-17 11:48:42.770508   407  1835 D vold    : Found matching PID 467
03-17 11:48:42.770589   407  1835 W vold    : Skipping due to root namespace
03-17 11:48:42.770631   407  1835 D vold    : Found matching PID 469
03-17 11:48:42.770694   407  1835 W vold    : Skipping due to root namespace
03-17 11:48:42.772166   407  1835 D vold    : Found matching PID 523
03-17 11:48:42.772281   407  1835 W vold    : Skipping due to root namespace
03-17 11:48:42.772370   407  1835 D vold    : Found matching PID 527
03-17 11:48:42.772412   407  1835 W vold    : Skipping due to root namespace
03-17 11:48:42.772475   407  1835 D vold    : Found matching PID 531
03-17 11:48:42.772511   407  1835 W vold    : Skipping due to root namespace
03-17 11:48:42.772538   407  1835 D vold    : Found matching PID 532
03-17 11:48:42.772574   407  1835 W vold    : Skipping due to root namespace
03-17 11:48:42.772602   407  1835 D vold    : Found matching PID 533
03-17 11:48:42.772637   407  1835 W vold    : Skipping due to root namespace
03-17 11:48:42.772694   407  1835 D vold    : Found matching PID 534
03-17 11:48:42.772752   407  1835 W vold    : Skipping due to root namespace
03-17 11:48:42.772792   407  1835 D vold    : Found matching PID 535
03-17 11:48:42.772829   407  1835 W vold    : Skipping due to root namespace
03-17 11:48:42.772868   407  1835 D vold    : Found matching PID 536
03-17 11:48:42.772933   407  1835 W vold    : Skipping due to root namespace
03-17 11:48:42.773003   407  1835 D vold    : Found matching PID 537
03-17 11:48:42.773045   407  1835 W vold    : Skipping due to root namespace
03-17 11:48:42.773089   407  1835 D vold    : Found matching PID 539
03-17 11:48:42.773146   407  1835 W vold    : Skipping due to root namespace
03-17 11:48:42.773185   407  1835 D vold    : Found matching PID 540
03-17 11:48:42.773233   407  1835 W vold    : Skipping due to root namespace
03-17 11:48:42.773273   407  1835 D vold    : Found matching PID 541
03-17 11:48:42.773322   407  1835 W vold    : Skipping due to root namespace
03-17 11:48:42.773363   407  1835 D vold    : Found matching PID 544
03-17 11:48:42.773422   407  1835 W vold    : Skipping due to root namespace
03-17 11:48:42.773488   407  1835 D vold    : Found matching PID 545
03-17 11:48:42.773537   407  1835 W vold    : Skipping due to root namespace
03-17 11:48:42.773588   407  1835 D vold    : Found matching PID 548
03-17 11:48:42.773635   407  1835 W vold    : Skipping due to root namespace
03-17 11:48:42.773677   407  1835 D vold    : Found matching PID 549
03-17 11:48:42.773728   407  1835 W vold    : Skipping due to root namespace
03-17 11:48:42.773831   407  1835 D vold    : Found matching PID 560
03-17 11:48:42.773883   407  1835 W vold    : Skipping due to root namespace
03-17 11:48:42.773944   407  1835 D vold    : Found matching PID 567
03-17 11:48:42.773983   407  1835 W vold    : Skipping due to root namespace
03-17 11:48:42.774042   407  1835 D vold    : Found matching PID 570
03-17 11:48:42.774121   407  1835 W vold    : Skipping due to root namespace
03-17 11:48:42.774306   407  1835 D vold    : Found matching PID 637
03-17 11:48:42.774361   407  1835 W vold    : Skipping due to root namespace
03-17 11:48:42.774543   407  1835 D vold    : Found matching PID 653
03-17 11:48:42.774598   407  1835 W vold    : Skipping due to root namespace
03-17 11:48:42.774639   407  1835 D vold    : Found matching PID 654
03-17 11:48:42.774688   407  1835 W vold    : Skipping due to root namespace
03-17 11:48:42.774820   407  1835 D vold    : Found matching PID 661
03-17 11:48:42.774876   407  1835 W vold    : Skipping due to root namespace
03-17 11:48:42.774978   407  1835 D vold    : Found matching PID 672
03-17 11:48:42.775028   407  1835 W vold    : Skipping due to root namespace
03-17 11:48:42.775085   407  1835 D vold    : Found matching PID 675
03-17 11:48:42.775135   407  1835 W vold    : Skipping due to root namespace
03-17 11:48:42.775209   407  1835 D vold    : Found matching PID 678
03-17 11:48:42.775248   407  1835 W vold    : Skipping due to root namespace
03-17 11:48:42.775289   407  1835 D vold    : Found matching PID 680
03-17 11:48:42.775326   407  1835 W vold    : Skipping due to root namespace
03-17 11:48:42.775382   407  1835 D vold    : Found matching PID 682
03-17 11:48:42.775445   407  1835 W vold    : Skipping due to root namespace
03-17 11:48:42.775530   407  1835 D vold    : Found matching PID 782
03-17 11:48:42.775582   407  1835 W vold    : Skipping due to root namespace
03-17 11:48:42.775657   407  1835 D vold    : Found matching PID 787
03-17 11:48:42.775740   407  1835 W vold    : Skipping due to root namespace
03-17 11:48:42.775853   407  1835 D vold    : Found matching PID 994
03-17 11:48:42.806759   407  1835 D vold    : Found matching PID 2123
03-17 11:48:42.806863   407  1835 W vold    : Skipping due to root namespace
03-17 11:48:42.806947   407  1835 D vold    : Found matching PID 2355
03-17 11:48:42.826555   407  1835 D vold    : Found matching PID 2904
03-17 11:48:42.850352   407  1835 D vold    : Found matching PID 3284
03-17 11:48:42.874405   407  1835 D vold    : Found matching PID 3367
03-17 11:48:42.898654   407  1835 D vold    : Found matching PID 3507
03-17 11:48:42.898756   407  1835 W vold    : Skipping due to root namespace
03-17 11:48:42.898799   407  1835 D vold    : Found matching PID 3510
03-17 11:48:42.922469   407  1835 D vold    : Found matching PID 3532
03-17 11:48:42.924129   994  1008 D AppOps  : checkOperation: uid reject #4 for code 0 uid 1001 package com.mediatek.ims
03-17 11:48:42.934324   994  1008 I chatty  : uid=1000(system) android.fg identical 1 line
03-17 11:48:42.941956   994  1008 D AppOps  : checkOperation: uid reject #4 for code 0 uid 1001 package com.mediatek.ims
03-17 11:48:42.942428   407  1835 D vold    : Found matching PID 3580
03-17 11:48:42.948767   994  1008 D AppOps  : checkOperation: uid reject #4 for code 0 uid 1001 package com.mediatek.ims
03-17 11:48:42.955689   994  1008 D AppOps  : checkOperation: uid reject #4 for code 0 uid 1001 package com.mediatek.autodialer
03-17 11:48:42.962501   994  1008 D AppOps  : checkOperation: uid reject #4 for code 0 uid 1001 package com.mediatek.ims
03-17 11:48:42.970457   994  1008 D AppOps  : checkOperation: uid reject #4 for code 0 uid 1001 package com.mediatek.engineermode
03-17 11:48:42.970535   407  1835 D vold    : Found matching PID 4641
03-17 11:48:42.977271   994  1008 D AppOps  : checkOperation: uid reject #4 for code 0 uid 1001 package com.mediatek.ims
03-17 11:48:42.983864   994  1008 D AppOps  : checkOperation: uid reject #4 for code 0 uid 1001 package com.mediatek.ims
03-17 11:48:42.986395   407  1835 D vold    : Found matching PID 4719
03-17 11:48:42.992461   994  1008 D AppOps  : checkOperation: uid reject #4 for code 0 uid 1001 package com.android.phone
03-17 11:48:43.002557   407  1835 D vold    : Found matching PID 4848
03-17 11:48:43.012848   994  1008 D AppOps  : checkOperation: uid reject #4 for code 0 uid 1001 package com.mediatek.ims
03-17 11:48:43.039668   407  1835 D vold    : Remounting 1000 as mode full
03-17 11:48:43.044727   407  1835 D vold    : Found matching PID 391
03-17 11:48:43.044857   407  1835 W vold    : Skipping due to root namespace
03-17 11:48:43.044919   407  1835 D vold    : Found matching PID 392
03-17 11:48:43.045005   407  1835 W vold    : Skipping due to root namespace
03-17 11:48:43.045056   407  1835 D vold    : Found matching PID 393
03-17 11:48:43.045095   407  1835 W vold    : Skipping due to root namespace
03-17 11:48:43.045438   407  1835 D vold    : Found matching PID 465
03-17 11:48:43.045528   407  1835 W vold    : Skipping due to root namespace
03-17 11:48:43.045574   407  1835 D vold    : Found matching PID 466
03-17 11:48:43.045636   407  1835 W vold    : Skipping due to root namespace
03-17 11:48:43.045680   407  1835 D vold    : Found matching PID 467
03-17 11:48:43.045762   407  1835 W vold    : Skipping due to root namespace
03-17 11:48:43.045794   407  1835 D vold    : Found matching PID 469
03-17 11:48:43.045840   407  1835 W vold    : Skipping due to root namespace
03-17 11:48:43.047348   407  1835 D vold    : Found matching PID 523
03-17 11:48:43.047455   407  1835 W vold    : Skipping due to root namespace
03-17 11:48:43.047556   407  1835 D vold    : Found matching PID 527
03-17 11:48:43.047613   407  1835 W vold    : Skipping due to root namespace
03-17 11:48:43.047723   407  1835 D vold    : Found matching PID 531
03-17 11:48:43.047777   407  1835 W vold    : Skipping due to root namespace
03-17 11:48:43.047861   407  1835 D vold    : Found matching PID 532
03-17 11:48:43.047902   407  1835 W vold    : Skipping due to root namespace
03-17 11:48:43.047954   407  1835 D vold    : Found matching PID 533
03-17 11:48:43.048010   407  1835 W vold    : Skipping due to root namespace
03-17 11:48:43.048042   407  1835 D vold    : Found matching PID 534
03-17 11:48:43.048080   407  1835 W vold    : Skipping due to root namespace
03-17 11:48:43.048147   407  1835 D vold    : Found matching PID 535
03-17 11:48:43.048205   407  1835 W vold    : Skipping due to root namespace
03-17 11:48:43.048235   407  1835 D vold    : Found matching PID 536
03-17 11:48:43.048296   407  1835 W vold    : Skipping due to root namespace
03-17 11:48:43.048354   407  1835 D vold    : Found matching PID 537
03-17 11:48:43.048391   407  1835 W vold    : Skipping due to root namespace
03-17 11:48:43.048433   407  1835 D vold    : Found matching PID 539
03-17 11:48:43.048469   407  1835 W vold    : Skipping due to root namespace
03-17 11:48:43.048504   407  1835 D vold    : Found matching PID 540
03-17 11:48:43.048540   407  1835 W vold    : Skipping due to root namespace
03-17 11:48:43.048575   407  1835 D vold    : Found matching PID 541
03-17 11:48:43.048612   407  1835 W vold    : Skipping due to root namespace
03-17 11:48:43.048648   407  1835 D vold    : Found matching PID 544
03-17 11:48:43.048684   407  1835 W vold    : Skipping due to root namespace
03-17 11:48:43.048720   407  1835 D vold    : Found matching PID 545
03-17 11:48:43.048757   407  1835 W vold    : Skipping due to root namespace
03-17 11:48:43.048806   407  1835 D vold    : Found matching PID 548
03-17 11:48:43.048855   407  1835 W vold    : Skipping due to root namespace
03-17 11:48:43.048885   407  1835 D vold    : Found matching PID 549
03-17 11:48:43.048921   407  1835 W vold    : Skipping due to root namespace
03-17 11:48:43.049058   407  1835 D vold    : Found matching PID 560
03-17 11:48:43.049124   407  1835 W vold    : Skipping due to root namespace
03-17 11:48:43.049195   407  1835 D vold    : Found matching PID 567
03-17 11:48:43.049259   407  1835 W vold    : Skipping due to root namespace
03-17 11:48:43.049312   407  1835 D vold    : Found matching PID 570
03-17 11:48:43.049359   407  1835 W vold    : Skipping due to root namespace
03-17 11:48:43.049618   407  1835 D vold    : Found matching PID 637
03-17 11:48:43.049677   407  1835 W vold    : Skipping due to root namespace
03-17 11:48:43.049875   407  1835 D vold    : Found matching PID 653
03-17 11:48:43.049931   407  1835 W vold    : Skipping due to root namespace
03-17 11:48:43.049969   407  1835 D vold    : Found matching PID 654
03-17 11:48:43.050015   407  1835 W vold    : Skipping due to root namespace
03-17 11:48:43.050164   407  1835 D vold    : Found matching PID 661
03-17 11:48:43.050214   407  1835 W vold    : Skipping due to root namespace
03-17 11:48:43.050321   407  1835 D vold    : Found matching PID 672
03-17 11:48:43.050370   407  1835 W vold    : Skipping due to root namespace
03-17 11:48:43.050421   407  1835 D vold    : Found matching PID 675
03-17 11:48:43.050467   407  1835 W vold    : Skipping due to root namespace
03-17 11:48:43.050505   407  1835 D vold    : Found matching PID 678
03-17 11:48:43.050552   407  1835 W vold    : Skipping due to root namespace
03-17 11:48:43.050590   407  1835 D vold    : Found matching PID 680
03-17 11:48:43.050637   407  1835 W vold    : Skipping due to root namespace
03-17 11:48:43.050687   407  1835 D vold    : Found matching PID 682
03-17 11:48:43.050733   407  1835 W vold    : Skipping due to root namespace
03-17 11:48:43.050815   407  1835 D vold    : Found matching PID 782
03-17 11:48:43.050861   407  1835 W vold    : Skipping due to root namespace
03-17 11:48:43.050933   407  1835 D vold    : Found matching PID 787
03-17 11:48:43.050979   407  1835 W vold    : Skipping due to root namespace
03-17 11:48:43.051081   407  1835 D vold    : Found matching PID 994
03-17 11:48:43.074805   407  1835 D vold    : Found matching PID 2123
03-17 11:48:43.074913   407  1835 W vold    : Skipping due to root namespace
03-17 11:48:43.075040   407  1835 D vold    : Found matching PID 2355
03-17 11:48:43.098535   407  1835 D vold    : Found matching PID 2904
03-17 11:48:43.122406   407  1835 D vold    : Found matching PID 3284
03-17 11:48:43.138464   407  1835 D vold    : Found matching PID 3367
03-17 11:48:43.154470   407  1835 D vold    : Found matching PID 3507
03-17 11:48:43.154573   407  1835 W vold    : Skipping due to root namespace
03-17 11:48:43.154611   407  1835 D vold    : Found matching PID 3510
03-17 11:48:43.174429   407  1835 D vold    : Found matching PID 3532
03-17 11:48:43.190440   407  1835 D vold    : Found matching PID 3580
03-17 11:48:43.214514   407  1835 D vold    : Found matching PID 4641
03-17 11:48:43.242475   407  1835 D vold    : Found matching PID 4719
03-17 11:48:43.258392   407  1835 D vold    : Found matching PID 4848
03-17 11:48:43.275866   407  1835 D vold    : Remounting 1000 as mode full
03-17 11:48:43.281087   407  1835 D vold    : Found matching PID 391
03-17 11:48:43.281209   407  1835 W vold    : Skipping due to root namespace
03-17 11:48:43.281286   407  1835 D vold    : Found matching PID 392
03-17 11:48:43.281327   407  1835 W vold    : Skipping due to root namespace
03-17 11:48:43.281369   407  1835 D vold    : Found matching PID 393
03-17 11:48:43.281406   407  1835 W vold    : Skipping due to root namespace
03-17 11:48:43.281787   407  1835 D vold    : Found matching PID 465
03-17 11:48:43.281853   407  1835 W vold    : Skipping due to root namespace
03-17 11:48:43.281906   407  1835 D vold    : Found matching PID 466
03-17 11:48:43.281947   407  1835 W vold    : Skipping due to root namespace
03-17 11:48:43.281986   407  1835 D vold    : Found matching PID 467
03-17 11:48:43.282024   407  1835 W vold    : Skipping due to root namespace
03-17 11:48:43.282062   407  1835 D vold    : Found matching PID 469
03-17 11:48:43.282099   407  1835 W vold    : Skipping due to root namespace
03-17 11:48:43.283600   407  1835 D vold    : Found matching PID 523
03-17 11:48:43.283717   407  1835 W vold    : Skipping due to root namespace
03-17 11:48:43.283862   407  1835 D vold    : Found matching PID 527
03-17 11:48:43.283928   407  1835 W vold    : Skipping due to root namespace
03-17 11:48:43.284015   407  1835 D vold    : Found matching PID 531
03-17 11:48:43.284071   407  1835 W vold    : Skipping due to root namespace
03-17 11:48:43.284139   407  1835 D vold    : Found matching PID 532
03-17 11:48:43.284178   407  1835 W vold    : Skipping due to root namespace
03-17 11:48:43.284220   407  1835 D vold    : Found matching PID 533
03-17 11:48:43.284299   407  1835 W vold    : Skipping due to root namespace
03-17 11:48:43.284331   407  1835 D vold    : Found matching PID 534
03-17 11:48:43.284377   407  1835 W vold    : Skipping due to root namespace
03-17 11:48:43.284416   407  1835 D vold    : Found matching PID 535
03-17 11:48:43.284463   407  1835 W vold    : Skipping due to root namespace
03-17 11:48:43.284500   407  1835 D vold    : Found matching PID 536
03-17 11:48:43.284547   407  1835 W vold    : Skipping due to root namespace
03-17 11:48:43.284586   407  1835 D vold    : Found matching PID 537
03-17 11:48:43.284634   407  1835 W vold    : Skipping due to root namespace
03-17 11:48:43.284673   407  1835 D vold    : Found matching PID 539
03-17 11:48:43.284718   407  1835 W vold    : Skipping due to root namespace
03-17 11:48:43.284757   407  1835 D vold    : Found matching PID 540
03-17 11:48:43.284804   407  1835 W vold    : Skipping due to root namespace
03-17 11:48:43.284841   407  1835 D vold    : Found matching PID 541
03-17 11:48:43.284889   407  1835 W vold    : Skipping due to root namespace
03-17 11:48:43.284928   407  1835 D vold    : Found matching PID 544
03-17 11:48:43.285010   407  1835 W vold    : Skipping due to root namespace
03-17 11:48:43.285056   407  1835 D vold    : Found matching PID 545
03-17 11:48:43.285127   407  1835 W vold    : Skipping due to root namespace
03-17 11:48:43.285170   407  1835 D vold    : Found matching PID 548
03-17 11:48:43.285206   407  1835 W vold    : Skipping due to root namespace
03-17 11:48:43.285245   407  1835 D vold    : Found matching PID 549
03-17 11:48:43.285293   407  1835 W vold    : Skipping due to root namespace
03-17 11:48:43.285397   407  1835 D vold    : Found matching PID 560
03-17 11:48:43.285450   407  1835 W vold    : Skipping due to root namespace
03-17 11:48:43.285504   407  1835 D vold    : Found matching PID 567
03-17 11:48:43.285552   407  1835 W vold    : Skipping due to root namespace
03-17 11:48:43.285606   407  1835 D vold    : Found matching PID 570
03-17 11:48:43.285655   407  1835 W vold    : Skipping due to root namespace
03-17 11:48:43.285866   407  1835 D vold    : Found matching PID 637
03-17 11:48:43.285917   407  1835 W vold    : Skipping due to root namespace
03-17 11:48:43.286125   407  1835 D vold    : Found matching PID 653
03-17 11:48:43.286180   407  1835 W vold    : Skipping due to root namespace
03-17 11:48:43.286218   407  1835 D vold    : Found matching PID 654
03-17 11:48:43.286266   407  1835 W vold    : Skipping due to root namespace
03-17 11:48:43.286372   407  1835 D vold    : Found matching PID 661
03-17 11:48:43.286420   407  1835 W vold    : Skipping due to root namespace
03-17 11:48:43.286519   407  1835 D vold    : Found matching PID 672
03-17 11:48:43.286567   407  1835 W vold    : Skipping due to root namespace
03-17 11:48:43.286618   407  1835 D vold    : Found matching PID 675
03-17 11:48:43.286668   407  1835 W vold    : Skipping due to root namespace
03-17 11:48:43.286708   407  1835 D vold    : Found matching PID 678
03-17 11:48:43.286756   407  1835 W vold    : Skipping due to root namespace
03-17 11:48:43.286796   407  1835 D vold    : Found matching PID 680
03-17 11:48:43.286846   407  1835 W vold    : Skipping due to root namespace
03-17 11:48:43.286898   407  1835 D vold    : Found matching PID 682
03-17 11:48:43.286945   407  1835 W vold    : Skipping due to root namespace
03-17 11:48:43.287029   407  1835 D vold    : Found matching PID 782
03-17 11:48:43.287081   407  1835 W vold    : Skipping due to root namespace
03-17 11:48:43.287157   407  1835 D vold    : Found matching PID 787
03-17 11:48:43.287209   407  1835 W vold    : Skipping due to root namespace
03-17 11:48:43.287315   407  1835 D vold    : Found matching PID 994
03-17 11:48:43.318693   407  1835 D vold    : Found matching PID 2123
03-17 11:48:43.318795   407  1835 W vold    : Skipping due to root namespace
03-17 11:48:43.318865   407  1835 D vold    : Found matching PID 2355
03-17 11:48:43.334529   994  3094 W NotificationService: Toast already killed. pkg=com.android.dialer callback=android.app.ITransientNotification$Stub$Proxy@dc6b43b
03-17 11:48:43.346560   407  1835 D vold    : Found matching PID 2904
03-17 11:48:43.366589   407  1835 D vold    : Found matching PID 3284
03-17 11:48:43.394641   407  1835 D vold    : Found matching PID 3367
03-17 11:48:43.422748   407  1835 D vold    : Found matching PID 3507
03-17 11:48:43.422908   407  1835 W vold    : Skipping due to root namespace
03-17 11:48:43.422970   407  1835 D vold    : Found matching PID 3510
03-17 11:48:43.438568   407  1835 D vold    : Found matching PID 3532
03-17 11:48:43.458524   407  1835 D vold    : Found matching PID 3580
03-17 11:48:43.478593   407  1835 D vold    : Found matching PID 4641
03-17 11:48:43.506566   407  1835 D vold    : Found matching PID 4719
03-17 11:48:43.526466   407  1835 D vold    : Found matching PID 4848
03-17 11:48:43.583874   994  1031 D AppOps  : checkOperation: uid reject #1 for code 87 uid 1027 package com.android.nfc
03-17 11:48:43.584178   407  1835 D vold    : Remounting 1027 as mode default
03-17 11:48:43.593676   407  1835 D vold    : Found matching PID 5411
03-17 11:48:43.593841   407  1835 W vold    : Skipping due to root namespace
03-17 11:48:43.593897   407  1835 D vold    : Found matching PID 5424
03-17 11:48:43.623643   994  1031 D AppOps  : checkOperation: uid reject #1 for code 87 uid 1027 package com.android.nfc
03-17 11:48:43.623949   407  1835 D vold    : Remounting 1027 as mode default
03-17 11:48:43.632483   407  1835 D vold    : Found matching PID 5411
03-17 11:48:43.632595   407  1835 W vold    : Skipping due to root namespace
03-17 11:48:43.632644   407  1835 D vold    : Found matching PID 5424
03-17 11:48:43.671561   407  1835 D vold    : Remounting 1000 as mode full
03-17 11:48:43.676782   407  1835 D vold    : Found matching PID 391
03-17 11:48:43.676896   407  1835 W vold    : Skipping due to root namespace
03-17 11:48:43.676935   407  1835 D vold    : Found matching PID 392
03-17 11:48:43.677045   407  1835 W vold    : Skipping due to root namespace
03-17 11:48:43.677088   407  1835 D vold    : Found matching PID 393
03-17 11:48:43.677128   407  1835 W vold    : Skipping due to root namespace
03-17 11:48:43.677465   407  1835 D vold    : Found matching PID 465
03-17 11:48:43.677538   407  1835 W vold    : Skipping due to root namespace
03-17 11:48:43.677607   407  1835 D vold    : Found matching PID 466
03-17 11:48:43.677648   407  1835 W vold    : Skipping due to root namespace
03-17 11:48:43.677691   407  1835 D vold    : Found matching PID 467
03-17 11:48:43.677761   407  1835 W vold    : Skipping due to root namespace
03-17 11:48:43.677792   407  1835 D vold    : Found matching PID 469
03-17 11:48:43.677841   407  1835 W vold    : Skipping due to root namespace
03-17 11:48:43.679232   407  1835 D vold    : Found matching PID 523
03-17 11:48:43.679334   407  1835 W vold    : Skipping due to root namespace
03-17 11:48:43.679432   407  1835 D vold    : Found matching PID 527
03-17 11:48:43.679489   407  1835 W vold    : Skipping due to root namespace
03-17 11:48:43.679583   407  1835 D vold    : Found matching PID 531
03-17 11:48:43.679636   407  1835 W vold    : Skipping due to root namespace
03-17 11:48:43.679689   407  1835 D vold    : Found matching PID 532
03-17 11:48:43.679728   407  1835 W vold    : Skipping due to root namespace
03-17 11:48:43.679775   407  1835 D vold    : Found matching PID 533
03-17 11:48:43.679826   407  1835 W vold    : Skipping due to root namespace
03-17 11:48:43.679867   407  1835 D vold    : Found matching PID 534
03-17 11:48:43.679917   407  1835 W vold    : Skipping due to root namespace
03-17 11:48:43.679959   407  1835 D vold    : Found matching PID 535
03-17 11:48:43.680008   407  1835 W vold    : Skipping due to root namespace
03-17 11:48:43.680049   407  1835 D vold    : Found matching PID 536
03-17 11:48:43.680098   407  1835 W vold    : Skipping due to root namespace
03-17 11:48:43.680137   407  1835 D vold    : Found matching PID 537
03-17 11:48:43.680185   407  1835 W vold    : Skipping due to root namespace
03-17 11:48:43.680226   407  1835 D vold    : Found matching PID 539
03-17 11:48:43.680273   407  1835 W vold    : Skipping due to root namespace
03-17 11:48:43.680310   407  1835 D vold    : Found matching PID 540
03-17 11:48:43.680357   407  1835 W vold    : Skipping due to root namespace
03-17 11:48:43.680394   407  1835 D vold    : Found matching PID 541
03-17 11:48:43.680440   407  1835 W vold    : Skipping due to root namespace
03-17 11:48:43.680478   407  1835 D vold    : Found matching PID 544
03-17 11:48:43.680526   407  1835 W vold    : Skipping due to root namespace
03-17 11:48:43.680566   407  1835 D vold    : Found matching PID 545
03-17 11:48:43.680615   407  1835 W vold    : Skipping due to root namespace
03-17 11:48:43.680675   407  1835 D vold    : Found matching PID 548
03-17 11:48:43.680722   407  1835 W vold    : Skipping due to root namespace
03-17 11:48:43.680760   407  1835 D vold    : Found matching PID 549
03-17 11:48:43.680808   407  1835 W vold    : Skipping due to root namespace
03-17 11:48:43.680906   407  1835 D vold    : Found matching PID 560
03-17 11:48:43.680994   407  1835 W vold    : Skipping due to root namespace
03-17 11:48:43.681054   407  1835 D vold    : Found matching PID 567
03-17 11:48:43.681105   407  1835 W vold    : Skipping due to root namespace
03-17 11:48:43.681160   407  1835 D vold    : Found matching PID 570
03-17 11:48:43.681208   407  1835 W vold    : Skipping due to root namespace
03-17 11:48:43.681391   407  1835 D vold    : Found matching PID 637
03-17 11:48:43.681442   407  1835 W vold    : Skipping due to root namespace
03-17 11:48:43.681613   407  1835 D vold    : Found matching PID 653
03-17 11:48:43.681672   407  1835 W vold    : Skipping due to root namespace
03-17 11:48:43.681703   407  1835 D vold    : Found matching PID 654
03-17 11:48:43.681740   407  1835 W vold    : Skipping due to root namespace
03-17 11:48:43.681845   407  1835 D vold    : Found matching PID 661
03-17 11:48:43.681898   407  1835 W vold    : Skipping due to root namespace
03-17 11:48:43.681991   407  1835 D vold    : Found matching PID 672
03-17 11:48:43.682042   407  1835 W vold    : Skipping due to root namespace
03-17 11:48:43.682085   407  1835 D vold    : Found matching PID 675
03-17 11:48:43.682139   407  1835 W vold    : Skipping due to root namespace
03-17 11:48:43.682168   407  1835 D vold    : Found matching PID 678
03-17 11:48:43.682205   407  1835 W vold    : Skipping due to root namespace
03-17 11:48:43.682247   407  1835 D vold    : Found matching PID 680
03-17 11:48:43.682286   407  1835 W vold    : Skipping due to root namespace
03-17 11:48:43.682339   407  1835 D vold    : Found matching PID 682
03-17 11:48:43.682392   407  1835 W vold    : Skipping due to root namespace
03-17 11:48:43.682470   407  1835 D vold    : Found matching PID 782
03-17 11:48:43.682523   407  1835 W vold    : Skipping due to root namespace
03-17 11:48:43.682589   407  1835 D vold    : Found matching PID 787
03-17 11:48:43.682638   407  1835 W vold    : Skipping due to root namespace
03-17 11:48:43.682738   407  1835 D vold    : Found matching PID 994
03-17 11:48:43.710718   407  1835 D vold    : Found matching PID 2123
03-17 11:48:43.710835   407  1835 W vold    : Skipping due to root namespace
03-17 11:48:43.710904   407  1835 D vold    : Found matching PID 2355
03-17 11:48:43.730549   407  1835 D vold    : Found matching PID 2904
03-17 11:48:43.750500   407  1835 D vold    : Found matching PID 3284
03-17 11:48:43.774479   407  1835 D vold    : Found matching PID 3367
03-17 11:48:43.790614   407  1835 D vold    : Found matching PID 3507
03-17 11:48:43.790728   407  1835 W vold    : Skipping due to root namespace
03-17 11:48:43.790764   407  1835 D vold    : Found matching PID 3510
03-17 11:48:43.830612   407  1835 D vold    : Found matching PID 3532
03-17 11:48:43.862574   407  1835 D vold    : Found matching PID 3580
03-17 11:48:43.890530   407  1835 D vold    : Found matching PID 4641
03-17 11:48:43.910581   407  1835 D vold    : Found matching PID 4719
03-17 11:48:43.958582   407  1835 D vold    : Found matching PID 4848
03-17 11:48:43.985310   407  1835 D vold    : Remounting 1000 as mode full
03-17 11:48:43.990419   407  1835 D vold    : Found matching PID 391
03-17 11:48:43.990542   407  1835 W vold    : Skipping due to root namespace
03-17 11:48:43.990582   407  1835 D vold    : Found matching PID 392
03-17 11:48:43.990644   407  1835 W vold    : Skipping due to root namespace
03-17 11:48:43.990685   407  1835 D vold    : Found matching PID 393
03-17 11:48:43.990751   407  1835 W vold    : Skipping due to root namespace
03-17 11:48:43.991099   407  1835 D vold    : Found matching PID 465
03-17 11:48:43.991168   407  1835 W vold    : Skipping due to root namespace
03-17 11:48:43.991223   407  1835 D vold    : Found matching PID 466
03-17 11:48:43.991263   407  1835 W vold    : Skipping due to root namespace
03-17 11:48:43.991309   407  1835 D vold    : Found matching PID 467
03-17 11:48:43.991381   407  1835 W vold    : Skipping due to root namespace
03-17 11:48:43.991412   407  1835 D vold    : Found matching PID 469
03-17 11:48:43.991460   407  1835 W vold    : Skipping due to root namespace
03-17 11:48:43.992888   407  1835 D vold    : Found matching PID 523
03-17 11:48:43.993035   407  1835 W vold    : Skipping due to root namespace
03-17 11:48:43.993171   407  1835 D vold    : Found matching PID 527
03-17 11:48:43.993237   407  1835 W vold    : Skipping due to root namespace
03-17 11:48:43.993328   407  1835 D vold    : Found matching PID 531
03-17 11:48:43.993385   407  1835 W vold    : Skipping due to root namespace
03-17 11:48:43.993451   407  1835 D vold    : Found matching PID 532
03-17 11:48:43.993492   407  1835 W vold    : Skipping due to root namespace
03-17 11:48:43.993535   407  1835 D vold    : Found matching PID 533
03-17 11:48:43.993585   407  1835 W vold    : Skipping due to root namespace
03-17 11:48:43.993629   407  1835 D vold    : Found matching PID 534
03-17 11:48:43.993678   407  1835 W vold    : Skipping due to root namespace
03-17 11:48:43.993720   407  1835 D vold    : Found matching PID 535
03-17 11:48:43.993769   407  1835 W vold    : Skipping due to root namespace
03-17 11:48:43.993810   407  1835 D vold    : Found matching PID 536
03-17 11:48:43.993860   407  1835 W vold    : Skipping due to root namespace
03-17 11:48:43.993902   407  1835 D vold    : Found matching PID 537
03-17 11:48:43.993952   407  1835 W vold    : Skipping due to root namespace
03-17 11:48:43.993994   407  1835 D vold    : Found matching PID 539
03-17 11:48:43.994044   407  1835 W vold    : Skipping due to root namespace
03-17 11:48:43.994090   407  1835 D vold    : Found matching PID 540
03-17 11:48:43.994140   407  1835 W vold    : Skipping due to root namespace
03-17 11:48:43.994181   407  1835 D vold    : Found matching PID 541
03-17 11:48:43.994234   407  1835 W vold    : Skipping due to root namespace
03-17 11:48:43.994276   407  1835 D vold    : Found matching PID 544
03-17 11:48:43.994325   407  1835 W vold    : Skipping due to root namespace
03-17 11:48:43.994369   407  1835 D vold    : Found matching PID 545
03-17 11:48:43.994419   407  1835 W vold    : Skipping due to root namespace
03-17 11:48:43.994478   407  1835 D vold    : Found matching PID 548
03-17 11:48:43.994527   407  1835 W vold    : Skipping due to root namespace
03-17 11:48:43.994566   407  1835 D vold    : Found matching PID 549
03-17 11:48:43.994613   407  1835 W vold    : Skipping due to root namespace
03-17 11:48:43.994713   407  1835 D vold    : Found matching PID 560
03-17 11:48:43.994762   407  1835 W vold    : Skipping due to root namespace
03-17 11:48:43.994814   407  1835 D vold    : Found matching PID 567
03-17 11:48:43.994863   407  1835 W vold    : Skipping due to root namespace
03-17 11:48:43.994913   407  1835 D vold    : Found matching PID 570
03-17 11:48:43.994960   407  1835 W vold    : Skipping due to root namespace
03-17 11:48:43.995141   407  1835 D vold    : Found matching PID 637
03-17 11:48:43.995193   407  1835 W vold    : Skipping due to root namespace
03-17 11:48:43.995365   407  1835 D vold    : Found matching PID 653
03-17 11:48:43.995418   407  1835 W vold    : Skipping due to root namespace
03-17 11:48:43.995459   407  1835 D vold    : Found matching PID 654
03-17 11:48:43.995510   407  1835 W vold    : Skipping due to root namespace
03-17 11:48:43.995621   407  1835 D vold    : Found matching PID 661
03-17 11:48:43.995673   407  1835 W vold    : Skipping due to root namespace
03-17 11:48:43.995785   407  1835 D vold    : Found matching PID 672
03-17 11:48:43.995836   407  1835 W vold    : Skipping due to root namespace
03-17 11:48:43.995889   407  1835 D vold    : Found matching PID 675
03-17 11:48:43.995938   407  1835 W vold    : Skipping due to root namespace
03-17 11:48:43.995978   407  1835 D vold    : Found matching PID 678
03-17 11:48:43.996027   407  1835 W vold    : Skipping due to root namespace
03-17 11:48:43.996069   407  1835 D vold    : Found matching PID 680
03-17 11:48:43.996118   407  1835 W vold    : Skipping due to root namespace
03-17 11:48:43.996173   407  1835 D vold    : Found matching PID 682
03-17 11:48:43.996222   407  1835 W vold    : Skipping due to root namespace
03-17 11:48:43.996310   407  1835 D vold    : Found matching PID 782
03-17 11:48:43.996361   407  1835 W vold    : Skipping due to root namespace
03-17 11:48:43.996436   407  1835 D vold    : Found matching PID 787
03-17 11:48:43.996485   407  1835 W vold    : Skipping due to root namespace
03-17 11:48:43.996587   407  1835 D vold    : Found matching PID 994
03-17 11:48:44.022682   407  1835 D vold    : Found matching PID 2123
03-17 11:48:44.022784   407  1835 W vold    : Skipping due to root namespace
03-17 11:48:44.022847   407  1835 D vold    : Found matching PID 2355
03-17 11:48:44.058541   407  1835 D vold    : Found matching PID 2904
03-17 11:48:44.082462   407  1835 D vold    : Found matching PID 3284
03-17 11:48:44.096601   994  1008 D AppOps  : checkOperation: uid reject #4 for code 0 uid 1001 package com.mediatek.engineermode
03-17 11:48:44.106498   407  1835 D vold    : Found matching PID 3367
03-17 11:48:44.122510   407  1835 D vold    : Found matching PID 3507
03-17 11:48:44.122623   407  1835 W vold    : Skipping due to root namespace
03-17 11:48:44.122663   407  1835 D vold    : Found matching PID 3510
03-17 11:48:44.138430   407  1835 D vold    : Found matching PID 3532
03-17 11:48:44.154484   407  1835 D vold    : Found matching PID 3580
03-17 11:48:44.182588   407  1835 D vold    : Found matching PID 4641
03-17 11:48:44.218534   407  1835 D vold    : Found matching PID 4719
03-17 11:48:44.238530   407  1835 D vold    : Found matching PID 4848
03-17 11:48:44.261256   407  1835 D vold    : Remounting 1000 as mode full
03-17 11:48:44.267751   407  1835 D vold    : Found matching PID 391
03-17 11:48:44.267883   407  1835 W vold    : Skipping due to root namespace
03-17 11:48:44.267953   407  1835 D vold    : Found matching PID 392
03-17 11:48:44.268009   407  1835 W vold    : Skipping due to root namespace
03-17 11:48:44.268061   407  1835 D vold    : Found matching PID 393
03-17 11:48:44.268120   407  1835 W vold    : Skipping due to root namespace
03-17 11:48:44.268559   407  1835 D vold    : Found matching PID 465
03-17 11:48:44.268653   407  1835 W vold    : Skipping due to root namespace
03-17 11:48:44.268707   407  1835 D vold    : Found matching PID 466
03-17 11:48:44.268770   407  1835 W vold    : Skipping due to root namespace
03-17 11:48:44.268823   407  1835 D vold    : Found matching PID 467
03-17 11:48:44.268886   407  1835 W vold    : Skipping due to root namespace
03-17 11:48:44.268934   407  1835 D vold    : Found matching PID 469
03-17 11:48:44.269141   407  1835 W vold    : Skipping due to root namespace
03-17 11:48:44.270864   407  1835 D vold    : Found matching PID 523
03-17 11:48:44.270976   407  1835 W vold    : Skipping due to root namespace
03-17 11:48:44.271063   407  1835 D vold    : Found matching PID 527
03-17 11:48:44.271123   407  1835 W vold    : Skipping due to root namespace
03-17 11:48:44.271236   407  1835 D vold    : Found matching PID 531
03-17 11:48:44.271298   407  1835 W vold    : Skipping due to root namespace
03-17 11:48:44.271414   407  1835 D vold    : Found matching PID 532
03-17 11:48:44.271466   407  1835 W vold    : Skipping due to root namespace
03-17 11:48:44.271501   407  1835 D vold    : Found matching PID 533
03-17 11:48:44.271564   407  1835 W vold    : Skipping due to root namespace
03-17 11:48:44.271606   407  1835 D vold    : Found matching PID 534
03-17 11:48:44.271665   407  1835 W vold    : Skipping due to root namespace
03-17 11:48:44.271707   407  1835 D vold    : Found matching PID 535
03-17 11:48:44.271773   407  1835 W vold    : Skipping due to root namespace
03-17 11:48:44.271818   407  1835 D vold    : Found matching PID 536
03-17 11:48:44.271881   407  1835 W vold    : Skipping due to root namespace
03-17 11:48:44.271929   407  1835 D vold    : Found matching PID 537
03-17 11:48:44.271993   407  1835 W vold    : Skipping due to root namespace
03-17 11:48:44.272030   407  1835 D vold    : Found matching PID 539
03-17 11:48:44.272087   407  1835 W vold    : Skipping due to root namespace
03-17 11:48:44.272129   407  1835 D vold    : Found matching PID 540
03-17 11:48:44.272185   407  1835 W vold    : Skipping due to root namespace
03-17 11:48:44.272226   407  1835 D vold    : Found matching PID 541
03-17 11:48:44.272281   407  1835 W vold    : Skipping due to root namespace
03-17 11:48:44.272324   407  1835 D vold    : Found matching PID 544
03-17 11:48:44.272384   407  1835 W vold    : Skipping due to root namespace
03-17 11:48:44.272429   407  1835 D vold    : Found matching PID 545
03-17 11:48:44.272479   407  1835 W vold    : Skipping due to root namespace
03-17 11:48:44.272542   407  1835 D vold    : Found matching PID 548
03-17 11:48:44.272607   407  1835 W vold    : Skipping due to root namespace
03-17 11:48:44.272649   407  1835 D vold    : Found matching PID 549
03-17 11:48:44.272704   407  1835 W vold    : Skipping due to root namespace
03-17 11:48:44.272818   407  1835 D vold    : Found matching PID 560
03-17 11:48:44.272874   407  1835 W vold    : Skipping due to root namespace
03-17 11:48:44.272935   407  1835 D vold    : Found matching PID 567
03-17 11:48:44.273115   407  1835 W vold    : Skipping due to root namespace
03-17 11:48:44.273202   407  1835 D vold    : Found matching PID 570
03-17 11:48:44.273254   407  1835 W vold    : Skipping due to root namespace
03-17 11:48:44.273451   407  1835 D vold    : Found matching PID 637
03-17 11:48:44.273514   407  1835 W vold    : Skipping due to root namespace
03-17 11:48:44.273702   407  1835 D vold    : Found matching PID 653
03-17 11:48:44.273754   407  1835 W vold    : Skipping due to root namespace
03-17 11:48:44.273786   407  1835 D vold    : Found matching PID 654
03-17 11:48:44.273824   407  1835 W vold    : Skipping due to root namespace
03-17 11:48:44.273957   407  1835 D vold    : Found matching PID 661
03-17 11:48:44.274002   407  1835 W vold    : Skipping due to root namespace
03-17 11:48:44.274119   407  1835 D vold    : Found matching PID 672
03-17 11:48:44.274179   407  1835 W vold    : Skipping due to root namespace
03-17 11:48:44.274240   407  1835 D vold    : Found matching PID 675
03-17 11:48:44.274280   407  1835 W vold    : Skipping due to root namespace
03-17 11:48:44.274326   407  1835 D vold    : Found matching PID 678
03-17 11:48:44.274365   407  1835 W vold    : Skipping due to root namespace
03-17 11:48:44.274396   407  1835 D vold    : Found matching PID 680
03-17 11:48:44.274449   407  1835 W vold    : Skipping due to root namespace
03-17 11:48:44.274520   407  1835 D vold    : Found matching PID 682
03-17 11:48:44.274559   407  1835 W vold    : Skipping due to root namespace
03-17 11:48:44.274651   407  1835 D vold    : Found matching PID 782
03-17 11:48:44.274702   407  1835 W vold    : Skipping due to root namespace
03-17 11:48:44.274792   407  1835 D vold    : Found matching PID 787
03-17 11:48:44.274847   407  1835 W vold    : Skipping due to root namespace
03-17 11:48:44.274963   407  1835 D vold    : Found matching PID 994
03-17 11:48:44.310642   407  1835 D vold    : Found matching PID 2123
03-17 11:48:44.310741   407  1835 W vold    : Skipping due to root namespace
03-17 11:48:44.310803   407  1835 D vold    : Found matching PID 2355
03-17 11:48:44.330567   407  1835 D vold    : Found matching PID 2904
03-17 11:48:44.354486   407  1835 D vold    : Found matching PID 3284
03-17 11:48:44.374488   407  1835 D vold    : Found matching PID 3367
03-17 11:48:44.398547   407  1835 D vold    : Found matching PID 3507
03-17 11:48:44.398664   407  1835 W vold    : Skipping due to root namespace
03-17 11:48:44.398707   407  1835 D vold    : Found matching PID 3510
03-17 11:48:44.434594   407  1835 D vold    : Found matching PID 3532
03-17 11:48:44.454497   407  1835 D vold    : Found matching PID 3580
03-17 11:48:44.470470   407  1835 D vold    : Found matching PID 4641
03-17 11:48:44.490424   407  1835 D vold    : Found matching PID 4719
03-17 11:48:44.510452   407  1835 D vold    : Found matching PID 4848
03-17 11:48:44.527965   407  1835 D vold    : Remounting 1000 as mode full
03-17 11:48:44.533201   407  1835 D vold    : Found matching PID 391
03-17 11:48:44.533307   407  1835 W vold    : Skipping due to root namespace
03-17 11:48:44.533347   407  1835 D vold    : Found matching PID 392
03-17 11:48:44.533404   407  1835 W vold    : Skipping due to root namespace
03-17 11:48:44.533453   407  1835 D vold    : Found matching PID 393
03-17 11:48:44.533493   407  1835 W vold    : Skipping due to root namespace
03-17 11:48:44.533886   407  1835 D vold    : Found matching PID 465
