03-17 10:45:49.791803   994  1008 D AppOps  : checkOperation: uid reject #1 for code 87 uid 10064 package com.honeywell.tools.ezmenu
03-17 10:45:49.797969   994  1008 D AppOps  : checkOperation: uid reject #4 for code 1 uid 2000 package com.android.shell
03-17 10:45:49.798224   994  1008 D AppOps  : checkOperation: uid reject #4 for code 0 uid 2000 package com.android.shell
03-17 10:45:49.798341   994  1008 D AppOps  : checkOperation: uid reject #1 for code 87 uid 2000 package com.android.shell
03-17 10:45:49.798418   994  1008 D AppOps  : checkOperation: uid reject #1 for code 87 uid 2000 package com.android.shell
03-17 10:45:49.799391   994  1008 D AppOps  : checkOperation: uid reject #1 for code 87 uid 10091 package com.honeywell.tools.ezprovider
03-17 10:45:49.803550   994  1008 D AppOps  : checkOperation: uid reject #4 for code 0 uid 10101 package com.android.systemui
03-17 10:45:49.803719   994  1008 D AppOps  : checkOperation: uid reject #1 for code 87 uid 10101 package com.android.systemui
03-17 10:45:49.803787   994  1008 D AppOps  : checkOperation: uid reject #1 for code 87 uid 10101 package com.android.systemui
03-17 10:45:49.808153   994  1008 E AmsExtImpl: check result:true
03-17 10:45:49.824364   994  1008 I ActivityTaskManager: Loading recents for user 0 into memory.
03-17 10:45:49.824649   994  1008 E TaskPersister: restoreTasksForUserLocked: Unable to list files from /data/system_ce/0/recent_tasks
03-17 10:45:49.836479   994  1008 W Looper  : Drained
03-17 10:45:49.841462   994  1018 I ActivityManager: Start proc 2827:com.baidu.map.location/u0a51 for service {com.baidu.map.location/com.baidu.map.location.BaiduNetworkLocationService}
03-17 10:45:49.864113   994  2353 V ActivityManager: New death recipient com.android.server.am.ActivityManagerService$AppDeathRecipient@ca2c0c1 for thread android.os.BinderProxy@e4d1066, pid:2827,mApp:null
03-17 10:45:49.929870   994   994 V SettingsProvider: Notifying for 0: content://settings/secure/location_providers_allowed
03-17 10:45:49.931972   994  2353 V SettingsProvider: packageValueForCallResult, name = location_mode, value : Bundle[{_track_generation=android.util.MemoryIntArray@6c, value=3, _generation_index=2, _generation=47}]
03-17 10:45:50.381270   994  2278 E TaskPersister: File error accessing recents directory (directory doesn't exist?).
03-17 10:45:50.381448   994  2278 E TaskPersister: File error accessing recents directory (directory doesn't exist?).
03-17 10:45:50.548653   994  2298 E AmsExtImpl: check result:true
03-17 10:45:50.557955   994  1771 E AmsExtImpl: check result:true
03-17 10:45:50.558444   994  2353 I PreBootBroadcaster: Pre-boot of {com.android.providers.media/com.android.providers.media.MediaUpgradeReceiver} for user 0
03-17 10:45:50.570842   994  1018 I ActivityManager: Start proc 2851:com.android.localtransport/1000 for service {com.android.localtransport/com.android.localtransport.LocalTransportService}
03-17 10:45:50.573388  2497  2497 I MediaUpgradeReceiver: ---> Start upgrade of media database internal.db
03-17 10:45:50.587026  2497  2497 I MediaUpgradeReceiver: <--- Finished upgrade of media database internal.db in 13ms
03-17 10:45:50.587183  2497  2497 I MediaUpgradeReceiver: ---> Start upgrade of media database external.db
03-17 10:45:50.594914   994  1018 I ActivityManager: Start proc 2865:com.android.email/u0a115 for content provider {com.android.email/com.android.exchange.provider.ExchangeDirectoryProvider}
03-17 10:45:50.601329   994  2353 V ActivityManager: New death recipient com.android.server.am.ActivityManagerService$AppDeathRecipient@edecb38 for thread android.os.BinderProxy@c17c711, pid:2851,mApp:null
03-17 10:45:50.604351  2497  2497 I MediaUpgradeReceiver: <--- Finished upgrade of media database external.db in 17ms
03-17 10:45:50.604953   994  1719 I PreBootBroadcaster: Pre-boot of {com.android.settings/com.android.settings.SettingsInitialize} for user 0
03-17 10:45:50.632942   994  1770 I PreBootBroadcaster: Pre-boot of {com.honeywell.systemtools.autoinstall/com.honeywell.systemtools.autoinstall.utils.CheckUpdateFileReceiver} for user 0
03-17 10:45:50.636947   994  1770 I ActivityManager: Posting BOOT_COMPLETED user #0
03-17 10:45:50.642444   994  1008 I AppWidgetServiceImpl: Processing of handleUserUnlocked u0 took 6 ms
03-17 10:45:50.661826   994  1719 V ActivityManager: New death recipient com.android.server.am.ActivityManagerService$AppDeathRecipient@6d3c84e for thread android.os.BinderProxy@9883d6f, pid:2865,mApp:null
03-17 10:45:50.670896   994  1770 V SettingsProvider: packageValueForCallResult, name = null, value : Bundle[{_track_generation=android.util.MemoryIntArray@6c, value=null, _generation_index=2, _generation=47}]
03-17 10:45:50.675524   994   994 I TransportClient: LocalTransportService#0: Notifying [TransportManager.registerTransport()] transport = IBackupTransport
03-17 10:45:50.682896   994  2298 D BackupTransportManager: Transport com.android.localtransport/.LocalTransportService registered
03-17 10:45:50.683051   994  2298 D BackupManagerService: Transport com.android.localtransport/.LocalTransport registered 3180ms after first request (delay = 3000ms)
03-17 10:45:50.715392   994  2893 I BootReceiver: No existing last log timestamp file /data/system/log-files.xml; starting empty
03-17 10:45:50.717949   994  2893 I DropBoxManagerService: add tag=SYSTEM_BOOT isTagEnabled=true flags=0x2
03-17 10:45:50.729911   994  2893 I BootReceiver: Copying /proc/last_kmsg to DropBox (SYSTEM_LAST_KMSG)
03-17 10:45:50.730130   994  2893 I DropBoxManagerService: add tag=SYSTEM_LAST_KMSG isTagEnabled=true flags=0x2
03-17 10:45:50.730257  2355  2355 W ContextImpl: Calling a method in the system process without a qualified user: android.app.ContextImpl.startService:1571 android.content.ContextWrapper.startService:669 android.content.ContextWrapper.startService:669 com.honeywell.systemtools.autoinstall.utils.AutoInstallUtils.tryAutoinstallAction:1234 com.honeywell.systemtools.autoinstall.utils.CheckUpdateFileReceiver.onReceive:36 
03-17 10:45:50.737351  2865  2895 D ActivityThread: Loading provider com.android.email.provider;com.android.email.notifier;com.android.email.uinotifications: com.android.email.provider.EmailProvider
03-17 10:45:50.738732   994  2893 I BootReceiver: Copying audit failures to DropBox
03-17 10:45:50.739606   994  2893 I BootReceiver: Copied 0 worth of audits to DropBox
03-17 10:45:50.739906   994  2893 I DropBoxManagerService: add tag=SYSTEM_AUDIT isTagEnabled=true flags=0x2
03-17 10:45:50.746803   994  2893 W BootReceiver: boot_fs_shutdown, string not found
03-17 10:45:50.748580   994  2893 I BootReceiver: Checking for fsck errors
03-17 10:45:50.750291   994  2893 I BootReceiver: fs_stat, partition:userdata stat:0x13
03-17 10:45:50.750922   994  2893 I BootReceiver: fs_stat, partition:cache stat:0x3
03-17 10:45:50.751513   994  2893 I BootReceiver: fs_stat, partition:protect1 stat:0x3
03-17 10:45:50.752230   994  2893 I BootReceiver: fs_stat, partition:protect2 stat:0x3
03-17 10:45:50.752820   994  2893 I BootReceiver: fs_stat, partition:nvdata stat:0x3
03-17 10:45:50.753423   994  2893 I BootReceiver: fs_stat, partition:nvcfg stat:0x3
03-17 10:45:50.753977   994  2893 I BootReceiver: fs_stat, partition:persist stat:0x43
03-17 10:45:50.754948   994   994 W ContextImpl: Calling a method in the system process without a qualified user: android.app.ContextImpl.startService:1571 android.content.ContextWrapper.startService:669 android.content.ContextWrapper.startService:669 com.mediatek.location.lppe.main.LPPeBootUpReceiver.onReceive:18 android.app.ActivityThread.handleReceiver:3816 
03-17 10:45:50.774483  2865  2899 D ActivityThread: Loading provider com.android.email.provider;com.android.email.notifier;com.android.email.uinotifications: com.android.email.provider.EmailProvider
03-17 10:45:50.786266  2865  2895 D ActivityThread: Loading provider com.android.email.provider;com.android.email.notifier;com.android.email.uinotifications: com.android.email.provider.EmailProvider
03-17 10:45:50.804084   994  1018 I ActivityManager: Start proc 2904:com.honeywell.tools.deviceconfig/1000 for broadcast {com.honeywell.tools.deviceconfig/com.honeywell.tools.deviceconfig.AutoRestoreReceiver}
03-17 10:45:50.805532   994  1007 V SettingsProvider: packageValueForCallResult, name = null, value : Bundle[{_track_generation=android.util.MemoryIntArray@6c, value=null, _generation_index=0, _generation=22}]
03-17 10:45:50.857882   994  1769 V ActivityManager: New death recipient com.android.server.am.ActivityManagerService$AppDeathRecipient@49cf14b for thread android.os.BinderProxy@359c728, pid:2904,mApp:null
03-17 10:45:50.903996   994  1769 V SettingsProvider: packageValueForCallResult, name = null, value : Bundle[{_track_generation=android.util.MemoryIntArray@6c, value=null, _generation_index=0, _generation=22}]
03-17 10:45:50.918358  2355  2896 W ContextImpl: Calling a method in the system process without a qualified user: android.app.ContextImpl.sendBroadcast:1046 android.content.ContextWrapper.sendBroadcast:448 com.honeywell.systemtools.autoinstall.service.CheckMediaStatus.checkFile:755 com.honeywell.systemtools.autoinstall.service.CheckMediaStatus.checkUpdatingFiles:695 com.honeywell.systemtools.autoinstall.service.CheckMediaStatus.onHandleIntent:584 
03-17 10:45:50.928562  2355  2896 W ContextImpl: Calling a method in the system process without a qualified user: android.app.ContextImpl.sendBroadcast:1046 android.content.ContextWrapper.sendBroadcast:448 com.honeywell.systemtools.autoinstall.utils.AutoInstallUtils.disableAutoScene:295 com.honeywell.systemtools.autoinstall.service.CheckMediaStatus.checkFile:758 com.honeywell.systemtools.autoinstall.service.CheckMediaStatus.checkUpdatingFiles:695 
03-17 10:45:50.930361   994  1017 W BroadcastQueue: Background execution not allowed: receiving Intent { act=com.honeywell.ezprovider.action.PERSIST flg=0x10000010 (has extras) } to com.honeywell.tools.ezprovider/.EZConfigReceiver
03-17 10:45:50.938796   994  1417 D PackageManager: grant permission for com.honeywell.tools.ezprovider
03-17 10:45:50.939040   994  1417 I chatty  : uid=1000(system) tworkPolicy.uid identical 1 line
03-17 10:45:50.939132   994  1417 D PackageManager: grant permission for com.honeywell.tools.ezprovider
03-17 10:45:50.945256   994  1769 D PackageManager: grant permission for com.honeywell.tools.ezprovider
03-17 10:45:50.949363   994  1769 V SettingsProvider: packageValueForCallResult, name = null, value : Bundle[{_track_generation=android.util.MemoryIntArray@6c, value=null, _generation_index=0, _generation=22}]
03-17 10:45:51.016749   994  1770 D PackageManager: grant permission for com.honeywell.tools.ezprovider
03-17 10:45:51.020484   994  1770 I chatty  : uid=1000(system) Binder:994_8 identical 4 lines
03-17 10:45:51.020623   994  1770 D PackageManager: grant permission for com.honeywell.tools.ezprovider
03-17 10:45:51.027617  2904  2904 W ContextImpl: Calling a method in the system process without a qualified user: android.app.ContextImpl.bindService:1650 android.content.ContextWrapper.bindService:705 com.honeywell.tools.deviceconfig.DeviceConfigApplication.bindHonService:91 com.honeywell.tools.deviceconfig.DeviceConfigApplication.onCreate:63 android.app.Instrumentation.callApplicationOnCreate:1189 
03-17 10:45:51.033560   994  1769 D PackageManager: grant permission for com.honeywell.tools.ezprovider
03-17 10:45:51.033807   994  1769 I chatty  : uid=1000(system) Binder:994_7 identical 1 line
03-17 10:45:51.033923   994  1769 D PackageManager: grant permission for com.honeywell.tools.ezprovider
03-17 10:45:51.036535   994  1423 D MtkConnectivityService: releasing NetworkRequest [ TRACK_DEFAULT id=15, [ Capabilities: INTERNET&NOT_RESTRICTED&TRUSTED Uid: 1001] ] (release request)
03-17 10:45:51.036994  2904  2904 W ContextImpl: Calling a method in the system process without a qualified user: android.app.ContextImpl.bindService:1650 android.content.ContextWrapper.bindService:705 com.honeywell.tools.deviceconfig.DeviceConfigApplication.bindWifiCfgService:98 com.honeywell.tools.deviceconfig.DeviceConfigApplication.onCreate:64 android.app.Instrumentation.callApplicationOnCreate:1189 
03-17 10:45:51.037013   994  1769 D PackageManager: grant permission for com.honeywell.tools.ezprovider
03-17 10:45:51.037382   994  1769 I chatty  : uid=1000(system) Binder:994_7 identical 1 line
03-17 10:45:51.037526   994  1769 D PackageManager: grant permission for com.honeywell.tools.ezprovider
03-17 10:45:51.038116   994  1007 W ActivityManager: Unable to start service Intent { cmp=com.honeywell.tools.wifiradiosettings/.WifiRadioSettingService } U=0: not found
03-17 10:45:51.041643  2904  2904 W ContextImpl: Calling a method in the system process without a qualified user: android.app.ContextImpl.startService:1571 android.content.ContextWrapper.startService:669 android.content.ContextWrapper.startService:669 com.honeywell.tools.deviceconfig.AutoRestoreReceiver.onReceive:62 android.app.ActivityThread.handleReceiver:3816 
03-17 10:45:51.044924  2904  2904 W ContextImpl: Calling a method in the system process without a qualified user: android.app.ContextImpl.startService:1571 android.content.ContextWrapper.startService:669 android.content.ContextWrapper.startService:669 com.honeywell.tools.deviceconfig.AutoRestoreReceiver.startServiceToScan:102 com.honeywell.tools.deviceconfig.AutoRestoreReceiver.onReceive:63 
03-17 10:45:51.052454   994  2353 D PackageManager: grant permission for com.honeywell.tools.ezprovider
03-17 10:45:51.054793   994   994 V SettingsProvider: Notifying for 0: content://settings/global/ezprovider_init_count
03-17 10:45:51.065776   994  1769 W ActivityManager: Unable to start service Intent { act=com.android.mail.action.BACKUP_DATA_CHANGED pkg=com.android.email } U=0: not found
03-17 10:45:51.067470   994  1007 W ActivityManager: Unable to start service Intent { act=com.android.mail.action.BACKUP_DATA_CHANGED pkg=com.android.email } U=0: not found
03-17 10:45:51.069439   994  2353 W ActivityManager: Unable to start service Intent { act=com.android.mail.action.BACKUP_DATA_CHANGED pkg=com.android.email } U=0: not found
03-17 10:45:51.073391   994  1770 W ActivityManager: Unable to start service Intent { act=com.android.mail.action.BACKUP_DATA_CHANGED pkg=com.android.email } U=0: not found
03-17 10:45:51.078243   994  2353 W ActivityManager: Unable to start service Intent { act=com.android.mail.action.BACKUP_DATA_CHANGED pkg=com.android.email } U=0: not found
03-17 10:45:51.079494   994  1007 W ActivityManager: Unable to start service Intent { act=com.android.mail.action.BACKUP_DATA_CHANGED pkg=com.android.email } U=0: not found
03-17 10:45:51.080715   994  2353 W ActivityManager: Unable to start service Intent { act=com.android.mail.action.BACKUP_DATA_CHANGED pkg=com.android.email } U=0: not found
03-17 10:45:51.094512   994  1018 I ActivityManager: Start proc 2938:com.honeywell.tools.nosip/u0a93 for broadcast {com.honeywell.tools.nosip/com.honeywell.tools.nosip.NoSIPReceiver}
03-17 10:45:51.104163  2904  2904 W ContextImpl: Calling a method in the system process without a qualified user: android.app.ContextImpl.sendBroadcast:1046 android.content.ContextWrapper.sendBroadcast:448 com.honeywell.common.ProvisionUtil.sendImportBroadCast:81 com.honeywell.tools.deviceconfig.DeviceConfigService.dataCollectionBroadCast:235 com.honeywell.tools.deviceconfig.DeviceConfigService.onStartCommand:181 
03-17 10:45:51.111253   994  2353 I DropBoxManagerService: add tag=system_server_wtf isTagEnabled=true flags=0x2
03-17 10:45:51.133144   994  1007 W ActivityManager: Unable to start service Intent { cmp=com.android.email/.service.AttachmentService } U=0: not found
03-17 10:45:51.156069   994  2353 V ActivityManager: New death recipient com.android.server.am.ActivityManagerService$AppDeathRecipient@c4cd6f5 for thread android.os.BinderProxy@cb45c8a, pid:2938,mApp:null
03-17 10:45:51.193947   994  1770 V SettingsProvider: packageValueForCallResult, name = hide_virtual_keyboard, value : Bundle[{_track_generation=android.util.MemoryIntArray@6c, value=0, _generation_index=0, _generation=23}]
03-17 10:45:51.201554   994   994 V SettingsProvider: Notifying for 0: content://settings/global/hide_virtual_keyboard
03-17 10:45:51.231550   994  1018 I ActivityManager: Start proc 2966:com.android.dialer/u0a100 for broadcast {com.android.dialer/com.android.dialer.app.calllog.CallLogReceiver}
03-17 10:45:51.260624   994  2353 V ActivityManager: New death recipient com.android.server.am.ActivityManagerService$AppDeathRecipient@f05f978 for thread android.os.BinderProxy@25df851, pid:2966,mApp:null
03-17 10:45:51.401112   994  1007 I ActivityManager: Killing 1864:com.android.settings:CryptKeeper/1000 (adj 985): empty #17
03-17 10:45:51.426951   994  1018 I ActivityManager: Start proc 2991:com.honeywell.android.mdm.appconfigure/1000 for broadcast {com.honeywell.android.mdm.appconfigure/com.honeywell.android.mdm.appconfigure.AppReceiver}
03-17 10:45:51.450508   994  2353 V ActivityManager: Death received in com.android.server.am.ActivityManagerService$AppDeathRecipient@dadbfcf for thread android.os.BinderProxy@c85ed5c, mPid:1864,mApp:ProcessRecord{8cf9b66 1864:com.android.settings:CryptKeeper/1000}
03-17 10:45:51.467622   994  2353 V ActivityManager: New death recipient com.android.server.am.ActivityManagerService$AppDeathRecipient@8a26ea7 for thread android.os.BinderProxy@70a2f54, pid:2991,mApp:null
03-17 10:45:51.511206   994  2353 V SettingsProvider: packageValueForCallResult, name = null, value : Bundle[{_track_generation=android.util.MemoryIntArray@6c, value=null, _generation_index=0, _generation=24}]
03-17 10:45:51.516846   994   994 I RoleManagerService: Granting default permissions...
03-17 10:45:51.550091   994   994 I Telecom : DefaultDialerCache: Refreshing default dialer for user 0: now null: DDC.oR@ABI
03-17 10:45:51.558940   994   994 I RoleManagerService: Granting default permissions...
03-17 10:45:51.648454   994  1016 W VoiceInteractionManagerService: no available voice interaction services found for user 0
03-17 10:45:51.653812   994   994 I Telecom : DefaultDialerCache: Refreshing default dialer for user 0: now null: DDC.oR@ABM
03-17 10:45:51.653984   994  1770 I ActivityManager: Killing 2232:com.mediatek.simprocessor/1000 (adj 985): empty #17
03-17 10:45:51.670533   994  1421 I ActivityManager: Killing 2183:com.android.deskclock/1000 (adj 985): empty #17
03-17 10:45:51.671585   994   994 I Telecom-PhoneAccountRegistrar: getSimCallManager: SimCallManager for subId -1 queried, returning: null: TSI.gSCMFU@ABQ
03-17 10:45:51.679813   994   994 I RoleManagerService: Granting default permissions...
03-17 10:45:51.696954   994   994 I Telecom : DefaultDialerCache: Refreshing default dialer for user 0: now null: DDC.oR@ABU
03-17 10:45:51.701782   994   994 I RoleManagerService: Granting default permissions...
03-17 10:45:51.704413   994  1016 W VoiceInteractionManagerService: no available voice interaction services found for user 0
03-17 10:45:51.713837   994   994 I Telecom : DefaultDialerCache: Refreshing default dialer for user 0: now null: DDC.oR@ABY
03-17 10:45:51.717537   994  1016 W VoiceInteractionManagerService: no available voice interaction services found for user 0
03-17 10:45:51.718236   994  1771 V ActivityManager: Death received in com.android.server.am.ActivityManagerService$AppDeathRecipient@1b6b11 for thread android.os.BinderProxy@671f476, mPid:2232,mApp:ProcessRecord{cc21e26 2232:com.mediatek.simprocessor/1000}
03-17 10:45:51.722910   994   994 I Telecom-PhoneAccountRegistrar: getSimCallManager: SimCallManager for subId -1 queried, returning: null: TSI.gSCMFU@ABc
03-17 10:45:51.728462   994   994 I RoleManagerService: Granting default permissions...
03-17 10:45:51.734339   994  1771 V ActivityManager: Death received in com.android.server.am.ActivityManagerService$AppDeathRecipient@61d000c for thread android.os.BinderProxy@5a4dd55, mPid:2183,mApp:ProcessRecord{521f6b2 2183:com.android.deskclock/1000}
03-17 10:45:51.741649   994  1016 W VoiceInteractionManagerService: no available voice interaction services found for user 0
03-17 10:45:51.742011   994   994 I Telecom : DefaultDialerCache: Refreshing default dialer for user 0: now null: DDC.oR@ABg
03-17 10:45:51.759873   994  1016 W VoiceInteractionManagerService: no available voice interaction services found for user 0
03-17 10:45:51.765696   994   994 I RoleManagerService: Granting default permissions...
03-17 10:45:51.781459   994   994 I Telecom : DefaultDialerCache: Refreshing default dialer for user 0: now null: DDC.oR@ABk
03-17 10:45:51.783843   994  1016 W VoiceInteractionManagerService: no available voice interaction services found for user 0
03-17 10:45:51.792626   994   994 I Telecom : DefaultDialerCache: Refreshing default dialer for user 0: now null: DDC.oR@ABo
03-17 10:45:51.793941   994   994 I Telecom : MissedCallNotifierImpl: reloadAfterBootComplete: user=0: TSBCR.oR@ABs
03-17 10:45:51.802096   994  1016 I RoleUserState: Wrote roles.xml successfully
03-17 10:45:51.821188   994  3017 W BroadcastQueue: Skipping deliver [background] BroadcastRecord{185418b u0 android.intent.action.BOOT_COMPLETED} to ReceiverList{e5a0d96 2183 com.android.deskclock/1000/u0 remote:5ddb4b1}: process gone or crashing
03-17 10:45:51.822071   994  1017 W BroadcastQueue: Skipping deliver [background] BroadcastRecord{185418b u0 android.intent.action.BOOT_COMPLETED} to ReceiverList{e7eaed 2183 com.android.deskclock/1000/u0 remote:7e3e504}: process gone or crashing
03-17 10:45:51.825692   994  1719 E AmsExtImpl: check result:true
03-17 10:45:51.847270   994  1018 I ActivityManager: Start proc 3022:com.android.calendar/u0a114 for broadcast {com.android.calendar/com.android.calendar.UpgradeReceiver}
03-17 10:45:51.905715   994  3017 V ActivityManager: New death recipient com.android.server.am.ActivityManagerService$AppDeathRecipient@29b8d1a for thread android.os.BinderProxy@d55304b, pid:3022,mApp:null
03-17 10:45:52.001775   994  1770 E AmsExtImpl: check result:true
03-17 10:45:52.002976   994  1770 I ActivityManager: Killing 2254:com.mediatek.batterywarning/1000 (adj 985): empty #17
03-17 10:45:52.028790   994  1018 I ActivityManager: Start proc 3044:com.debug.loggerui/u0a86 for broadcast {com.debug.loggerui/com.debug.loggerui.framework.LogReceiver}
03-17 10:45:52.062107   994  1770 V ActivityManager: Death received in com.android.server.am.ActivityManagerService$AppDeathRecipient@ea79eac for thread android.os.BinderProxy@4bf2775, mPid:2254,mApp:ProcessRecord{37f3eb1 2254:com.mediatek.batterywarning/1000}
03-17 10:45:52.065982   994  3016 V ActivityManager: New death recipient com.android.server.am.ActivityManagerService$AppDeathRecipient@2dcf96 for thread android.os.BinderProxy@cc54717, pid:3044,mApp:null
03-17 10:45:52.128164   994  1771 E AmsExtImpl: check result:true
03-17 10:45:52.152190   994  1018 I ActivityManager: Start proc 3071:com.android.contacts/u0a106 for broadcast {com.android.contacts/com.android.contacts.interactions.OnBootOrUpgradeReceiver}
03-17 10:45:52.182041   994  1006 V ActivityManager: New death recipient com.android.server.am.ActivityManagerService$AppDeathRecipient@b868dcd for thread android.os.BinderProxy@10d0682, pid:3071,mApp:null
03-17 10:45:52.196557   994  1771 I ActivityManager: Killing 2376:com.android.documentsui/u0a48 (adj 975): empty #17
03-17 10:45:52.245523   994  1006 E AmsExtImpl: check result:true
03-17 10:45:52.246801   994  1006 I ActivityManager: Killing 2474:com.android.externalstorage/u0a57 (adj 975): empty #17
03-17 10:45:52.250439   994  3016 V ActivityManager: Death received in com.android.server.am.ActivityManagerService$AppDeathRecipient@358bb64 for thread android.os.BinderProxy@93871cd, mPid:2376,mApp:ProcessRecord{a4963a6 2376:com.android.documentsui/u0a48}
03-17 10:45:52.272765   994  1018 I ActivityManager: Start proc 3095:com.android.deskclock/1000 for broadcast {com.android.deskclock/com.android.deskclock.AlarmInitReceiver}
03-17 10:45:52.290145   994  3016 V ActivityManager: Death received in com.android.server.am.ActivityManagerService$AppDeathRecipient@a557d26 for thread android.os.BinderProxy@3ec0d67, mPid:2474,mApp:ProcessRecord{a23843d 2474:com.android.externalstorage/u0a57}
03-17 10:45:52.312078   994  1770 V ActivityManager: New death recipient com.android.server.am.ActivityManagerService$AppDeathRecipient@7981432 for thread android.os.BinderProxy@2940583, pid:3095,mApp:null
03-17 10:45:52.359528   994  1016 I RoleUserState: Wrote roles.xml successfully
03-17 10:45:52.411121   994  3016 V SettingsProvider: packageValueForCallResult, name = null, value : Bundle[{_track_generation=android.util.MemoryIntArray@6c, value=null, _generation_index=0, _generation=24}]
03-17 10:45:52.462636   994  3016 E AmsExtImpl: check result:true
03-17 10:45:52.463813   994  3016 I ActivityManager: Killing 2533:com.android.keychain/1000 (adj 975): empty #17
03-17 10:45:52.487811   994  1018 I ActivityManager: Start proc 3119:com.android.dynsystem/1000 for broadcast {com.android.dynsystem/com.android.dynsystem.BootCompletedReceiver}
03-17 10:45:52.510175   994  3016 V ActivityManager: Death received in com.android.server.am.ActivityManagerService$AppDeathRecipient@43d2946 for thread android.os.BinderProxy@2c21707, mPid:2533,mApp:ProcessRecord{fc402ea 2533:com.android.keychain/1000}
03-17 10:45:52.526698   994  3016 V ActivityManager: New death recipient com.android.server.am.ActivityManagerService$AppDeathRecipient@a54b9db for thread android.os.BinderProxy@1160c78, pid:3119,mApp:null
03-17 10:45:52.534160   994  1770 D PackageManager: grant permission for com.honeywell.tools.ezprovider
03-17 10:45:52.534380   994  1770 I chatty  : uid=1000(system) Binder:994_8 identical 1 line
03-17 10:45:52.534473   994  1770 D PackageManager: grant permission for com.honeywell.tools.ezprovider
03-17 10:45:52.564288   994  3016 D DynamicSystemService: GsiService is not ready, wait for 64ms
03-17 10:45:52.645530   994  3094 W DynamicSystemService: gsiservice died; reconnecting
03-17 10:45:52.645864   994  3016 I ActivityManager: Killing 2609:com.android.mtp/u0a54 (adj 975): empty #17
03-17 10:45:52.684746   994  1018 I ActivityManager: Start proc 3141:com.android.gallery3d/u0a104 for broadcast {com.android.gallery3d/com.mediatek.gallery3d.adapter.FeatureServiceStart}
03-17 10:45:52.698200   994  3016 V ActivityManager: Death received in com.android.server.am.ActivityManagerService$AppDeathRecipient@86a02b6 for thread android.os.BinderProxy@bacbb7, mPid:2609,mApp:ProcessRecord{ed126d8 2609:com.android.mtp/u0a54}
03-17 10:45:52.721409   994  3094 V ActivityManager: New death recipient com.android.server.am.ActivityManagerService$AppDeathRecipient@e33e97 for thread android.os.BinderProxy@d9dd884, pid:3141,mApp:null
03-17 10:45:52.842536   994  1721 I ActivityManager: Killing 2402:com.android.provision/u0a107 (adj 975): empty #17
03-17 10:45:52.856777   994  1721 V SettingsProvider: packageValueForCallResult, name = default_input_method, value : Bundle[{_track_generation=android.util.MemoryIntArray@6c, value=com.android.inputmethod.latin/.LatinIME, _generation_index=2, _generation=47}]
03-17 10:45:52.926215   994  3094 V ActivityManager: Death received in com.android.server.am.ActivityManagerService$AppDeathRecipient@6fe7548 for thread android.os.BinderProxy@fc40fe1, mPid:2402,mApp:ProcessRecord{fd0fab 2402:com.android.provision/u0a107}
03-17 10:45:52.942940  3141  3161 I SystemConfig: Non-xml file /system/etc/permissions/pms_sysapp_removable_system_list.txt in /system/etc/permissions directory, ignoring
03-17 10:45:52.943141  3141  3161 I SystemConfig: Non-xml file /system/etc/permissions/pms_sysapp_removable_vendor_list.txt in /system/etc/permissions directory, ignoring
03-17 10:45:52.979499  3141  3161 W SystemConfig: No directory /product/etc/sysconfig, skipping
03-17 10:45:52.991282  3141  3161 W SystemConfig: No directory /product_services/etc/sysconfig, skipping
03-17 10:45:52.991519  3141  3161 W SystemConfig: No directory /product_services/etc/permissions, skipping
03-17 10:45:53.037663   994  3094 D PackageManager: grant permission for com.honeywell.tools.ezprovider
03-17 10:45:53.037912   994  3094 I chatty  : uid=1000(system) Binder:994_D identical 1 line
03-17 10:45:53.038032   994  3094 D PackageManager: grant permission for com.honeywell.tools.ezprovider
03-17 10:45:53.121297   994  1016 I RoleUserState: Wrote roles.xml successfully
03-17 10:45:54.221962   994  1770 V ActivityManager: Death received in com.android.server.am.ActivityManagerService$AppDeathRecipient@2dcf96 for thread android.os.BinderProxy@cc54717, mPid:3044,mApp:ProcessRecord{9ea6ab4 3044:com.debug.loggerui/u0a86}
03-17 10:45:54.222272   994  1770 I ActivityManager: Process com.debug.loggerui (pid 3044) has died: cch+45 CEM 
03-17 10:45:57.223243   994  1421 D AppOps  : checkOperation: uid reject #1 for code 87 uid 10054 package com.android.providers.media
03-17 10:45:57.232938   994  1421 D AppOps  : checkOperation: uid reject #1 for code 87 uid 10054 package com.android.providers.media
03-17 10:45:57.239122   994  1421 V SettingsProvider: packageValueForCallResult, name = sync_parent_sounds, value : Bundle[{_track_generation=android.util.MemoryIntArray@6c, value=1, _generation_index=2, _generation=47}]
03-17 10:45:57.243195   994   994 V SettingsProvider: Notifying for 0: content://settings/secure/sync_parent_sounds
03-17 10:45:57.243793   994  1421 V SettingsProvider: name : ringtone appId : 10054
03-17 10:45:57.249620   994   994 V SettingsProvider: Notifying for 0: content://settings/system/ringtone
03-17 10:45:57.252083   994  1421 D AppOps  : checkOperation: uid reject #1 for code 87 uid 10054 package com.android.providers.media
03-17 10:45:57.262559   994  1770 V SettingsProvider: name : ringtone_set appId : 10054
03-17 10:45:57.262793   994  1770 V SettingsProvider: Package name : com.android.providers.media privateFlags : 205525000
03-17 10:45:57.263608   994   994 V SettingsProvider: Notifying for 0: content://settings/system/ringtone_set
03-17 10:45:57.266083   994  1770 D AppOps  : checkOperation: uid reject #1 for code 87 uid 10054 package com.android.providers.media
03-17 10:45:57.270065   994  1770 D AppOps  : checkOperation: uid reject #1 for code 87 uid 10054 package com.android.providers.media
03-17 10:45:57.274654   994  1770 V SettingsProvider: name : notification_sound appId : 10054
03-17 10:45:57.277298   994   994 V SettingsProvider: Notifying for 0: content://settings/system/notification_sound
03-17 10:45:57.279147   994  1770 D AppOps  : checkOperation: uid reject #1 for code 87 uid 10054 package com.android.providers.media
03-17 10:45:57.287411   994  1770 V SettingsProvider: name : notification_sound_set appId : 10054
03-17 10:45:57.287690   994  1770 V SettingsProvider: Package name : com.android.providers.media privateFlags : 205525000
03-17 10:45:57.288723   994   994 V SettingsProvider: Notifying for 0: content://settings/system/notification_sound_set
03-17 10:45:57.291359   994  1770 D AppOps  : checkOperation: uid reject #1 for code 87 uid 10054 package com.android.providers.media
03-17 10:45:57.295714   994  1770 D AppOps  : checkOperation: uid reject #1 for code 87 uid 10054 package com.android.providers.media
03-17 10:45:57.299951   994  1770 V SettingsProvider: name : alarm_alert appId : 10054
03-17 10:45:57.303394   994   994 V SettingsProvider: Notifying for 0: content://settings/system/alarm_alert
03-17 10:45:57.305158   994  1421 D AppOps  : checkOperation: uid reject #1 for code 87 uid 10054 package com.android.providers.media
03-17 10:45:57.314702   994  1421 V SettingsProvider: name : alarm_alert_set appId : 10054
03-17 10:45:57.314960   994  1421 V SettingsProvider: Package name : com.android.providers.media privateFlags : 205525000
03-17 10:45:57.316038   994   994 V SettingsProvider: Notifying for 0: content://settings/system/alarm_alert_set
03-17 10:45:57.318908   994  1421 D AppOps  : checkOperation: uid reject #1 for code 87 uid 10054 package com.android.providers.media
03-17 10:45:57.323518   994  1421 D AppOps  : checkOperation: uid reject #1 for code 87 uid 10054 package com.android.providers.media
03-17 10:45:57.328631   994  1421 V SettingsProvider: name : ringtone_2 appId : 10054
03-17 10:45:57.328884   994  1421 V SettingsProvider: Package name : com.android.providers.media privateFlags : 205525000
03-17 10:45:57.329958   994   994 V SettingsProvider: Notifying for 0: content://settings/system/ringtone_2
03-17 10:45:57.332220   994  1421 D AppOps  : checkOperation: uid reject #1 for code 87 uid 10054 package com.android.providers.media
03-17 10:45:57.340865   994  1421 V SettingsProvider: name : ringtone_2_set appId : 10054
03-17 10:45:57.341205   994  1421 V SettingsProvider: Package name : com.android.providers.media privateFlags : 205525000
03-17 10:45:57.342320   994   994 V SettingsProvider: Notifying for 0: content://settings/system/ringtone_2_set
03-17 10:45:57.353786   994  1421 D AppOps  : checkOperation: uid reject #1 for code 87 uid 10054 package com.android.providers.downloads
03-17 10:46:01.703558   994   994 I RoleManagerService: Granting default permissions...
03-17 10:46:01.775600   994   994 I Telecom : DefaultDialerCache: Refreshing default dialer for user 0: now null: DDC.oR@ABw
03-17 10:46:01.783400   994   994 I RoleManagerService: Granting default permissions...
03-17 10:46:01.788612   994  1016 W VoiceInteractionManagerService: no available voice interaction services found for user 0
03-17 10:46:01.795082   994   994 I Telecom : DefaultDialerCache: Refreshing default dialer for user 0: now null: DDC.oR@AB0
03-17 10:46:01.800209   994   994 I RoleManagerService: Granting default permissions...
03-17 10:46:01.811852   994   994 I Telecom : DefaultDialerCache: Refreshing default dialer for user 0: now null: DDC.oR@AB4
03-17 10:46:01.816946   994  1016 W VoiceInteractionManagerService: no available voice interaction services found for user 0
03-17 10:46:01.817551   994   994 I RoleManagerService: Granting default permissions...
03-17 10:46:01.831801   994   994 I Telecom : DefaultDialerCache: Refreshing default dialer for user 0: now null: DDC.oR@AB8
03-17 10:46:01.833963   994   994 V SettingsProvider: Notifying for 0: content://settings/secure/input_methods_subtype_history
03-17 10:46:01.834521   994  1016 W VoiceInteractionManagerService: no available voice interaction services found for user 0
03-17 10:46:01.848088   994  1016 W VoiceInteractionManagerService: no available voice interaction services found for user 0
03-17 10:46:02.017327   994  1421 V SettingsProvider: packageValueForCallResult, name = device_provisioned, value : Bundle[{_track_generation=android.util.MemoryIntArray@6c, value=1, _generation_index=0, _generation=24}]
03-17 10:46:02.089857   994  3094 V SettingsProvider: packageValueForCallResult, name = null, value : Bundle[{_track_generation=android.util.MemoryIntArray@6c, value=null, _generation_index=2, _generation=49}]
03-17 10:46:02.139888   994  1421 E AmsExtImpl: check result:true
03-17 10:46:02.160549   994  1018 I ActivityManager: Start proc 3237:com.android.onetimeinitializer/u0a99 for broadcast {com.android.onetimeinitializer/com.android.onetimeinitializer.OneTimeInitializerReceiver}
03-17 10:46:02.180565   994  3094 V ActivityManager: New death recipient com.android.server.am.ActivityManagerService$AppDeathRecipient@9f9d7a0 for thread android.os.BinderProxy@4d3bf59, pid:3237,mApp:null
03-17 10:46:02.213351  3237  3257 E ActivityThread: Failed to find provider info for com.android.launcher2.settings
03-17 10:46:02.261571   994  1018 I ActivityManager: Start proc 3262:com.android.packageinstaller/u0a45 for broadcast {com.android.packageinstaller/com.android.packageinstaller.TemporaryFileManager}
03-17 10:46:02.288412   994  1721 V ActivityManager: New death recipient com.android.server.am.ActivityManagerService$AppDeathRecipient@23e3001 for thread android.os.BinderProxy@8e0eea6, pid:3262,mApp:null
03-17 10:46:02.322582   994  1721 I ActivityManager: Killing 1903:com.android.settings/1000 (adj 985): empty #17
03-17 10:46:02.329456   994  1016 I RoleUserState: Wrote roles.xml successfully
03-17 10:46:02.337635   994  1721 V SettingsProvider: packageValueForCallResult, name = null, value : Bundle[{_track_generation=android.util.MemoryIntArray@6c, value=null, _generation_index=2, _generation=49}]
03-17 10:46:02.348846   994   994 V SettingsProvider: Notifying for 0: content://settings/global/dialogueDisplayed
03-17 10:46:02.379855   994  1770 V ActivityManager: Death received in com.android.server.am.ActivityManagerService$AppDeathRecipient@c8fcec for thread android.os.BinderProxy@d2bc8b5, mPid:1903,mApp:ProcessRecord{6cfa0fb 1903:com.android.settings/1000}
03-17 10:46:02.403533   994  1018 I ActivityManager: Start proc 3284:com.android.settings/1000 for broadcast {com.android.settings/com.android.settings.fuelgauge.batterytip.AnomalyConfigReceiver}
03-17 10:46:02.433398   994  3283 V ActivityManager: New death recipient com.android.server.am.ActivityManagerService$AppDeathRecipient@aed51d7 for thread android.os.BinderProxy@9458ac4, pid:3284,mApp:null
03-17 10:46:02.511485   994  1769 I ActivityManager: Killing 2750:com.android.quicksearchbox/1000 (adj 985): empty #17
03-17 10:46:02.543143   994  1018 I ActivityManager: Start proc 3303:com.android.traceur/u0a68 for broadcast {com.android.traceur/com.android.traceur.Receiver}
03-17 10:46:02.555386   994  3283 V ActivityManager: New death recipient com.android.server.am.ActivityManagerService$AppDeathRecipient@26a2063 for thread android.os.BinderProxy@ca02460, pid:3303,mApp:null
03-17 10:46:02.565838   994  1769 V ActivityManager: Death received in com.android.server.am.ActivityManagerService$AppDeathRecipient@63e56e for thread android.os.BinderProxy@b84640f, mPid:2750,mApp:ProcessRecord{c2cc1de 2750:com.android.quicksearchbox/1000}
03-17 10:46:02.598856   994  1770 V SettingsProvider: packageValueForCallResult, name = null, value : Bundle[{_track_generation=android.util.MemoryIntArray@6c, value=null, _generation_index=0, _generation=25}]
03-17 10:46:02.615904   994  1770 I ActivityManager: Killing 2851:com.android.localtransport/1000 (adj 985): empty #17
03-17 10:46:02.617596   994   994 V SettingsProvider: Notifying for 0: content://settings/secure/sysui_qs_tiles
03-17 10:46:02.622517   994   994 V SettingsProvider: Notifying for 0: content://settings/global/restrict_quickset_wifi
03-17 10:46:02.624413   994   994 V SettingsProvider: Notifying for 0: content://settings/global/restrict_quickset_bt
03-17 10:46:02.626118   994   994 V SettingsProvider: Notifying for 0: content://settings/global/restrict_quickset_dnd
03-17 10:46:02.629008   994   994 V SettingsProvider: Notifying for 0: content://settings/global/restrict_quickset_flash
03-17 10:46:02.630841   994   994 V SettingsProvider: Notifying for 0: content://settings/global/restrict_quickset_batterysaver
03-17 10:46:02.632656   994   994 V SettingsProvider: Notifying for 0: content://settings/global/restrict_quickset_mobiledata
03-17 10:46:02.634759   994   994 V SettingsProvider: Notifying for 0: content://settings/global/restrict_quickset_airplane
03-17 10:46:02.636027   994   994 V SettingsProvider: Notifying for 0: content://settings/global/restrict_quickset_cast
03-17 10:46:02.637969   994   994 V SettingsProvider: Notifying for 0: content://settings/global/restrict_quickset_location
03-17 10:46:02.639905   994   994 V SettingsProvider: Notifying for 0: content://settings/global/restrict_quickset_hotspot
03-17 10:46:02.642840   994  1018 I ActivityManager: Start proc 3329:com.honeywell.tools.appsconfig/1000 for broadcast {com.honeywell.tools.appsconfig/com.honeywell.tools.appsconfig.AppsConfigScheduleReceiver}
03-17 10:46:02.644284   994   994 V SettingsProvider: Notifying for 0: content://settings/global/restrict_quickset_invertcolor
03-17 10:46:02.645715   994   994 V SettingsProvider: Notifying for 0: content://settings/global/restrict_quickset_datasaver
03-17 10:46:02.646651   994   994 V SettingsProvider: Notifying for 0: content://settings/global/restrict_quickset_rotation
03-17 10:46:02.648344   994   994 V SettingsProvider: Notifying for 0: content://settings/global/restrict_quickset_night
03-17 10:46:02.649828   994   994 V SettingsProvider: Notifying for 0: content://settings/global/restrict_quickset_dark
03-17 10:46:02.651341   994   994 V SettingsProvider: Notifying for 0: content://settings/global/restrict_quickset_wifi
03-17 10:46:02.652765   994   994 V SettingsProvider: Notifying for 0: content://settings/global/restrict_quickset_bt
03-17 10:46:02.654461   994   994 V SettingsProvider: Notifying for 0: content://settings/global/restrict_quickset_dnd
03-17 10:46:02.655763   994   994 V SettingsProvider: Notifying for 0: content://settings/global/restrict_quickset_flash
03-17 10:46:02.657299   994   994 V SettingsProvider: Notifying for 0: content://settings/global/restrict_quickset_rotation
03-17 10:46:02.659152   994   994 V SettingsProvider: Notifying for 0: content://settings/global/restrict_quickset_batterysaver
03-17 10:46:02.660814   994   994 V SettingsProvider: Notifying for 0: content://settings/global/restrict_quickset_mobiledata
03-17 10:46:02.662513   994   994 V SettingsProvider: Notifying for 0: content://settings/global/restrict_quickset_airplane
03-17 10:46:02.663570   994   994 V SettingsProvider: Notifying for 0: content://settings/global/restrict_quickset_cast
03-17 10:46:02.677878   994  1769 V ActivityManager: Death received in com.android.server.am.ActivityManagerService$AppDeathRecipient@edecb38 for thread android.os.BinderProxy@c17c711, mPid:2851,mApp:ProcessRecord{1d18042 2851:com.android.localtransport/1000}
03-17 10:46:02.681738   994  1769 V ActivityManager: New death recipient com.android.server.am.ActivityManagerService$AppDeathRecipient@53e853 for thread android.os.BinderProxy@7b56590, pid:3329,mApp:null
03-17 10:46:02.731586   994  1771 I ActivityManager: Killing 2938:com.honeywell.tools.nosip/u0a93 (adj 985): empty #17
03-17 10:46:02.753607   994  1018 I ActivityManager: Start proc 3367:com.honeywell.tools.autorun/1000 for broadcast {com.honeywell.tools.autorun/com.honeywell.tools.autorun.AutorunReceiver}
03-17 10:46:02.776705   994  1769 V ActivityManager: New death recipient com.android.server.am.ActivityManagerService$AppDeathRecipient@8334abc for thread android.os.BinderProxy@8044a45, pid:3367,mApp:null
03-17 10:46:02.777723   994  1771 V ActivityManager: Death received in com.android.server.am.ActivityManagerService$AppDeathRecipient@c4cd6f5 for thread android.os.BinderProxy@cb45c8a, mPid:2938,mApp:ProcessRecord{ed2d59a 2938:com.honeywell.tools.nosip/u0a93}
03-17 10:46:02.811633  3367  3367 W ContextImpl: Calling a method in the system process without a qualified user: android.app.ContextImpl.startForegroundService:1577 android.content.ContextWrapper.startForegroundService:674 android.content.ContextWrapper.startForegroundService:674 com.honeywell.tools.autorun.AutorunReceiver.onReceive:55 android.app.ActivityThread.handleReceiver:3816 
03-17 10:46:02.839623   994  1018 I ActivityManager: Start proc 3388:com.honeywell.tools.battmon/u0a80 for broadcast {com.honeywell.tools.battmon/com.honeywell.tools.battmon.BattMonReceiver}
03-17 10:46:02.839646  3367  3392 W ContextImpl: Calling a method in the system process without a qualified user: android.app.ContextImpl.sendBroadcast:1046 android.content.ContextWrapper.sendBroadcast:448 com.honeywell.tools.autorun.AutoRunProcessService$MyThread.run:34 java.lang.Thread.run:919 <bottom of call stack> 
03-17 10:46:02.842277   994  1771 I DropBoxManagerService: add tag=system_server_wtf isTagEnabled=true flags=0x2
03-17 10:46:02.851083  3367  3392 W ContextImpl: Calling a method in the system process without a qualified user: android.app.ContextImpl.sendBroadcast:1046 android.content.ContextWrapper.sendBroadcast:448 com.honeywell.tools.autorun.AutoRunProcessService$MyThread.run:37 java.lang.Thread.run:919 <bottom of call stack> 
03-17 10:46:02.853942   994  1769 I DropBoxManagerService: add tag=system_server_wtf isTagEnabled=true flags=0x2
03-17 10:46:02.865427   994  1771 V SettingsProvider: packageValueForCallResult, name = null, value : Bundle[{_track_generation=android.util.MemoryIntArray@6c, value=null, _generation_index=0, _generation=49}]
03-17 10:46:02.873930   994  1771 V ActivityManager: New death recipient com.android.server.am.ActivityManagerService$AppDeathRecipient@5caceab for thread android.os.BinderProxy@5944908, pid:3388,mApp:null
03-17 10:46:02.914994   994   994 V SettingsProvider: Notifying for 0: content://settings/global/battmon_show_notification
03-17 10:46:02.921234   994  1771 I ActivityManager: Killing 2991:com.honeywell.android.mdm.appconfigure/1000 (adj 985): empty #17
03-17 10:46:02.927396   994  3283 D PackageManager: grant permission for com.honeywell.tools.ezprovider
03-17 10:46:02.929607   994  3283 I chatty  : uid=1000(system) Binder:994_E identical 2 lines
03-17 10:46:02.929730   994  3283 D PackageManager: grant permission for com.honeywell.tools.ezprovider
03-17 10:46:02.948515   994  1018 I ActivityManager: Start proc 3411:com.maidu.agingtest/1000 for broadcast {com.maidu.agingtest/com.maidu.agingtest.broadcast.BootBroadcastReceiver}
03-17 10:46:02.952965   994  3283 D AppOps  : checkOperation: uid reject #1 for code 87 uid 10054 package com.android.providers.downloads
03-17 10:46:02.953758   994  3283 V ActivityManager: Death received in com.android.server.am.ActivityManagerService$AppDeathRecipient@8a26ea7 for thread android.os.BinderProxy@70a2f54, mPid:2991,mApp:ProcessRecord{139c4aa 2991:com.honeywell.android.mdm.appconfigure/1000}
03-17 10:46:02.982289   994  3283 V ActivityManager: New death recipient com.android.server.am.ActivityManagerService$AppDeathRecipient@bc78176 for thread android.os.BinderProxy@4a84377, pid:3411,mApp:null
03-17 10:46:03.073774   994  1769 I ActivityManager: Killing 2656:com.honeywell.tools.ezmenu/u0a64 (adj 985): empty #17
03-17 10:46:03.093301   994  1018 I ActivityManager: Start proc 3437:com.mediatek.batterywarning/1000 for broadcast {com.mediatek.batterywarning/com.mediatek.batterywarning.BatteryWarningReceiver}
03-17 10:46:03.119149   994  1769 V ActivityManager: New death recipient com.android.server.am.ActivityManagerService$AppDeathRecipient@7fa2c49 for thread android.os.BinderProxy@879494e, pid:3437,mApp:null
03-17 10:46:03.125739   994  1769 V ActivityManager: Death received in com.android.server.am.ActivityManagerService$AppDeathRecipient@6105302 for thread android.os.BinderProxy@3ca2413, mPid:2656,mApp:ProcessRecord{4e2a6f 2656:com.honeywell.tools.ezmenu/u0a64}
03-17 10:46:03.160769   994  1769 I ActivityManager: Killing 2415:com.android.printspooler/u0a81 (adj 985): empty #17
03-17 10:46:03.185565   994  1018 I ActivityManager: Start proc 3459:com.mediatek.camera/u0a112 for broadcast {com.mediatek.camera/com.mediatek.camera.DisableCameraReceiver}
03-17 10:46:03.206000   994  1769 V ActivityManager: Death received in com.android.server.am.ActivityManagerService$AppDeathRecipient@9147b89 for thread android.os.BinderProxy@52878e, mPid:2415,mApp:ProcessRecord{2a33875 2415:com.android.printspooler/u0a81}
03-17 10:46:03.222802   994  1769 V ActivityManager: New death recipient com.android.server.am.ActivityManagerService$AppDeathRecipient@a30e00a for thread android.os.BinderProxy@ccea07b, pid:3459,mApp:null
03-17 10:46:03.270609   994  1769 I ActivityManager: Killing 3071:com.android.contacts/u0a106 (adj 985): empty #17
03-17 10:46:03.294261   994  1416 D PackageManager: grant permission for com.intermec.datacollectionservice
03-17 10:46:03.299103   994  1416 D PackageManager: grant permission for com.honeywell.tools.ezprovider
03-17 10:46:03.318012   994  3283 V ActivityManager: Death received in com.android.server.am.ActivityManagerService$AppDeathRecipient@b868dcd for thread android.os.BinderProxy@10d0682, mPid:3071,mApp:ProcessRecord{f356662 3071:com.android.contacts/u0a106}
03-17 10:46:03.318233   994  1018 I ActivityManager: Start proc 3479:com.mediatek.engineermode/1001 for broadcast {com.mediatek.engineermode/com.mediatek.engineermode.boot.EmBootupReceiver}
03-17 10:46:03.352290   994  3283 V ActivityManager: New death recipient com.android.server.am.ActivityManagerService$AppDeathRecipient@ccf8329 for thread android.os.BinderProxy@90786ae, pid:3479,mApp:null
03-17 10:46:03.535880   994  3283 I ActivityManager: Killing 3095:com.android.deskclock/1000 (adj 985): empty #17
03-17 10:46:03.558129   994  1018 I ActivityManager: Start proc 3510:com.mediatek.omacp/1000 for broadcast {com.mediatek.omacp/com.mediatek.omacp.message.OmacpReceiver}
03-17 10:46:03.593782   994  3283 V ActivityManager: Death received in com.android.server.am.ActivityManagerService$AppDeathRecipient@7981432 for thread android.os.BinderProxy@2940583, mPid:3095,mApp:ProcessRecord{7c95fba 3095:com.android.deskclock/1000}
03-17 10:46:03.596597   994  1771 V ActivityManager: New death recipient com.android.server.am.ActivityManagerService$AppDeathRecipient@fc49e6b for thread android.os.BinderProxy@be3dc8, pid:3510,mApp:null
03-17 10:46:03.633370  3510  3510 W ContextImpl: Calling a method in the system process without a qualified user: android.app.ContextImpl.startForegroundService:1577 android.content.ContextWrapper.startForegroundService:674 android.content.ContextWrapper.startForegroundService:674 com.mediatek.omacp.message.OmacpReceiver.beginStartingService:104 com.mediatek.omacp.message.OmacpReceiver.onReceive:77 
03-17 10:46:03.647889   994  3283 V SettingsProvider: packageValueForCallResult, name = null, value : Bundle[{_track_generation=android.util.MemoryIntArray@6c, value=null, _generation_index=0, _generation=50}]
