03-17 10:45:45.785480   994  1010 D BluetoothManagerService: Bluetooth is in LE only mode
03-17 10:45:45.785532   994  1010 D BluetoothManagerService: Binding Bluetooth GATT service
03-17 10:45:45.786882   994  1010 D BluetoothManagerService: Sending BLE State Change: BLE_TURNING_ON > BLE_ON
03-17 10:45:45.823691   994   994 I ContentSuggestionsManagerService: Updating for user 0: disabled=false
03-17 10:45:45.824287   994   994 I AutofillManagerService: Updating for user 0: disabled=false
03-17 10:45:45.825934   994  1423 D MtkConnectivityService: Got NetworkFactory Messenger for PhoneSwitcherNetworkRequstListener
03-17 10:45:45.829509   994   994 V SettingsProvider: Notifying for 0: content://settings/secure/accessibility_enabled
03-17 10:45:45.831045   994   994 D BluetoothManagerService: Bluetooth Adapter name changed to EDA50P
03-17 10:45:45.831580   994   994 D BluetoothManagerService: Stored Bluetooth name: EDA50P
03-17 10:45:45.831739   994   994 D ConditionProviders.SCP: onReceive android.intent.action.TIMEZONE_CHANGED
03-17 10:45:45.832965   994   994 D ConditionProviders.SCP: evaluateSubscriptionLocked cal=ScheduleCalendar[mDays={1, 2, 3, 4, 5, 6, 7}, mSchedule=ScheduleInfo{days=[1, 2, 3, 4, 5, 6, 7], startHour=22, startMinute=0, endHour=7, endMinute=0, exitAtAlarm=true, nextAlarm=Thu Jan 01 08:00:00 GMT+08:00 1970 (0)}], now=Wed Mar 17 10:45:45 GMT+08:00 2021 (1615949145831), nextUserAlarmTime=Thu Jan 01 08:00:00 GMT+08:00 1970 (0)
03-17 10:45:45.833242   994   994 D ConditionProviders.SCP: notifyCondition condition://android/schedule?days=1.2.3.4.5.6.7&start=22.0&end=7.0&exitAtAlarm=true STATE_FALSE reason=!meetsSchedule
03-17 10:45:45.834832   994   994 D ConditionProviders.SCP: Scheduling evaluate for Wed Mar 17 22:00:00 GMT+08:00 2021 (1615989600000), in +11h14m14s169ms, now=Wed Mar 17 10:45:45 GMT+08:00 2021 (1615949145831)
03-17 10:45:45.835436   994   994 D BluetoothManagerService: Bluetooth Adapter address changed to 21:56:55:56:63:58
03-17 10:45:45.835948   994   994 D BluetoothManagerService: Stored Bluetoothaddress: 21:56:55:56:63:58
03-17 10:45:45.836113   994   994 D BluetoothManagerService: Bluetooth Adapter name changed to EDA50P
03-17 10:45:45.836392   994   994 D BluetoothManagerService: Stored Bluetooth name: EDA50P
03-17 10:45:45.836541   994   994 D BluetoothManagerService: Bluetooth Adapter address changed to 21:56:55:56:63:58
03-17 10:45:45.836797   994   994 D BluetoothManagerService: Stored Bluetoothaddress: 21:56:55:56:63:58
03-17 10:45:45.837801   994  1430 E ActivityThread: Failed to find provider info for com.android.calendar
03-17 10:45:45.839409   994  1430 E ActivityThread: Failed to find provider info for com.android.calendar
03-17 10:45:45.843512   994   994 V SettingsProvider: Notifying for 0: content://settings/secure/bluetooth_name
03-17 10:45:45.844930   994   994 V SettingsProvider: Notifying for 0: content://settings/secure/bluetooth_address
03-17 10:45:45.846814   994   994 V SettingsProvider: Notifying for 0: content://settings/secure/bluetooth_addr_valid
03-17 10:45:45.847064   994   994 D BluetoothManagerService: BluetoothServiceConnection: com.android.bluetooth.gatt.GattService
03-17 10:45:45.847286   994   994 V NotificationAssistants: 0 notification assistant service connected: ComponentInfo{android.ext.services/android.ext.services.notification.Assistant}
03-17 10:45:45.847298   994  1010 D BluetoothManagerService: MESSAGE_BLUETOOTH_SERVICE_CONNECTED: 2
03-17 10:45:45.847466   994  1010 D BluetoothManagerService: continueFromBleOnState()
03-17 10:45:45.849480   994  1010 D BluetoothManagerService: Persisting Bluetooth Setting: 1
03-17 10:45:45.849934   994  1010 D BluetoothManagerService: MESSAGE_BLUETOOTH_STATE_CHANGE: BLE_ON > TURNING_ON
03-17 10:45:45.849982   994  1010 D BluetoothManagerService: Sending BLE State Change: BLE_ON > TURNING_ON
03-17 10:45:45.859469   994   994 V SettingsProvider: Notifying for 0: content://settings/global/network_recommendations_enabled
03-17 10:45:45.860257   994   994 V SettingsProvider: Notifying for 0: content://settings/secure/snoozed_schedule_condition_provider
03-17 10:45:45.878506   994   994 V SettingsProvider: Notifying for 0: content://settings/global/zen_mode_config_etag
03-17 10:45:45.880949   994  1423 D MtkConnectivityService: Got NetworkFactory Messenger for TelephonyNetworkFactory[0]
03-17 10:45:45.887291   994  1018 I ActivityManager: Start proc 2183:com.android.deskclock/1000 for broadcast {com.android.deskclock/com.android.deskclock.AlarmInitReceiver}
03-17 10:45:45.900893   994   994 I Telecom-BluetoothStateReceiver: Device null is now the preferred BT device for HFP: BSR.oR@AAc
03-17 10:45:45.908001  1841  2190 E ActivityThread: Failed to find provider info for com.android.contacts
03-17 10:45:45.925005   994  1007 D BluetoothManagerService: Trying to bind to profile: 1, while Bluetooth was disabled
03-17 10:45:45.929917   994  1086 V ActivityManager: New death recipient com.android.server.am.ActivityManagerService$AppDeathRecipient@61d000c for thread android.os.BinderProxy@5a4dd55, pid:2183,mApp:null
03-17 10:45:45.965549   994  2207 I DropBoxManagerService: add tag=system_app_wtf isTagEnabled=true flags=0x2
03-17 10:45:45.970977  1841  1841 I Telephony: TelecomAccountRegistry: new PstnIncomingCallNotifier for Handler (com.mediatek.internal.telephony.MtkGsmCdmaPhone) {272897e}
03-17 10:45:45.971547  1841  1841 I Telephony: PstnIncomingCallNotifier: Registering: Handler (com.mediatek.internal.telephony.MtkGsmCdmaPhone) {272897e}
03-17 10:45:46.033549   994  1006 D MtkConnectivityService: requestNetwork for uid/pid:1001/1841 NetworkRequest [ TRACK_DEFAULT id=15, [ Capabilities: INTERNET&NOT_RESTRICTED&TRUSTED Uid: 1001] ]
03-17 10:45:46.052302   994  1086 V SettingsProvider: packageValueForCallResult, name = null, value : Bundle[{_track_generation=android.util.MemoryIntArray@6c, value=null, _generation_index=0, _generation=20}]
03-17 10:45:46.088293   994  1010 D BluetoothManagerService: MESSAGE_BLUETOOTH_STATE_CHANGE: TURNING_ON > ON
03-17 10:45:46.088472   994  1010 D BluetoothManagerService: Broadcasting onBluetoothStateChange(true) to 5 receivers.
03-17 10:45:46.089910   994  1010 D BluetoothManagerService: Creating new ProfileServiceConnections object for profile: 1
03-17 10:45:46.094360   994  1010 D BluetoothManagerService: Sending BLE State Change: TURNING_ON > ON
03-17 10:45:46.097411   994   994 I Telecom-BluetoothPhoneService: queryPhoneState: BPSI.qPS@AAg
03-17 10:45:46.099074  2061  2222 E ActivityThread: Failed to find provider info for com.android.contacts
03-17 10:45:46.169714   994  1018 I ActivityManager: Start proc 2232:com.mediatek.simprocessor/1000 for broadcast {com.mediatek.simprocessor/com.mediatek.simprocessor.BootCmpReceiver}
03-17 10:45:46.193963   994   994 I Telecom-Common: - Got BluetoothHeadset: com.android.server.telecom.BluetoothHeadsetProxy@5dcba95: BMSL.oSC@AAk
03-17 10:45:46.194450   994   994 I Telecom-BluetoothPhoneService: updateHeadsetWithCallState numActive 0, numHeld 0, callState 6, ringing number ***, ringing type 128, ringing name null
03-17 10:45:46.196500   994  1421 V ActivityManager: New death recipient com.android.server.am.ActivityManagerService$AppDeathRecipient@1b6b11 for thread android.os.BinderProxy@671f476, pid:2232,mApp:null
03-17 10:45:46.227225  2232  2232 W ContextImpl: Calling a method in the system process without a qualified user: android.app.ContextImpl.startService:1571 android.content.ContextWrapper.startService:669 android.content.ContextWrapper.startService:669 com.mediatek.simprocessor.BootCmpReceiver.startSimService:113 com.mediatek.simprocessor.BootCmpReceiver.processBootComplete:134 
03-17 10:45:46.237504   994  1086 V SettingsProvider: packageValueForCallResult, name = null, value : Bundle[{_track_generation=android.util.MemoryIntArray@6c, value=null, _generation_index=3, _generation=4}]
03-17 10:45:46.245901   994  1421 V SettingsProvider: name : import_remove_running appId : 1000
03-17 10:45:46.251767   994   994 V SettingsProvider: Notifying for 0: content://settings/system/import_remove_running
03-17 10:45:46.252603  2232  2252 E ActivityThread: Failed to find provider info for com.android.contacts
03-17 10:45:46.254310   994  1086 V SettingsProvider: name : import_remove_running appId : 1000
03-17 10:45:46.256037   994   994 V SettingsProvider: Notifying for 0: content://settings/system/import_remove_running
03-17 10:45:46.271100   994  1018 I ActivityManager: Start proc 2254:com.mediatek.batterywarning/1000 for broadcast {com.mediatek.batterywarning/com.mediatek.batterywarning.BatteryWarningReceiver}
03-17 10:45:46.296958   994  1086 V ActivityManager: New death recipient com.android.server.am.ActivityManagerService$AppDeathRecipient@ea79eac for thread android.os.BinderProxy@4bf2775, pid:2254,mApp:null
03-17 10:45:46.330766  2254  2254 W ContextImpl: Calling a method in the system process without a qualified user: android.app.ContextImpl.startActivity:928 android.content.ContextWrapper.startActivity:383 android.content.ContextWrapper.startActivity:383 com.mediatek.batterywarning.BatteryWarningReceiver.onReceive:82 android.app.ActivityThread.handleReceiver:3816 
03-17 10:45:46.331153  2254  2254 W ContextImpl: Calling a method in the system process without a qualified user: android.app.ContextImpl.startActivity:940 android.app.ContextImpl.startActivity:929 android.content.ContextWrapper.startActivity:383 android.content.ContextWrapper.startActivity:383 com.mediatek.batterywarning.BatteryWarningReceiver.onReceive:82 
03-17 10:45:46.332601   994  1086 I ActivityTaskManager: START u0 {flg=0x14800000 cmp=com.mediatek.batterywarning/.BatteryWarningActivity (has extras)} from uid 1000
03-17 10:45:46.384543   994  1007 V SettingsProvider: packageValueForCallResult, name = null, value : Bundle[{_track_generation=android.util.MemoryIntArray@6c, value=null, _generation_index=0, _generation=20}]
03-17 10:45:47.065317   994  1008 V PackageManager: reconcileAppsData finished 174 packages
03-17 10:45:47.065712   994  1008 I ActivityManager: User 0 state changed from RUNNING_LOCKED to RUNNING_UNLOCKING
03-17 10:45:47.065952   994  1008 D ActivityManager: Unlocking user 0 progress 20
03-17 10:45:47.066274   994  1008 W Looper  : Slow dispatch took 1930ms android.fg h=android.os.Handler c=com.android.server.am.-$$Lambda$UserController$stQk1028ON105v_u-VMykVjcxLk@84b31ce m=0
03-17 10:45:47.066349   994  1017 I SystemServiceManager: Calling onUnlockUser u0
03-17 10:45:47.066565   994  1008 W Looper  : Slow delivery took 1965ms android.fg h=android.os.Handler c=com.android.server.am.-$$Lambda$UserController$G0WJmqt4X_QG30fRlvXobn18mrE@7056ffc m=0
03-17 10:45:47.068003   994  1017 I LaunchParamsPersister: Didn't find launch param folder for user 0
03-17 10:45:47.070072   994  1017 D BluetoothManagerService: User 0 unlocked
03-17 10:45:47.070473   994  1010 D BluetoothManagerService: MESSAGE_USER_UNLOCKED
03-17 10:45:47.071028   994  1017 D StorageManagerService: onUnlockUser 0
03-17 10:45:47.074826   407   414 D vold    : Linking /storage/emulated/0 to /mnt/user/0/primary
03-17 10:45:47.117721   994  1017 W VoiceInteractionManagerService: no available voice interaction services found for user 0
03-17 10:45:47.118491   994  1017 W VoiceInteractionManagerService: no available voice recognition services found for user 0
03-17 10:45:47.123171   994  1017 W AppBindingService: [Default SMS app] u0 Target package not found
03-17 10:45:47.124182   994  1017 I ActivityManager: User 0 state changed from RUNNING_UNLOCKING to RUNNING_UNLOCKED
03-17 10:45:47.124584   994  1017 D SystemServerTiming: SystemUserUnlock took to complete: 2024ms
03-17 10:45:47.125809   994  1017 D PackageManager: grant permission for com.intermec.datacollectionservice
03-17 10:45:47.136122   994  1017 I chatty  : uid=1000(system) ActivityManager identical 2 lines
03-17 10:45:47.136782   994  1017 D PackageManager: grant permission for com.intermec.datacollectionservice
03-17 10:45:47.176101   994  1017 D AppOps  : checkOperation: uid reject #1 for code 87 uid 1027 package com.android.nfc
03-17 10:45:47.187947   994  1018 W ActivityManager: Slow operation: 57ms so far, now at startProcess: returned from zygote!
03-17 10:45:47.203399   994  1018 W ActivityManager: Slow operation: 73ms so far, now at startProcess: done updating battery stats
03-17 10:45:47.206562   994  1018 W ActivityManager: Slow operation: 76ms so far, now at startProcess: building log message
03-17 10:45:47.206936   994  1018 I ActivityManager: Start proc 2283:com.intermec.datacollectionservice/u0a71 for added application com.intermec.datacollectionservice
03-17 10:45:47.207009   994  1018 W ActivityManager: Slow operation: 76ms so far, now at startProcess: starting to update pids map
03-17 10:45:47.207192   994  1018 W ActivityManager: Slow operation: 77ms so far, now at startProcess: done updating pids map
03-17 10:45:47.207355   994  1018 W ActivityManager: Slow operation: 59ms so far, now at startProcess: asking zygote to start proc
03-17 10:45:47.210642   994   994 V SettingsProvider: Notifying for 0: content://settings/secure/selected_spell_checker
03-17 10:45:47.211026   994  1440 I BackupManagerService: Starting service for user: 0
03-17 10:45:47.212562   994   994 V SettingsProvider: Notifying for 0: content://settings/secure/selected_spell_checker_subtype
03-17 10:45:47.213413   994  1440 V BackupManagerService: Starting with transport com.android.localtransport/.LocalTransport
03-17 10:45:47.213476   994  1017 I PreBootBroadcaster: Pre-boot of {com.android.documentsui/com.android.documentsui.PreBootReceiver} for user 0
03-17 10:45:47.215214   994  1440 D BackupManagerService: Started thread backup-0 for user 0
03-17 10:45:47.242432   994  1018 W ActivityManager: Slow operation: 94ms so far, now at startProcess: returned from zygote!
03-17 10:45:47.249204   994  1771 I ActivityTaskManager: START u0 {act=android.intent.action.MAIN cat=[android.intent.category.HOME] flg=0x10000100 cmp=com.android.provision/.DefaultActivity} from uid 0
03-17 10:45:47.285166   994  1018 W ActivityManager: Slow operation: 137ms so far, now at startProcess: done updating battery stats
03-17 10:45:47.285692   994  1018 W ActivityManager: Slow operation: 137ms so far, now at startProcess: building log message
03-17 10:45:47.285756   994  1018 I ActivityManager: Start proc 2303:com.android.nfc/1027 for added application com.android.nfc
03-17 10:45:47.285781   994  1018 W ActivityManager: Slow operation: 137ms so far, now at startProcess: starting to update pids map
03-17 10:45:47.288671   994  1018 W ActivityManager: Slow operation: 140ms so far, now at startProcess: done updating pids map
03-17 10:45:47.288955   994  1018 W ActivityManager: Slow operation: 107ms so far, now at startProcess: asking zygote to start proc
03-17 10:45:47.290927   994   994 V SettingsProvider: Notifying for 0: content://settings/secure/input_methods_subtype_history
03-17 10:45:47.291797   994   994 V SettingsProvider: Notifying for 0: content://settings/secure/selected_input_method_subtype
03-17 10:45:47.292109   994  1007 V ActivityManager: New death recipient com.android.server.am.ActivityManagerService$AppDeathRecipient@84a097f for thread android.os.BinderProxy@da4ed4c, pid:2283,mApp:null
03-17 10:45:47.304744   994  1771 V ActivityManager: New death recipient com.android.server.am.ActivityManagerService$AppDeathRecipient@ded6613 for thread android.os.BinderProxy@8e07050, pid:2303,mApp:null
03-17 10:45:47.306252   994  1008 W Looper  : Slow dispatch took 240ms android.fg h=android.os.Handler c=<recycled PooledLambda@e1a474e> m=0
03-17 10:45:47.311689   994  1417 D PackageManager: grant permission for com.intermec.datacollectionservice
03-17 10:45:47.312000   994  1417 I chatty  : uid=1000(system) tworkPolicy.uid identical 1 line
03-17 10:45:47.312256   994  1417 D PackageManager: grant permission for com.intermec.datacollectionservice
03-17 10:45:47.312648   994   994 V SettingsProvider: Notifying for 0: content://settings/secure/default_input_method
03-17 10:45:47.312877   994   994 W Looper  : Slow delivery took 204ms main h=com.android.providers.settings.SettingsProvider$SettingsRegistry$MyHandler c=null m=2
03-17 10:45:47.317138   994  1440 E BackupPasswordManager: Unable to read backup pw version
03-17 10:45:47.322810   994  1440 E BackupPasswordManager: Unable to read saved backup pw hash
03-17 10:45:47.325480   994   994 V SettingsProvider: Notifying for 0: content://settings/secure/enabled_input_methods
03-17 10:45:47.329484   994  1018 W ActivityManager: Slow operation: 148ms so far, now at startProcess: returned from zygote!
03-17 10:45:47.333967   994  1018 W ActivityManager: Slow operation: 152ms so far, now at startProcess: done updating battery stats
03-17 10:45:47.335737   994  1018 W ActivityManager: Slow operation: 154ms so far, now at startProcess: building log message
03-17 10:45:47.335895   994  1018 I ActivityManager: Start proc 2330:com.android.se/1068 for added application com.android.se
03-17 10:45:47.335948   994  1018 W ActivityManager: Slow operation: 154ms so far, now at startProcess: starting to update pids map
03-17 10:45:47.335969   994   994 V SettingsProvider: Notifying for 0: content://settings/secure/input_methods_subtype_history
03-17 10:45:47.336972   994  1011 I ActivityTaskManager: Config changes=20 {1.0 ?mcc?mnc [zh_CN] ldltr sw360dp w360dp h648dp 320dpi nrml long port finger -keyb/v/h -nav/h winConfig={ mBounds=Rect(0, 0 - 720, 1440) mAppBounds=Rect(0, 0 - 720, 1344) mWindowingMode=fullscreen mDisplayWindowingMode=fullscreen mActivityType=undefined mAlwaysOnTop=undefined mRotation=ROTATION_0} s.6}
03-17 10:45:47.349109   994  1112 D StorageManagerService: Volume IPSM broadcasting mounted to UserHandle{0}
03-17 10:45:47.370001   994  1007 D AppOps  : checkOperation: uid reject #1 for code 87 uid 1027 package com.android.nfc
03-17 10:45:47.390361   994  1011 I ActivityTaskManager: Override config changes=20 {1.0 ?mcc?mnc [zh_CN] ldltr sw360dp w360dp h648dp 320dpi nrml long port finger -keyb/v/h -nav/h winConfig={ mBounds=Rect(0, 0 - 720, 1440) mAppBounds=Rect(0, 0 - 720, 1344) mWindowingMode=fullscreen mDisplayWindowingMode=fullscreen mActivityType=undefined mAlwaysOnTop=undefined mRotation=ROTATION_0} s.6} for displayId=0
03-17 10:45:47.400370   994  1018 W ActivityManager: Slow operation: 219ms so far, now at startProcess: done updating pids map
03-17 10:45:47.400588   994  1018 W ActivityManager: Slow operation: 213ms so far, now at startProcess: asking zygote to start proc
03-17 10:45:47.417767   994   994 V SettingsProvider: Notifying for 0: content://settings/secure/selected_input_method_subtype
03-17 10:45:47.425950   994  1008 W Looper  : Slow dispatch took 119ms android.fg h=android.os.Handler c=<recycled PooledLambda@9c6896a> m=0
03-17 10:45:47.426274   994  1007 V ActivityManager: New death recipient com.android.server.am.ActivityManagerService$AppDeathRecipient@962fe5b for thread android.os.BinderProxy@e0836f8, pid:2330,mApp:null
03-17 10:45:47.426653   994   994 V SettingsProvider: Notifying for 0: content://settings/secure/default_input_method
03-17 10:45:47.429088   994  1112 D StorageManagerService: Volume emulated broadcasting mounted to UserHandle{0}
03-17 10:45:47.456024   994   994 V NotificationAssistants: disabling notification assistant for user 0: ComponentInfo{android.ext.services/android.ext.services.notification.Assistant}
03-17 10:45:47.456179   994   994 D NotificationListeners: Removing active service ComponentInfo{android.ext.services/android.ext.services.notification.Assistant}
03-17 10:45:47.468344   994  1018 W ActivityManager: Slow operation: 281ms so far, now at startProcess: returned from zygote!
03-17 10:45:47.470099   994  1018 W ActivityManager: Slow operation: 283ms so far, now at startProcess: done updating battery stats
03-17 10:45:47.497781   994  1018 W ActivityManager: Slow operation: 310ms so far, now at startProcess: building log message
03-17 10:45:47.497877   994  1018 I ActivityManager: Start proc 2355:com.honeywell.systemtools.autoinstall/1000 for added application com.honeywell.systemtools.autoinstall
03-17 10:45:47.497915   994  1018 W ActivityManager: Slow operation: 310ms so far, now at startProcess: starting to update pids map
03-17 10:45:47.498300   994   994 V NotificationAssistants: enabling notification assistant for 0: ComponentInfo{android.ext.services/android.ext.services.notification.Assistant}
03-17 10:45:47.498608   994   994 V NotificationAssistants: binding: Intent { act=android.service.notification.NotificationAssistantService cmp=android.ext.services/.notification.Assistant (has extras) }
03-17 10:45:47.499088   994  1018 W ActivityManager: Slow operation: 312ms so far, now at startProcess: done updating pids map
03-17 10:45:47.499368   994  1018 W ActivityManager: Slow operation: 218ms so far, now at startProcess: asking zygote to start proc
03-17 10:45:47.504794   994  1440 V BackupManagerService: No ancestral data
03-17 10:45:47.525504   994   994 V NotificationListeners: enabling notification listener for 0: ComponentInfo{com.android.launcher3/com.android.launcher3.notification.NotificationListener}
03-17 10:45:47.525868   994   994 V NotificationListeners: binding: Intent { act=android.service.notification.NotificationListenerService cmp=com.android.launcher3/.notification.NotificationListener (has extras) }
03-17 10:45:47.527186   994  2298 V BackupManagerConstants: getKeyValueBackupIntervalMilliseconds(...) returns 14400000
03-17 10:45:47.527393   994  2298 V BackupManagerConstants: getKeyValueBackupFuzzMilliseconds(...) returns 600000
03-17 10:45:47.527469   994  2298 V BackupManagerConstants: getKeyValueBackupRequiredNetworkType(...) returns 1
03-17 10:45:47.527516   994  2298 V BackupManagerConstants: getKeyValueBackupRequireCharging(...) returns true
03-17 10:45:47.532153   994  2298 V KeyValueBackupJob: Scheduling k/v pass in 249 minutes
03-17 10:45:47.536036   994  1007 I DropBoxManagerService: add tag=system_server_wtf isTagEnabled=true flags=0x2
03-17 10:45:47.541596   994  1018 W ActivityManager: Slow operation: 260ms so far, now at startProcess: returned from zygote!
03-17 10:45:47.550028   994  1007 I DropBoxManagerService: add tag=system_server_wtf isTagEnabled=true flags=0x2
03-17 10:45:47.567149   994  1719 V ActivityManager: New death recipient com.android.server.am.ActivityManagerService$AppDeathRecipient@846c63b for thread android.os.BinderProxy@32a9158, pid:2355,mApp:null
03-17 10:45:47.577639   994   994 D AppOps  : checkOperation: uid reject #1 for code 87 uid 10108 package com.android.launcher3
03-17 10:45:47.578246   994   994 W Looper  : Slow dispatch took 123ms main h=android.app.ActivityThread$H c=android.app.-$$Lambda$LoadedApk$ReceiverDispatcher$Args$_BumDX2UKsnxLVrE6UJsJZkotuA@6799d34 m=0
03-17 10:45:47.579747   994  1018 W ActivityManager: Slow operation: 298ms so far, now at startProcess: done updating battery stats
03-17 10:45:47.580355   994  1018 W ActivityManager: Slow operation: 299ms so far, now at startProcess: building log message
03-17 10:45:47.580451   994  1018 I ActivityManager: Start proc 2376:com.android.documentsui/u0a48 for broadcast {com.android.documentsui/com.android.documentsui.PreBootReceiver}
03-17 10:45:47.580482   994  1018 W ActivityManager: Slow operation: 299ms so far, now at startProcess: starting to update pids map
03-17 10:45:47.580647   994  1018 W ActivityManager: Slow operation: 299ms so far, now at startProcess: done updating pids map
03-17 10:45:47.580809   994  1018 W ActivityManager: Slow operation: 269ms so far, now at startProcess: asking zygote to start proc
03-17 10:45:47.588858   994  1421 V ActivityManager: New death recipient com.android.server.am.ActivityManagerService$AppDeathRecipient@358bb64 for thread android.os.BinderProxy@93871cd, pid:2376,mApp:null
03-17 10:45:47.589938   994  1440 I BackupManagerService: isBackupEnabled() => false due to absent settings file
03-17 10:45:47.590133   994  1440 I BackupManagerService: Backup enabled => false
03-17 10:45:47.610914   994  1018 W ActivityManager: Slow operation: 299ms so far, now at startProcess: returned from zygote!
03-17 10:45:47.611258   994  1018 W ActivityManager: Slow operation: 300ms so far, now at startProcess: done updating battery stats
03-17 10:45:47.613294   994  1018 W ActivityManager: Slow operation: 302ms so far, now at startProcess: building log message
03-17 10:45:47.613428   994  1018 I ActivityManager: Start proc 2402:com.android.provision/u0a107 for activity {com.android.provision/com.android.provision.DefaultActivity}
03-17 10:45:47.613479   994  1018 W ActivityManager: Slow operation: 302ms so far, now at startProcess: starting to update pids map
03-17 10:45:47.613627   994  1018 W ActivityManager: Slow operation: 302ms so far, now at startProcess: done updating pids map
03-17 10:45:47.613754   994  1018 W ActivityManager: Slow operation: 194ms so far, now at startProcess: asking zygote to start proc
03-17 10:45:47.626019   994  1008 W Looper  : Slow dispatch took 199ms android.fg h=android.os.Handler c=<recycled PooledLambda@7064b39> m=0
03-17 10:45:47.628365  1493  1493 I EmergencyButton: ss.getState()=1 ss.isEmergencyOnly()=false for simId=0
03-17 10:45:47.636579   994  2298 V BackupManagerConstants: getKeyValueBackupIntervalMilliseconds(...) returns 14400000
03-17 10:45:47.637088   994  2298 V BackupManagerConstants: getKeyValueBackupFuzzMilliseconds(...) returns 600000
03-17 10:45:47.637346   994  2298 V BackupManagerConstants: getKeyValueBackupRequiredNetworkType(...) returns 1
03-17 10:45:47.637377   994  2298 V BackupManagerConstants: getKeyValueBackupRequireCharging(...) returns true
03-17 10:45:47.637406   994  2298 V KeyValueBackupJob: Scheduling k/v pass in 241 minutes
03-17 10:45:47.639808   994  1018 W ActivityManager: Slow operation: 220ms so far, now at startProcess: returned from zygote!
03-17 10:45:47.640084   994  1018 W ActivityManager: Slow operation: 221ms so far, now at startProcess: done updating battery stats
03-17 10:45:47.640646   994  1018 W ActivityManager: Slow operation: 221ms so far, now at startProcess: building log message
03-17 10:45:47.640766   994  1018 I ActivityManager: Start proc 2415:com.android.printspooler/u0a81 for service {com.android.printspooler/com.android.printspooler.model.PrintSpoolerService}
03-17 10:45:47.640797   994  1018 W ActivityManager: Slow operation: 221ms so far, now at startProcess: starting to update pids map
03-17 10:45:47.641125   994  1018 W ActivityManager: Slow operation: 222ms so far, now at startProcess: done updating pids map
03-17 10:45:47.641261   994  1018 W ActivityManager: Slow operation: 67ms so far, now at startProcess: asking zygote to start proc
03-17 10:45:47.665376   994  1018 W ActivityManager: Slow operation: 91ms so far, now at startProcess: returned from zygote!
03-17 10:45:47.665790   994  1018 W ActivityManager: Slow operation: 91ms so far, now at startProcess: done updating battery stats
03-17 10:45:47.666449   994  1018 W ActivityManager: Slow operation: 92ms so far, now at startProcess: building log message
03-17 10:45:47.666558   994  1018 I ActivityManager: Start proc 2437:com.android.launcher3/u0a108 for service {com.android.launcher3/com.android.launcher3.notification.NotificationListener}
03-17 10:45:47.666604   994  1018 W ActivityManager: Slow operation: 92ms so far, now at startProcess: starting to update pids map
03-17 10:45:47.666861   994  1018 W ActivityManager: Slow operation: 92ms so far, now at startProcess: done updating pids map
03-17 10:45:47.669584   994  1421 V ActivityManager: New death recipient com.android.server.am.ActivityManagerService$AppDeathRecipient@6fe7548 for thread android.os.BinderProxy@fc40fe1, pid:2402,mApp:null
03-17 10:45:47.670653   994  1489 I SyncManager: Loaded persisted syncs: 0 periodic syncs, 0 oneshot syncs, 10 total system server jobs, JobStats: FirstLoad: 0/0/0 LastSave: -1/-1/-1
03-17 10:45:47.719073   994  1771 V ActivityManager: New death recipient com.android.server.am.ActivityManagerService$AppDeathRecipient@9147b89 for thread android.os.BinderProxy@52878e, pid:2415,mApp:null
03-17 10:45:47.729282   994  1421 V ActivityManager: New death recipient com.android.server.am.ActivityManagerService$AppDeathRecipient@ca312c1 for thread android.os.BinderProxy@36bfa66, pid:2437,mApp:null
03-17 10:45:47.734503   994   994 V SettingsProvider: Notifying for 0: content://settings/global/sysui_demo_allowed
03-17 10:45:47.775156   994   994 V SettingsProvider: Notifying for 0: content://settings/secure/sysui_volume_up_silent
03-17 10:45:47.779105   994  2353 V SettingsProvider: packageValueForCallResult, name = null, value : Bundle[{_track_generation=android.util.MemoryIntArray@6c, value=null, _generation_index=0, _generation=21}]
03-17 10:45:47.782540   994   994 V SettingsProvider: Notifying for 0: content://settings/secure/accessibility_display_inversion_enabled
03-17 10:45:47.784278   994   994 V SettingsProvider: Notifying for 0: content://settings/secure/notification_dismiss_rtl
03-17 10:45:47.787723   994   994 V SettingsProvider: Notifying for 0: content://settings/secure/keyguard_slice_uri
03-17 10:45:47.793928   994   994 V SettingsProvider: Notifying for 0: content://settings/secure/sysui_qs_fancy_anim
03-17 10:45:47.797934   994   994 V SettingsProvider: Notifying for 0: content://settings/secure/sysui_do_not_disturb
03-17 10:45:47.799574   994   994 V SettingsProvider: Notifying for 0: content://settings/secure/clock_seconds
03-17 10:45:47.804601   994   994 V SettingsProvider: Notifying for 0: content://settings/secure/sysui_qqs_count
03-17 10:45:47.806901   994   994 V SettingsProvider: Notifying for 0: content://settings/secure/doze_tap_gesture
03-17 10:45:47.807333   994  1008 W Looper  : Slow dispatch took 113ms android.fg h=android.os.Handler c=<recycled PooledLambda@c86cc25> m=0
03-17 10:45:47.810395   994   994 V SettingsProvider: Notifying for 0: content://settings/secure/sysui_qs_move_whole_rows
03-17 10:45:47.811809   994  1018 W ActivityManager: Slow operation: 62ms so far, now at startProcess: returned from zygote!
03-17 10:45:47.812219   994  1018 W ActivityManager: Slow operation: 63ms so far, now at startProcess: done updating battery stats
03-17 10:45:47.815614   994  1018 W ActivityManager: Slow operation: 66ms so far, now at startProcess: building log message
03-17 10:45:47.815892   994  1018 I ActivityManager: Start proc 2474:com.android.externalstorage/u0a57 for content provider {com.android.externalstorage/com.android.externalstorage.ExternalStorageProvider}
03-17 10:45:47.815943   994  1018 W ActivityManager: Slow operation: 66ms so far, now at startProcess: starting to update pids map
03-17 10:45:47.817729   994  1018 W ActivityManager: Slow operation: 68ms so far, now at startProcess: done updating pids map
03-17 10:45:47.818220   994   994 V SettingsProvider: Notifying for 0: content://settings/secure/sysui_volume_down_silent
03-17 10:45:47.819785   994   994 V SettingsProvider: Notifying for 0: content://settings/secure/sysui_keyguard_right
03-17 10:45:47.822210   994   994 V SettingsProvider: Notifying for 0: content://settings/secure/sysui_keyguard_left
03-17 10:45:47.825467   994   994 V SettingsProvider: Notifying for 0: content://settings/secure/icon_blacklist
03-17 10:45:47.826554   994   994 V NotificationAssistants: 0 notification assistant service connected: ComponentInfo{android.ext.services/android.ext.services.notification.Assistant}
03-17 10:45:47.831429   994   994 V SettingsProvider: Notifying for 0: content://settings/secure/qs_show_brightness
03-17 10:45:47.834082   994   994 V SettingsProvider: Notifying for 0: content://settings/secure/face_unlock_dismisses_keyguard
03-17 10:45:47.838986   994  1771 I PreBootBroadcaster: Pre-boot of {com.android.managedprovisioning/com.android.managedprovisioning.ota.PreBootListener} for user 0
03-17 10:45:47.839632   994   994 V SettingsProvider: Notifying for 0: content://settings/secure/high_priority
03-17 10:45:47.860241   994  1771 V SettingsProvider: packageValueForCallResult, name = null, value : Bundle[{_track_generation=android.util.MemoryIntArray@6c, value=null, _generation_index=0, _generation=22}]
03-17 10:45:47.867145   994  1771 D PackageManager: grant permission for com.intermec.datacollectionservice
03-17 10:45:47.867651   994  1771 I chatty  : uid=1000(system) Binder:994_9 identical 1 line
03-17 10:45:47.867913   994  1771 D PackageManager: grant permission for com.intermec.datacollectionservice
03-17 10:45:47.871444   994   994 V SettingsProvider: Notifying for 0: content://settings/secure/doze_pulse_on_double_tap
03-17 10:45:47.892884   994  2353 V ActivityManager: New death recipient com.android.server.am.ActivityManagerService$AppDeathRecipient@a557d26 for thread android.os.BinderProxy@3ec0d67, pid:2474,mApp:null
03-17 10:45:47.918154   994  1018 W ActivityManager: Slow operation: 58ms so far, now at startProcess: returned from zygote!
03-17 10:45:47.924263   994  1018 W ActivityManager: Slow operation: 64ms so far, now at startProcess: done updating battery stats
03-17 10:45:47.924538   994   994 I LockSettingsService: Reporting device setup complete to IGateKeeperService
03-17 10:45:47.924881   994  1018 W ActivityManager: Slow operation: 64ms so far, now at startProcess: building log message
03-17 10:45:47.924987   994  1018 I ActivityManager: Start proc 2497:android.process.media/u0a54 for broadcast {com.android.providers.downloads/com.android.providers.downloads.DownloadReceiver}
03-17 10:45:47.925014   994  1018 W ActivityManager: Slow operation: 64ms so far, now at startProcess: starting to update pids map
03-17 10:45:47.927153   994  1018 W ActivityManager: Slow operation: 67ms so far, now at startProcess: done updating pids map
03-17 10:45:47.928862   994  1006 D PackageManager: grant permission for com.intermec.datacollectionservice
03-17 10:45:47.933314   994  1008 W Looper  : Slow dispatch took 126ms android.fg h=android.os.Handler c=<recycled PooledLambda@d8d7bd6> m=0
03-17 10:45:47.958881   994  1006 V ActivityManager: New death recipient com.android.server.am.ActivityManagerService$AppDeathRecipient@a7250dc for thread android.os.BinderProxy@d77a5e5, pid:2497,mApp:null
03-17 10:45:47.972356   994  1421 I ActivityTaskManager: START u0 {act=android.intent.action.MAIN cat=[android.intent.category.HOME] flg=0x10000100 cmp=com.android.launcher3/.Launcher} from uid 0
03-17 10:45:48.008805   994   994 V SettingsProvider: Notifying for 0: content://settings/global/device_provisioned
03-17 10:45:48.042591   994  1007 V SettingsProvider: packageValueForCallResult, name = null, value : Bundle[{_track_generation=android.util.MemoryIntArray@6c, value=null, _generation_index=0, _generation=22}]
03-17 10:45:48.043080   994   994 V SettingsProvider: Notifying for 0: content://settings/secure/user_setup_complete
03-17 10:45:48.043910   994   994 V NotificationListeners: 0 notification listener service connected: ComponentInfo{com.android.launcher3/com.android.launcher3.notification.NotificationListener}
03-17 10:45:48.047021   994  1011 D ColorDisplayService: setUp: currentUser=0
03-17 10:45:48.052394   994  1011 D ColorDisplayService: onNightDisplayAutoModeChanged: autoMode=0
03-17 10:45:48.052611   994  1011 I ColorDisplayService: Turning off night display
03-17 10:45:48.053540   994   994 I DevicePolicyManager: Set ro.device_owner property to false
03-17 10:45:48.055438   994  1008 W Looper  : Slow dispatch took 122ms android.fg h=android.os.Handler c=<recycled PooledLambda@291e61f> m=0
03-17 10:45:48.071816   994  1018 I ActivityManager: Start proc 2533:com.android.keychain/1000 for service {com.android.keychain/com.android.keychain.KeyChainService}
03-17 10:45:48.076908   994  1421 V SettingsProvider: packageValueForCallResult, name = device_name, value : Bundle[{_track_generation=android.util.MemoryIntArray@6c, value=EDA50P, _generation_index=0, _generation=22}]
03-17 10:45:48.087852   994   994 W Looper  : Drained
03-17 10:45:48.092748   994  1719 W ActivityManager: Unable to start service Intent { act=com.honeywell.licenseservice.LicenseService cmp=com.honeywell.licenseservice/.LicenseService } U=0: not found
03-17 10:45:48.108012   994  1771 D PackageManager: grant permission for com.intermec.datacollectionservice
03-17 10:45:48.121586   994  1719 V SettingsProvider: packageValueForCallResult, name = null, value : Bundle[{_track_generation=android.util.MemoryIntArray@6c, value=null, _generation_index=0, _generation=22}]
03-17 10:45:48.126732   994  1719 W ActivityManager: Unable to start service Intent { act=com.intermec.webinterface.JsonRpcRegistryService cmp=com.intermec.webinterface/.JsonRpcRegistryService } U=0: not found
03-17 10:45:48.137184   994  2353 V ActivityManager: New death recipient com.android.server.am.ActivityManagerService$AppDeathRecipient@43d2946 for thread android.os.BinderProxy@2c21707, pid:2533,mApp:null
03-17 10:45:48.163090   994  1771 V SettingsProvider: packageValueForCallResult, name = notification_badging, value : Bundle[{_track_generation=android.util.MemoryIntArray@6c, value=1, _generation_index=2, _generation=46}]
03-17 10:45:48.165559   994  1008 W Looper  : Slow dispatch took 110ms android.fg h=android.os.Handler c=<recycled PooledLambda@65987ce> m=0
03-17 10:45:48.180319  2497  2559 D ActivityThread: Loading provider downloads: com.android.providers.downloads.DownloadProvider
03-17 10:45:48.271012   994  1719 W AppWidgetServiceImpl: Failed to read state: java.io.FileNotFoundException: /data/system/users/0/appwidgets.xml: open failed: ENOENT (No such file or directory)
03-17 10:45:48.271188   994  1719 V AppWidgetServiceImpl: Upgrading widget database from 0 to 1
03-17 10:45:48.340186   994  1008 W Looper  : Slow dispatch took 175ms android.fg h=android.os.Handler c=<recycled PooledLambda@5f68cf> m=0
03-17 10:45:48.397376   994  1016 D PinnerService: pinRangeStream: null
03-17 10:45:48.414119  2497  2559 D ActivityThread: Loading provider media: com.android.providers.media.MediaProvider
03-17 10:45:48.414530   994  1016 D PinnerService: pinRangeStream: null
03-17 10:45:48.415256   994  1016 D PinnerService: pinRangeStream: null
03-17 10:45:48.422988   994  1018 I ActivityManager: Start proc 2609:com.android.mtp/u0a54 for content provider {com.android.mtp/com.android.mtp.MtpDocumentsProvider}
03-17 10:45:48.472310   994  1771 V ActivityManager: New death recipient com.android.server.am.ActivityManagerService$AppDeathRecipient@86a02b6 for thread android.os.BinderProxy@bacbb7, pid:2609,mApp:null
03-17 10:45:48.541370   994  1719 V SettingsProvider: packageValueForCallResult, name = null, value : Bundle[{_track_generation=android.util.MemoryIntArray@6c, value=null, _generation_index=0, _generation=22}]
03-17 10:45:48.551746   994  1771 V SettingsProvider: packageValueForCallResult, name = null, value : Bundle[{_track_generation=android.util.MemoryIntArray@6c, value=null, _generation_index=1, _generation=2}]
03-17 10:45:48.648156   994  1007 D AppOps  : checkOperation: uid reject #1 for code 87 uid 10064 package com.honeywell.tools.ezmenu
03-17 10:45:48.681224   994  1018 I ActivityManager: Start proc 2656:com.honeywell.tools.ezmenu/u0a64 for broadcast {com.honeywell.tools.ezmenu/com.honeywell.tools.ezmenu.EZMenuReceiver}
03-17 10:45:48.736978   994  1771 V ActivityManager: New death recipient com.android.server.am.ActivityManagerService$AppDeathRecipient@6105302 for thread android.os.BinderProxy@3ca2413, pid:2656,mApp:null
03-17 10:45:48.784876   994  1719 D AppOps  : checkOperation: uid reject #1 for code 87 uid 10064 package com.honeywell.tools.ezmenu
03-17 10:45:48.788979   994  1719 D PackageManager: grant permission for com.honeywell.tools.ezprovider
03-17 10:45:48.790712   994  1719 I chatty  : uid=1000(system) Binder:994_5 identical 2 lines
03-17 10:45:48.791541   994  1719 D PackageManager: grant permission for com.honeywell.tools.ezprovider
03-17 10:45:48.792422   994  1719 E AmsExtImpl: check result:true
03-17 10:45:48.831550   994  1018 I ActivityManager: Start proc 2694:com.honeywell.tools.ezprovider/u0a91 for broadcast {com.honeywell.tools.ezprovider/com.honeywell.tools.ezprovider.EZConfigReceiver}
03-17 10:45:48.853084   994  1771 D AppOps  : checkOperation: uid reject #1 for code 87 uid 10054 package com.android.providers.downloads
03-17 10:45:48.853286   994  1007 D AppOps  : checkOperation: uid reject #1 for code 87 uid 10054 package com.android.providers.downloads
03-17 10:45:48.853461   994  1719 D AppOps  : checkOperation: uid reject #1 for code 87 uid 10054 package com.android.providers.downloads
03-17 10:45:48.874725   994  1719 V ActivityManager: New death recipient com.android.server.am.ActivityManagerService$AppDeathRecipient@735a729 for thread android.os.BinderProxy@d7cdaae, pid:2694,mApp:null
03-17 10:45:48.884450   994  1771 D AppOps  : checkOperation: uid reject #1 for code 87 uid 10054 package com.android.providers.downloads
03-17 10:45:48.887237   994  1771 D AppOps  : checkOperation: uid reject #1 for code 87 uid 10054 package com.android.providers.downloads
03-17 10:45:48.897011   994  1719 D AppOps  : checkOperation: uid reject #1 for code 87 uid 10054 package com.android.providers.downloads
03-17 10:45:48.913485   994  1719 D AppOps  : checkOperation: uid reject #1 for code 87 uid 10054 package com.android.providers.downloads
03-17 10:45:48.917627   994  1719 I WindowManager: Relayout Window{58d3c4d u0 com.android.launcher3/com.android.launcher3.Launcher}: oldVis=4 newVis=0 focusMayChange = true
03-17 10:45:48.978693   994  1719 E AmsExtImpl: check result:true
03-17 10:45:48.996567   994  1007 V SettingsProvider: packageValueForCallResult, name = null, value : Bundle[{_track_generation=android.util.MemoryIntArray@6c, value=null, _generation_index=3, _generation=6}]
03-17 10:45:49.006303   994  1018 I ActivityManager: Start proc 2720:com.android.managedprovisioning/u0a55 for broadcast {com.android.managedprovisioning/com.android.managedprovisioning.ota.PreBootListener}
03-17 10:45:49.034968   994  1719 D PackageManager: grant permission for com.intermec.datacollectionservice
03-17 10:45:49.035256   994  1719 D PackageManager: grant permission for com.intermec.datacollectionservice
03-17 10:45:49.076247   994  1771 V ActivityManager: New death recipient com.android.server.am.ActivityManagerService$AppDeathRecipient@9e83aca for thread android.os.BinderProxy@c06c43b, pid:2720,mApp:null
03-17 10:45:49.097720   994  1008 W Looper  : Slow dispatch took 101ms android.fg h=android.os.Handler c=<recycled PooledLambda@b73996> m=0
03-17 10:45:49.142129   994  1770 V SettingsProvider: packageValueForCallResult, name = user_setup_complete, value : Bundle[{_track_generation=android.util.MemoryIntArray@6c, value=1, _generation_index=2, _generation=46}]
03-17 10:45:49.154515   994  2353 I PreBootBroadcaster: Pre-boot of {com.android.providers.calendar/com.android.providers.calendar.CalendarUpgradeReceiver} for user 0
03-17 10:45:49.160228   994  2353 E AmsExtImpl: check result:true
03-17 10:45:49.187579   994  1018 I ActivityManager: Start proc 2750:com.android.quicksearchbox/1000 for broadcast {com.android.quicksearchbox/com.android.quicksearchbox.SearchWidgetProvider}
03-17 10:45:49.234574   994  1770 V ActivityManager: New death recipient com.android.server.am.ActivityManagerService$AppDeathRecipient@63e56e for thread android.os.BinderProxy@b84640f, pid:2750,mApp:null
03-17 10:45:49.326782   994  2353 D AppOps  : checkOperation: uid reject #1 for code 87 uid 10044 package com.android.providers.calendar
03-17 10:45:49.327185   994  2353 E AmsExtImpl: check result:true
03-17 10:45:49.355176   994  1018 I ActivityManager: Start proc 2772:com.android.providers.calendar/u0a44 for broadcast {com.android.providers.calendar/com.android.providers.calendar.CalendarUpgradeReceiver}
03-17 10:45:49.398152   994  2353 V ActivityManager: New death recipient com.android.server.am.ActivityManagerService$AppDeathRecipient@677c1b8 for thread android.os.BinderProxy@a53bb91, pid:2772,mApp:null
03-17 10:45:49.449629   994  2353 V SettingsProvider: packageValueForCallResult, name = null, value : Bundle[{_track_generation=android.util.MemoryIntArray@6c, value=null, _generation_index=0, _generation=22}]
03-17 10:45:49.556782   994  1770 I PreBootBroadcaster: Pre-boot of {com.android.providers.contacts/com.android.providers.contacts.ContactsUpgradeReceiver} for user 0
03-17 10:45:49.562339   994  1770 E AmsExtImpl: check result:true
03-17 10:45:49.587590   994  1018 I ActivityManager: Start proc 2795:android.process.acore/u0a39 for broadcast {com.android.providers.contacts/com.android.providers.contacts.ContactsUpgradeReceiver}
03-17 10:45:49.622412   994  2353 V ActivityManager: New death recipient com.android.server.am.ActivityManagerService$AppDeathRecipient@ae384d7 for thread android.os.BinderProxy@aa341c4, pid:2795,mApp:null
03-17 10:45:49.706707   994  1770 V SettingsProvider: packageValueForCallResult, name = null, value : Bundle[{_track_generation=android.util.MemoryIntArray@6c, value=null, _generation_index=0, _generation=22}]
03-17 10:45:49.734400   994  1771 V SettingsProvider: packageValueForCallResult, name = null, value : Bundle[{_track_generation=android.util.MemoryIntArray@6c, value=null, _generation_index=1, _generation=2}]
03-17 10:45:49.740931  2795  2795 D ActivityThread: Loading provider contacts;com.android.contacts: com.android.providers.contacts.ContactsProvider2
03-17 10:45:49.741865   994  1008 D AppOps  : checkOperation: uid reject #1 for code 1 uid 10100 package com.android.dialer
03-17 10:45:49.742036   994  1008 D AppOps  : checkOperation: uid reject #1 for code 0 uid 10100 package com.android.dialer
03-17 10:45:49.743235   994  1008 D AppOps  : checkOperation: uid reject #1 for code 0 uid 10104 package com.android.gallery3d
03-17 10:45:49.743464   994  1008 D AppOps  : checkOperation: uid reject #1 for code 1 uid 10104 package com.android.gallery3d
03-17 10:45:49.747356   994  1008 D AppOps  : checkOperation: uid reject #1 for code 1 uid 10088 package com.mediatek.lbs.em2.ui
03-17 10:45:49.747536   994  1008 D AppOps  : checkOperation: uid reject #1 for code 0 uid 10088 package com.mediatek.lbs.em2.ui
03-17 10:45:49.757382   994  1008 D AppOps  : checkOperation: uid reject #4 for code 0 uid 1002 package com.android.bluetooth
03-17 10:45:49.758535   994  1008 D AppOps  : checkOperation: uid reject #1 for code 0 uid 10112 package com.mediatek.camera
03-17 10:45:49.758757   994  1008 D AppOps  : checkOperation: uid reject #1 for code 1 uid 10112 package com.mediatek.camera
03-17 10:45:49.758930   994  1008 D AppOps  : checkOperation: uid reject #1 for code 87 uid 10112 package com.mediatek.camera
03-17 10:45:49.760776   994  1008 D AppOps  : checkOperation: uid reject #1 for code 87 uid 10044 package com.android.providers.calendar
03-17 10:45:49.760956   994  1008 D AppOps  : checkOperation: uid reject #1 for code 87 uid 10044 package com.android.providers.calendar
03-17 10:45:49.769300   994  1008 D AppOps  : checkOperation: uid reject #1 for code 87 uid 10054 package com.android.providers.media
03-17 10:45:49.769473   994  1008 D AppOps  : checkOperation: uid reject #1 for code 87 uid 10054 package com.android.providers.downloads
03-17 10:45:49.769530   994  1008 D AppOps  : checkOperation: uid reject #1 for code 87 uid 10054 package com.android.providers.media
03-17 10:45:49.772609   994  1008 D AppOps  : checkOperation: uid reject #1 for code 87 uid 10054 package com.android.providers.downloads
03-17 10:45:49.772766   994  1008 D AppOps  : checkOperation: uid reject #1 for code 87 uid 10054 package com.android.providers.downloads
03-17 10:45:49.772828   994  1008 D AppOps  : checkOperation: uid reject #1 for code 87 uid 10054 package com.android.providers.media
03-17 10:45:49.776533   994  1008 D AppOps  : checkOperation: uid reject #1 for code 87 uid 10054 package com.android.providers.downloads
03-17 10:45:49.776677   994  1008 D AppOps  : checkOperation: uid reject #1 for code 87 uid 10054 package com.android.providers.media
03-17 10:45:49.778444   994  1008 D AppOps  : checkOperation: uid reject #1 for code 87 uid 10054 package com.android.providers.downloads
03-17 10:45:49.778547   994  1008 D AppOps  : checkOperation: uid reject #1 for code 87 uid 10054 package com.android.providers.media
03-17 10:45:49.780392   994  1008 D AppOps  : checkOperation: uid reject #1 for code 87 uid 10057 package com.android.externalstorage
03-17 10:45:49.781973   994  1008 D AppOps  : checkOperation: uid reject #4 for code 0 uid 10111 package com.android.browser
03-17 10:45:49.782154   994  1008 D AppOps  : checkOperation: uid reject #4 for code 1 uid 10111 package com.android.browser
03-17 10:45:49.782298   994  1008 D AppOps  : checkOperation: uid reject #1 for code 87 uid 10111 package com.android.browser
03-17 10:45:49.783359   994  1008 D AppOps  : checkOperation: uid reject #1 for code 87 uid 10071 package com.intermec.datacollectionservice
03-17 10:45:49.786186   994  1008 D AppOps  : checkOperation: uid reject #1 for code 87 uid 1027 package com.android.nfc
03-17 10:45:49.786370   994  1008 D AppOps  : checkOperation: uid reject #1 for code 87 uid 1027 package com.android.nfc
03-17 10:45:49.787385   994  1008 D AppOps  : checkOperation: uid reject #1 for code 87 uid 10108 package com.android.launcher3
03-17 10:45:49.788197   994  1008 D AppOps  : checkOperation: uid reject #1 for code 87 uid 10040 package com.android.sharedstoragebackup
03-17 10:45:49.789208   994  1008 D AppOps  : checkOperation: uid reject #1 for code 87 uid 10056 package com.android.apps.tag
03-17 10:45:49.790732   994  1008 D AppOps  : checkOperation: uid reject #1 for code 87 uid 10103 package com.android.storagemanager
