03-17 11:33:53.242011  4666  4690 D ActivityThread: Loading provider com.android.email.provider;com.android.email.notifier;com.android.email.uinotifications: com.android.email.provider.EmailProvider
03-17 11:33:53.251562   994  4572 V SettingsProvider: packageValueForCallResult, name = null, value : Bundle[{_track_generation=android.util.MemoryIntArray@6c, value=null, _generation_index=0, _generation=51}]
03-17 11:33:53.266333   994  1017 W BroadcastQueue: Background execution not allowed: receiving Intent { act=com.android.mail.ACTION_NOTIFY_DATASET_CHANGED typ=application/email-ls flg=0x10 (has extras) } to com.android.email/.provider.WidgetProvider
03-17 11:33:53.310284   994  1086 W ActivityManager: Unable to start service Intent { cmp=com.android.email/.service.AttachmentService } U=0: not found
03-17 11:33:53.329813   994  3637 I ActivityManager: Killing 3329:com.honeywell.tools.appsconfig/1000 (adj 975): empty #17
03-17 11:33:53.381162   994  3016 V ActivityManager: Death received in com.android.server.am.ActivityManagerService$AppDeathRecipient@53e853 for thread android.os.BinderProxy@7b56590, mPid:3329,mApp:ProcessRecord{c4f7eca 3329:com.honeywell.tools.appsconfig/1000}
03-17 11:33:55.182950   994  1421 I ActivityTaskManager: Config changes=2004 {1.0 ?mcc?mnc [en_US,zh_CN] ldltr sw360dp w360dp h648dp 320dpi nrml long port finger -keyb/v/h -nav/h winConfig={ mBounds=Rect(0, 0 - 720, 1440) mAppBounds=Rect(0, 0 - 720, 1344) mWindowingMode=fullscreen mDisplayWindowingMode=fullscreen mActivityType=undefined mAlwaysOnTop=undefined mRotation=ROTATION_0} s.57}
03-17 11:33:55.234361   994  1421 I ActivityTaskManager: Override config changes=2004 {1.0 ?mcc?mnc [en_US,zh_CN] ldltr sw360dp w360dp h648dp 320dpi nrml long port finger -keyb/v/h -nav/h winConfig={ mBounds=Rect(0, 0 - 720, 1440) mAppBounds=Rect(0, 0 - 720, 1344) mWindowingMode=fullscreen mDisplayWindowingMode=fullscreen mActivityType=undefined mAlwaysOnTop=undefined mRotation=ROTATION_0} s.57} for displayId=0
03-17 11:33:55.306625   994  1008 W Looper  : Slow dispatch took 134ms android.fg h=android.os.Handler c=<recycled PooledLambda@f15f3b3> m=2
03-17 11:33:55.331485   994  1771 I ActivityManager: Killing 3388:com.honeywell.tools.battmon/u0a80 (adj 985): empty #17
03-17 11:33:55.349311   994  1011 V SettingsProvider: name : font_scale appId : 1000
03-17 11:33:55.350071   994  1011 V SettingsProvider: name : system_locales appId : 1000
03-17 11:33:55.366171   994   994 V SettingsProvider: Notifying for 0: content://settings/system/system_locales
03-17 11:33:55.380712  1841  1841 I Telephony: : onSubscriptionsChanged - update accounts
03-17 11:33:55.381279  1841  1841 I Telephony: TelecomAccountRegistry: setupAccounts: Found 1 phones.  Attempting to register.
03-17 11:33:55.382541  1841  1841 I Telephony: TelecomAccountRegistry: setupAccounts: Phone with subscription id -1
03-17 11:33:55.382760  1841  1841 I Telephony: TelecomAccountRegistry: setupAccounts: adding default
03-17 11:33:55.385397   994  3016 V ActivityManager: Death received in com.android.server.am.ActivityManagerService$AppDeathRecipient@5caceab for thread android.os.BinderProxy@5944908, mPid:3388,mApp:ProcessRecord{a578a1e 3388:com.honeywell.tools.battmon/u0a80}
03-17 11:33:55.396926   994  1017 E AmsExtImpl: check result:true
03-17 11:33:55.432950  1841  1841 I Telephony: AccountEntry: registerIfChanged: subId: -1 - register due to account change.
03-17 11:33:55.434742   994  1086 W Telecom-Common: registerPhoneAccount not allowed on non-voice capable device.: TSI.rPA@ACg
03-17 11:33:55.435268   994  1018 I ActivityManager: Start proc 4719:com.android.quicksearchbox/1000 for broadcast {com.android.quicksearchbox/com.android.quicksearchbox.SearchWidgetProvider}
03-17 11:33:55.435317  1841  1841 I Telephony: AccountEntry: Registered phoneAccount: [[ ] PhoneAccount: ComponentInfo{com.android.phone/com.android.services.telephony.TelephonyConnectionService}, ***, UserHandle{0} Capabilities: CallProvider MultiUser PlaceEmerg SimSub  Audio Routes: BESW Schemes: tel voicemail  Extras: Bundle[{android.telecom.extra.SUPPORTS_VIDEO_CALLING_FALLBACK=true, mediatek.telecom.extra.PHONE_ACCOUNT_CARRIER_CAPABILITIES=0}] GroupId: ***] with handle: ComponentInfo{com.android.phone/com.android.services.telephony.TelephonyConnectionService}, ***, UserHandle{0}
03-17 11:33:55.442768  1841  1841 I Telephony: PstnPhoneCapabilitiesNotifier: handleVideoCapabilitesChanged. Video capability - false
03-17 11:33:55.444074  1493  1493 I EmergencyButton: ss.getState()=1 ss.isEmergencyOnly()=false for simId=0
03-17 11:33:55.462802  1841  1841 I Telephony: AccountEntry: reRegisterPstnPhoneAccount: subId: -1 - no change
03-17 11:33:55.477020   994   994 W Looper  : Slow dispatch took 110ms main h=android.app.ActivityThread$H c=android.app.-$$Lambda$LoadedApk$ReceiverDispatcher$Args$_BumDX2UKsnxLVrE6UJsJZkotuA@850d1a6 m=0
03-17 11:33:55.483603   994  3283 V ActivityManager: New death recipient com.android.server.am.ActivityManagerService$AppDeathRecipient@22bef94 for thread android.os.BinderProxy@2c4a3d, pid:4719,mApp:null
03-17 11:33:55.507449   994   994 W InputMethodManagerService: Illegal subtype state: old subtype = null, new subtype = android.view.inputmethod.InputMethodSubtype@c9194f98
03-17 11:33:55.508635   994   994 I Telecom : : Locale change; recreating channels.
03-17 11:33:55.511283   994   994 W ContextImpl: Calling a method in the system process without a qualified user: android.app.ContextImpl.sendBroadcast:1046 com.mediatek.search.SearchEngineManagerService.broadcastSearchEngineChangedInternal:198 com.mediatek.search.SearchEngineManagerService.access$300:76 com.mediatek.search.SearchEngineManagerService$LocaleChangeReceiver.onReceive:189 android.app.LoadedApk$ReceiverDispatcher$Args.lambda$getRunnable$0$LoadedApk$ReceiverDispatcher$Args:1550 
03-17 11:33:55.515052   994  1414 D MtkNetworkStatsService: registerStateListener
03-17 11:33:55.523991   994   994 V SettingsProvider: Notifying for 0: content://settings/global/zen_mode_config_etag
03-17 11:33:55.574556   994  1421 I WindowManager: Relayout Window{2396a71 u0 com.android.settings/com.android.settings.SubSettings}: oldVis=4 newVis=0 focusMayChange = true
03-17 11:33:55.701206   994  3016 I ActivityManager: Killing 3411:com.maidu.agingtest/1000 (adj 975): empty #17
03-17 11:33:55.741213   994  1721 V ActivityManager: Death received in com.android.server.am.ActivityManagerService$AppDeathRecipient@bc78176 for thread android.os.BinderProxy@4a84377, mPid:3411,mApp:ProcessRecord{87e1624 3411:com.maidu.agingtest/1000}
03-17 11:33:55.874802   994  2278 E TaskPersister: File error accessing recents directory (directory doesn't exist?).
03-17 11:33:55.923495   994  1012 I WindowManager: Screen frozen for +666ms due to Window{8ed2a0b u0 StatusBar}
03-17 11:33:55.934206   994  1009 I ActivityTaskManager: START u0 {act=android.intent.action.MAIN cat=[android.intent.category.HOME] flg=0x10000100 cmp=com.android.launcher3/.Launcher (has extras)} from uid 0
03-17 11:33:56.024610  1493  1493 I EmergencyButton: ss.getState()=1 ss.isEmergencyOnly()=false for simId=0
03-17 11:33:56.246644   994  3638 I WindowManager: Relayout Window{57309f u0 com.android.launcher3/com.android.launcher3.Launcher}: oldVis=4 newVis=0 focusMayChange = true
03-17 11:34:12.148459   994  1086 I ActivityTaskManager: START u0 {act=android.intent.action.MAIN cat=[android.intent.category.LAUNCHER] flg=0x10200000 cmp=com.honeywell.tools.ezmenu/.ToolsLaunchActivity bnds=[193,895][360,1136]} from uid 10108
03-17 11:34:12.181268   994  1011 D AppOps  : checkOperation: uid reject #1 for code 87 uid 10064 package com.honeywell.tools.ezmenu
03-17 11:34:12.183574   994  1011 I ActivityManager: Killing 3437:com.mediatek.batterywarning/1000 (adj 985): empty #17
03-17 11:34:12.201616   994  1018 I ActivityManager: Start proc 4819:com.honeywell.tools.ezmenu/u0a64 for activity {com.honeywell.tools.ezmenu/com.honeywell.tools.ezmenu.ToolsLaunchActivity}
03-17 11:34:12.228979   994  3638 V ActivityManager: Death received in com.android.server.am.ActivityManagerService$AppDeathRecipient@7fa2c49 for thread android.os.BinderProxy@879494e, mPid:3437,mApp:ProcessRecord{52ef713 3437:com.mediatek.batterywarning/1000}
03-17 11:34:12.230945   994  1086 V ActivityManager: New death recipient com.android.server.am.ActivityManagerService$AppDeathRecipient@ff92d50 for thread android.os.BinderProxy@4c6db49, pid:4819,mApp:null
03-17 11:34:12.281260   994  3638 V SettingsProvider: packageValueForCallResult, name = null, value : Bundle[{_track_generation=android.util.MemoryIntArray@6c, value=null, _generation_index=0, _generation=52}]
03-17 11:34:12.402452   994  3638 I WindowManager: Relayout Window{3cd7fb2 u0 com.honeywell.tools.ezmenu/com.honeywell.tools.ezmenu.ToolsLaunchActivity}: oldVis=4 newVis=0 focusMayChange = true
03-17 11:34:14.042060   994   994 W Looper  : Slow dispatch took 278ms main h=com.maidu.utils.ContersUtils$1 c=null m=1001
03-17 11:34:15.221329   994  1086 V SettingsProvider: packageValueForCallResult, name = sound_effects_enabled, value : Bundle[{_track_generation=android.util.MemoryIntArray@6c, value=1, _generation_index=3, _generation=20}]
03-17 11:34:15.223382   994  1086 I ActivityTaskManager: START u0 {act=android.intent.action.MAIN cat=[android.intent.category.LAUNCHER] flg=0x10200000 cmp=com.honeywell.tools.ezconfig/.MainActivity} from uid 10064
03-17 11:34:15.238853   994  1086 W ActivityManager: Unable to start service Intent { act=android.intent.action.MAIN cat=[android.intent.category.LAUNCHER] flg=0x10200000 cmp=com.honeywell.tools.ezconfig/.MainActivity } U=0: not found
03-17 11:34:15.263018   994  1018 I ActivityManager: Start proc 4848:com.honeywell.tools.ezconfig/1000 for activity {com.honeywell.tools.ezconfig/com.honeywell.tools.ezconfig.MainActivity}
03-17 11:34:15.290965   994  1086 V ActivityManager: New death recipient com.android.server.am.ActivityManagerService$AppDeathRecipient@437dd47 for thread android.os.BinderProxy@d1f0974, pid:4848,mApp:null
03-17 11:34:15.348825   994  3016 V SettingsProvider: packageValueForCallResult, name = null, value : Bundle[{_track_generation=android.util.MemoryIntArray@6c, value=null, _generation_index=0, _generation=52}]
03-17 11:34:15.467580  4848  4848 W ContextImpl: Calling a method in the system process without a qualified user: android.app.ContextImpl.bindService:1650 android.content.ContextWrapper.bindService:705 com.honeywell.aidc.AidcManager.create:118 com.honeywell.tools.ezconfig.MainActivity.onCreate:424 android.app.Activity.performCreate:7802 
03-17 11:34:15.513685  4848  4848 W ContextImpl: Calling a method in the system process without a qualified user: android.app.ContextImpl.sendBroadcast:1046 android.content.ContextWrapper.sendBroadcast:448 com.honeywell.tools.ezconfig.MainActivity.onResume:477 android.app.Instrumentation.callActivityOnResume:1453 android.app.Activity.performResume:7939 
03-17 11:34:15.516320   994  3016 I DropBoxManagerService: add tag=system_server_wtf isTagEnabled=true flags=0x2
03-17 11:34:15.523772   994  3016 I DropBoxManagerService: add tag=system_server_wtf isTagEnabled=true flags=0x2
03-17 11:34:15.528629   994  1017 W BroadcastQueue: Background execution not allowed: receiving Intent { act=com.honeywell.ezprovider.getalltable flg=0x10 } to com.honeywell.tools.ezprovider/.EZConfigReceiver
03-17 11:34:15.556677   994  3016 D PackageManager: grant permission for com.intermec.datacollectionservice
03-17 11:34:15.556777   994  3016 D PackageManager: grant permission for com.intermec.datacollectionservice
03-17 11:34:15.590580   994  1086 D PackageManager: grant permission for com.intermec.datacollectionservice
03-17 11:34:15.672119   994  1086 I WindowManager: Relayout Window{59d9f7d u0 com.honeywell.tools.ezconfig/com.honeywell.tools.ezconfig.MainActivity}: oldVis=4 newVis=0 focusMayChange = true
03-17 11:34:18.800388   994  2278 E TaskPersister: File error accessing recents directory (directory doesn't exist?).
03-17 11:35:04.024181   994  3638 V SettingsProvider: packageValueForCallResult, name = device_provisioned, value : Bundle[{_track_generation=android.util.MemoryIntArray@6c, value=1, _generation_index=0, _generation=52}]
03-17 11:35:04.126644   994  3638 V SettingsProvider: packageValueForCallResult, name = null, value : Bundle[{_track_generation=android.util.MemoryIntArray@6c, value=null, _generation_index=2, _generation=52}]
03-17 11:35:08.077278   994  1026 V DisplayPowerController: Brightness [10] reason changing to: 'manual [ dim ]', previous reason: 'manual'.
03-17 11:35:12.501604   994  2582 I BatteryService: batteryLedType:0--level:90--status:3--fullLevel:90--isCharging:false--isBetweenTemScope:true
03-17 11:35:15.079180   994  1026 I PowerManagerService: Going to sleep due to timeout (uid 1000)...
03-17 11:35:15.079778   994   994 W UsageStatsService: Event reported without a package name, eventType:16
03-17 11:35:15.080734   994  1026 I PowerManagerService: Sleeping (uid 1000)...
03-17 11:35:15.137993   994  1026 V DisplayPowerController: Brightness [102] reason changing to: 'manual', previous reason: 'manual [ dim ]'.
03-17 11:35:15.274280   994  1026 I DisplayPowerController: Blocking screen off
03-17 11:35:15.274700   994  1026 I DisplayPowerController: Unblocked screen off after 0 ms
03-17 11:35:15.295020   994  1026 D ActivityTaskManager: Top Process State changed to PROCESS_STATE_TOP_SLEEPING
03-17 11:35:15.311227   994  1026 D WindowOrientationListener: WindowOrientationListener disabled
03-17 11:35:15.325054   994  1026 V DisplayPowerController: Brightness [0] reason changing to: 'screen_off', previous reason: 'manual'.
03-17 11:35:15.326403   994  1011 I DisplayManagerService: Display device changed: DisplayDeviceInfo{"Built-in Screen": uniqueId="local:0", 720 x 1440, modeId 1, defaultModeId 1, supportedModes [{id=1, width=720, height=1440, fps=60.0}], colorMode 0, supportedColorModes [0], HdrCapabilities android.view.Display$HdrCapabilities@40f16308, density 320, 160.0 x 160.0 dpi, appVsyncOff 8300000, presDeadline 9366667, touch INTERNAL, rotation 0, type BUILT_IN, address {port=0}, state OFF, FLAG_DEFAULT_DISPLAY, FLAG_ROTATES_WITH_CONTENT, FLAG_SECURE, FLAG_SUPPORTS_PROTECTED_BUFFERS}
03-17 11:35:15.800639   994  1011 W UsageStatsService: Event reported without a package name, eventType:17
03-17 11:36:14.422940   994   994 W Looper  : Slow dispatch took 352ms main h=com.maidu.utils.ContersUtils$1 c=null m=1001
03-17 11:36:22.249931   994  2582 I BatteryService: batteryLedType:0--level:90--status:3--fullLevel:90--isCharging:false--isBetweenTemScope:true
03-17 11:36:35.346933   994  1022 I BootReceiver: Copying /data/tombstones/tombstone_03 to DropBox (SYSTEM_TOMBSTONE)
03-17 11:36:35.348111   994  1022 I DropBoxManagerService: add tag=SYSTEM_TOMBSTONE isTagEnabled=true flags=0x2
03-17 11:36:35.458110   994  3016 V ActivityManager: Death received in com.android.server.am.ActivityManagerService$AppDeathRecipient@ff5795e for thread android.os.BinderProxy@333813f, mPid:4268,mApp:ProcessRecord{d761889 4268:com.android.nfc/1027}
03-17 11:36:35.458959   994  3016 I ActivityManager: Process com.android.nfc (pid 4268) has died: pers PER 
03-17 11:36:35.461386   994  3016 W ActivityManager: Re-adding persistent process ProcessRecord{d761889 4268:com.android.nfc/1027}
03-17 11:36:35.464068   994  3016 D AppOps  : checkOperation: uid reject #1 for code 87 uid 1027 package com.android.nfc
03-17 11:36:35.506610   994  1018 I ActivityManager: Start proc 5383:com.android.nfc/1027 for restart com.android.nfc
03-17 11:36:35.569253   994  3016 V ActivityManager: New death recipient com.android.server.am.ActivityManagerService$AppDeathRecipient@6b29e4d for thread android.os.BinderProxy@2d70d02, pid:5383,mApp:null
03-17 11:36:35.635479   994  3016 D AppOps  : checkOperation: uid reject #1 for code 87 uid 1027 package com.android.nfc
03-17 11:36:39.227754   994  1684 W NativeCrashListener: Couldn't find ProcessRecord for pid 4222
03-17 11:36:39.239911   994  1022 I BootReceiver: Copying /data/tombstones/tombstone_04 to DropBox (SYSTEM_TOMBSTONE)
03-17 11:36:39.244871   994  1022 I DropBoxManagerService: add tag=SYSTEM_TOMBSTONE isTagEnabled=true flags=0x2
03-17 11:45:14.091645   994  2582 I BatteryService: batteryLedType:0--level:90--status:3--fullLevel:90--isCharging:false--isBetweenTemScope:true
03-17 11:48:24.696197   994  2582 I BatteryService: batteryLedType:0--level:90--status:3--fullLevel:90--isCharging:false--isBetweenTemScope:true
03-17 11:48:24.719026   994  1009 I PowerManagerService: Waking up from Asleep (uid=1000, reason=WAKE_REASON_GESTURE, details=android.policy:GESTURE)...
03-17 11:48:24.720647   994   994 W UsageStatsService: Event reported without a package name, eventType:15
03-17 11:48:24.720940   994  1022 I BootReceiver: Copying /data/tombstones/tombstone_05 to DropBox (SYSTEM_TOMBSTONE)
03-17 11:48:24.724868   994  1022 I DropBoxManagerService: add tag=SYSTEM_TOMBSTONE isTagEnabled=true flags=0x2
03-17 11:48:24.781866   994  1026 I DisplayPowerController: Blocking screen on until initial contents have been drawn.
03-17 11:48:24.782978   994  1026 V DisplayPowerController: Brightness [102] reason changing to: 'manual', previous reason: 'screen_off'.
03-17 11:48:24.788567   994  1011 I DisplayManagerService: Display device changed state: "Built-in Screen", ON
03-17 11:48:24.884417   994  1009 D WindowOrientationListener: WindowOrientationListener enabled clearCurrentRotation=true
03-17 11:48:24.889044   994  1026 I DisplayPowerController: Unblocked screen on after 107 ms
03-17 11:48:24.909921   994  2353 V ActivityManager: Death received in com.android.server.am.ActivityManagerService$AppDeathRecipient@6b29e4d for thread android.os.BinderProxy@2d70d02, mPid:5383,mApp:ProcessRecord{d761889 5383:com.android.nfc/1027}
03-17 11:48:24.910785   994  2353 I ActivityManager: Process com.android.nfc (pid 5383) has died: pers PER 
03-17 11:48:24.911643   994  2353 W ActivityManager: Re-adding persistent process ProcessRecord{d761889 5383:com.android.nfc/1027}
03-17 11:48:24.912807   994  2353 D AppOps  : checkOperation: uid reject #1 for code 87 uid 1027 package com.android.nfc
03-17 11:48:24.940697   994  1018 I ActivityManager: Start proc 5424:com.android.nfc/1027 for restart com.android.nfc
03-17 11:48:24.972134   994  1009 V WindowOrientationListener: Proposed rotation changed!  mDesiredRotation=0, newRotation=0
03-17 11:48:24.974950   994  2353 V ActivityManager: New death recipient com.android.server.am.ActivityManagerService$AppDeathRecipient@6818c47 for thread android.os.BinderProxy@3d08c74, pid:5424,mApp:null
03-17 11:48:25.014217   994  2353 D AppOps  : checkOperation: uid reject #1 for code 87 uid 1027 package com.android.nfc
03-17 11:48:25.140379   994  1026 W PowerManagerService: Screen on took 422 ms
03-17 11:48:26.494671   994  2582 I UsbPortManager: ClientCallback V1_1: dual-role-type_c_port0
03-17 11:48:26.495408   994  1008 I UsbPortManager: USB port changed: port=UsbPort{id=dual-role-type_c_port0, supportedModes=dualsupportedContaminantProtectionModes=0supportsEnableContaminantPresenceProtection=falsesupportsEnableContaminantPresenceDetection=false, status=UsbPortStatus{connected=true, currentMode=ufp, currentPowerRole=sink, currentDataRole=device, supportedRoleCombinations=[sink:device], contaminantDetectionStatus=0, contaminantProtectionStatus=0}, canChangeMode=false, canChangePowerRole=false, canChangeDataRole=false, connectedAtMillis=3800946, lastConnectDurationMillis=0
03-17 11:48:27.023677   994  2582 I BatteryService: batteryLedType:0--level:90--status:2--fullLevel:90--isCharging:true--isBetweenTemScope:true
03-17 11:48:27.023839   994  1010 I EntropyMixer: Writing entropy...
03-17 11:48:27.025761   994  1021 E BatteryExternalStatsWorker: no controller energy info supplied for bluetooth
03-17 11:48:27.050647   994  2582 I BatteryService: batteryLedType:0--level:90--status:2--fullLevel:90--isCharging:true--isBetweenTemScope:true
03-17 11:48:27.051211   994  1021 W BatteryExternalStatsWorker: modem info is invalid: ModemActivityInfo{ mTimestamp=0 mSleepTimeMs=0 mIdleTimeMs=0 mTxTimeMs[]=[0, 0, 0, 0, 0] mRxTimeMs=0 mEnergyUsed=0}
03-17 11:48:27.053543   994  2582 I BatteryService: batteryLedType:0--level:90--status:2--fullLevel:90--isCharging:true--isBetweenTemScope:true
03-17 11:48:27.273767   994  1008 D UsbDeviceManager: push notification:Charging this device via USB
03-17 11:48:27.464772   994  2582 I UsbPortManager: ClientCallback V1_1: dual-role-type_c_port0
03-17 11:48:27.653615   994  3017 D ActivityTaskManager: Top Process State changed to PROCESS_STATE_TOP
03-17 11:48:27.673158   994  1012 I WindowManager: Relayout Window{a63e4e6 u0 SnapshotStartingWindow for taskId=8}: oldVis=8 newVis=0 focusMayChange = true
03-17 11:48:27.695256  4848  4848 W ContextImpl: Calling a method in the system process without a qualified user: android.app.ContextImpl.sendBroadcast:1046 android.content.ContextWrapper.sendBroadcast:448 com.honeywell.tools.ezconfig.MainActivity.onResume:477 android.app.Instrumentation.callActivityOnResume:1453 android.app.Activity.performResume:7939 
03-17 11:48:27.699292   994  1771 I DropBoxManagerService: add tag=system_server_wtf isTagEnabled=true flags=0x2
03-17 11:48:27.710185   994  1771 I DropBoxManagerService: add tag=system_server_wtf isTagEnabled=true flags=0x2
03-17 11:48:27.719848   994  2353 D PackageManager: grant permission for com.intermec.datacollectionservice
03-17 11:48:27.719884   994  1017 W BroadcastQueue: Background execution not allowed: receiving Intent { act=com.honeywell.ezprovider.getalltable flg=0x10 } to com.honeywell.tools.ezprovider/.EZConfigReceiver
03-17 11:48:27.758513   994  1011 W UsageStatsService: Event reported without a package name, eventType:18
03-17 11:48:27.858772   994  2353 I WindowManager: Relayout Window{59d9f7d u0 com.honeywell.tools.ezconfig/com.honeywell.tools.ezconfig.MainActivity}: oldVis=4 newVis=0 focusMayChange = true
03-17 11:48:28.907118   994  1009 I ActivityTaskManager: START u0 {act=android.intent.action.MAIN cat=[android.intent.category.HOME] flg=0x10000100 cmp=com.android.launcher3/.Launcher (has extras)} from uid 0
03-17 11:48:28.945585   994  4712 I WindowManager: Relayout Window{57309f u0 com.android.launcher3/com.android.launcher3.Launcher}: oldVis=4 newVis=0 focusMayChange = true
03-17 11:48:30.102395   994  1771 I ActivityTaskManager: START u0 {act=android.intent.action.MAIN cat=[android.intent.category.LAUNCHER] flg=0x10200000 pkg=com.android.dialer cmp=com.android.dialer/.main.impl.MainActivity bnds=[28,1190][194,1367]} from uid 10108
03-17 11:48:30.154361   994  1018 I ActivityManager: Start proc 5519:com.android.dialer/u0a100 for activity {com.android.dialer/com.android.dialer.main.impl.MainActivity}
03-17 11:48:30.179310   994  1771 V ActivityManager: New death recipient com.android.server.am.ActivityManagerService$AppDeathRecipient@2e457e for thread android.os.BinderProxy@a542adf, pid:5519,mApp:null
03-17 11:48:30.343523   994  4712 V SettingsProvider: packageValueForCallResult, name = null, value : Bundle[{_track_generation=android.util.MemoryIntArray@6c, value=null, _generation_index=0, _generation=52}]
03-17 11:48:30.420785   994  1771 V SettingsProvider: packageValueForCallResult, name = null, value : Bundle[{_track_generation=android.util.MemoryIntArray@6c, value=null, _generation_index=1, _generation=2}]
03-17 11:48:30.675684   994  1771 I WindowManager: Relayout Window{d01cdf4 u0 com.android.dialer/com.android.dialer.main.impl.MainActivity}: oldVis=4 newVis=0 focusMayChange = true
03-17 11:48:31.425377   994  3016 V SettingsProvider: packageValueForCallResult, name = sound_effects_enabled, value : Bundle[{_track_generation=android.util.MemoryIntArray@6c, value=1, _generation_index=3, _generation=20}]
03-17 11:48:32.164808   994  2582 I UsbPortManager: ClientCallback V1_1: dual-role-type_c_port0
03-17 11:48:32.465509   994  3016 V SettingsProvider: packageValueForCallResult, name = null, value : Bundle[{_track_generation=android.util.MemoryIntArray@6c, value=null, _generation_index=2, _generation=52}]
03-17 11:48:34.012572   994  3016 I ActivityTaskManager: START u0 {flg=0x10000000 cmp=com.debug.loggerui/.MainActivity} from uid 10100
03-17 11:48:34.093921   994  1018 I ActivityManager: Start proc 5623:com.debug.loggerui/u0a86 for activity {com.debug.loggerui/com.debug.loggerui.MainActivity}
03-17 11:48:34.125319   994  3094 V ActivityManager: New death recipient com.android.server.am.ActivityManagerService$AppDeathRecipient@55ff5b2 for thread android.os.BinderProxy@640903, pid:5623,mApp:null
03-17 11:48:34.198983   994  3016 V SettingsProvider: packageValueForCallResult, name = null, value : Bundle[{_track_generation=android.util.MemoryIntArray@6c, value=null, _generation_index=0, _generation=52}]
03-17 11:48:34.279889   994  3016 I ActivityTaskManager: START u0 {flg=0x10000000 cmp=com.debug.loggerui/.permission.PermisssionActivity (has extras)} from uid 10086
03-17 11:48:34.339614   994  1017 W BroadcastQueue: Permission Denial: broadcasting Intent { act=android.hardware.usb.action.USB_STATE flg=0x31000010 (has extras) } from null (pid=-1, uid=-1) requires android.permission.DUMP due to registered receiver BroadcastFilter{d316d5b 10086/u0 ReceiverList{11d546a 5623 com.debug.loggerui/10086/u0 remote:6214255}}
03-17 11:48:34.359132   994  1017 E NotificationService: Suppressing notification from package by user request.
03-17 11:48:34.425819   994  1017 E NotificationService: Suppressing notification from package by user request.
03-17 11:48:34.452648   994  3094 I WindowManager: Relayout Window{4e7d90c u0 com.debug.loggerui/com.debug.loggerui.MainActivity}: oldVis=4 newVis=0 focusMayChange = true
03-17 11:48:34.776164   994  1771 I ActivityTaskManager: START u0 {act=android.content.pm.action.REQUEST_PERMISSIONS pkg=com.android.permissioncontroller cmp=com.android.permissioncontroller/com.android.packageinstaller.permission.ui.GrantPermissionsActivity (has extras)} from uid 10086
03-17 11:48:34.800091   994  2278 E TaskPersister: File error accessing recents directory (directory doesn't exist?).
03-17 11:48:34.807931   994  1017 E NotificationService: Suppressing notification from package by user request.
03-17 11:48:34.822384   994  3094 I WindowManager: Relayout Window{fa90b3 u0 com.debug.loggerui/com.debug.loggerui.permission.PermisssionActivity}: oldVis=4 newVis=0 focusMayChange = true
03-17 11:48:34.877379   994  3094 V SettingsProvider: packageValueForCallResult, name = null, value : Bundle[{_track_generation=android.util.MemoryIntArray@6c, value=null, _generation_index=0, _generation=52}]
03-17 11:48:35.007995   994  4712 I WindowManager: Relayout Window{e55cfff u0 com.android.permissioncontroller/com.android.packageinstaller.permission.ui.GrantPermissionsActivity}: oldVis=4 newVis=0 focusMayChange = true
03-17 11:48:35.933466   994  1771 V SettingsProvider: packageValueForCallResult, name = sound_effects_enabled, value : Bundle[{_track_generation=android.util.MemoryIntArray@6c, value=1, _generation_index=3, _generation=20}]
03-17 11:48:35.943284   994  1771 D PackageManager: android.permission.READ_EXTERNAL_STORAGE is granted, packageName: com.debug.loggerui, callingUid: 10049, userId: 10049
03-17 11:48:35.958601   407   414 D vold    : Remounting 10086 as mode read
03-17 11:48:35.975503   407   414 D vold    : Found matching PID 5623
03-17 11:48:36.130841   994  3016 D PackageManager: android.permission.READ_EXTERNAL_STORAGE is granted, packageName: com.debug.loggerui, callingUid: 10049, userId: 10049
03-17 11:48:36.133325   407  2034 D vold    : Remounting 10086 as mode read
03-17 11:48:36.147401   407  2034 D vold    : Found matching PID 5623
03-17 11:48:36.191160   994  3016 D PackageManager: android.permission.ACCESS_MEDIA_LOCATION is granted, packageName: com.debug.loggerui, callingUid: 10049, userId: 10049
03-17 11:48:36.358324   994  1771 D PackageManager: android.permission.READ_EXTERNAL_STORAGE is granted, packageName: com.debug.loggerui, callingUid: 10049, userId: 10049
03-17 11:48:36.362181   407  2034 D vold    : Remounting 10086 as mode read
03-17 11:48:36.377922   407  2034 D vold    : Found matching PID 5623
03-17 11:48:36.418647   994  1771 D PackageManager: android.permission.WRITE_EXTERNAL_STORAGE is granted, packageName: com.debug.loggerui, callingUid: 10049, userId: 10049
03-17 11:48:36.421469   407  2034 D vold    : Remounting 10086 as mode full
03-17 11:48:36.436620   407  2034 D vold    : Found matching PID 5623
03-17 11:48:36.464816   994  1771 D PackageManager: android.permission.ACCESS_MEDIA_LOCATION is granted, packageName: com.debug.loggerui, callingUid: 10049, userId: 10049
03-17 11:48:36.868127   994  2582 I UsbPortManager: ClientCallback V1_1: dual-role-type_c_port0
03-17 11:48:37.303150   994  3094 V SettingsProvider: packageValueForCallResult, name = sound_effects_enabled, value : Bundle[{_track_generation=android.util.MemoryIntArray@6c, value=1, _generation_index=3, _generation=20}]
03-17 11:48:38.001466   994  1017 E NotificationService: Suppressing notification from package by user request.
03-17 11:48:38.825293   994  1009 I ActivityTaskManager: START u0 {act=android.intent.action.MAIN cat=[android.intent.category.HOME] flg=0x10000100 cmp=com.android.launcher3/.Launcher (has extras)} from uid 0
03-17 11:48:38.873888   994  3016 I WindowManager: Relayout Window{57309f u0 com.android.launcher3/com.android.launcher3.Launcher}: oldVis=4 newVis=0 focusMayChange = true
03-17 11:48:39.444654   994  3094 V SettingsProvider: packageValueForCallResult, name = device_provisioned, value : Bundle[{_track_generation=android.util.MemoryIntArray@6c, value=1, _generation_index=0, _generation=52}]
03-17 11:48:39.506401   994  2353 I ActivityTaskManager: START u0 {act=android.intent.action.MAIN cat=[android.intent.category.LAUNCHER] flg=0x10200000 pkg=com.android.dialer cmp=com.android.dialer/.main.impl.MainActivity bnds=[28,1190][194,1367]} from uid 10108
03-17 11:48:39.538013   994  1012 I WindowManager: Relayout Window{3ed7a14 u0 SnapshotStartingWindow for taskId=9}: oldVis=8 newVis=0 focusMayChange = true
03-17 11:48:39.549696   994  2353 V SettingsProvider: packageValueForCallResult, name = null, value : Bundle[{_track_generation=android.util.MemoryIntArray@6c, value=null, _generation_index=2, _generation=52}]
03-17 11:48:39.589840   994  2353 W ActivityManager: Receiver with filter android.content.IntentFilter@96d9044 already registered for pid 5519, callerPackage is com.android.dialer
03-17 11:48:39.689205   994  3094 I WindowManager: Relayout Window{d01cdf4 u0 com.android.dialer/com.android.dialer.main.impl.MainActivity}: oldVis=4 newVis=0 focusMayChange = true
03-17 11:48:41.257463   994   994 V SettingsProvider: Notifying for 0: content://settings/global/sagereal_adbenable
03-17 11:48:41.260922   994   994 V SettingsProvider: Notifying for 0: content://settings/global/adb_enabled
03-17 11:48:41.268262   994  1031 D PackageManager: onChange selfChange: false
03-17 11:48:41.288385   994  1008 I UsbDeviceManager: Setting USB config to adb
03-17 11:48:41.302536   407  2034 D vold    : Remounting 1001 as mode write
03-17 11:48:41.312062   407  2034 D vold    : Found matching PID 569
03-17 11:48:41.312237   407  2034 W vold    : Skipping due to root namespace
03-17 11:48:41.312350   407  2034 D vold    : Found matching PID 574
03-17 11:48:41.312420   407  2034 W vold    : Skipping due to root namespace
03-17 11:48:41.314164   407  2034 D vold    : Found matching PID 1841
03-17 11:48:41.344230   407  2034 D vold    : Found matching PID 3479
03-17 11:48:41.386385   407  1835 D vold    : Remounting 1001 as mode write
03-17 11:48:41.395194   407  1835 D vold    : Found matching PID 569
03-17 11:48:41.395322   407  1835 W vold    : Skipping due to root namespace
03-17 11:48:41.395500   407  1835 D vold    : Found matching PID 574
03-17 11:48:41.395564   407  1835 W vold    : Skipping due to root namespace
03-17 11:48:41.396783   407  1835 D vold    : Found matching PID 1841
03-17 11:48:41.435430   407  1835 D vold    : Found matching PID 3479
03-17 11:48:41.441755   994  1008 W Looper  : Slow dispatch took 181ms android.fg h=com.android.server.usb.UsbDeviceManager$UsbHandlerLegacy c=null m=1
03-17 11:48:41.451438   994  1008 D AppOps  : checkOperation: uid reject #4 for code 0 uid 1001 package com.mediatek.ims
03-17 11:48:41.458595   994  1008 D AppOps  : checkOperation: uid reject #4 for code 0 uid 1001 package com.mediatek.ims
03-17 11:48:41.465303   407  1835 D vold    : Remounting 1001 as mode write
03-17 11:48:41.470494   994  1008 D AppOps  : checkOperation: uid reject #4 for code 0 uid 1001 package com.mediatek.ims
03-17 11:48:41.473681   407  1835 D vold    : Found matching PID 569
03-17 11:48:41.473790   407  1835 W vold    : Skipping due to root namespace
03-17 11:48:41.473851   407  1835 D vold    : Found matching PID 574
03-17 11:48:41.473912   407  1835 W vold    : Skipping due to root namespace
03-17 11:48:41.474890   407  1835 D vold    : Found matching PID 1841
03-17 11:48:41.478266   994  1008 D AppOps  : checkOperation: uid reject #4 for code 0 uid 1001 package com.mediatek.ims
03-17 11:48:41.486422   994  1008 D AppOps  : checkOperation: uid reject #4 for code 0 uid 1001 package com.mediatek.ims
03-17 11:48:41.493536   994  1008 D AppOps  : checkOperation: uid reject #4 for code 0 uid 1001 package com.mediatek.autodialer
03-17 11:48:41.495102   407  1835 D vold    : Found matching PID 3479
03-17 11:48:41.503202   994  1008 D AppOps  : checkOperation: uid reject #4 for code 0 uid 1001 package com.mediatek.ims
03-17 11:48:41.511716   994  1008 D AppOps  : checkOperation: uid reject #4 for code 0 uid 1001 package com.mediatek.engineermode
03-17 11:48:41.511880   994  1008 W Looper  : Slow delivery took 202ms android.fg h=android.os.Handler c=<recycled PooledLambda@6f403c> m=0
03-17 11:48:41.519719   994  1008 D AppOps  : checkOperation: uid reject #4 for code 0 uid 1001 package com.mediatek.ims
03-17 11:48:41.526669   994  1008 D AppOps  : checkOperation: uid reject #4 for code 0 uid 1001 package com.mediatek.ims
03-17 11:48:41.535218   407  1835 D vold    : Remounting 1001 as mode write
03-17 11:48:41.538259   994  1008 D AppOps  : checkOperation: uid reject #4 for code 0 uid 1001 package com.android.phone
03-17 11:48:41.542978   407  1835 D vold    : Found matching PID 569
03-17 11:48:41.543142   407  1835 W vold    : Skipping due to root namespace
03-17 11:48:41.543221   407  1835 D vold    : Found matching PID 574
03-17 11:48:41.543307   407  1835 W vold    : Skipping due to root namespace
03-17 11:48:41.544497   407  1835 D vold    : Found matching PID 1841
03-17 11:48:41.547936   994  1008 D AppOps  : checkOperation: uid reject #4 for code 0 uid 1001 package com.mediatek.ims
03-17 11:48:41.569674   994  1008 I chatty  : uid=1000(system) android.fg identical 2 lines
03-17 11:48:41.578763   994  1008 D AppOps  : checkOperation: uid reject #4 for code 0 uid 1001 package com.mediatek.ims
03-17 11:48:41.579126   407  1835 D vold    : Found matching PID 3479
03-17 11:48:41.587336   994  1008 D AppOps  : checkOperation: uid reject #4 for code 0 uid 1001 package com.mediatek.ims
03-17 11:48:41.596239   994  1008 D AppOps  : checkOperation: uid reject #4 for code 0 uid 1001 package com.mediatek.autodialer
03-17 11:48:41.606238   994  1008 D AppOps  : checkOperation: uid reject #4 for code 0 uid 1001 package com.mediatek.ims
03-17 11:48:41.617354   994  1008 D AppOps  : checkOperation: uid reject #4 for code 0 uid 1001 package com.mediatek.engineermode
03-17 11:48:41.636280   994  1008 D AppOps  : checkOperation: uid reject #4 for code 0 uid 1001 package com.mediatek.ims
03-17 11:48:41.655090   407  1835 D vold    : Remounting 1001 as mode write
03-17 11:48:41.655558   994  1008 D AppOps  : checkOperation: uid reject #4 for code 0 uid 1001 package com.mediatek.ims
03-17 11:48:41.663566   407  1835 D vold    : Found matching PID 569
03-17 11:48:41.663791   407  1835 W vold    : Skipping due to root namespace
03-17 11:48:41.663888   407  1835 D vold    : Found matching PID 574
03-17 11:48:41.663939   407  1835 W vold    : Skipping due to root namespace
03-17 11:48:41.665347   407  1835 D vold    : Found matching PID 1841
03-17 11:48:41.667332   994  1008 D AppOps  : checkOperation: uid reject #4 for code 0 uid 1001 package com.android.phone
03-17 11:48:41.675892   994  1008 D AppOps  : checkOperation: uid reject #4 for code 0 uid 1001 package com.mediatek.ims
03-17 11:48:41.707139   407  1835 D vold    : Found matching PID 3479
03-17 11:48:41.745858   994  2582 I BatteryService: batteryLedType:0--level:90--status:2--fullLevel:90--isCharging:true--isBetweenTemScope:true
03-17 11:48:41.747034   407  1835 D vold    : Remounting 1001 as mode write
03-17 11:48:41.757664   407  1835 D vold    : Found matching PID 569
03-17 11:48:41.757801   407  1835 W vold    : Skipping due to root namespace
03-17 11:48:41.757865   407  1835 D vold    : Found matching PID 574
03-17 11:48:41.757926   407  1835 W vold    : Skipping due to root namespace
03-17 11:48:41.759176   407  1835 D vold    : Found matching PID 1841
03-17 11:48:41.764448   994  2582 I BatteryService: batteryLedType:0--level:90--status:2--fullLevel:90--isCharging:true--isBetweenTemScope:true
03-17 11:48:41.778638   407  1835 D vold    : Found matching PID 3479
03-17 11:48:41.783217   994  2582 I BatteryService: batteryLedType:0--level:90--status:2--fullLevel:90--isCharging:true--isBetweenTemScope:true
03-17 11:48:41.808778   407  1835 D vold    : Remounting 1000 as mode full
03-17 11:48:41.814144   407  1835 D vold    : Found matching PID 391
03-17 11:48:41.814299   407  1835 W vold    : Skipping due to root namespace
03-17 11:48:41.814361   407  1835 D vold    : Found matching PID 392
03-17 11:48:41.814421   407  1835 W vold    : Skipping due to root namespace
03-17 11:48:41.814468   407  1835 D vold    : Found matching PID 393
03-17 11:48:41.814519   407  1835 W vold    : Skipping due to root namespace
03-17 11:48:41.814857   407  1835 D vold    : Found matching PID 465
03-17 11:48:41.814932   407  1835 W vold    : Skipping due to root namespace
03-17 11:48:41.814979   407  1835 D vold    : Found matching PID 466
03-17 11:48:41.815049   407  1835 W vold    : Skipping due to root namespace
03-17 11:48:41.815100   407  1835 D vold    : Found matching PID 467
03-17 11:48:41.815168   407  1835 W vold    : Skipping due to root namespace
03-17 11:48:41.815211   407  1835 D vold    : Found matching PID 469
03-17 11:48:41.815272   407  1835 W vold    : Skipping due to root namespace
03-17 11:48:41.816678   407  1835 D vold    : Found matching PID 523
03-17 11:48:41.816870   407  1835 W vold    : Skipping due to root namespace
03-17 11:48:41.817212   407  1835 D vold    : Found matching PID 527
03-17 11:48:41.817334   407  1835 W vold    : Skipping due to root namespace
03-17 11:48:41.817420   407  1835 D vold    : Found matching PID 531
03-17 11:48:41.817497   407  1835 W vold    : Skipping due to root namespace
03-17 11:48:41.817535   407  1835 D vold    : Found matching PID 532
03-17 11:48:41.817590   407  1835 W vold    : Skipping due to root namespace
03-17 11:48:41.817620   407  1835 D vold    : Found matching PID 533
03-17 11:48:41.817671   407  1835 W vold    : Skipping due to root namespace
03-17 11:48:41.817701   407  1835 D vold    : Found matching PID 534
03-17 11:48:41.817754   407  1835 W vold    : Skipping due to root namespace
03-17 11:48:41.817784   407  1835 D vold    : Found matching PID 535
03-17 11:48:41.817832   407  1835 W vold    : Skipping due to root namespace
03-17 11:48:41.817861   407  1835 D vold    : Found matching PID 536
03-17 11:48:41.817909   407  1835 W vold    : Skipping due to root namespace
03-17 11:48:41.817940   407  1835 D vold    : Found matching PID 537
03-17 11:48:41.818034   407  1835 W vold    : Skipping due to root namespace
03-17 11:48:41.818112   407  1835 D vold    : Found matching PID 539
03-17 11:48:41.818166   407  1835 W vold    : Skipping due to root namespace
03-17 11:48:41.818209   407  1835 D vold    : Found matching PID 540
03-17 11:48:41.818271   407  1835 W vold    : Skipping due to root namespace
03-17 11:48:41.818310   407  1835 D vold    : Found matching PID 541
03-17 11:48:41.818371   407  1835 W vold    : Skipping due to root namespace
03-17 11:48:41.818410   407  1835 D vold    : Found matching PID 544
03-17 11:48:41.818532   407  1835 W vold    : Skipping due to root namespace
03-17 11:48:41.818595   407  1835 D vold    : Found matching PID 545
03-17 11:48:41.818675   407  1835 W vold    : Skipping due to root namespace
03-17 11:48:41.818777   407  1835 D vold    : Found matching PID 548
03-17 11:48:41.818855   407  1835 W vold    : Skipping due to root namespace
03-17 11:48:41.818926   407  1835 D vold    : Found matching PID 549
03-17 11:48:41.819005   407  1835 W vold    : Skipping due to root namespace
03-17 11:48:41.819142   407  1835 D vold    : Found matching PID 560
03-17 11:48:41.819231   407  1835 W vold    : Skipping due to root namespace
03-17 11:48:41.819291   407  1835 D vold    : Found matching PID 567
03-17 11:48:41.819355   407  1835 W vold    : Skipping due to root namespace
03-17 11:48:41.819403   407  1835 D vold    : Found matching PID 570
03-17 11:48:41.819477   407  1835 W vold    : Skipping due to root namespace
03-17 11:48:41.819700   407  1835 D vold    : Found matching PID 637
03-17 11:48:41.819801   407  1835 W vold    : Skipping due to root namespace
03-17 11:48:41.819984   407  1835 D vold    : Found matching PID 653
03-17 11:48:41.820091   407  1835 W vold    : Skipping due to root namespace
03-17 11:48:41.820157   407  1835 D vold    : Found matching PID 654
03-17 11:48:41.820223   407  1835 W vold    : Skipping due to root namespace
03-17 11:48:41.820355   407  1835 D vold    : Found matching PID 661
03-17 11:48:41.820443   407  1835 W vold    : Skipping due to root namespace
03-17 11:48:41.820584   407  1835 D vold    : Found matching PID 672
03-17 11:48:41.820650   407  1835 W vold    : Skipping due to root namespace
03-17 11:48:41.820724   407  1835 D vold    : Found matching PID 675
03-17 11:48:41.820780   407  1835 W vold    : Skipping due to root namespace
03-17 11:48:41.820834   407  1835 D vold    : Found matching PID 678
03-17 11:48:41.820882   407  1835 W vold    : Skipping due to root namespace
03-17 11:48:41.820912   407  1835 D vold    : Found matching PID 680
03-17 11:48:41.821015   407  1835 W vold    : Skipping due to root namespace
03-17 11:48:41.821065   407  1835 D vold    : Found matching PID 682
03-17 11:48:41.821116   407  1835 W vold    : Skipping due to root namespace
03-17 11:48:41.821215   407  1835 D vold    : Found matching PID 782
03-17 11:48:41.821285   407  1835 W vold    : Skipping due to root namespace
03-17 11:48:41.821388   407  1835 D vold    : Found matching PID 787
03-17 11:48:41.821452   407  1835 W vold    : Skipping due to root namespace
03-17 11:48:41.821610   407  1835 D vold    : Found matching PID 994
03-17 11:48:41.850920   407  1835 D vold    : Found matching PID 2123
03-17 11:48:41.851099   407  1835 W vold    : Skipping due to root namespace
03-17 11:48:41.851219   407  1835 D vold    : Found matching PID 2355
03-17 11:48:41.878598   407  1835 D vold    : Found matching PID 2904
03-17 11:48:41.898569   407  1835 D vold    : Found matching PID 3284
03-17 11:48:41.930364   407  1835 D vold    : Found matching PID 3367
03-17 11:48:41.958530   407  1835 D vold    : Found matching PID 3507
03-17 11:48:41.958663   407  1835 W vold    : Skipping due to root namespace
03-17 11:48:41.958716   407  1835 D vold    : Found matching PID 3510
03-17 11:48:41.986470   407  1835 D vold    : Found matching PID 3532
03-17 11:48:42.010501   407  1835 D vold    : Found matching PID 3580
03-17 11:48:42.034603   407  1835 D vold    : Found matching PID 4641
03-17 11:48:42.074270   407  1835 D vold    : Found matching PID 4719
03-17 11:48:42.106427   407  1835 D vold    : Found matching PID 4848
03-17 11:48:42.124220   407  1835 D vold    : Remounting 1000 as mode full
03-17 11:48:42.129302   407  1835 D vold    : Found matching PID 391
03-17 11:48:42.129403   407  1835 W vold    : Skipping due to root namespace
03-17 11:48:42.129474   407  1835 D vold    : Found matching PID 392
03-17 11:48:42.129520   407  1835 W vold    : Skipping due to root namespace
03-17 11:48:42.129578   407  1835 D vold    : Found matching PID 393
03-17 11:48:42.129636   407  1835 W vold    : Skipping due to root namespace
03-17 11:48:42.129977   407  1835 D vold    : Found matching PID 465
03-17 11:48:42.130036   407  1835 W vold    : Skipping due to root namespace
03-17 11:48:42.130076   407  1835 D vold    : Found matching PID 466
03-17 11:48:42.130115   407  1835 W vold    : Skipping due to root namespace
03-17 11:48:42.130143   407  1835 D vold    : Found matching PID 467
03-17 11:48:42.130191   407  1835 W vold    : Skipping due to root namespace
03-17 11:48:42.130239   407  1835 D vold    : Found matching PID 469
03-17 11:48:42.130278   407  1835 W vold    : Skipping due to root namespace
03-17 11:48:42.131866   407  1835 D vold    : Found matching PID 523
03-17 11:48:42.131965   407  1835 W vold    : Skipping due to root namespace
03-17 11:48:42.132052   407  1835 D vold    : Found matching PID 527
03-17 11:48:42.132094   407  1835 W vold    : Skipping due to root namespace
03-17 11:48:42.132170   407  1835 D vold    : Found matching PID 531
03-17 11:48:42.132226   407  1835 W vold    : Skipping due to root namespace
03-17 11:48:42.132277   407  1835 D vold    : Found matching PID 532
03-17 11:48:42.132314   407  1835 W vold    : Skipping due to root namespace
03-17 11:48:42.132356   407  1835 D vold    : Found matching PID 533
03-17 11:48:42.132393   407  1835 W vold    : Skipping due to root namespace
03-17 11:48:42.132429   407  1835 D vold    : Found matching PID 534
03-17 11:48:42.132492   407  1835 W vold    : Skipping due to root namespace
03-17 11:48:42.132522   407  1835 D vold    : Found matching PID 535
03-17 11:48:42.132558   407  1835 W vold    : Skipping due to root namespace
03-17 11:48:42.132616   407  1835 D vold    : Found matching PID 536
03-17 11:48:42.132685   407  1835 W vold    : Skipping due to root namespace
03-17 11:48:42.132745   407  1835 D vold    : Found matching PID 537
03-17 11:48:42.132814   407  1835 W vold    : Skipping due to root namespace
03-17 11:48:42.132858   407  1835 D vold    : Found matching PID 539
03-17 11:48:42.132908   407  1835 W vold    : Skipping due to root namespace
03-17 11:48:42.133008   407  1835 D vold    : Found matching PID 540
03-17 11:48:42.133053   407  1835 W vold    : Skipping due to root namespace
03-17 11:48:42.133119   407  1835 D vold    : Found matching PID 541
03-17 11:48:42.133170   407  1835 W vold    : Skipping due to root namespace
03-17 11:48:42.133217   407  1835 D vold    : Found matching PID 544
03-17 11:48:42.133267   407  1835 W vold    : Skipping due to root namespace
03-17 11:48:42.133311   407  1835 D vold    : Found matching PID 545
03-17 11:48:42.133348   407  1835 W vold    : Skipping due to root namespace
03-17 11:48:42.133421   407  1835 D vold    : Found matching PID 548
03-17 11:48:42.133467   407  1835 W vold    : Skipping due to root namespace
03-17 11:48:42.133524   407  1835 D vold    : Found matching PID 549
03-17 11:48:42.133571   407  1835 W vold    : Skipping due to root namespace
03-17 11:48:42.133670   407  1835 D vold    : Found matching PID 560
03-17 11:48:42.133752   407  1835 W vold    : Skipping due to root namespace
03-17 11:48:42.133803   407  1835 D vold    : Found matching PID 567
03-17 11:48:42.133848   407  1835 W vold    : Skipping due to root namespace
03-17 11:48:42.133899   407  1835 D vold    : Found matching PID 570
03-17 11:48:42.133945   407  1835 W vold    : Skipping due to root namespace
03-17 11:48:42.134122   407  1835 D vold    : Found matching PID 637
03-17 11:48:42.134169   407  1835 W vold    : Skipping due to root namespace
03-17 11:48:42.134337   407  1835 D vold    : Found matching PID 653
03-17 11:48:42.134386   407  1835 W vold    : Skipping due to root namespace
03-17 11:48:42.134423   407  1835 D vold    : Found matching PID 654
03-17 11:48:42.134469   407  1835 W vold    : Skipping due to root namespace
03-17 11:48:42.134624   407  1835 D vold    : Found matching PID 661
03-17 11:48:42.134675   407  1835 W vold    : Skipping due to root namespace
03-17 11:48:42.134815   407  1835 D vold    : Found matching PID 672
03-17 11:48:42.134865   407  1835 W vold    : Skipping due to root namespace
03-17 11:48:42.134917   407  1835 D vold    : Found matching PID 675
03-17 11:48:42.134965   407  1835 W vold    : Skipping due to root namespace
03-17 11:48:42.135002   407  1835 D vold    : Found matching PID 678
03-17 11:48:42.135048   407  1835 W vold    : Skipping due to root namespace
03-17 11:48:42.135087   407  1835 D vold    : Found matching PID 680
03-17 11:48:42.135133   407  1835 W vold    : Skipping due to root namespace
03-17 11:48:42.135214   407  1835 D vold    : Found matching PID 682
03-17 11:48:42.135264   407  1835 W vold    : Skipping due to root namespace
03-17 11:48:42.135339   407  1835 D vold    : Found matching PID 782
03-17 11:48:42.135417   407  1835 W vold    : Skipping due to root namespace
03-17 11:48:42.135493   407  1835 D vold    : Found matching PID 787
03-17 11:48:42.135541   407  1835 W vold    : Skipping due to root namespace
03-17 11:48:42.135644   407  1835 D vold    : Found matching PID 994
03-17 11:48:42.158648   407  1835 D vold    : Found matching PID 2123
03-17 11:48:42.158756   407  1835 W vold    : Skipping due to root namespace
03-17 11:48:42.158854   407  1835 D vold    : Found matching PID 2355
